Gym has been unmaintained since 2022 and does not support NumPy 2.0 amongst other critical functionality.
Please upgrade to Gymnasium, the maintained drop-in replacement of Gym, or contact the authors of your software and request that they upgrade.
Users of this version of Gym should be able to simply replace 'import gym' with 'import gymnasium as gym' in the vast majority of cases.
See the migration guide at https://gymnasium.farama.org/introduction/migration_guide/ for additional information.
[38128:MainThread](2026-05-26 07:12:46,462) INFO - qlib.Initialization - [config.py:452] - default_conf: client.
[38128:MainThread](2026-05-26 07:12:46,462) INFO - qlib.Initialization - [__init__.py:75] - qlib successfully initialized based on client settings.
[38128:MainThread](2026-05-26 07:12:46,462) INFO - qlib.Initialization - [__init__.py:77] - data_path={'__DEFAULT_FREQ': WindowsPath('C:/Users/60585/.qlib/qlib_data/cn_data')}
Gym has been unmaintained since 2022 and does not support NumPy 2.0 amongst other critical functionality.
Please upgrade to Gymnasium, the maintained drop-in replacement of Gym, or contact the authors of your software and request that they upgrade.
Users of this version of Gym should be able to simply replace 'import gym' with 'import gymnasium as gym' in the vast majority of cases.
See the migration guide at https://gymnasium.farama.org/introduction/migration_guide/ for additional information.
Gym has been unmaintained since 2022 and does not support NumPy 2.0 amongst other critical functionality.
Please upgrade to Gymnasium, the maintained drop-in replacement of Gym, or contact the authors of your software and request that they upgrade.
Users of this version of Gym should be able to simply replace 'import gym' with 'import gymnasium as gym' in the vast majority of cases.
See the migration guide at https://gymnasium.farama.org/introduction/migration_guide/ for additional information.
Gym has been unmaintained since 2022 and does not support NumPy 2.0 amongst other critical functionality.
Please upgrade to Gymnasium, the maintained drop-in replacement of Gym, or contact the authors of your software and request that they upgrade.
Users of this version of Gym should be able to simply replace 'import gym' with 'import gymnasium as gym' in the vast majority of cases.
See the migration guide at https://gymnasium.farama.org/introduction/migration_guide/ for additional information.
Gym has been unmaintained since 2022 and does not support NumPy 2.0 amongst other critical functionality.
Please upgrade to Gymnasium, the maintained drop-in replacement of Gym, or contact the authors of your software and request that they upgrade.
Users of this version of Gym should be able to simply replace 'import gym' with 'import gymnasium as gym' in the vast majority of cases.
See the migration guide at https://gymnasium.farama.org/introduction/migration_guide/ for additional information.
Gym has been unmaintained since 2022 and does not support NumPy 2.0 amongst other critical functionality.
Please upgrade to Gymnasium, the maintained drop-in replacement of Gym, or contact the authors of your software and request that they upgrade.
Users of this version of Gym should be able to simply replace 'import gym' with 'import gymnasium as gym' in the vast majority of cases.
See the migration guide at https://gymnasium.farama.org/introduction/migration_guide/ for additional information.
Gym has been unmaintained since 2022 and does not support NumPy 2.0 amongst other critical functionality.
Please upgrade to Gymnasium, the maintained drop-in replacement of Gym, or contact the authors of your software and request that they upgrade.
Users of this version of Gym should be able to simply replace 'import gym' with 'import gymnasium as gym' in the vast majority of cases.
See the migration guide at https://gymnasium.farama.org/introduction/migration_guide/ for additional information.
Gym has been unmaintained since 2022 and does not support NumPy 2.0 amongst other critical functionality.
Please upgrade to Gymnasium, the maintained drop-in replacement of Gym, or contact the authors of your software and request that they upgrade.
Users of this version of Gym should be able to simply replace 'import gym' with 'import gymnasium as gym' in the vast majority of cases.
See the migration guide at https://gymnasium.farama.org/introduction/migration_guide/ for additional information.
Gym has been unmaintained since 2022 and does not support NumPy 2.0 amongst other critical functionality.
Please upgrade to Gymnasium, the maintained drop-in replacement of Gym, or contact the authors of your software and request that they upgrade.
Users of this version of Gym should be able to simply replace 'import gym' with 'import gymnasium as gym' in the vast majority of cases.
See the migration guide at https://gymnasium.farama.org/introduction/migration_guide/ for additional information.
Gym has been unmaintained since 2022 and does not support NumPy 2.0 amongst other critical functionality.
Please upgrade to Gymnasium, the maintained drop-in replacement of Gym, or contact the authors of your software and request that they upgrade.
Users of this version of Gym should be able to simply replace 'import gym' with 'import gymnasium as gym' in the vast majority of cases.
See the migration guide at https://gymnasium.farama.org/introduction/migration_guide/ for additional information.
Gym has been unmaintained since 2022 and does not support NumPy 2.0 amongst other critical functionality.
Please upgrade to Gymnasium, the maintained drop-in replacement of Gym, or contact the authors of your software and request that they upgrade.
Users of this version of Gym should be able to simply replace 'import gym' with 'import gymnasium as gym' in the vast majority of cases.
See the migration guide at https://gymnasium.farama.org/introduction/migration_guide/ for additional information.
Gym has been unmaintained since 2022 and does not support NumPy 2.0 amongst other critical functionality.
Please upgrade to Gymnasium, the maintained drop-in replacement of Gym, or contact the authors of your software and request that they upgrade.
Users of this version of Gym should be able to simply replace 'import gym' with 'import gymnasium as gym' in the vast majority of cases.
See the migration guide at https://gymnasium.farama.org/introduction/migration_guide/ for additional information.
Gym has been unmaintained since 2022 and does not support NumPy 2.0 amongst other critical functionality.
Please upgrade to Gymnasium, the maintained drop-in replacement of Gym, or contact the authors of your software and request that they upgrade.
Users of this version of Gym should be able to simply replace 'import gym' with 'import gymnasium as gym' in the vast majority of cases.
See the migration guide at https://gymnasium.farama.org/introduction/migration_guide/ for additional information.
Gym has been unmaintained since 2022 and does not support NumPy 2.0 amongst other critical functionality.
Please upgrade to Gymnasium, the maintained drop-in replacement of Gym, or contact the authors of your software and request that they upgrade.
Users of this version of Gym should be able to simply replace 'import gym' with 'import gymnasium as gym' in the vast majority of cases.
See the migration guide at https://gymnasium.farama.org/introduction/migration_guide/ for additional information.
Gym has been unmaintained since 2022 and does not support NumPy 2.0 amongst other critical functionality.
Please upgrade to Gymnasium, the maintained drop-in replacement of Gym, or contact the authors of your software and request that they upgrade.
Users of this version of Gym should be able to simply replace 'import gym' with 'import gymnasium as gym' in the vast majority of cases.
See the migration guide at https://gymnasium.farama.org/introduction/migration_guide/ for additional information.
Gym has been unmaintained since 2022 and does not support NumPy 2.0 amongst other critical functionality.
Please upgrade to Gymnasium, the maintained drop-in replacement of Gym, or contact the authors of your software and request that they upgrade.
Users of this version of Gym should be able to simply replace 'import gym' with 'import gymnasium as gym' in the vast majority of cases.
See the migration guide at https://gymnasium.farama.org/introduction/migration_guide/ for additional information.
Gym has been unmaintained since 2022 and does not support NumPy 2.0 amongst other critical functionality.
Please upgrade to Gymnasium, the maintained drop-in replacement of Gym, or contact the authors of your software and request that they upgrade.
Users of this version of Gym should be able to simply replace 'import gym' with 'import gymnasium as gym' in the vast majority of cases.
See the migration guide at https://gymnasium.farama.org/introduction/migration_guide/ for additional information.
Gym has been unmaintained since 2022 and does not support NumPy 2.0 amongst other critical functionality.
Please upgrade to Gymnasium, the maintained drop-in replacement of Gym, or contact the authors of your software and request that they upgrade.
Users of this version of Gym should be able to simply replace 'import gym' with 'import gymnasium as gym' in the vast majority of cases.
See the migration guide at https://gymnasium.farama.org/introduction/migration_guide/ for additional information.
Gym has been unmaintained since 2022 and does not support NumPy 2.0 amongst other critical functionality.
Please upgrade to Gymnasium, the maintained drop-in replacement of Gym, or contact the authors of your software and request that they upgrade.
Users of this version of Gym should be able to simply replace 'import gym' with 'import gymnasium as gym' in the vast majority of cases.
See the migration guide at https://gymnasium.farama.org/introduction/migration_guide/ for additional information.
[31664:MainThread](2026-05-26 07:12:50,519) INFO - qlib.Initialization - [config.py:452] - default_conf: client.
[31664:MainThread](2026-05-26 07:12:50,525) INFO - qlib.Initialization - [__init__.py:75] - qlib successfully initialized based on client settings.
[31664:MainThread](2026-05-26 07:12:50,525) INFO - qlib.Initialization - [__init__.py:77] - data_path={'__DEFAULT_FREQ': WindowsPath('C:/Users/60585/.qlib/qlib_data/cn_data')}
[7096:MainThread](2026-05-26 07:12:50,526) INFO - qlib.Initialization - [config.py:452] - default_conf: client.
[7096:MainThread](2026-05-26 07:12:50,531) INFO - qlib.Initialization - [__init__.py:75] - qlib successfully initialized based on client settings.
[7096:MainThread](2026-05-26 07:12:50,531) INFO - qlib.Initialization - [__init__.py:77] - data_path={'__DEFAULT_FREQ': WindowsPath('C:/Users/60585/.qlib/qlib_data/cn_data')}
[12008:MainThread](2026-05-26 07:12:50,533) INFO - qlib.Initialization - [config.py:452] - default_conf: client.
[12008:MainThread](2026-05-26 07:12:50,537) INFO - qlib.Initialization - [__init__.py:75] - qlib successfully initialized based on client settings.
[12008:MainThread](2026-05-26 07:12:50,537) INFO - qlib.Initialization - [__init__.py:77] - data_path={'__DEFAULT_FREQ': WindowsPath('C:/Users/60585/.qlib/qlib_data/cn_data')}
[33936:MainThread](2026-05-26 07:12:50,549) INFO - qlib.Initialization - [config.py:452] - default_conf: client.
[22184:MainThread](2026-05-26 07:12:50,549) INFO - qlib.Initialization - [config.py:452] - default_conf: client.
[38380:MainThread](2026-05-26 07:12:50,549) INFO - qlib.Initialization - [config.py:452] - default_conf: client.
[33936:MainThread](2026-05-26 07:12:50,551) INFO - qlib.Initialization - [__init__.py:75] - qlib successfully initialized based on client settings.
[33936:MainThread](2026-05-26 07:12:50,554) INFO - qlib.Initialization - [__init__.py:77] - data_path={'__DEFAULT_FREQ': WindowsPath('C:/Users/60585/.qlib/qlib_data/cn_data')}
[24776:MainThread](2026-05-26 07:12:50,554) INFO - qlib.Initialization - [config.py:452] - default_conf: client.
[34112:MainThread](2026-05-26 07:12:50,554) INFO - qlib.Initialization - [config.py:452] - default_conf: client.
[22184:MainThread](2026-05-26 07:12:50,554) INFO - qlib.Initialization - [__init__.py:75] - qlib successfully initialized based on client settings.
[22184:MainThread](2026-05-26 07:12:50,556) INFO - qlib.Initialization - [__init__.py:77] - data_path={'__DEFAULT_FREQ': WindowsPath('C:/Users/60585/.qlib/qlib_data/cn_data')}
[38380:MainThread](2026-05-26 07:12:50,556) INFO - qlib.Initialization - [__init__.py:75] - qlib successfully initialized based on client settings.
[20768:MainThread](2026-05-26 07:12:50,556) INFO - qlib.Initialization - [config.py:452] - default_conf: client.
[38380:MainThread](2026-05-26 07:12:50,556) INFO - qlib.Initialization - [__init__.py:77] - data_path={'__DEFAULT_FREQ': WindowsPath('C:/Users/60585/.qlib/qlib_data/cn_data')}
[24776:MainThread](2026-05-26 07:12:50,557) INFO - qlib.Initialization - [__init__.py:75] - qlib successfully initialized based on client settings.
[35300:MainThread](2026-05-26 07:12:50,557) INFO - qlib.Initialization - [config.py:452] - default_conf: client.
[34112:MainThread](2026-05-26 07:12:50,559) INFO - qlib.Initialization - [__init__.py:75] - qlib successfully initialized based on client settings.
[24776:MainThread](2026-05-26 07:12:50,559) INFO - qlib.Initialization - [__init__.py:77] - data_path={'__DEFAULT_FREQ': WindowsPath('C:/Users/60585/.qlib/qlib_data/cn_data')}
[34112:MainThread](2026-05-26 07:12:50,559) INFO - qlib.Initialization - [__init__.py:77] - data_path={'__DEFAULT_FREQ': WindowsPath('C:/Users/60585/.qlib/qlib_data/cn_data')}
[20768:MainThread](2026-05-26 07:12:50,559) INFO - qlib.Initialization - [__init__.py:75] - qlib successfully initialized based on client settings.
[20768:MainThread](2026-05-26 07:12:50,559) INFO - qlib.Initialization - [__init__.py:77] - data_path={'__DEFAULT_FREQ': WindowsPath('C:/Users/60585/.qlib/qlib_data/cn_data')}
[26924:MainThread](2026-05-26 07:12:50,559) INFO - qlib.Initialization - [config.py:452] - default_conf: client.
[35300:MainThread](2026-05-26 07:12:50,559) INFO - qlib.Initialization - [__init__.py:75] - qlib successfully initialized based on client settings.
[35300:MainThread](2026-05-26 07:12:50,563) INFO - qlib.Initialization - [__init__.py:77] - data_path={'__DEFAULT_FREQ': WindowsPath('C:/Users/60585/.qlib/qlib_data/cn_data')}
[17000:MainThread](2026-05-26 07:12:50,565) INFO - qlib.Initialization - [config.py:452] - default_conf: client.
[26924:MainThread](2026-05-26 07:12:50,565) INFO - qlib.Initialization - [__init__.py:75] - qlib successfully initialized based on client settings.
[26924:MainThread](2026-05-26 07:12:50,565) INFO - qlib.Initialization - [__init__.py:77] - data_path={'__DEFAULT_FREQ': WindowsPath('C:/Users/60585/.qlib/qlib_data/cn_data')}
[28040:MainThread](2026-05-26 07:12:50,565) INFO - qlib.Initialization - [config.py:452] - default_conf: client.
[17000:MainThread](2026-05-26 07:12:50,568) INFO - qlib.Initialization - [__init__.py:75] - qlib successfully initialized based on client settings.
[17000:MainThread](2026-05-26 07:12:50,568) INFO - qlib.Initialization - [__init__.py:77] - data_path={'__DEFAULT_FREQ': WindowsPath('C:/Users/60585/.qlib/qlib_data/cn_data')}
[28040:MainThread](2026-05-26 07:12:50,570) INFO - qlib.Initialization - [__init__.py:75] - qlib successfully initialized based on client settings.
[28040:MainThread](2026-05-26 07:12:50,570) INFO - qlib.Initialization - [__init__.py:77] - data_path={'__DEFAULT_FREQ': WindowsPath('C:/Users/60585/.qlib/qlib_data/cn_data')}
[30132:MainThread](2026-05-26 07:12:50,574) INFO - qlib.Initialization - [config.py:452] - default_conf: client.
[9784:MainThread](2026-05-26 07:12:50,574) INFO - qlib.Initialization - [config.py:452] - default_conf: client.
[6544:MainThread](2026-05-26 07:12:50,577) INFO - qlib.Initialization - [config.py:452] - default_conf: client.
[30132:MainThread](2026-05-26 07:12:50,578) INFO - qlib.Initialization - [__init__.py:75] - qlib successfully initialized based on client settings.
[30132:MainThread](2026-05-26 07:12:50,578) INFO - qlib.Initialization - [__init__.py:77] - data_path={'__DEFAULT_FREQ': WindowsPath('C:/Users/60585/.qlib/qlib_data/cn_data')}
[9784:MainThread](2026-05-26 07:12:50,580) INFO - qlib.Initialization - [__init__.py:75] - qlib successfully initialized based on client settings.
[9784:MainThread](2026-05-26 07:12:50,580) INFO - qlib.Initialization - [__init__.py:77] - data_path={'__DEFAULT_FREQ': WindowsPath('C:/Users/60585/.qlib/qlib_data/cn_data')}
[6544:MainThread](2026-05-26 07:12:50,580) INFO - qlib.Initialization - [__init__.py:75] - qlib successfully initialized based on client settings.
[6544:MainThread](2026-05-26 07:12:50,580) INFO - qlib.Initialization - [__init__.py:77] - data_path={'__DEFAULT_FREQ': WindowsPath('C:/Users/60585/.qlib/qlib_data/cn_data')}
[27160:MainThread](2026-05-26 07:12:50,584) INFO - qlib.Initialization - [config.py:452] - default_conf: client.
[28020:MainThread](2026-05-26 07:12:50,590) INFO - qlib.Initialization - [config.py:452] - default_conf: client.
[27160:MainThread](2026-05-26 07:12:50,590) INFO - qlib.Initialization - [__init__.py:75] - qlib successfully initialized based on client settings.
[27160:MainThread](2026-05-26 07:12:50,590) INFO - qlib.Initialization - [__init__.py:77] - data_path={'__DEFAULT_FREQ': WindowsPath('C:/Users/60585/.qlib/qlib_data/cn_data')}
[28020:MainThread](2026-05-26 07:12:50,594) INFO - qlib.Initialization - [__init__.py:75] - qlib successfully initialized based on client settings.
[28020:MainThread](2026-05-26 07:12:50,594) INFO - qlib.Initialization - [__init__.py:77] - data_path={'__DEFAULT_FREQ': WindowsPath('C:/Users/60585/.qlib/qlib_data/cn_data')}
Gym has been unmaintained since 2022 and does not support NumPy 2.0 amongst other critical functionality.
Please upgrade to Gymnasium, the maintained drop-in replacement of Gym, or contact the authors of your software and request that they upgrade.
Users of this version of Gym should be able to simply replace 'import gym' with 'import gymnasium as gym' in the vast majority of cases.
See the migration guide at https://gymnasium.farama.org/introduction/migration_guide/ for additional information.
Gym has been unmaintained since 2022 and does not support NumPy 2.0 amongst other critical functionality.
Please upgrade to Gymnasium, the maintained drop-in replacement of Gym, or contact the authors of your software and request that they upgrade.
Users of this version of Gym should be able to simply replace 'import gym' with 'import gymnasium as gym' in the vast majority of cases.
See the migration guide at https://gymnasium.farama.org/introduction/migration_guide/ for additional information.
Gym has been unmaintained since 2022 and does not support NumPy 2.0 amongst other critical functionality.
Please upgrade to Gymnasium, the maintained drop-in replacement of Gym, or contact the authors of your software and request that they upgrade.
Users of this version of Gym should be able to simply replace 'import gym' with 'import gymnasium as gym' in the vast majority of cases.
See the migration guide at https://gymnasium.farama.org/introduction/migration_guide/ for additional information.
Gym has been unmaintained since 2022 and does not support NumPy 2.0 amongst other critical functionality.
Please upgrade to Gymnasium, the maintained drop-in replacement of Gym, or contact the authors of your software and request that they upgrade.
Users of this version of Gym should be able to simply replace 'import gym' with 'import gymnasium as gym' in the vast majority of cases.
See the migration guide at https://gymnasium.farama.org/introduction/migration_guide/ for additional information.
Gym has been unmaintained since 2022 and does not support NumPy 2.0 amongst other critical functionality.
Please upgrade to Gymnasium, the maintained drop-in replacement of Gym, or contact the authors of your software and request that they upgrade.
Users of this version of Gym should be able to simply replace 'import gym' with 'import gymnasium as gym' in the vast majority of cases.
See the migration guide at https://gymnasium.farama.org/introduction/migration_guide/ for additional information.
Gym has been unmaintained since 2022 and does not support NumPy 2.0 amongst other critical functionality.
Please upgrade to Gymnasium, the maintained drop-in replacement of Gym, or contact the authors of your software and request that they upgrade.
Users of this version of Gym should be able to simply replace 'import gym' with 'import gymnasium as gym' in the vast majority of cases.
See the migration guide at https://gymnasium.farama.org/introduction/migration_guide/ for additional information.
Gym has been unmaintained since 2022 and does not support NumPy 2.0 amongst other critical functionality.
Please upgrade to Gymnasium, the maintained drop-in replacement of Gym, or contact the authors of your software and request that they upgrade.
Users of this version of Gym should be able to simply replace 'import gym' with 'import gymnasium as gym' in the vast majority of cases.
See the migration guide at https://gymnasium.farama.org/introduction/migration_guide/ for additional information.
Gym has been unmaintained since 2022 and does not support NumPy 2.0 amongst other critical functionality.
Please upgrade to Gymnasium, the maintained drop-in replacement of Gym, or contact the authors of your software and request that they upgrade.
Users of this version of Gym should be able to simply replace 'import gym' with 'import gymnasium as gym' in the vast majority of cases.
See the migration guide at https://gymnasium.farama.org/introduction/migration_guide/ for additional information.
Gym has been unmaintained since 2022 and does not support NumPy 2.0 amongst other critical functionality.
Please upgrade to Gymnasium, the maintained drop-in replacement of Gym, or contact the authors of your software and request that they upgrade.
Users of this version of Gym should be able to simply replace 'import gym' with 'import gymnasium as gym' in the vast majority of cases.
See the migration guide at https://gymnasium.farama.org/introduction/migration_guide/ for additional information.
Gym has been unmaintained since 2022 and does not support NumPy 2.0 amongst other critical functionality.
Please upgrade to Gymnasium, the maintained drop-in replacement of Gym, or contact the authors of your software and request that they upgrade.
Users of this version of Gym should be able to simply replace 'import gym' with 'import gymnasium as gym' in the vast majority of cases.
See the migration guide at https://gymnasium.farama.org/introduction/migration_guide/ for additional information.
Gym has been unmaintained since 2022 and does not support NumPy 2.0 amongst other critical functionality.
Please upgrade to Gymnasium, the maintained drop-in replacement of Gym, or contact the authors of your software and request that they upgrade.
Users of this version of Gym should be able to simply replace 'import gym' with 'import gymnasium as gym' in the vast majority of cases.
See the migration guide at https://gymnasium.farama.org/introduction/migration_guide/ for additional information.
Gym has been unmaintained since 2022 and does not support NumPy 2.0 amongst other critical functionality.
Please upgrade to Gymnasium, the maintained drop-in replacement of Gym, or contact the authors of your software and request that they upgrade.
Users of this version of Gym should be able to simply replace 'import gym' with 'import gymnasium as gym' in the vast majority of cases.
See the migration guide at https://gymnasium.farama.org/introduction/migration_guide/ for additional information.
Gym has been unmaintained since 2022 and does not support NumPy 2.0 amongst other critical functionality.
Please upgrade to Gymnasium, the maintained drop-in replacement of Gym, or contact the authors of your software and request that they upgrade.
Users of this version of Gym should be able to simply replace 'import gym' with 'import gymnasium as gym' in the vast majority of cases.
See the migration guide at https://gymnasium.farama.org/introduction/migration_guide/ for additional information.
Gym has been unmaintained since 2022 and does not support NumPy 2.0 amongst other critical functionality.
Please upgrade to Gymnasium, the maintained drop-in replacement of Gym, or contact the authors of your software and request that they upgrade.
Users of this version of Gym should be able to simply replace 'import gym' with 'import gymnasium as gym' in the vast majority of cases.
See the migration guide at https://gymnasium.farama.org/introduction/migration_guide/ for additional information.
Gym has been unmaintained since 2022 and does not support NumPy 2.0 amongst other critical functionality.
Please upgrade to Gymnasium, the maintained drop-in replacement of Gym, or contact the authors of your software and request that they upgrade.
Users of this version of Gym should be able to simply replace 'import gym' with 'import gymnasium as gym' in the vast majority of cases.
See the migration guide at https://gymnasium.farama.org/introduction/migration_guide/ for additional information.
Gym has been unmaintained since 2022 and does not support NumPy 2.0 amongst other critical functionality.
Please upgrade to Gymnasium, the maintained drop-in replacement of Gym, or contact the authors of your software and request that they upgrade.
Users of this version of Gym should be able to simply replace 'import gym' with 'import gymnasium as gym' in the vast majority of cases.
See the migration guide at https://gymnasium.farama.org/introduction/migration_guide/ for additional information.
Gym has been unmaintained since 2022 and does not support NumPy 2.0 amongst other critical functionality.
Please upgrade to Gymnasium, the maintained drop-in replacement of Gym, or contact the authors of your software and request that they upgrade.
Users of this version of Gym should be able to simply replace 'import gym' with 'import gymnasium as gym' in the vast majority of cases.
See the migration guide at https://gymnasium.farama.org/introduction/migration_guide/ for additional information.
Gym has been unmaintained since 2022 and does not support NumPy 2.0 amongst other critical functionality.
Please upgrade to Gymnasium, the maintained drop-in replacement of Gym, or contact the authors of your software and request that they upgrade.
Users of this version of Gym should be able to simply replace 'import gym' with 'import gymnasium as gym' in the vast majority of cases.
See the migration guide at https://gymnasium.farama.org/introduction/migration_guide/ for additional information.
[7104:MainThread](2026-05-26 07:13:08,521) INFO - qlib.Initialization - [config.py:452] - default_conf: client.
[7104:MainThread](2026-05-26 07:13:08,530) INFO - qlib.Initialization - [__init__.py:75] - qlib successfully initialized based on client settings.
[7104:MainThread](2026-05-26 07:13:08,530) INFO - qlib.Initialization - [__init__.py:77] - data_path={'__DEFAULT_FREQ': WindowsPath('C:/Users/60585/.qlib/qlib_data/cn_data')}
[21824:MainThread](2026-05-26 07:13:08,536) INFO - qlib.Initialization - [config.py:452] - default_conf: client.
[15056:MainThread](2026-05-26 07:13:08,540) INFO - qlib.Initialization - [config.py:452] - default_conf: client.
[21824:MainThread](2026-05-26 07:13:08,541) INFO - qlib.Initialization - [__init__.py:75] - qlib successfully initialized based on client settings.
[21824:MainThread](2026-05-26 07:13:08,541) INFO - qlib.Initialization - [__init__.py:77] - data_path={'__DEFAULT_FREQ': WindowsPath('C:/Users/60585/.qlib/qlib_data/cn_data')}
[37264:MainThread](2026-05-26 07:13:08,543) INFO - qlib.Initialization - [config.py:452] - default_conf: client.
[15056:MainThread](2026-05-26 07:13:08,545) INFO - qlib.Initialization - [__init__.py:75] - qlib successfully initialized based on client settings.
[15056:MainThread](2026-05-26 07:13:08,545) INFO - qlib.Initialization - [__init__.py:77] - data_path={'__DEFAULT_FREQ': WindowsPath('C:/Users/60585/.qlib/qlib_data/cn_data')}
[37264:MainThread](2026-05-26 07:13:08,549) INFO - qlib.Initialization - [__init__.py:75] - qlib successfully initialized based on client settings.
[37264:MainThread](2026-05-26 07:13:08,549) INFO - qlib.Initialization - [__init__.py:77] - data_path={'__DEFAULT_FREQ': WindowsPath('C:/Users/60585/.qlib/qlib_data/cn_data')}
[36968:MainThread](2026-05-26 07:13:08,549) INFO - qlib.Initialization - [config.py:452] - default_conf: client.
[30312:MainThread](2026-05-26 07:13:08,552) INFO - qlib.Initialization - [config.py:452] - default_conf: client.
[35044:MainThread](2026-05-26 07:13:08,552) INFO - qlib.Initialization - [config.py:452] - default_conf: client.
[36968:MainThread](2026-05-26 07:13:08,554) INFO - qlib.Initialization - [__init__.py:75] - qlib successfully initialized based on client settings.
[36968:MainThread](2026-05-26 07:13:08,554) INFO - qlib.Initialization - [__init__.py:77] - data_path={'__DEFAULT_FREQ': WindowsPath('C:/Users/60585/.qlib/qlib_data/cn_data')}
[30312:MainThread](2026-05-26 07:13:08,554) INFO - qlib.Initialization - [__init__.py:75] - qlib successfully initialized based on client settings.
[30312:MainThread](2026-05-26 07:13:08,557) INFO - qlib.Initialization - [__init__.py:77] - data_path={'__DEFAULT_FREQ': WindowsPath('C:/Users/60585/.qlib/qlib_data/cn_data')}
[35044:MainThread](2026-05-26 07:13:08,557) INFO - qlib.Initialization - [__init__.py:75] - qlib successfully initialized based on client settings.
[35044:MainThread](2026-05-26 07:13:08,557) INFO - qlib.Initialization - [__init__.py:77] - data_path={'__DEFAULT_FREQ': WindowsPath('C:/Users/60585/.qlib/qlib_data/cn_data')}
[32924:MainThread](2026-05-26 07:13:08,559) INFO - qlib.Initialization - [config.py:452] - default_conf: client.
[32924:MainThread](2026-05-26 07:13:08,565) INFO - qlib.Initialization - [__init__.py:75] - qlib successfully initialized based on client settings.
[32924:MainThread](2026-05-26 07:13:08,565) INFO - qlib.Initialization - [__init__.py:77] - data_path={'__DEFAULT_FREQ': WindowsPath('C:/Users/60585/.qlib/qlib_data/cn_data')}
[36612:MainThread](2026-05-26 07:13:08,573) INFO - qlib.Initialization - [config.py:452] - default_conf: client.
[20864:MainThread](2026-05-26 07:13:08,573) INFO - qlib.Initialization - [config.py:452] - default_conf: client.
[36612:MainThread](2026-05-26 07:13:08,578) INFO - qlib.Initialization - [__init__.py:75] - qlib successfully initialized based on client settings.
[36612:MainThread](2026-05-26 07:13:08,578) INFO - qlib.Initialization - [__init__.py:77] - data_path={'__DEFAULT_FREQ': WindowsPath('C:/Users/60585/.qlib/qlib_data/cn_data')}
[5880:MainThread](2026-05-26 07:13:08,579) INFO - qlib.Initialization - [config.py:452] - default_conf: client.
[20864:MainThread](2026-05-26 07:13:08,581) INFO - qlib.Initialization - [__init__.py:75] - qlib successfully initialized based on client settings.
[20864:MainThread](2026-05-26 07:13:08,581) INFO - qlib.Initialization - [__init__.py:77] - data_path={'__DEFAULT_FREQ': WindowsPath('C:/Users/60585/.qlib/qlib_data/cn_data')}
[5880:MainThread](2026-05-26 07:13:08,583) INFO - qlib.Initialization - [__init__.py:75] - qlib successfully initialized based on client settings.
[5880:MainThread](2026-05-26 07:13:08,583) INFO - qlib.Initialization - [__init__.py:77] - data_path={'__DEFAULT_FREQ': WindowsPath('C:/Users/60585/.qlib/qlib_data/cn_data')}
[36936:MainThread](2026-05-26 07:13:08,585) INFO - qlib.Initialization - [config.py:452] - default_conf: client.
[3196:MainThread](2026-05-26 07:13:08,590) INFO - qlib.Initialization - [config.py:452] - default_conf: client.
[36936:MainThread](2026-05-26 07:13:08,590) INFO - qlib.Initialization - [__init__.py:75] - qlib successfully initialized based on client settings.
[36936:MainThread](2026-05-26 07:13:08,592) INFO - qlib.Initialization - [__init__.py:77] - data_path={'__DEFAULT_FREQ': WindowsPath('C:/Users/60585/.qlib/qlib_data/cn_data')}
[3196:MainThread](2026-05-26 07:13:08,595) INFO - qlib.Initialization - [__init__.py:75] - qlib successfully initialized based on client settings.
[3196:MainThread](2026-05-26 07:13:08,595) INFO - qlib.Initialization - [__init__.py:77] - data_path={'__DEFAULT_FREQ': WindowsPath('C:/Users/60585/.qlib/qlib_data/cn_data')}
[27152:MainThread](2026-05-26 07:13:08,601) INFO - qlib.Initialization - [config.py:452] - default_conf: client.
[29160:MainThread](2026-05-26 07:13:08,601) INFO - qlib.Initialization - [config.py:452] - default_conf: client.
[27152:MainThread](2026-05-26 07:13:08,607) INFO - qlib.Initialization - [__init__.py:75] - qlib successfully initialized based on client settings.
[27152:MainThread](2026-05-26 07:13:08,607) INFO - qlib.Initialization - [__init__.py:77] - data_path={'__DEFAULT_FREQ': WindowsPath('C:/Users/60585/.qlib/qlib_data/cn_data')}
[29160:MainThread](2026-05-26 07:13:08,607) INFO - qlib.Initialization - [__init__.py:75] - qlib successfully initialized based on client settings.
[29160:MainThread](2026-05-26 07:13:08,609) INFO - qlib.Initialization - [__init__.py:77] - data_path={'__DEFAULT_FREQ': WindowsPath('C:/Users/60585/.qlib/qlib_data/cn_data')}
[31252:MainThread](2026-05-26 07:13:08,616) INFO - qlib.Initialization - [config.py:452] - default_conf: client.
[36680:MainThread](2026-05-26 07:13:08,617) INFO - qlib.Initialization - [config.py:452] - default_conf: client.
[31252:MainThread](2026-05-26 07:13:08,621) INFO - qlib.Initialization - [__init__.py:75] - qlib successfully initialized based on client settings.
[31252:MainThread](2026-05-26 07:13:08,621) INFO - qlib.Initialization - [__init__.py:77] - data_path={'__DEFAULT_FREQ': WindowsPath('C:/Users/60585/.qlib/qlib_data/cn_data')}
[36680:MainThread](2026-05-26 07:13:08,621) INFO - qlib.Initialization - [__init__.py:75] - qlib successfully initialized based on client settings.
[36680:MainThread](2026-05-26 07:13:08,623) INFO - qlib.Initialization - [__init__.py:77] - data_path={'__DEFAULT_FREQ': WindowsPath('C:/Users/60585/.qlib/qlib_data/cn_data')}
[39624:MainThread](2026-05-26 07:13:08,654) INFO - qlib.Initialization - [config.py:452] - default_conf: client.
[39624:MainThread](2026-05-26 07:13:08,675) INFO - qlib.Initialization - [__init__.py:75] - qlib successfully initialized based on client settings.
[39624:MainThread](2026-05-26 07:13:08,675) INFO - qlib.Initialization - [__init__.py:77] - data_path={'__DEFAULT_FREQ': WindowsPath('C:/Users/60585/.qlib/qlib_data/cn_data')}
[38128:MainThread](2026-05-26 07:13:09,402) INFO - qlib.timer - [log.py:127] - Time cost: 22.933s | Loading data Done
[38128:MainThread](2026-05-26 07:13:13,544) INFO - qlib.timer - [log.py:127] - Time cost: 3.835s | RobustZScoreNorm Done
[38128:MainThread](2026-05-26 07:13:14,320) INFO - qlib.timer - [log.py:127] - Time cost: 0.776s | Fillna Done
[38128:MainThread](2026-05-26 07:13:14,801) INFO - qlib.timer - [log.py:127] - Time cost: 0.162s | DropnaLabel Done
[38128:MainThread](2026-05-26 07:13:19,626) INFO - qlib.timer - [log.py:127] - Time cost: 4.825s | CSZScoreNorm Done
[38128:MainThread](2026-05-26 07:13:19,653) INFO - qlib.timer - [log.py:127] - Time cost: 10.251s | fit & process data Done
[38128:MainThread](2026-05-26 07:13:19,653) INFO - qlib.timer - [log.py:127] - Time cost: 33.184s | Init data Done
C:\Users\60585\PycharmProjects\qibMacV2\module\model_adapter.py:206: FutureWarning: `torch.cuda.amp.GradScaler(args...)` is deprecated. Please use `torch.amp.GradScaler('cuda', args...)` instead.
  self.scaler = torch.cuda.amp.GradScaler(enabled=True)
C:\Users\60585\miniconda3\envs\quantEnv\lib\site-packages\mlflow\tracking\_tracking_service\utils.py:140: FutureWarning: Filesystem tracking backend (e.g., './mlruns') is deprecated. Please switch to a database backend (e.g., 'sqlite:///mlflow.db'). For feedback, see: https://github.com/mlflow/mlflow/issues/18534
  return FileStore(store_uri, store_uri)
[38128:MainThread](2026-05-26 07:13:24,024) WARNING - qlib.workflow - [expm.py:231] - No valid experiment found. Create a new experiment with name Official_Alignment_RST_MoE_loss-mse_d64_l2_ff128_ctx8_embft_time1_decay1_film1_fgs1.0_fsh0.2_rSum1_rModelearned_featSel0_mseNorm0_macro1_mDrop0.1_pool0.7_msmarket_state_csi300_settingtau_scale_10.
[38128:MainThread](2026-05-26 07:13:24,052) INFO - qlib.workflow - [exp.py:258] - Experiment 206564195459620527 starts running ...
[38128:MainThread](2026-05-26 07:13:24,600) INFO - qlib.workflow - [recorder.py:345] - Recorder f170c5e87cb24e07988fd56904cba2f9 starts running under Experiment 206564195459620527 ...
warning: in the working copy of 'module/architecture/moe_block.py', LF will be replaced by CRLF the next time Git touches it
warning: in the working copy of 'module/dataloader/sampler.py', LF will be replaced by CRLF the next time Git touches it
warning: in the working copy of 'module/model_adapter.py', LF will be replaced by CRLF the next time Git touches it
warning: in the working copy of 'work_flow.py', LF will be replaced by CRLF the next time Git touches it
C:\Users\60585\miniconda3\envs\quantEnv\lib\site-packages\torch\autograd\graph.py:825: UserWarning: Memory Efficient attention defaults to a non-deterministic algorithm. To explicitly enable determinism call torch.use_deterministic_algorithms(True, warn_only=False). (Triggered internally at C:\actions-runner\_work\pytorch\pytorch\builder\windows\pytorch\aten\src\ATen\native\transformers\cuda\attention_backward.cu:657.)
  return Variable._execution_engine.run_backward(  # Calls into the C++ engine to run the backward pass
[38128:MainThread](2026-05-26 15:22:21,341) INFO - qlib.workflow - [record_temp.py:198] - Signal record 'pred.pkl' has been saved as the artifact of the Experiment 206564195459620527
Downloading artifacts:   0%|          | 0/1 [00:00<?, ?it/s]Downloading artifacts:   0%|          | 0/1 [00:00<?, ?it/s]
Downloading artifacts:   0%|          | 0/1 [00:00<?, ?it/s]Downloading artifacts: 100%|██████████| 1/1 [00:00<00:00, 501.83it/s]Downloading artifacts: 100%|██████████| 1/1 [00:00<00:00, 501.83it/s]
Downloading artifacts:   0%|          | 0/1 [00:00<?, ?it/s]Downloading artifacts:   0%|          | 0/1 [00:00<?, ?it/s]
Downloading artifacts:   0%|          | 0/1 [00:00<?, ?it/s]Downloading artifacts: 100%|██████████| 1/1 [00:00<?, ?it/s]Downloading artifacts: 100%|██████████| 1/1 [00:00<?, ?it/s]
Downloading artifacts:   0%|          | 0/1 [00:00<?, ?it/s]Downloading artifacts: 100%|██████████| 1/1 [00:00<00:00, 999.83it/s]Downloading artifacts: 100%|██████████| 1/1 [00:00<00:00, 999.83it/s]
Downloading artifacts:   0%|          | 0/1 [00:00<?, ?it/s]Downloading artifacts:   0%|          | 0/1 [00:00<?, ?it/s]
Downloading artifacts:   0%|          | 0/1 [00:00<?, ?it/s]Downloading artifacts: 100%|██████████| 1/1 [00:00<?, ?it/s]Downloading artifacts: 100%|██████████| 1/1 [00:00<?, ?it/s]
[38128:MainThread](2026-05-26 15:22:22,822) INFO - qlib.backtest caller - [__init__.py:93] - Create new exchange
Gym has been unmaintained since 2022 and does not support NumPy 2.0 amongst other critical functionality.
Please upgrade to Gymnasium, the maintained drop-in replacement of Gym, or contact the authors of your software and request that they upgrade.
Users of this version of Gym should be able to simply replace 'import gym' with 'import gymnasium as gym' in the vast majority of cases.
See the migration guide at https://gymnasium.farama.org/introduction/migration_guide/ for additional information.
Gym has been unmaintained since 2022 and does not support NumPy 2.0 amongst other critical functionality.
Please upgrade to Gymnasium, the maintained drop-in replacement of Gym, or contact the authors of your software and request that they upgrade.
Users of this version of Gym should be able to simply replace 'import gym' with 'import gymnasium as gym' in the vast majority of cases.
See the migration guide at https://gymnasium.farama.org/introduction/migration_guide/ for additional information.
Gym has been unmaintained since 2022 and does not support NumPy 2.0 amongst other critical functionality.
Please upgrade to Gymnasium, the maintained drop-in replacement of Gym, or contact the authors of your software and request that they upgrade.
Users of this version of Gym should be able to simply replace 'import gym' with 'import gymnasium as gym' in the vast majority of cases.
See the migration guide at https://gymnasium.farama.org/introduction/migration_guide/ for additional information.
Gym has been unmaintained since 2022 and does not support NumPy 2.0 amongst other critical functionality.
Please upgrade to Gymnasium, the maintained drop-in replacement of Gym, or contact the authors of your software and request that they upgrade.
Users of this version of Gym should be able to simply replace 'import gym' with 'import gymnasium as gym' in the vast majority of cases.
See the migration guide at https://gymnasium.farama.org/introduction/migration_guide/ for additional information.
Gym has been unmaintained since 2022 and does not support NumPy 2.0 amongst other critical functionality.
Please upgrade to Gymnasium, the maintained drop-in replacement of Gym, or contact the authors of your software and request that they upgrade.
Users of this version of Gym should be able to simply replace 'import gym' with 'import gymnasium as gym' in the vast majority of cases.
See the migration guide at https://gymnasium.farama.org/introduction/migration_guide/ for additional information.
Gym has been unmaintained since 2022 and does not support NumPy 2.0 amongst other critical functionality.
Please upgrade to Gymnasium, the maintained drop-in replacement of Gym, or contact the authors of your software and request that they upgrade.
Users of this version of Gym should be able to simply replace 'import gym' with 'import gymnasium as gym' in the vast majority of cases.
See the migration guide at https://gymnasium.farama.org/introduction/migration_guide/ for additional information.
Gym has been unmaintained since 2022 and does not support NumPy 2.0 amongst other critical functionality.
Please upgrade to Gymnasium, the maintained drop-in replacement of Gym, or contact the authors of your software and request that they upgrade.
Users of this version of Gym should be able to simply replace 'import gym' with 'import gymnasium as gym' in the vast majority of cases.
See the migration guide at https://gymnasium.farama.org/introduction/migration_guide/ for additional information.
Gym has been unmaintained since 2022 and does not support NumPy 2.0 amongst other critical functionality.
Please upgrade to Gymnasium, the maintained drop-in replacement of Gym, or contact the authors of your software and request that they upgrade.
Users of this version of Gym should be able to simply replace 'import gym' with 'import gymnasium as gym' in the vast majority of cases.
See the migration guide at https://gymnasium.farama.org/introduction/migration_guide/ for additional information.
Gym has been unmaintained since 2022 and does not support NumPy 2.0 amongst other critical functionality.
Please upgrade to Gymnasium, the maintained drop-in replacement of Gym, or contact the authors of your software and request that they upgrade.
Users of this version of Gym should be able to simply replace 'import gym' with 'import gymnasium as gym' in the vast majority of cases.
See the migration guide at https://gymnasium.farama.org/introduction/migration_guide/ for additional information.
Gym has been unmaintained since 2022 and does not support NumPy 2.0 amongst other critical functionality.
Please upgrade to Gymnasium, the maintained drop-in replacement of Gym, or contact the authors of your software and request that they upgrade.
Users of this version of Gym should be able to simply replace 'import gym' with 'import gymnasium as gym' in the vast majority of cases.
See the migration guide at https://gymnasium.farama.org/introduction/migration_guide/ for additional information.
Gym has been unmaintained since 2022 and does not support NumPy 2.0 amongst other critical functionality.
Please upgrade to Gymnasium, the maintained drop-in replacement of Gym, or contact the authors of your software and request that they upgrade.
Users of this version of Gym should be able to simply replace 'import gym' with 'import gymnasium as gym' in the vast majority of cases.
See the migration guide at https://gymnasium.farama.org/introduction/migration_guide/ for additional information.
Gym has been unmaintained since 2022 and does not support NumPy 2.0 amongst other critical functionality.
Please upgrade to Gymnasium, the maintained drop-in replacement of Gym, or contact the authors of your software and request that they upgrade.
Users of this version of Gym should be able to simply replace 'import gym' with 'import gymnasium as gym' in the vast majority of cases.
See the migration guide at https://gymnasium.farama.org/introduction/migration_guide/ for additional information.
Gym has been unmaintained since 2022 and does not support NumPy 2.0 amongst other critical functionality.
Please upgrade to Gymnasium, the maintained drop-in replacement of Gym, or contact the authors of your software and request that they upgrade.
Users of this version of Gym should be able to simply replace 'import gym' with 'import gymnasium as gym' in the vast majority of cases.
See the migration guide at https://gymnasium.farama.org/introduction/migration_guide/ for additional information.
Gym has been unmaintained since 2022 and does not support NumPy 2.0 amongst other critical functionality.
Please upgrade to Gymnasium, the maintained drop-in replacement of Gym, or contact the authors of your software and request that they upgrade.
Users of this version of Gym should be able to simply replace 'import gym' with 'import gymnasium as gym' in the vast majority of cases.
See the migration guide at https://gymnasium.farama.org/introduction/migration_guide/ for additional information.
Gym has been unmaintained since 2022 and does not support NumPy 2.0 amongst other critical functionality.
Please upgrade to Gymnasium, the maintained drop-in replacement of Gym, or contact the authors of your software and request that they upgrade.
Users of this version of Gym should be able to simply replace 'import gym' with 'import gymnasium as gym' in the vast majority of cases.
See the migration guide at https://gymnasium.farama.org/introduction/migration_guide/ for additional information.
Gym has been unmaintained since 2022 and does not support NumPy 2.0 amongst other critical functionality.
Please upgrade to Gymnasium, the maintained drop-in replacement of Gym, or contact the authors of your software and request that they upgrade.
Users of this version of Gym should be able to simply replace 'import gym' with 'import gymnasium as gym' in the vast majority of cases.
See the migration guide at https://gymnasium.farama.org/introduction/migration_guide/ for additional information.
Gym has been unmaintained since 2022 and does not support NumPy 2.0 amongst other critical functionality.
Please upgrade to Gymnasium, the maintained drop-in replacement of Gym, or contact the authors of your software and request that they upgrade.
Users of this version of Gym should be able to simply replace 'import gym' with 'import gymnasium as gym' in the vast majority of cases.
See the migration guide at https://gymnasium.farama.org/introduction/migration_guide/ for additional information.
Gym has been unmaintained since 2022 and does not support NumPy 2.0 amongst other critical functionality.
Please upgrade to Gymnasium, the maintained drop-in replacement of Gym, or contact the authors of your software and request that they upgrade.
Users of this version of Gym should be able to simply replace 'import gym' with 'import gymnasium as gym' in the vast majority of cases.
See the migration guide at https://gymnasium.farama.org/introduction/migration_guide/ for additional information.
[11784:MainThread](2026-05-26 15:22:27,196) INFO - qlib.Initialization - [config.py:452] - default_conf: client.
[36552:MainThread](2026-05-26 15:22:27,200) INFO - qlib.Initialization - [config.py:452] - default_conf: client.
[11784:MainThread](2026-05-26 15:22:27,200) INFO - qlib.Initialization - [__init__.py:75] - qlib successfully initialized based on client settings.
[11784:MainThread](2026-05-26 15:22:27,202) INFO - qlib.Initialization - [__init__.py:77] - data_path={'__DEFAULT_FREQ': WindowsPath('C:/Users/60585/.qlib/qlib_data/cn_data')}
[36552:MainThread](2026-05-26 15:22:27,204) INFO - qlib.Initialization - [__init__.py:75] - qlib successfully initialized based on client settings.
[33928:MainThread](2026-05-26 15:22:27,204) INFO - qlib.Initialization - [config.py:452] - default_conf: client.
[36552:MainThread](2026-05-26 15:22:27,204) INFO - qlib.Initialization - [__init__.py:77] - data_path={'__DEFAULT_FREQ': WindowsPath('C:/Users/60585/.qlib/qlib_data/cn_data')}
[36144:MainThread](2026-05-26 15:22:27,204) INFO - qlib.Initialization - [config.py:452] - default_conf: client.
[2596:MainThread](2026-05-26 15:22:27,204) INFO - qlib.Initialization - [config.py:452] - default_conf: client.
[33928:MainThread](2026-05-26 15:22:27,207) INFO - qlib.Initialization - [__init__.py:75] - qlib successfully initialized based on client settings.
[33928:MainThread](2026-05-26 15:22:27,207) INFO - qlib.Initialization - [__init__.py:77] - data_path={'__DEFAULT_FREQ': WindowsPath('C:/Users/60585/.qlib/qlib_data/cn_data')}
[36144:MainThread](2026-05-26 15:22:27,207) INFO - qlib.Initialization - [__init__.py:75] - qlib successfully initialized based on client settings.
[2596:MainThread](2026-05-26 15:22:27,207) INFO - qlib.Initialization - [__init__.py:75] - qlib successfully initialized based on client settings.
[29120:MainThread](2026-05-26 15:22:27,207) INFO - qlib.Initialization - [config.py:452] - default_conf: client.
[36144:MainThread](2026-05-26 15:22:27,207) INFO - qlib.Initialization - [__init__.py:77] - data_path={'__DEFAULT_FREQ': WindowsPath('C:/Users/60585/.qlib/qlib_data/cn_data')}
[2596:MainThread](2026-05-26 15:22:27,207) INFO - qlib.Initialization - [__init__.py:77] - data_path={'__DEFAULT_FREQ': WindowsPath('C:/Users/60585/.qlib/qlib_data/cn_data')}
[39808:MainThread](2026-05-26 15:22:27,207) INFO - qlib.Initialization - [config.py:452] - default_conf: client.
[18188:MainThread](2026-05-26 15:22:27,207) INFO - qlib.Initialization - [config.py:452] - default_conf: client.
[39284:MainThread](2026-05-26 15:22:27,207) INFO - qlib.Initialization - [config.py:452] - default_conf: client.
[37060:MainThread](2026-05-26 15:22:27,211) INFO - qlib.Initialization - [config.py:452] - default_conf: client.
[29120:MainThread](2026-05-26 15:22:27,211) INFO - qlib.Initialization - [__init__.py:75] - qlib successfully initialized based on client settings.
[29120:MainThread](2026-05-26 15:22:27,211) INFO - qlib.Initialization - [__init__.py:77] - data_path={'__DEFAULT_FREQ': WindowsPath('C:/Users/60585/.qlib/qlib_data/cn_data')}
[28712:MainThread](2026-05-26 15:22:27,211) INFO - qlib.Initialization - [config.py:452] - default_conf: client.
[24884:MainThread](2026-05-26 15:22:27,211) INFO - qlib.Initialization - [config.py:452] - default_conf: client.
[14256:MainThread](2026-05-26 15:22:27,211) INFO - qlib.Initialization - [config.py:452] - default_conf: client.
[39284:MainThread](2026-05-26 15:22:27,211) INFO - qlib.Initialization - [__init__.py:75] - qlib successfully initialized based on client settings.
[39808:MainThread](2026-05-26 15:22:27,211) INFO - qlib.Initialization - [__init__.py:75] - qlib successfully initialized based on client settings.
[39284:MainThread](2026-05-26 15:22:27,211) INFO - qlib.Initialization - [__init__.py:77] - data_path={'__DEFAULT_FREQ': WindowsPath('C:/Users/60585/.qlib/qlib_data/cn_data')}
[36592:MainThread](2026-05-26 15:22:27,215) INFO - qlib.Initialization - [config.py:452] - default_conf: client.
[39808:MainThread](2026-05-26 15:22:27,215) INFO - qlib.Initialization - [__init__.py:77] - data_path={'__DEFAULT_FREQ': WindowsPath('C:/Users/60585/.qlib/qlib_data/cn_data')}
[18188:MainThread](2026-05-26 15:22:27,215) INFO - qlib.Initialization - [__init__.py:75] - qlib successfully initialized based on client settings.
[26572:MainThread](2026-05-26 15:22:27,215) INFO - qlib.Initialization - [config.py:452] - default_conf: client.
[18188:MainThread](2026-05-26 15:22:27,215) INFO - qlib.Initialization - [__init__.py:77] - data_path={'__DEFAULT_FREQ': WindowsPath('C:/Users/60585/.qlib/qlib_data/cn_data')}
[37060:MainThread](2026-05-26 15:22:27,215) INFO - qlib.Initialization - [__init__.py:75] - qlib successfully initialized based on client settings.
[29600:MainThread](2026-05-26 15:22:27,215) INFO - qlib.Initialization - [config.py:452] - default_conf: client.
[37060:MainThread](2026-05-26 15:22:27,215) INFO - qlib.Initialization - [__init__.py:77] - data_path={'__DEFAULT_FREQ': WindowsPath('C:/Users/60585/.qlib/qlib_data/cn_data')}
[28712:MainThread](2026-05-26 15:22:27,217) INFO - qlib.Initialization - [__init__.py:75] - qlib successfully initialized based on client settings.
[28712:MainThread](2026-05-26 15:22:27,217) INFO - qlib.Initialization - [__init__.py:77] - data_path={'__DEFAULT_FREQ': WindowsPath('C:/Users/60585/.qlib/qlib_data/cn_data')}
[24884:MainThread](2026-05-26 15:22:27,217) INFO - qlib.Initialization - [__init__.py:75] - qlib successfully initialized based on client settings.
[14256:MainThread](2026-05-26 15:22:27,217) INFO - qlib.Initialization - [__init__.py:75] - qlib successfully initialized based on client settings.
[24884:MainThread](2026-05-26 15:22:27,218) INFO - qlib.Initialization - [__init__.py:77] - data_path={'__DEFAULT_FREQ': WindowsPath('C:/Users/60585/.qlib/qlib_data/cn_data')}
[14256:MainThread](2026-05-26 15:22:27,218) INFO - qlib.Initialization - [__init__.py:77] - data_path={'__DEFAULT_FREQ': WindowsPath('C:/Users/60585/.qlib/qlib_data/cn_data')}
[36364:MainThread](2026-05-26 15:22:27,218) INFO - qlib.Initialization - [config.py:452] - default_conf: client.
[36592:MainThread](2026-05-26 15:22:27,218) INFO - qlib.Initialization - [__init__.py:75] - qlib successfully initialized based on client settings.
[36592:MainThread](2026-05-26 15:22:27,218) INFO - qlib.Initialization - [__init__.py:77] - data_path={'__DEFAULT_FREQ': WindowsPath('C:/Users/60585/.qlib/qlib_data/cn_data')}
[26572:MainThread](2026-05-26 15:22:27,218) INFO - qlib.Initialization - [__init__.py:75] - qlib successfully initialized based on client settings.
[29600:MainThread](2026-05-26 15:22:27,220) INFO - qlib.Initialization - [__init__.py:75] - qlib successfully initialized based on client settings.
[26572:MainThread](2026-05-26 15:22:27,220) INFO - qlib.Initialization - [__init__.py:77] - data_path={'__DEFAULT_FREQ': WindowsPath('C:/Users/60585/.qlib/qlib_data/cn_data')}
[29600:MainThread](2026-05-26 15:22:27,220) INFO - qlib.Initialization - [__init__.py:77] - data_path={'__DEFAULT_FREQ': WindowsPath('C:/Users/60585/.qlib/qlib_data/cn_data')}
[38836:MainThread](2026-05-26 15:22:27,222) INFO - qlib.Initialization - [config.py:452] - default_conf: client.
[36364:MainThread](2026-05-26 15:22:27,222) INFO - qlib.Initialization - [__init__.py:75] - qlib successfully initialized based on client settings.
[36364:MainThread](2026-05-26 15:22:27,222) INFO - qlib.Initialization - [__init__.py:77] - data_path={'__DEFAULT_FREQ': WindowsPath('C:/Users/60585/.qlib/qlib_data/cn_data')}
[38836:MainThread](2026-05-26 15:22:27,226) INFO - qlib.Initialization - [__init__.py:75] - qlib successfully initialized based on client settings.
[38836:MainThread](2026-05-26 15:22:27,226) INFO - qlib.Initialization - [__init__.py:77] - data_path={'__DEFAULT_FREQ': WindowsPath('C:/Users/60585/.qlib/qlib_data/cn_data')}
[38128:MainThread](2026-05-26 15:22:40,251) WARNING - qlib.online operator - [exchange.py:219] - $close field data contains nan.
[38128:MainThread](2026-05-26 15:22:40,251) WARNING - qlib.online operator - [exchange.py:219] - $close field data contains nan.
[38128:MainThread](2026-05-26 15:22:49,953) WARNING - qlib.BaseExecutor - [executor.py:121] - `common_infra` is not set for <qlib.backtest.executor.SimulatorExecutor object at 0x0000026CD08664D0>
backtest loop:   0%|          | 0/611 [00:00<?, ?it/s]C:\Users\60585\miniconda3\envs\quantEnv\lib\site-packages\qlib\utils\index_data.py:492: RuntimeWarning: Mean of empty slice
  return np.nanmean(self.data)
backtest loop:   3%|▎         | 19/611 [00:00<00:03, 189.83it/s]backtest loop:   6%|▋         | 39/611 [00:00<00:02, 192.61it/s]backtest loop:  10%|▉         | 59/611 [00:00<00:02, 189.23it/s]backtest loop:  13%|█▎        | 78/611 [00:00<00:02, 185.78it/s]backtest loop:  16%|█▌        | 97/611 [00:00<00:02, 184.20it/s]backtest loop:  19%|█▉        | 119/611 [00:00<00:02, 187.64it/s]backtest loop:  23%|██▎       | 141/611 [00:00<00:02, 188.41it/s]backtest loop:  26%|██▌       | 160/611 [00:00<00:02, 188.76it/s]backtest loop:  29%|██▉       | 179/611 [00:01<00:03, 141.23it/s]backtest loop:  32%|███▏      | 198/611 [00:01<00:02, 152.34it/s]backtest loop:  36%|███▌      | 217/611 [00:01<00:02, 160.00it/s]backtest loop:  39%|███▊      | 236/611 [00:01<00:02, 167.89it/s]backtest loop:  42%|████▏     | 258/611 [00:01<00:02, 176.25it/s]backtest loop:  45%|████▌     | 277/611 [00:01<00:01, 178.03it/s]backtest loop:  49%|████▊     | 297/611 [00:01<00:01, 181.89it/s]backtest loop:  52%|█████▏    | 316/611 [00:01<00:01, 180.37it/s]backtest loop:  55%|█████▍    | 335/611 [00:01<00:01, 182.57it/s]backtest loop:  58%|█████▊    | 354/611 [00:02<00:01, 184.66it/s]backtest loop:  61%|██████    | 373/611 [00:02<00:01, 182.81it/s]backtest loop:  64%|██████▍   | 393/611 [00:02<00:01, 185.49it/s]backtest loop:  68%|██████▊   | 413/611 [00:02<00:01, 186.60it/s]backtest loop:  71%|███████   | 435/611 [00:02<00:00, 190.90it/s]backtest loop:  74%|███████▍  | 455/611 [00:02<00:00, 187.50it/s]backtest loop:  78%|███████▊  | 474/611 [00:02<00:00, 186.94it/s]backtest loop:  81%|████████  | 494/611 [00:02<00:00, 187.95it/s]backtest loop:  84%|████████▍ | 514/611 [00:02<00:00, 188.79it/s]backtest loop:  87%|████████▋ | 533/611 [00:02<00:00, 189.06it/s]backtest loop:  90%|█████████ | 552/611 [00:03<00:00, 189.19it/s]backtest loop:  93%|█████████▎| 571/611 [00:03<00:00, 188.56it/s]backtest loop:  97%|█████████▋| 591/611 [00:03<00:00, 188.86it/s]backtest loop: 100%|██████████| 611/611 [00:03<00:00, 189.95it/s]backtest loop: 100%|██████████| 611/611 [00:03<00:00, 181.77it/s]
[38128:MainThread](2026-05-26 15:22:53,332) INFO - qlib.workflow - [record_temp.py:515] - Portfolio analysis record 'port_analysis_1day.pkl' has been saved as the artifact of the Experiment 206564195459620527
[38128:MainThread](2026-05-26 15:22:53,339) INFO - qlib.workflow - [record_temp.py:540] - Indicator analysis record 'indicator_analysis_1day.pkl' has been saved as the artifact of the Experiment 206564195459620527
Downloading artifacts:   0%|          | 0/1 [00:00<?, ?it/s]Downloading artifacts:   0%|          | 0/1 [00:00<?, ?it/s]
Downloading artifacts:   0%|          | 0/1 [00:00<?, ?it/s]Downloading artifacts:   0%|          | 0/1 [00:00<?, ?it/s]
Downloading artifacts:   0%|          | 0/1 [00:00<?, ?it/s]Downloading artifacts: 100%|██████████| 1/1 [00:00<?, ?it/s]Downloading artifacts: 100%|██████████| 1/1 [00:00<?, ?it/s]
Downloading artifacts:   0%|          | 0/1 [00:00<?, ?it/s]Downloading artifacts: 100%|██████████| 1/1 [00:00<00:00, 421.28it/s]Downloading artifacts: 100%|██████████| 1/1 [00:00<00:00, 421.28it/s]
Downloading artifacts:   0%|          | 0/1 [00:00<?, ?it/s]Downloading artifacts: 100%|██████████| 1/1 [00:00<?, ?it/s]Downloading artifacts: 100%|██████████| 1/1 [00:00<?, ?it/s]
Downloading artifacts:   0%|          | 0/1 [00:00<?, ?it/s]Downloading artifacts: 100%|██████████| 1/1 [00:00<?, ?it/s]Downloading artifacts: 100%|██████████| 1/1 [00:00<?, ?it/s]
Downloading artifacts:   0%|          | 0/1 [00:00<?, ?it/s]Downloading artifacts: 100%|██████████| 1/1 [00:00<00:00, 186.44it/s]Downloading artifacts: 100%|██████████| 1/1 [00:00<00:00, 186.44it/s]
C:\Users\60585\miniconda3\envs\quantEnv\lib\site-packages\qlib\contrib\report\analysis_position\parse_position.py:36: FutureWarning:

DataFrame.fillna with 'method' is deprecated and will raise in a future version. Use obj.ffill() or obj.bfill() instead.

C:\Users\60585\miniconda3\envs\quantEnv\lib\site-packages\qlib\contrib\report\analysis_position\risk_analysis.py:104: FutureWarning:

When grouping with a length-1 list-like, you will need to pass a length-1 tuple to get_group in a future version of pandas. Pass `(name,)` instead of `name` to silence this warning.

C:\Users\60585\miniconda3\envs\quantEnv\lib\site-packages\qlib\contrib\report\analysis_position\risk_analysis.py:104: FutureWarning:

When grouping with a length-1 list-like, you will need to pass a length-1 tuple to get_group in a future version of pandas. Pass `(name,)` instead of `name` to silence this warning.

C:\Users\60585\miniconda3\envs\quantEnv\lib\site-packages\qlib\contrib\report\analysis_position\risk_analysis.py:104: FutureWarning:

When grouping with a length-1 list-like, you will need to pass a length-1 tuple to get_group in a future version of pandas. Pass `(name,)` instead of `name` to silence this warning.

C:\Users\60585\miniconda3\envs\quantEnv\lib\site-packages\qlib\contrib\report\analysis_position\risk_analysis.py:104: FutureWarning:

When grouping with a length-1 list-like, you will need to pass a length-1 tuple to get_group in a future version of pandas. Pass `(name,)` instead of `name` to silence this warning.

C:\Users\60585\miniconda3\envs\quantEnv\lib\site-packages\qlib\contrib\report\analysis_position\parse_position.py:36: FutureWarning:

DataFrame.fillna with 'method' is deprecated and will raise in a future version. Use obj.ffill() or obj.bfill() instead.

C:\Users\60585\miniconda3\envs\quantEnv\lib\site-packages\qlib\contrib\report\analysis_model\analysis_model_performance.py:157: FutureWarning:

'M' is deprecated and will be removed in a future version, please use 'ME' instead.

Downloading artifacts:   0%|          | 0/1 [00:00<?, ?it/s]Downloading artifacts: 100%|██████████| 1/1 [00:00<00:00, 142.12it/s]Downloading artifacts: 100%|██████████| 1/1 [00:00<00:00, 142.12it/s]
Downloading artifacts:   0%|          | 0/1 [00:00<?, ?it/s]Downloading artifacts: 100%|██████████| 1/1 [00:00<00:00, 661.67it/s]Downloading artifacts: 100%|██████████| 1/1 [00:00<00:00, 661.67it/s]
Downloading artifacts:   0%|          | 0/1 [00:00<?, ?it/s]Downloading artifacts: 100%|██████████| 1/1 [00:00<?, ?it/s]Downloading artifacts: 100%|██████████| 1/1 [00:00<?, ?it/s]
Downloading artifacts:   0%|          | 0/1 [00:00<?, ?it/s]Downloading artifacts: 100%|██████████| 1/1 [00:00<?, ?it/s]Downloading artifacts: 100%|██████████| 1/1 [00:00<?, ?it/s]
Downloading artifacts:   0%|          | 0/1 [00:00<?, ?it/s]Downloading artifacts: 100%|██████████| 1/1 [00:00<?, ?it/s]Downloading artifacts: 100%|██████████| 1/1 [00:00<?, ?it/s]
Downloading artifacts:   0%|          | 0/1 [00:00<?, ?it/s]Downloading artifacts: 100%|██████████| 1/1 [00:00<00:00, 663.24it/s]Downloading artifacts: 100%|██████████| 1/1 [00:00<00:00, 663.24it/s]
Downloading artifacts:   0%|          | 0/1 [00:00<?, ?it/s]Downloading artifacts: 100%|██████████| 1/1 [00:00<?, ?it/s]Downloading artifacts: 100%|██████████| 1/1 [00:00<?, ?it/s]
Downloading artifacts:   0%|          | 0/1 [00:00<?, ?it/s]Downloading artifacts: 100%|██████████| 1/1 [00:00<00:00, 71.11it/s]Downloading artifacts: 100%|██████████| 1/1 [00:00<00:00, 66.35it/s]
Downloading artifacts:   0%|          | 0/1 [00:00<?, ?it/s]Downloading artifacts: 100%|██████████| 1/1 [00:00<00:00, 71.62it/s]Downloading artifacts: 100%|██████████| 1/1 [00:00<00:00, 71.62it/s]
Downloading artifacts:   0%|          | 0/1 [00:00<?, ?it/s]Downloading artifacts: 100%|██████████| 1/1 [00:00<00:00, 994.85it/s]Downloading artifacts: 100%|██████████| 1/1 [00:00<00:00, 498.61it/s]
Downloading artifacts:   0%|          | 0/1 [00:00<?, ?it/s]Downloading artifacts: 100%|██████████| 1/1 [00:00<00:00, 496.84it/s]Downloading artifacts: 100%|██████████| 1/1 [00:00<00:00, 496.84it/s]
Downloading artifacts:   0%|          | 0/1 [00:00<?, ?it/s]Downloading artifacts: 100%|██████████| 1/1 [00:00<00:00, 124.21it/s]Downloading artifacts: 100%|██████████| 1/1 [00:00<00:00, 124.21it/s]
Downloading artifacts:   0%|          | 0/1 [00:00<?, ?it/s]Downloading artifacts: 100%|██████████| 1/1 [00:00<00:00, 190.56it/s]Downloading artifacts: 100%|██████████| 1/1 [00:00<00:00, 190.56it/s]
Downloading artifacts:   0%|          | 0/1 [00:00<?, ?it/s]Downloading artifacts: 100%|██████████| 1/1 [00:00<?, ?it/s]Downloading artifacts: 100%|██████████| 1/1 [00:00<?, ?it/s]
Downloading artifacts:   0%|          | 0/1 [00:00<?, ?it/s]Downloading artifacts: 100%|██████████| 1/1 [00:00<00:00, 174.07it/s]Downloading artifacts: 100%|██████████| 1/1 [00:00<00:00, 174.07it/s]
Downloading artifacts:   0%|          | 0/1 [00:00<?, ?it/s]Downloading artifacts: 100%|██████████| 1/1 [00:00<?, ?it/s]Downloading artifacts: 100%|██████████| 1/1 [00:00<?, ?it/s]
Downloading artifacts:   0%|          | 0/1 [00:00<?, ?it/s]Downloading artifacts: 100%|██████████| 1/1 [00:00<?, ?it/s]Downloading artifacts: 100%|██████████| 1/1 [00:00<?, ?it/s]
Downloading artifacts:   0%|          | 0/1 [00:00<?, ?it/s]Downloading artifacts: 100%|██████████| 1/1 [00:00<?, ?it/s]Downloading artifacts: 100%|██████████| 1/1 [00:00<?, ?it/s]
Downloading artifacts:   0%|          | 0/1 [00:00<?, ?it/s]Downloading artifacts: 100%|██████████| 1/1 [00:00<00:00, 326.40it/s]Downloading artifacts: 100%|██████████| 1/1 [00:00<00:00, 326.40it/s]
Downloading artifacts:   0%|          | 0/1 [00:00<?, ?it/s]Downloading artifacts: 100%|██████████| 1/1 [00:00<?, ?it/s]Downloading artifacts: 100%|██████████| 1/1 [00:00<00:00, 992.97it/s]
Downloading artifacts:   0%|          | 0/1 [00:00<?, ?it/s]Downloading artifacts: 100%|██████████| 1/1 [00:00<?, ?it/s]Downloading artifacts: 100%|██████████| 1/1 [00:00<?, ?it/s]
Downloading artifacts:   0%|          | 0/1 [00:00<?, ?it/s]Downloading artifacts: 100%|██████████| 1/1 [00:00<?, ?it/s]Downloading artifacts: 100%|██████████| 1/1 [00:00<?, ?it/s]
Downloading artifacts:   0%|          | 0/1 [00:00<?, ?it/s]Downloading artifacts: 100%|██████████| 1/1 [00:00<?, ?it/s]Downloading artifacts: 100%|██████████| 1/1 [00:00<?, ?it/s]
Downloading artifacts:   0%|          | 0/1 [00:00<?, ?it/s]Downloading artifacts: 100%|██████████| 1/1 [00:00<?, ?it/s]Downloading artifacts: 100%|██████████| 1/1 [00:00<?, ?it/s]
Downloading artifacts:   0%|          | 0/1 [00:00<?, ?it/s]Downloading artifacts: 100%|██████████| 1/1 [00:00<00:00, 256.86it/s]Downloading artifacts: 100%|██████████| 1/1 [00:00<00:00, 256.86it/s]
Downloading artifacts:   0%|          | 0/1 [00:00<?, ?it/s]Downloading artifacts: 100%|██████████| 1/1 [00:00<?, ?it/s]Downloading artifacts: 100%|██████████| 1/1 [00:00<?, ?it/s]
Downloading artifacts:   0%|          | 0/1 [00:00<?, ?it/s]Downloading artifacts: 100%|██████████| 1/1 [00:00<00:00, 121.02it/s]Downloading artifacts: 100%|██████████| 1/1 [00:00<00:00, 121.02it/s]
Downloading artifacts:   0%|          | 0/1 [00:00<?, ?it/s]Downloading artifacts: 100%|██████████| 1/1 [00:00<?, ?it/s]Downloading artifacts: 100%|██████████| 1/1 [00:00<?, ?it/s]
Downloading artifacts:   0%|          | 0/1 [00:00<?, ?it/s]Downloading artifacts: 100%|██████████| 1/1 [00:00<?, ?it/s]Downloading artifacts: 100%|██████████| 1/1 [00:00<?, ?it/s]
Downloading artifacts:   0%|          | 0/1 [00:00<?, ?it/s]Downloading artifacts: 100%|██████████| 1/1 [00:00<00:00, 1689.21it/s]Downloading artifacts: 100%|██████████| 1/1 [00:00<00:00, 1689.21it/s]
Downloading artifacts:   0%|          | 0/1 [00:00<?, ?it/s]Downloading artifacts: 100%|██████████| 1/1 [00:00<00:00, 385.58it/s]Downloading artifacts: 100%|██████████| 1/1 [00:00<00:00, 385.58it/s]
Downloading artifacts:   0%|          | 0/1 [00:00<?, ?it/s]Downloading artifacts: 100%|██████████| 1/1 [00:00<?, ?it/s]Downloading artifacts: 100%|██████████| 1/1 [00:00<?, ?it/s]
Downloading artifacts:   0%|          | 0/1 [00:00<?, ?it/s]Downloading artifacts: 100%|██████████| 1/1 [00:00<?, ?it/s]Downloading artifacts: 100%|██████████| 1/1 [00:00<?, ?it/s]
Downloading artifacts:   0%|          | 0/1 [00:00<?, ?it/s]Downloading artifacts: 100%|██████████| 1/1 [00:00<?, ?it/s]Downloading artifacts: 100%|██████████| 1/1 [00:00<00:00, 173.37it/s]
Downloading artifacts:   0%|          | 0/1 [00:00<?, ?it/s]Downloading artifacts: 100%|██████████| 1/1 [00:00<00:00, 80.69it/s]Downloading artifacts: 100%|██████████| 1/1 [00:00<00:00, 80.69it/s]
Downloading artifacts:   0%|          | 0/1 [00:00<?, ?it/s]Downloading artifacts: 100%|██████████| 1/1 [00:00<00:00, 999.83it/s]Downloading artifacts: 100%|██████████| 1/1 [00:00<00:00, 999.83it/s]
Downloading artifacts:   0%|          | 0/1 [00:00<?, ?it/s]Downloading artifacts: 100%|██████████| 1/1 [00:00<00:00, 81.35it/s]Downloading artifacts: 100%|██████████| 1/1 [00:00<00:00, 81.35it/s]
Downloading artifacts:   0%|          | 0/1 [00:00<?, ?it/s]Downloading artifacts: 100%|██████████| 1/1 [00:00<?, ?it/s]Downloading artifacts: 100%|██████████| 1/1 [00:00<?, ?it/s]
Downloading artifacts:   0%|          | 0/1 [00:00<?, ?it/s]Downloading artifacts: 100%|██████████| 1/1 [00:00<?, ?it/s]Downloading artifacts: 100%|██████████| 1/1 [00:00<?, ?it/s]
Downloading artifacts:   0%|          | 0/1 [00:00<?, ?it/s]Downloading artifacts: 100%|██████████| 1/1 [00:00<00:00, 1000.31it/s]Downloading artifacts: 100%|██████████| 1/1 [00:00<00:00, 1000.31it/s]
Downloading artifacts:   0%|          | 0/1 [00:00<?, ?it/s]Downloading artifacts: 100%|██████████| 1/1 [00:00<00:00, 256.20it/s]Downloading artifacts: 100%|██████████| 1/1 [00:00<00:00, 256.20it/s]
Downloading artifacts:   0%|          | 0/1 [00:00<?, ?it/s]Downloading artifacts: 100%|██████████| 1/1 [00:00<?, ?it/s]Downloading artifacts: 100%|██████████| 1/1 [00:00<?, ?it/s]
Downloading artifacts:   0%|          | 0/1 [00:00<?, ?it/s]Downloading artifacts: 100%|██████████| 1/1 [00:00<00:00, 381.82it/s]Downloading artifacts: 100%|██████████| 1/1 [00:00<00:00, 381.82it/s]
Downloading artifacts:   0%|          | 0/1 [00:00<?, ?it/s]Downloading artifacts: 100%|██████████| 1/1 [00:00<?, ?it/s]Downloading artifacts: 100%|██████████| 1/1 [00:00<?, ?it/s]
Downloading artifacts:   0%|          | 0/1 [00:00<?, ?it/s]Downloading artifacts: 100%|██████████| 1/1 [00:00<00:00, 275.98it/s]Downloading artifacts: 100%|██████████| 1/1 [00:00<00:00, 275.98it/s]
Downloading artifacts:   0%|          | 0/1 [00:00<?, ?it/s]Downloading artifacts: 100%|██████████| 1/1 [00:00<00:00, 999.83it/s]Downloading artifacts: 100%|██████████| 1/1 [00:00<00:00, 999.83it/s]
Downloading artifacts:   0%|          | 0/1 [00:00<?, ?it/s]Downloading artifacts: 100%|██████████| 1/1 [00:00<00:00, 1986.88it/s]Downloading artifacts: 100%|██████████| 1/1 [00:00<00:00, 1986.88it/s]
Downloading artifacts:   0%|          | 0/1 [00:00<?, ?it/s]Downloading artifacts: 100%|██████████| 1/1 [00:00<00:00, 665.23it/s]Downloading artifacts: 100%|██████████| 1/1 [00:00<00:00, 665.23it/s]
Downloading artifacts:   0%|          | 0/1 [00:00<?, ?it/s]Downloading artifacts: 100%|██████████| 1/1 [00:00<00:00, 253.83it/s]Downloading artifacts: 100%|██████████| 1/1 [00:00<00:00, 253.83it/s]
Downloading artifacts:   0%|          | 0/1 [00:00<?, ?it/s]Downloading artifacts: 100%|██████████| 1/1 [00:00<?, ?it/s]Downloading artifacts: 100%|██████████| 1/1 [00:00<?, ?it/s]
Downloading artifacts:   0%|          | 0/1 [00:00<?, ?it/s]Downloading artifacts: 100%|██████████| 1/1 [00:00<?, ?it/s]Downloading artifacts: 100%|██████████| 1/1 [00:00<?, ?it/s]
Downloading artifacts:   0%|          | 0/1 [00:00<?, ?it/s]Downloading artifacts: 100%|██████████| 1/1 [00:00<00:00, 664.71it/s]Downloading artifacts: 100%|██████████| 1/1 [00:00<00:00, 664.71it/s]
Downloading artifacts:   0%|          | 0/1 [00:00<?, ?it/s]Downloading artifacts: 100%|██████████| 1/1 [00:00<?, ?it/s]Downloading artifacts: 100%|██████████| 1/1 [00:00<?, ?it/s]
Downloading artifacts:   0%|          | 0/1 [00:00<?, ?it/s]Downloading artifacts: 100%|██████████| 1/1 [00:00<00:00, 913.79it/s]Downloading artifacts: 100%|██████████| 1/1 [00:00<00:00, 913.79it/s]
Downloading artifacts:   0%|          | 0/1 [00:00<?, ?it/s]Downloading artifacts: 100%|██████████| 1/1 [00:00<00:00, 572.76it/s]Downloading artifacts: 100%|██████████| 1/1 [00:00<00:00, 572.76it/s]
Downloading artifacts:   0%|          | 0/1 [00:00<?, ?it/s]Downloading artifacts: 100%|██████████| 1/1 [00:00<?, ?it/s]Downloading artifacts: 100%|██████████| 1/1 [00:00<?, ?it/s]
Downloading artifacts:   0%|          | 0/1 [00:00<?, ?it/s]Downloading artifacts: 100%|██████████| 1/1 [00:00<?, ?it/s]Downloading artifacts: 100%|██████████| 1/1 [00:00<?, ?it/s]
Downloading artifacts:   0%|          | 0/1 [00:00<?, ?it/s]Downloading artifacts: 100%|██████████| 1/1 [00:00<00:00, 396.66it/s]Downloading artifacts: 100%|██████████| 1/1 [00:00<00:00, 396.66it/s]
Downloading artifacts:   0%|          | 0/1 [00:00<?, ?it/s]Downloading artifacts: 100%|██████████| 1/1 [00:00<?, ?it/s]Downloading artifacts: 100%|██████████| 1/1 [00:00<?, ?it/s]
Downloading artifacts:   0%|          | 0/1 [00:00<?, ?it/s]Downloading artifacts: 100%|██████████| 1/1 [00:00<?, ?it/s]Downloading artifacts: 100%|██████████| 1/1 [00:00<?, ?it/s]
Downloading artifacts:   0%|          | 0/1 [00:00<?, ?it/s]Downloading artifacts: 100%|██████████| 1/1 [00:00<?, ?it/s]Downloading artifacts: 100%|██████████| 1/1 [00:00<?, ?it/s]
Downloading artifacts:   0%|          | 0/1 [00:00<?, ?it/s]Downloading artifacts: 100%|██████████| 1/1 [00:00<00:00, 287.50it/s]Downloading artifacts: 100%|██████████| 1/1 [00:00<00:00, 287.50it/s]
Downloading artifacts:   0%|          | 0/1 [00:00<?, ?it/s]Downloading artifacts: 100%|██████████| 1/1 [00:00<00:00, 996.98it/s]Downloading artifacts: 100%|██████████| 1/1 [00:00<00:00, 996.98it/s]
Downloading artifacts:   0%|          | 0/1 [00:00<?, ?it/s]Downloading artifacts: 100%|██████████| 1/1 [00:00<00:00, 160.62it/s]Downloading artifacts: 100%|██████████| 1/1 [00:00<00:00, 160.62it/s]
Downloading artifacts:   0%|          | 0/1 [00:00<?, ?it/s]Downloading artifacts: 100%|██████████| 1/1 [00:00<?, ?it/s]Downloading artifacts: 100%|██████████| 1/1 [00:00<?, ?it/s]
Downloading artifacts:   0%|          | 0/1 [00:00<?, ?it/s]Downloading artifacts: 100%|██████████| 1/1 [00:00<00:00, 416.06it/s]Downloading artifacts: 100%|██████████| 1/1 [00:00<00:00, 416.06it/s]
Downloading artifacts:   0%|          | 0/1 [00:00<?, ?it/s]Downloading artifacts: 100%|██████████| 1/1 [00:00<?, ?it/s]Downloading artifacts: 100%|██████████| 1/1 [00:00<?, ?it/s]
Downloading artifacts:   0%|          | 0/1 [00:00<?, ?it/s]Downloading artifacts: 100%|██████████| 1/1 [00:00<?, ?it/s]Downloading artifacts: 100%|██████████| 1/1 [00:00<?, ?it/s]
Downloading artifacts:   0%|          | 0/1 [00:00<?, ?it/s]Downloading artifacts: 100%|██████████| 1/1 [00:00<?, ?it/s]Downloading artifacts: 100%|██████████| 1/1 [00:00<?, ?it/s]
Downloading artifacts:   0%|          | 0/1 [00:00<?, ?it/s]Downloading artifacts: 100%|██████████| 1/1 [00:00<00:00, 284.59it/s]Downloading artifacts: 100%|██████████| 1/1 [00:00<00:00, 284.59it/s]
Downloading artifacts:   0%|          | 0/1 [00:00<?, ?it/s]Downloading artifacts: 100%|██████████| 1/1 [00:00<00:00, 952.39it/s]Downloading artifacts: 100%|██████████| 1/1 [00:00<00:00, 952.39it/s]
Downloading artifacts:   0%|          | 0/1 [00:00<?, ?it/s]Downloading artifacts: 100%|██████████| 1/1 [00:00<00:00, 325.32it/s]Downloading artifacts: 100%|██████████| 1/1 [00:00<00:00, 325.32it/s]
Downloading artifacts:   0%|          | 0/1 [00:00<?, ?it/s]Downloading artifacts: 100%|██████████| 1/1 [00:00<?, ?it/s]Downloading artifacts: 100%|██████████| 1/1 [00:00<?, ?it/s]
Downloading artifacts:   0%|          | 0/1 [00:00<?, ?it/s]Downloading artifacts: 100%|██████████| 1/1 [00:00<00:00, 320.42it/s]Downloading artifacts: 100%|██████████| 1/1 [00:00<00:00, 320.42it/s]
Downloading artifacts:   0%|          | 0/1 [00:00<?, ?it/s]Downloading artifacts: 100%|██████████| 1/1 [00:00<00:00, 663.76it/s]Downloading artifacts: 100%|██████████| 1/1 [00:00<00:00, 663.76it/s]
Downloading artifacts:   0%|          | 0/1 [00:00<?, ?it/s]Downloading artifacts: 100%|██████████| 1/1 [00:00<?, ?it/s]Downloading artifacts: 100%|██████████| 1/1 [00:00<?, ?it/s]
Downloading artifacts:   0%|          | 0/1 [00:00<?, ?it/s]Downloading artifacts: 100%|██████████| 1/1 [00:00<00:00, 1582.16it/s]Downloading artifacts: 100%|██████████| 1/1 [00:00<00:00, 1582.16it/s]
Downloading artifacts:   0%|          | 0/1 [00:00<?, ?it/s]Downloading artifacts: 100%|██████████| 1/1 [00:00<00:00, 319.18it/s]Downloading artifacts: 100%|██████████| 1/1 [00:00<00:00, 319.18it/s]
Downloading artifacts:   0%|          | 0/1 [00:00<?, ?it/s]Downloading artifacts: 100%|██████████| 1/1 [00:00<?, ?it/s]Downloading artifacts: 100%|██████████| 1/1 [00:00<?, ?it/s]
Downloading artifacts:   0%|          | 0/1 [00:00<?, ?it/s]Downloading artifacts: 100%|██████████| 1/1 [00:00<?, ?it/s]Downloading artifacts: 100%|██████████| 1/1 [00:00<?, ?it/s]
Downloading artifacts:   0%|          | 0/1 [00:00<?, ?it/s]Downloading artifacts: 100%|██████████| 1/1 [00:00<?, ?it/s]Downloading artifacts: 100%|██████████| 1/1 [00:00<?, ?it/s]
Downloading artifacts:   0%|          | 0/1 [00:00<?, ?it/s]Downloading artifacts: 100%|██████████| 1/1 [00:00<00:00, 233.78it/s]Downloading artifacts: 100%|██████████| 1/1 [00:00<00:00, 233.78it/s]
[38128:MainThread](2026-05-26 15:25:55,489) INFO - qlib.timer - [log.py:127] - Time cost: 0.000s | waiting `async_log` Done
