Gym has been unmaintained since 2022 and does not support NumPy 2.0 amongst other critical functionality.
Please upgrade to Gymnasium, the maintained drop-in replacement of Gym, or contact the authors of your software and request that they upgrade.
Users of this version of Gym should be able to simply replace 'import gym' with 'import gymnasium as gym' in the vast majority of cases.
See the migration guide at https://gymnasium.farama.org/introduction/migration_guide/ for additional information.
[9128:MainThread](2026-06-03 20:35:23,696) INFO - qlib.Initialization - [config.py:452] - default_conf: client.
[9128:MainThread](2026-06-03 20:35:23,702) INFO - qlib.Initialization - [__init__.py:75] - qlib successfully initialized based on client settings.
[9128:MainThread](2026-06-03 20:35:23,703) INFO - qlib.Initialization - [__init__.py:77] - data_path={'__DEFAULT_FREQ': WindowsPath('C:/Users/60585/.qlib/qlib_data/cn_data')}
Gym has been unmaintained since 2022 and does not support NumPy 2.0 amongst other critical functionality.
Please upgrade to Gymnasium, the maintained drop-in replacement of Gym, or contact the authors of your software and request that they upgrade.
Users of this version of Gym should be able to simply replace 'import gym' with 'import gymnasium as gym' in the vast majority of cases.
See the migration guide at https://gymnasium.farama.org/introduction/migration_guide/ for additional information.
Gym has been unmaintained since 2022 and does not support NumPy 2.0 amongst other critical functionality.
Please upgrade to Gymnasium, the maintained drop-in replacement of Gym, or contact the authors of your software and request that they upgrade.
Users of this version of Gym should be able to simply replace 'import gym' with 'import gymnasium as gym' in the vast majority of cases.
See the migration guide at https://gymnasium.farama.org/introduction/migration_guide/ for additional information.
Gym has been unmaintained since 2022 and does not support NumPy 2.0 amongst other critical functionality.
Please upgrade to Gymnasium, the maintained drop-in replacement of Gym, or contact the authors of your software and request that they upgrade.
Users of this version of Gym should be able to simply replace 'import gym' with 'import gymnasium as gym' in the vast majority of cases.
See the migration guide at https://gymnasium.farama.org/introduction/migration_guide/ for additional information.
Gym has been unmaintained since 2022 and does not support NumPy 2.0 amongst other critical functionality.
Please upgrade to Gymnasium, the maintained drop-in replacement of Gym, or contact the authors of your software and request that they upgrade.
Users of this version of Gym should be able to simply replace 'import gym' with 'import gymnasium as gym' in the vast majority of cases.
See the migration guide at https://gymnasium.farama.org/introduction/migration_guide/ for additional information.
Gym has been unmaintained since 2022 and does not support NumPy 2.0 amongst other critical functionality.
Please upgrade to Gymnasium, the maintained drop-in replacement of Gym, or contact the authors of your software and request that they upgrade.
Users of this version of Gym should be able to simply replace 'import gym' with 'import gymnasium as gym' in the vast majority of cases.
See the migration guide at https://gymnasium.farama.org/introduction/migration_guide/ for additional information.
Gym has been unmaintained since 2022 and does not support NumPy 2.0 amongst other critical functionality.
Please upgrade to Gymnasium, the maintained drop-in replacement of Gym, or contact the authors of your software and request that they upgrade.
Users of this version of Gym should be able to simply replace 'import gym' with 'import gymnasium as gym' in the vast majority of cases.
See the migration guide at https://gymnasium.farama.org/introduction/migration_guide/ for additional information.
Gym has been unmaintained since 2022 and does not support NumPy 2.0 amongst other critical functionality.
Please upgrade to Gymnasium, the maintained drop-in replacement of Gym, or contact the authors of your software and request that they upgrade.
Users of this version of Gym should be able to simply replace 'import gym' with 'import gymnasium as gym' in the vast majority of cases.
See the migration guide at https://gymnasium.farama.org/introduction/migration_guide/ for additional information.
Gym has been unmaintained since 2022 and does not support NumPy 2.0 amongst other critical functionality.
Please upgrade to Gymnasium, the maintained drop-in replacement of Gym, or contact the authors of your software and request that they upgrade.
Users of this version of Gym should be able to simply replace 'import gym' with 'import gymnasium as gym' in the vast majority of cases.
See the migration guide at https://gymnasium.farama.org/introduction/migration_guide/ for additional information.
Gym has been unmaintained since 2022 and does not support NumPy 2.0 amongst other critical functionality.
Please upgrade to Gymnasium, the maintained drop-in replacement of Gym, or contact the authors of your software and request that they upgrade.
Users of this version of Gym should be able to simply replace 'import gym' with 'import gymnasium as gym' in the vast majority of cases.
See the migration guide at https://gymnasium.farama.org/introduction/migration_guide/ for additional information.
Gym has been unmaintained since 2022 and does not support NumPy 2.0 amongst other critical functionality.
Please upgrade to Gymnasium, the maintained drop-in replacement of Gym, or contact the authors of your software and request that they upgrade.
Users of this version of Gym should be able to simply replace 'import gym' with 'import gymnasium as gym' in the vast majority of cases.
See the migration guide at https://gymnasium.farama.org/introduction/migration_guide/ for additional information.
Gym has been unmaintained since 2022 and does not support NumPy 2.0 amongst other critical functionality.
Please upgrade to Gymnasium, the maintained drop-in replacement of Gym, or contact the authors of your software and request that they upgrade.
Users of this version of Gym should be able to simply replace 'import gym' with 'import gymnasium as gym' in the vast majority of cases.
See the migration guide at https://gymnasium.farama.org/introduction/migration_guide/ for additional information.
Gym has been unmaintained since 2022 and does not support NumPy 2.0 amongst other critical functionality.
Please upgrade to Gymnasium, the maintained drop-in replacement of Gym, or contact the authors of your software and request that they upgrade.
Users of this version of Gym should be able to simply replace 'import gym' with 'import gymnasium as gym' in the vast majority of cases.
See the migration guide at https://gymnasium.farama.org/introduction/migration_guide/ for additional information.
Gym has been unmaintained since 2022 and does not support NumPy 2.0 amongst other critical functionality.
Please upgrade to Gymnasium, the maintained drop-in replacement of Gym, or contact the authors of your software and request that they upgrade.
Users of this version of Gym should be able to simply replace 'import gym' with 'import gymnasium as gym' in the vast majority of cases.
See the migration guide at https://gymnasium.farama.org/introduction/migration_guide/ for additional information.
Gym has been unmaintained since 2022 and does not support NumPy 2.0 amongst other critical functionality.
Please upgrade to Gymnasium, the maintained drop-in replacement of Gym, or contact the authors of your software and request that they upgrade.
Users of this version of Gym should be able to simply replace 'import gym' with 'import gymnasium as gym' in the vast majority of cases.
See the migration guide at https://gymnasium.farama.org/introduction/migration_guide/ for additional information.
Gym has been unmaintained since 2022 and does not support NumPy 2.0 amongst other critical functionality.
Please upgrade to Gymnasium, the maintained drop-in replacement of Gym, or contact the authors of your software and request that they upgrade.
Users of this version of Gym should be able to simply replace 'import gym' with 'import gymnasium as gym' in the vast majority of cases.
See the migration guide at https://gymnasium.farama.org/introduction/migration_guide/ for additional information.
Gym has been unmaintained since 2022 and does not support NumPy 2.0 amongst other critical functionality.
Please upgrade to Gymnasium, the maintained drop-in replacement of Gym, or contact the authors of your software and request that they upgrade.
Users of this version of Gym should be able to simply replace 'import gym' with 'import gymnasium as gym' in the vast majority of cases.
See the migration guide at https://gymnasium.farama.org/introduction/migration_guide/ for additional information.
Gym has been unmaintained since 2022 and does not support NumPy 2.0 amongst other critical functionality.
Please upgrade to Gymnasium, the maintained drop-in replacement of Gym, or contact the authors of your software and request that they upgrade.
Users of this version of Gym should be able to simply replace 'import gym' with 'import gymnasium as gym' in the vast majority of cases.
See the migration guide at https://gymnasium.farama.org/introduction/migration_guide/ for additional information.
Gym has been unmaintained since 2022 and does not support NumPy 2.0 amongst other critical functionality.
Please upgrade to Gymnasium, the maintained drop-in replacement of Gym, or contact the authors of your software and request that they upgrade.
Users of this version of Gym should be able to simply replace 'import gym' with 'import gymnasium as gym' in the vast majority of cases.
See the migration guide at https://gymnasium.farama.org/introduction/migration_guide/ for additional information.
[3696:MainThread](2026-06-03 20:35:27,724) INFO - qlib.Initialization - [config.py:452] - default_conf: client.
[3696:MainThread](2026-06-03 20:35:27,728) INFO - qlib.Initialization - [__init__.py:75] - qlib successfully initialized based on client settings.
[3696:MainThread](2026-06-03 20:35:27,728) INFO - qlib.Initialization - [__init__.py:77] - data_path={'__DEFAULT_FREQ': WindowsPath('C:/Users/60585/.qlib/qlib_data/cn_data')}
[21824:MainThread](2026-06-03 20:35:27,753) INFO - qlib.Initialization - [config.py:452] - default_conf: client.
[21824:MainThread](2026-06-03 20:35:27,757) INFO - qlib.Initialization - [__init__.py:75] - qlib successfully initialized based on client settings.
[21824:MainThread](2026-06-03 20:35:27,759) INFO - qlib.Initialization - [__init__.py:77] - data_path={'__DEFAULT_FREQ': WindowsPath('C:/Users/60585/.qlib/qlib_data/cn_data')}
[33224:MainThread](2026-06-03 20:35:27,774) INFO - qlib.Initialization - [config.py:452] - default_conf: client.
[39568:MainThread](2026-06-03 20:35:27,774) INFO - qlib.Initialization - [config.py:452] - default_conf: client.
[33224:MainThread](2026-06-03 20:35:27,779) INFO - qlib.Initialization - [__init__.py:75] - qlib successfully initialized based on client settings.
[33224:MainThread](2026-06-03 20:35:27,780) INFO - qlib.Initialization - [__init__.py:77] - data_path={'__DEFAULT_FREQ': WindowsPath('C:/Users/60585/.qlib/qlib_data/cn_data')}
[39568:MainThread](2026-06-03 20:35:27,780) INFO - qlib.Initialization - [__init__.py:75] - qlib successfully initialized based on client settings.
[39568:MainThread](2026-06-03 20:35:27,780) INFO - qlib.Initialization - [__init__.py:77] - data_path={'__DEFAULT_FREQ': WindowsPath('C:/Users/60585/.qlib/qlib_data/cn_data')}
[31416:MainThread](2026-06-03 20:35:27,780) INFO - qlib.Initialization - [config.py:452] - default_conf: client.
[31416:MainThread](2026-06-03 20:35:27,787) INFO - qlib.Initialization - [__init__.py:75] - qlib successfully initialized based on client settings.
[31416:MainThread](2026-06-03 20:35:27,787) INFO - qlib.Initialization - [__init__.py:77] - data_path={'__DEFAULT_FREQ': WindowsPath('C:/Users/60585/.qlib/qlib_data/cn_data')}
[38624:MainThread](2026-06-03 20:35:27,787) INFO - qlib.Initialization - [config.py:452] - default_conf: client.
[1108:MainThread](2026-06-03 20:35:27,792) INFO - qlib.Initialization - [config.py:452] - default_conf: client.
[37204:MainThread](2026-06-03 20:35:27,792) INFO - qlib.Initialization - [config.py:452] - default_conf: client.
[38624:MainThread](2026-06-03 20:35:27,794) INFO - qlib.Initialization - [__init__.py:75] - qlib successfully initialized based on client settings.
[38624:MainThread](2026-06-03 20:35:27,794) INFO - qlib.Initialization - [__init__.py:77] - data_path={'__DEFAULT_FREQ': WindowsPath('C:/Users/60585/.qlib/qlib_data/cn_data')}
[1108:MainThread](2026-06-03 20:35:27,796) INFO - qlib.Initialization - [__init__.py:75] - qlib successfully initialized based on client settings.
[1108:MainThread](2026-06-03 20:35:27,796) INFO - qlib.Initialization - [__init__.py:77] - data_path={'__DEFAULT_FREQ': WindowsPath('C:/Users/60585/.qlib/qlib_data/cn_data')}
[37204:MainThread](2026-06-03 20:35:27,798) INFO - qlib.Initialization - [__init__.py:75] - qlib successfully initialized based on client settings.
[37204:MainThread](2026-06-03 20:35:27,798) INFO - qlib.Initialization - [__init__.py:77] - data_path={'__DEFAULT_FREQ': WindowsPath('C:/Users/60585/.qlib/qlib_data/cn_data')}
[43012:MainThread](2026-06-03 20:35:27,801) INFO - qlib.Initialization - [config.py:452] - default_conf: client.
[43012:MainThread](2026-06-03 20:35:27,804) INFO - qlib.Initialization - [__init__.py:75] - qlib successfully initialized based on client settings.
[43012:MainThread](2026-06-03 20:35:27,804) INFO - qlib.Initialization - [__init__.py:77] - data_path={'__DEFAULT_FREQ': WindowsPath('C:/Users/60585/.qlib/qlib_data/cn_data')}
[43880:MainThread](2026-06-03 20:35:27,804) INFO - qlib.Initialization - [config.py:452] - default_conf: client.
[43880:MainThread](2026-06-03 20:35:27,810) INFO - qlib.Initialization - [__init__.py:75] - qlib successfully initialized based on client settings.
[43880:MainThread](2026-06-03 20:35:27,810) INFO - qlib.Initialization - [__init__.py:77] - data_path={'__DEFAULT_FREQ': WindowsPath('C:/Users/60585/.qlib/qlib_data/cn_data')}
[20836:MainThread](2026-06-03 20:35:27,811) INFO - qlib.Initialization - [config.py:452] - default_conf: client.
[20212:MainThread](2026-06-03 20:35:27,813) INFO - qlib.Initialization - [config.py:452] - default_conf: client.
[20836:MainThread](2026-06-03 20:35:27,815) INFO - qlib.Initialization - [__init__.py:75] - qlib successfully initialized based on client settings.
[20836:MainThread](2026-06-03 20:35:27,816) INFO - qlib.Initialization - [__init__.py:77] - data_path={'__DEFAULT_FREQ': WindowsPath('C:/Users/60585/.qlib/qlib_data/cn_data')}
[20212:MainThread](2026-06-03 20:35:27,817) INFO - qlib.Initialization - [__init__.py:75] - qlib successfully initialized based on client settings.
[20212:MainThread](2026-06-03 20:35:27,818) INFO - qlib.Initialization - [__init__.py:77] - data_path={'__DEFAULT_FREQ': WindowsPath('C:/Users/60585/.qlib/qlib_data/cn_data')}
[18456:MainThread](2026-06-03 20:35:27,828) INFO - qlib.Initialization - [config.py:452] - default_conf: client.
[40368:MainThread](2026-06-03 20:35:27,832) INFO - qlib.Initialization - [config.py:452] - default_conf: client.
[35924:MainThread](2026-06-03 20:35:27,832) INFO - qlib.Initialization - [config.py:452] - default_conf: client.
[40368:MainThread](2026-06-03 20:35:27,837) INFO - qlib.Initialization - [__init__.py:75] - qlib successfully initialized based on client settings.
[18456:MainThread](2026-06-03 20:35:27,837) INFO - qlib.Initialization - [__init__.py:75] - qlib successfully initialized based on client settings.
[40368:MainThread](2026-06-03 20:35:27,838) INFO - qlib.Initialization - [__init__.py:77] - data_path={'__DEFAULT_FREQ': WindowsPath('C:/Users/60585/.qlib/qlib_data/cn_data')}
[18456:MainThread](2026-06-03 20:35:27,838) INFO - qlib.Initialization - [__init__.py:77] - data_path={'__DEFAULT_FREQ': WindowsPath('C:/Users/60585/.qlib/qlib_data/cn_data')}
[35924:MainThread](2026-06-03 20:35:27,840) INFO - qlib.Initialization - [__init__.py:75] - qlib successfully initialized based on client settings.
[35924:MainThread](2026-06-03 20:35:27,840) INFO - qlib.Initialization - [__init__.py:77] - data_path={'__DEFAULT_FREQ': WindowsPath('C:/Users/60585/.qlib/qlib_data/cn_data')}
[27004:MainThread](2026-06-03 20:35:27,842) INFO - qlib.Initialization - [config.py:452] - default_conf: client.
[27004:MainThread](2026-06-03 20:35:27,847) INFO - qlib.Initialization - [__init__.py:75] - qlib successfully initialized based on client settings.
[27004:MainThread](2026-06-03 20:35:27,848) INFO - qlib.Initialization - [__init__.py:77] - data_path={'__DEFAULT_FREQ': WindowsPath('C:/Users/60585/.qlib/qlib_data/cn_data')}
[14280:MainThread](2026-06-03 20:35:27,857) INFO - qlib.Initialization - [config.py:452] - default_conf: client.
[14280:MainThread](2026-06-03 20:35:27,863) INFO - qlib.Initialization - [__init__.py:75] - qlib successfully initialized based on client settings.
[14280:MainThread](2026-06-03 20:35:27,863) INFO - qlib.Initialization - [__init__.py:77] - data_path={'__DEFAULT_FREQ': WindowsPath('C:/Users/60585/.qlib/qlib_data/cn_data')}
[36004:MainThread](2026-06-03 20:35:27,885) INFO - qlib.Initialization - [config.py:452] - default_conf: client.
[36004:MainThread](2026-06-03 20:35:27,890) INFO - qlib.Initialization - [__init__.py:75] - qlib successfully initialized based on client settings.
[36004:MainThread](2026-06-03 20:35:27,890) INFO - qlib.Initialization - [__init__.py:77] - data_path={'__DEFAULT_FREQ': WindowsPath('C:/Users/60585/.qlib/qlib_data/cn_data')}
Gym has been unmaintained since 2022 and does not support NumPy 2.0 amongst other critical functionality.
Please upgrade to Gymnasium, the maintained drop-in replacement of Gym, or contact the authors of your software and request that they upgrade.
Users of this version of Gym should be able to simply replace 'import gym' with 'import gymnasium as gym' in the vast majority of cases.
See the migration guide at https://gymnasium.farama.org/introduction/migration_guide/ for additional information.
Gym has been unmaintained since 2022 and does not support NumPy 2.0 amongst other critical functionality.
Please upgrade to Gymnasium, the maintained drop-in replacement of Gym, or contact the authors of your software and request that they upgrade.
Users of this version of Gym should be able to simply replace 'import gym' with 'import gymnasium as gym' in the vast majority of cases.
See the migration guide at https://gymnasium.farama.org/introduction/migration_guide/ for additional information.
Gym has been unmaintained since 2022 and does not support NumPy 2.0 amongst other critical functionality.
Please upgrade to Gymnasium, the maintained drop-in replacement of Gym, or contact the authors of your software and request that they upgrade.
Users of this version of Gym should be able to simply replace 'import gym' with 'import gymnasium as gym' in the vast majority of cases.
See the migration guide at https://gymnasium.farama.org/introduction/migration_guide/ for additional information.
Gym has been unmaintained since 2022 and does not support NumPy 2.0 amongst other critical functionality.
Please upgrade to Gymnasium, the maintained drop-in replacement of Gym, or contact the authors of your software and request that they upgrade.
Users of this version of Gym should be able to simply replace 'import gym' with 'import gymnasium as gym' in the vast majority of cases.
See the migration guide at https://gymnasium.farama.org/introduction/migration_guide/ for additional information.
Gym has been unmaintained since 2022 and does not support NumPy 2.0 amongst other critical functionality.
Please upgrade to Gymnasium, the maintained drop-in replacement of Gym, or contact the authors of your software and request that they upgrade.
Users of this version of Gym should be able to simply replace 'import gym' with 'import gymnasium as gym' in the vast majority of cases.
See the migration guide at https://gymnasium.farama.org/introduction/migration_guide/ for additional information.
Gym has been unmaintained since 2022 and does not support NumPy 2.0 amongst other critical functionality.
Please upgrade to Gymnasium, the maintained drop-in replacement of Gym, or contact the authors of your software and request that they upgrade.
Users of this version of Gym should be able to simply replace 'import gym' with 'import gymnasium as gym' in the vast majority of cases.
See the migration guide at https://gymnasium.farama.org/introduction/migration_guide/ for additional information.
Gym has been unmaintained since 2022 and does not support NumPy 2.0 amongst other critical functionality.
Please upgrade to Gymnasium, the maintained drop-in replacement of Gym, or contact the authors of your software and request that they upgrade.
Users of this version of Gym should be able to simply replace 'import gym' with 'import gymnasium as gym' in the vast majority of cases.
See the migration guide at https://gymnasium.farama.org/introduction/migration_guide/ for additional information.
Gym has been unmaintained since 2022 and does not support NumPy 2.0 amongst other critical functionality.
Please upgrade to Gymnasium, the maintained drop-in replacement of Gym, or contact the authors of your software and request that they upgrade.
Users of this version of Gym should be able to simply replace 'import gym' with 'import gymnasium as gym' in the vast majority of cases.
See the migration guide at https://gymnasium.farama.org/introduction/migration_guide/ for additional information.
Gym has been unmaintained since 2022 and does not support NumPy 2.0 amongst other critical functionality.
Please upgrade to Gymnasium, the maintained drop-in replacement of Gym, or contact the authors of your software and request that they upgrade.
Users of this version of Gym should be able to simply replace 'import gym' with 'import gymnasium as gym' in the vast majority of cases.
See the migration guide at https://gymnasium.farama.org/introduction/migration_guide/ for additional information.
Gym has been unmaintained since 2022 and does not support NumPy 2.0 amongst other critical functionality.
Please upgrade to Gymnasium, the maintained drop-in replacement of Gym, or contact the authors of your software and request that they upgrade.
Users of this version of Gym should be able to simply replace 'import gym' with 'import gymnasium as gym' in the vast majority of cases.
See the migration guide at https://gymnasium.farama.org/introduction/migration_guide/ for additional information.
Gym has been unmaintained since 2022 and does not support NumPy 2.0 amongst other critical functionality.
Please upgrade to Gymnasium, the maintained drop-in replacement of Gym, or contact the authors of your software and request that they upgrade.
Users of this version of Gym should be able to simply replace 'import gym' with 'import gymnasium as gym' in the vast majority of cases.
See the migration guide at https://gymnasium.farama.org/introduction/migration_guide/ for additional information.
Gym has been unmaintained since 2022 and does not support NumPy 2.0 amongst other critical functionality.
Please upgrade to Gymnasium, the maintained drop-in replacement of Gym, or contact the authors of your software and request that they upgrade.
Users of this version of Gym should be able to simply replace 'import gym' with 'import gymnasium as gym' in the vast majority of cases.
See the migration guide at https://gymnasium.farama.org/introduction/migration_guide/ for additional information.
Gym has been unmaintained since 2022 and does not support NumPy 2.0 amongst other critical functionality.
Please upgrade to Gymnasium, the maintained drop-in replacement of Gym, or contact the authors of your software and request that they upgrade.
Users of this version of Gym should be able to simply replace 'import gym' with 'import gymnasium as gym' in the vast majority of cases.
See the migration guide at https://gymnasium.farama.org/introduction/migration_guide/ for additional information.
Gym has been unmaintained since 2022 and does not support NumPy 2.0 amongst other critical functionality.
Please upgrade to Gymnasium, the maintained drop-in replacement of Gym, or contact the authors of your software and request that they upgrade.
Users of this version of Gym should be able to simply replace 'import gym' with 'import gymnasium as gym' in the vast majority of cases.
See the migration guide at https://gymnasium.farama.org/introduction/migration_guide/ for additional information.
Gym has been unmaintained since 2022 and does not support NumPy 2.0 amongst other critical functionality.
Please upgrade to Gymnasium, the maintained drop-in replacement of Gym, or contact the authors of your software and request that they upgrade.
Users of this version of Gym should be able to simply replace 'import gym' with 'import gymnasium as gym' in the vast majority of cases.
See the migration guide at https://gymnasium.farama.org/introduction/migration_guide/ for additional information.
Gym has been unmaintained since 2022 and does not support NumPy 2.0 amongst other critical functionality.
Please upgrade to Gymnasium, the maintained drop-in replacement of Gym, or contact the authors of your software and request that they upgrade.
Users of this version of Gym should be able to simply replace 'import gym' with 'import gymnasium as gym' in the vast majority of cases.
See the migration guide at https://gymnasium.farama.org/introduction/migration_guide/ for additional information.
Gym has been unmaintained since 2022 and does not support NumPy 2.0 amongst other critical functionality.
Please upgrade to Gymnasium, the maintained drop-in replacement of Gym, or contact the authors of your software and request that they upgrade.
Users of this version of Gym should be able to simply replace 'import gym' with 'import gymnasium as gym' in the vast majority of cases.
See the migration guide at https://gymnasium.farama.org/introduction/migration_guide/ for additional information.
Gym has been unmaintained since 2022 and does not support NumPy 2.0 amongst other critical functionality.
Please upgrade to Gymnasium, the maintained drop-in replacement of Gym, or contact the authors of your software and request that they upgrade.
Users of this version of Gym should be able to simply replace 'import gym' with 'import gymnasium as gym' in the vast majority of cases.
See the migration guide at https://gymnasium.farama.org/introduction/migration_guide/ for additional information.
[27792:MainThread](2026-06-03 20:35:44,178) INFO - qlib.Initialization - [config.py:452] - default_conf: client.
[27792:MainThread](2026-06-03 20:35:44,183) INFO - qlib.Initialization - [__init__.py:75] - qlib successfully initialized based on client settings.
[27792:MainThread](2026-06-03 20:35:44,184) INFO - qlib.Initialization - [__init__.py:77] - data_path={'__DEFAULT_FREQ': WindowsPath('C:/Users/60585/.qlib/qlib_data/cn_data')}
[28260:MainThread](2026-06-03 20:35:44,188) INFO - qlib.Initialization - [config.py:452] - default_conf: client.
[28260:MainThread](2026-06-03 20:35:44,196) INFO - qlib.Initialization - [__init__.py:75] - qlib successfully initialized based on client settings.
[28260:MainThread](2026-06-03 20:35:44,198) INFO - qlib.Initialization - [__init__.py:77] - data_path={'__DEFAULT_FREQ': WindowsPath('C:/Users/60585/.qlib/qlib_data/cn_data')}
[39704:MainThread](2026-06-03 20:35:44,199) INFO - qlib.Initialization - [config.py:452] - default_conf: client.
[39704:MainThread](2026-06-03 20:35:44,204) INFO - qlib.Initialization - [__init__.py:75] - qlib successfully initialized based on client settings.
[39704:MainThread](2026-06-03 20:35:44,204) INFO - qlib.Initialization - [__init__.py:77] - data_path={'__DEFAULT_FREQ': WindowsPath('C:/Users/60585/.qlib/qlib_data/cn_data')}
[34372:MainThread](2026-06-03 20:35:44,207) INFO - qlib.Initialization - [config.py:452] - default_conf: client.
[43176:MainThread](2026-06-03 20:35:44,207) INFO - qlib.Initialization - [config.py:452] - default_conf: client.
[29192:MainThread](2026-06-03 20:35:44,209) INFO - qlib.Initialization - [config.py:452] - default_conf: client.
[34372:MainThread](2026-06-03 20:35:44,211) INFO - qlib.Initialization - [__init__.py:75] - qlib successfully initialized based on client settings.
[12968:MainThread](2026-06-03 20:35:44,211) INFO - qlib.Initialization - [config.py:452] - default_conf: client.
[34372:MainThread](2026-06-03 20:35:44,211) INFO - qlib.Initialization - [__init__.py:77] - data_path={'__DEFAULT_FREQ': WindowsPath('C:/Users/60585/.qlib/qlib_data/cn_data')}
[43176:MainThread](2026-06-03 20:35:44,211) INFO - qlib.Initialization - [__init__.py:75] - qlib successfully initialized based on client settings.
[43176:MainThread](2026-06-03 20:35:44,211) INFO - qlib.Initialization - [__init__.py:77] - data_path={'__DEFAULT_FREQ': WindowsPath('C:/Users/60585/.qlib/qlib_data/cn_data')}
[29192:MainThread](2026-06-03 20:35:44,215) INFO - qlib.Initialization - [__init__.py:75] - qlib successfully initialized based on client settings.
[29192:MainThread](2026-06-03 20:35:44,215) INFO - qlib.Initialization - [__init__.py:77] - data_path={'__DEFAULT_FREQ': WindowsPath('C:/Users/60585/.qlib/qlib_data/cn_data')}
[12968:MainThread](2026-06-03 20:35:44,215) INFO - qlib.Initialization - [__init__.py:75] - qlib successfully initialized based on client settings.
[12968:MainThread](2026-06-03 20:35:44,217) INFO - qlib.Initialization - [__init__.py:77] - data_path={'__DEFAULT_FREQ': WindowsPath('C:/Users/60585/.qlib/qlib_data/cn_data')}
[43620:MainThread](2026-06-03 20:35:44,218) INFO - qlib.Initialization - [config.py:452] - default_conf: client.
[20436:MainThread](2026-06-03 20:35:44,221) INFO - qlib.Initialization - [config.py:452] - default_conf: client.
[43620:MainThread](2026-06-03 20:35:44,221) INFO - qlib.Initialization - [__init__.py:75] - qlib successfully initialized based on client settings.
[43620:MainThread](2026-06-03 20:35:44,221) INFO - qlib.Initialization - [__init__.py:77] - data_path={'__DEFAULT_FREQ': WindowsPath('C:/Users/60585/.qlib/qlib_data/cn_data')}
[38392:MainThread](2026-06-03 20:35:44,224) INFO - qlib.Initialization - [config.py:452] - default_conf: client.
[8920:MainThread](2026-06-03 20:35:44,224) INFO - qlib.Initialization - [config.py:452] - default_conf: client.
[20436:MainThread](2026-06-03 20:35:44,226) INFO - qlib.Initialization - [__init__.py:75] - qlib successfully initialized based on client settings.
[20436:MainThread](2026-06-03 20:35:44,228) INFO - qlib.Initialization - [__init__.py:77] - data_path={'__DEFAULT_FREQ': WindowsPath('C:/Users/60585/.qlib/qlib_data/cn_data')}
[38392:MainThread](2026-06-03 20:35:44,230) INFO - qlib.Initialization - [__init__.py:75] - qlib successfully initialized based on client settings.
[8920:MainThread](2026-06-03 20:35:44,230) INFO - qlib.Initialization - [__init__.py:75] - qlib successfully initialized based on client settings.
[38392:MainThread](2026-06-03 20:35:44,230) INFO - qlib.Initialization - [__init__.py:77] - data_path={'__DEFAULT_FREQ': WindowsPath('C:/Users/60585/.qlib/qlib_data/cn_data')}
[8920:MainThread](2026-06-03 20:35:44,230) INFO - qlib.Initialization - [__init__.py:77] - data_path={'__DEFAULT_FREQ': WindowsPath('C:/Users/60585/.qlib/qlib_data/cn_data')}
[9576:MainThread](2026-06-03 20:35:44,231) INFO - qlib.Initialization - [config.py:452] - default_conf: client.
[9576:MainThread](2026-06-03 20:35:44,235) INFO - qlib.Initialization - [__init__.py:75] - qlib successfully initialized based on client settings.
[9576:MainThread](2026-06-03 20:35:44,235) INFO - qlib.Initialization - [__init__.py:77] - data_path={'__DEFAULT_FREQ': WindowsPath('C:/Users/60585/.qlib/qlib_data/cn_data')}
[34208:MainThread](2026-06-03 20:35:44,254) INFO - qlib.Initialization - [config.py:452] - default_conf: client.
[34208:MainThread](2026-06-03 20:35:44,258) INFO - qlib.Initialization - [__init__.py:75] - qlib successfully initialized based on client settings.
[34208:MainThread](2026-06-03 20:35:44,258) INFO - qlib.Initialization - [__init__.py:77] - data_path={'__DEFAULT_FREQ': WindowsPath('C:/Users/60585/.qlib/qlib_data/cn_data')}
[44004:MainThread](2026-06-03 20:35:44,262) INFO - qlib.Initialization - [config.py:452] - default_conf: client.
[33352:MainThread](2026-06-03 20:35:44,262) INFO - qlib.Initialization - [config.py:452] - default_conf: client.
[33352:MainThread](2026-06-03 20:35:44,268) INFO - qlib.Initialization - [__init__.py:75] - qlib successfully initialized based on client settings.
[33352:MainThread](2026-06-03 20:35:44,269) INFO - qlib.Initialization - [__init__.py:77] - data_path={'__DEFAULT_FREQ': WindowsPath('C:/Users/60585/.qlib/qlib_data/cn_data')}
[44004:MainThread](2026-06-03 20:35:44,269) INFO - qlib.Initialization - [__init__.py:75] - qlib successfully initialized based on client settings.
[44004:MainThread](2026-06-03 20:35:44,269) INFO - qlib.Initialization - [__init__.py:77] - data_path={'__DEFAULT_FREQ': WindowsPath('C:/Users/60585/.qlib/qlib_data/cn_data')}
[28668:MainThread](2026-06-03 20:35:44,273) INFO - qlib.Initialization - [config.py:452] - default_conf: client.
[28668:MainThread](2026-06-03 20:35:44,278) INFO - qlib.Initialization - [__init__.py:75] - qlib successfully initialized based on client settings.
[28668:MainThread](2026-06-03 20:35:44,278) INFO - qlib.Initialization - [__init__.py:77] - data_path={'__DEFAULT_FREQ': WindowsPath('C:/Users/60585/.qlib/qlib_data/cn_data')}
[39376:MainThread](2026-06-03 20:35:44,285) INFO - qlib.Initialization - [config.py:452] - default_conf: client.
[12104:MainThread](2026-06-03 20:35:44,289) INFO - qlib.Initialization - [config.py:452] - default_conf: client.
[39376:MainThread](2026-06-03 20:35:44,290) INFO - qlib.Initialization - [__init__.py:75] - qlib successfully initialized based on client settings.
[39376:MainThread](2026-06-03 20:35:44,291) INFO - qlib.Initialization - [__init__.py:77] - data_path={'__DEFAULT_FREQ': WindowsPath('C:/Users/60585/.qlib/qlib_data/cn_data')}
[12104:MainThread](2026-06-03 20:35:44,293) INFO - qlib.Initialization - [__init__.py:75] - qlib successfully initialized based on client settings.
[12104:MainThread](2026-06-03 20:35:44,294) INFO - qlib.Initialization - [__init__.py:77] - data_path={'__DEFAULT_FREQ': WindowsPath('C:/Users/60585/.qlib/qlib_data/cn_data')}
[9128:MainThread](2026-06-03 20:35:45,056) INFO - qlib.timer - [log.py:127] - Time cost: 21.353s | Loading data Done
[9128:MainThread](2026-06-03 20:35:49,221) INFO - qlib.timer - [log.py:127] - Time cost: 3.856s | RobustZScoreNorm Done
[9128:MainThread](2026-06-03 20:35:50,008) INFO - qlib.timer - [log.py:127] - Time cost: 0.787s | Fillna Done
[9128:MainThread](2026-06-03 20:35:50,501) INFO - qlib.timer - [log.py:127] - Time cost: 0.164s | DropnaLabel Done
[9128:MainThread](2026-06-03 20:35:55,390) INFO - qlib.timer - [log.py:127] - Time cost: 4.889s | CSZScoreNorm Done
[9128:MainThread](2026-06-03 20:35:55,407) INFO - qlib.timer - [log.py:127] - Time cost: 10.350s | fit & process data Done
[9128:MainThread](2026-06-03 20:35:55,407) INFO - qlib.timer - [log.py:127] - Time cost: 31.703s | Init data Done
C:\Users\60585\PycharmProjects\qibMacV2\module\model_adapter.py:206: FutureWarning: `torch.cuda.amp.GradScaler(args...)` is deprecated. Please use `torch.amp.GradScaler('cuda', args...)` instead.
  self.scaler = torch.cuda.amp.GradScaler(enabled=True)
C:\Users\60585\miniconda3\envs\quantEnv\lib\site-packages\mlflow\tracking\_tracking_service\utils.py:140: FutureWarning: Filesystem tracking backend (e.g., './mlruns') is deprecated. Please switch to a database backend (e.g., 'sqlite:///mlflow.db'). For feedback, see: https://github.com/mlflow/mlflow/issues/18534
  return FileStore(store_uri, store_uri)
[9128:MainThread](2026-06-03 20:35:59,652) INFO - qlib.workflow - [exp.py:258] - Experiment 690786402904200180 starts running ...
[9128:MainThread](2026-06-03 20:36:00,175) INFO - qlib.workflow - [recorder.py:345] - Recorder ae609d00fdbc4a5eadfeb98760616bec starts running under Experiment 690786402904200180 ...
warning: in the working copy of 'module/architecture/moe_block.py', LF will be replaced by CRLF the next time Git touches it
warning: in the working copy of 'module/dataloader/sampler.py', LF will be replaced by CRLF the next time Git touches it
warning: in the working copy of 'module/model_adapter.py', LF will be replaced by CRLF the next time Git touches it
warning: in the working copy of 'work_flow.py', LF will be replaced by CRLF the next time Git touches it
C:\Users\60585\miniconda3\envs\quantEnv\lib\site-packages\torch\autograd\graph.py:825: UserWarning: Memory Efficient attention defaults to a non-deterministic algorithm. To explicitly enable determinism call torch.use_deterministic_algorithms(True, warn_only=False). (Triggered internally at C:\actions-runner\_work\pytorch\pytorch\builder\windows\pytorch\aten\src\ATen\native\transformers\cuda\attention_backward.cu:657.)
  return Variable._execution_engine.run_backward(  # Calls into the C++ engine to run the backward pass
[9128:MainThread](2026-06-04 01:43:54,647) INFO - qlib.workflow - [record_temp.py:198] - Signal record 'pred.pkl' has been saved as the artifact of the Experiment 690786402904200180
Downloading artifacts:   0%|          | 0/1 [00:00<?, ?it/s]Downloading artifacts:   0%|          | 0/1 [00:00<?, ?it/s]
Downloading artifacts:   0%|          | 0/1 [00:00<?, ?it/s]Downloading artifacts: 100%|██████████| 1/1 [00:00<00:00, 95.48it/s]Downloading artifacts: 100%|██████████| 1/1 [00:00<00:00, 95.48it/s]
Downloading artifacts:   0%|          | 0/1 [00:00<?, ?it/s]Downloading artifacts:   0%|          | 0/1 [00:00<?, ?it/s]
Downloading artifacts:   0%|          | 0/1 [00:00<?, ?it/s]Downloading artifacts: 100%|██████████| 1/1 [00:00<?, ?it/s]Downloading artifacts: 100%|██████████| 1/1 [00:00<?, ?it/s]
Downloading artifacts:   0%|          | 0/1 [00:00<?, ?it/s]Downloading artifacts: 100%|██████████| 1/1 [00:00<00:00, 1563.87it/s]Downloading artifacts: 100%|██████████| 1/1 [00:00<00:00, 1563.87it/s]
Downloading artifacts:   0%|          | 0/1 [00:00<?, ?it/s]Downloading artifacts:   0%|          | 0/1 [00:00<?, ?it/s]
Downloading artifacts:   0%|          | 0/1 [00:00<?, ?it/s]Downloading artifacts: 100%|██████████| 1/1 [00:00<00:00, 275.31it/s]Downloading artifacts: 100%|██████████| 1/1 [00:00<00:00, 275.31it/s]
[9128:MainThread](2026-06-04 01:43:56,074) INFO - qlib.backtest caller - [__init__.py:93] - Create new exchange
Gym has been unmaintained since 2022 and does not support NumPy 2.0 amongst other critical functionality.
Please upgrade to Gymnasium, the maintained drop-in replacement of Gym, or contact the authors of your software and request that they upgrade.
Users of this version of Gym should be able to simply replace 'import gym' with 'import gymnasium as gym' in the vast majority of cases.
See the migration guide at https://gymnasium.farama.org/introduction/migration_guide/ for additional information.
Gym has been unmaintained since 2022 and does not support NumPy 2.0 amongst other critical functionality.
Please upgrade to Gymnasium, the maintained drop-in replacement of Gym, or contact the authors of your software and request that they upgrade.
Users of this version of Gym should be able to simply replace 'import gym' with 'import gymnasium as gym' in the vast majority of cases.
See the migration guide at https://gymnasium.farama.org/introduction/migration_guide/ for additional information.
Gym has been unmaintained since 2022 and does not support NumPy 2.0 amongst other critical functionality.
Please upgrade to Gymnasium, the maintained drop-in replacement of Gym, or contact the authors of your software and request that they upgrade.
Users of this version of Gym should be able to simply replace 'import gym' with 'import gymnasium as gym' in the vast majority of cases.
See the migration guide at https://gymnasium.farama.org/introduction/migration_guide/ for additional information.
Gym has been unmaintained since 2022 and does not support NumPy 2.0 amongst other critical functionality.
Please upgrade to Gymnasium, the maintained drop-in replacement of Gym, or contact the authors of your software and request that they upgrade.
Users of this version of Gym should be able to simply replace 'import gym' with 'import gymnasium as gym' in the vast majority of cases.
See the migration guide at https://gymnasium.farama.org/introduction/migration_guide/ for additional information.
Gym has been unmaintained since 2022 and does not support NumPy 2.0 amongst other critical functionality.
Please upgrade to Gymnasium, the maintained drop-in replacement of Gym, or contact the authors of your software and request that they upgrade.
Users of this version of Gym should be able to simply replace 'import gym' with 'import gymnasium as gym' in the vast majority of cases.
See the migration guide at https://gymnasium.farama.org/introduction/migration_guide/ for additional information.
Gym has been unmaintained since 2022 and does not support NumPy 2.0 amongst other critical functionality.
Please upgrade to Gymnasium, the maintained drop-in replacement of Gym, or contact the authors of your software and request that they upgrade.
Users of this version of Gym should be able to simply replace 'import gym' with 'import gymnasium as gym' in the vast majority of cases.
See the migration guide at https://gymnasium.farama.org/introduction/migration_guide/ for additional information.
Gym has been unmaintained since 2022 and does not support NumPy 2.0 amongst other critical functionality.
Please upgrade to Gymnasium, the maintained drop-in replacement of Gym, or contact the authors of your software and request that they upgrade.
Users of this version of Gym should be able to simply replace 'import gym' with 'import gymnasium as gym' in the vast majority of cases.
See the migration guide at https://gymnasium.farama.org/introduction/migration_guide/ for additional information.
Gym has been unmaintained since 2022 and does not support NumPy 2.0 amongst other critical functionality.
Please upgrade to Gymnasium, the maintained drop-in replacement of Gym, or contact the authors of your software and request that they upgrade.
Users of this version of Gym should be able to simply replace 'import gym' with 'import gymnasium as gym' in the vast majority of cases.
See the migration guide at https://gymnasium.farama.org/introduction/migration_guide/ for additional information.
Gym has been unmaintained since 2022 and does not support NumPy 2.0 amongst other critical functionality.
Please upgrade to Gymnasium, the maintained drop-in replacement of Gym, or contact the authors of your software and request that they upgrade.
Users of this version of Gym should be able to simply replace 'import gym' with 'import gymnasium as gym' in the vast majority of cases.
See the migration guide at https://gymnasium.farama.org/introduction/migration_guide/ for additional information.
Gym has been unmaintained since 2022 and does not support NumPy 2.0 amongst other critical functionality.
Please upgrade to Gymnasium, the maintained drop-in replacement of Gym, or contact the authors of your software and request that they upgrade.
Users of this version of Gym should be able to simply replace 'import gym' with 'import gymnasium as gym' in the vast majority of cases.
See the migration guide at https://gymnasium.farama.org/introduction/migration_guide/ for additional information.
Gym has been unmaintained since 2022 and does not support NumPy 2.0 amongst other critical functionality.
Please upgrade to Gymnasium, the maintained drop-in replacement of Gym, or contact the authors of your software and request that they upgrade.
Users of this version of Gym should be able to simply replace 'import gym' with 'import gymnasium as gym' in the vast majority of cases.
See the migration guide at https://gymnasium.farama.org/introduction/migration_guide/ for additional information.
Gym has been unmaintained since 2022 and does not support NumPy 2.0 amongst other critical functionality.
Please upgrade to Gymnasium, the maintained drop-in replacement of Gym, or contact the authors of your software and request that they upgrade.
Users of this version of Gym should be able to simply replace 'import gym' with 'import gymnasium as gym' in the vast majority of cases.
See the migration guide at https://gymnasium.farama.org/introduction/migration_guide/ for additional information.
Gym has been unmaintained since 2022 and does not support NumPy 2.0 amongst other critical functionality.
Please upgrade to Gymnasium, the maintained drop-in replacement of Gym, or contact the authors of your software and request that they upgrade.
Users of this version of Gym should be able to simply replace 'import gym' with 'import gymnasium as gym' in the vast majority of cases.
See the migration guide at https://gymnasium.farama.org/introduction/migration_guide/ for additional information.
Gym has been unmaintained since 2022 and does not support NumPy 2.0 amongst other critical functionality.
Please upgrade to Gymnasium, the maintained drop-in replacement of Gym, or contact the authors of your software and request that they upgrade.
Users of this version of Gym should be able to simply replace 'import gym' with 'import gymnasium as gym' in the vast majority of cases.
See the migration guide at https://gymnasium.farama.org/introduction/migration_guide/ for additional information.
Gym has been unmaintained since 2022 and does not support NumPy 2.0 amongst other critical functionality.
Please upgrade to Gymnasium, the maintained drop-in replacement of Gym, or contact the authors of your software and request that they upgrade.
Users of this version of Gym should be able to simply replace 'import gym' with 'import gymnasium as gym' in the vast majority of cases.
See the migration guide at https://gymnasium.farama.org/introduction/migration_guide/ for additional information.
Gym has been unmaintained since 2022 and does not support NumPy 2.0 amongst other critical functionality.
Please upgrade to Gymnasium, the maintained drop-in replacement of Gym, or contact the authors of your software and request that they upgrade.
Users of this version of Gym should be able to simply replace 'import gym' with 'import gymnasium as gym' in the vast majority of cases.
See the migration guide at https://gymnasium.farama.org/introduction/migration_guide/ for additional information.
Gym has been unmaintained since 2022 and does not support NumPy 2.0 amongst other critical functionality.
Please upgrade to Gymnasium, the maintained drop-in replacement of Gym, or contact the authors of your software and request that they upgrade.
Users of this version of Gym should be able to simply replace 'import gym' with 'import gymnasium as gym' in the vast majority of cases.
See the migration guide at https://gymnasium.farama.org/introduction/migration_guide/ for additional information.
Gym has been unmaintained since 2022 and does not support NumPy 2.0 amongst other critical functionality.
Please upgrade to Gymnasium, the maintained drop-in replacement of Gym, or contact the authors of your software and request that they upgrade.
Users of this version of Gym should be able to simply replace 'import gym' with 'import gymnasium as gym' in the vast majority of cases.
See the migration guide at https://gymnasium.farama.org/introduction/migration_guide/ for additional information.
[32888:MainThread](2026-06-04 01:44:00,297) INFO - qlib.Initialization - [config.py:452] - default_conf: client.
[564:MainThread](2026-06-04 01:44:00,301) INFO - qlib.Initialization - [config.py:452] - default_conf: client.
[34984:MainThread](2026-06-04 01:44:00,301) INFO - qlib.Initialization - [config.py:452] - default_conf: client.
[32888:MainThread](2026-06-04 01:44:00,303) INFO - qlib.Initialization - [__init__.py:75] - qlib successfully initialized based on client settings.
[32888:MainThread](2026-06-04 01:44:00,303) INFO - qlib.Initialization - [__init__.py:77] - data_path={'__DEFAULT_FREQ': WindowsPath('C:/Users/60585/.qlib/qlib_data/cn_data')}
[40816:MainThread](2026-06-04 01:44:00,303) INFO - qlib.Initialization - [config.py:452] - default_conf: client.
[28648:MainThread](2026-06-04 01:44:00,306) INFO - qlib.Initialization - [config.py:452] - default_conf: client.
[1900:MainThread](2026-06-04 01:44:00,306) INFO - qlib.Initialization - [config.py:452] - default_conf: client.
[33396:MainThread](2026-06-04 01:44:00,306) INFO - qlib.Initialization - [config.py:452] - default_conf: client.
[34984:MainThread](2026-06-04 01:44:00,307) INFO - qlib.Initialization - [__init__.py:75] - qlib successfully initialized based on client settings.
[18436:MainThread](2026-06-04 01:44:00,307) INFO - qlib.Initialization - [config.py:452] - default_conf: client.
[564:MainThread](2026-06-04 01:44:00,307) INFO - qlib.Initialization - [__init__.py:75] - qlib successfully initialized based on client settings.
[40816:MainThread](2026-06-04 01:44:00,307) INFO - qlib.Initialization - [__init__.py:75] - qlib successfully initialized based on client settings.
[34984:MainThread](2026-06-04 01:44:00,307) INFO - qlib.Initialization - [__init__.py:77] - data_path={'__DEFAULT_FREQ': WindowsPath('C:/Users/60585/.qlib/qlib_data/cn_data')}
[564:MainThread](2026-06-04 01:44:00,308) INFO - qlib.Initialization - [__init__.py:77] - data_path={'__DEFAULT_FREQ': WindowsPath('C:/Users/60585/.qlib/qlib_data/cn_data')}
[40816:MainThread](2026-06-04 01:44:00,308) INFO - qlib.Initialization - [__init__.py:77] - data_path={'__DEFAULT_FREQ': WindowsPath('C:/Users/60585/.qlib/qlib_data/cn_data')}
[8596:MainThread](2026-06-04 01:44:00,309) INFO - qlib.Initialization - [config.py:452] - default_conf: client.
[37484:MainThread](2026-06-04 01:44:00,309) INFO - qlib.Initialization - [config.py:452] - default_conf: client.
[28648:MainThread](2026-06-04 01:44:00,309) INFO - qlib.Initialization - [__init__.py:75] - qlib successfully initialized based on client settings.
[31336:MainThread](2026-06-04 01:44:00,309) INFO - qlib.Initialization - [config.py:452] - default_conf: client.
[1900:MainThread](2026-06-04 01:44:00,309) INFO - qlib.Initialization - [__init__.py:75] - qlib successfully initialized based on client settings.
[28648:MainThread](2026-06-04 01:44:00,309) INFO - qlib.Initialization - [__init__.py:77] - data_path={'__DEFAULT_FREQ': WindowsPath('C:/Users/60585/.qlib/qlib_data/cn_data')}
[18436:MainThread](2026-06-04 01:44:00,309) INFO - qlib.Initialization - [__init__.py:75] - qlib successfully initialized based on client settings.
[1900:MainThread](2026-06-04 01:44:00,309) INFO - qlib.Initialization - [__init__.py:77] - data_path={'__DEFAULT_FREQ': WindowsPath('C:/Users/60585/.qlib/qlib_data/cn_data')}
[33396:MainThread](2026-06-04 01:44:00,309) INFO - qlib.Initialization - [__init__.py:75] - qlib successfully initialized based on client settings.
[18436:MainThread](2026-06-04 01:44:00,309) INFO - qlib.Initialization - [__init__.py:77] - data_path={'__DEFAULT_FREQ': WindowsPath('C:/Users/60585/.qlib/qlib_data/cn_data')}
[28232:MainThread](2026-06-04 01:44:00,309) INFO - qlib.Initialization - [config.py:452] - default_conf: client.
[33396:MainThread](2026-06-04 01:44:00,309) INFO - qlib.Initialization - [__init__.py:77] - data_path={'__DEFAULT_FREQ': WindowsPath('C:/Users/60585/.qlib/qlib_data/cn_data')}
[28916:MainThread](2026-06-04 01:44:00,309) INFO - qlib.Initialization - [config.py:452] - default_conf: client.
[8596:MainThread](2026-06-04 01:44:00,309) INFO - qlib.Initialization - [__init__.py:75] - qlib successfully initialized based on client settings.
[8596:MainThread](2026-06-04 01:44:00,309) INFO - qlib.Initialization - [__init__.py:77] - data_path={'__DEFAULT_FREQ': WindowsPath('C:/Users/60585/.qlib/qlib_data/cn_data')}
[37484:MainThread](2026-06-04 01:44:00,309) INFO - qlib.Initialization - [__init__.py:75] - qlib successfully initialized based on client settings.
[31336:MainThread](2026-06-04 01:44:00,309) INFO - qlib.Initialization - [__init__.py:75] - qlib successfully initialized based on client settings.
[31336:MainThread](2026-06-04 01:44:00,309) INFO - qlib.Initialization - [__init__.py:77] - data_path={'__DEFAULT_FREQ': WindowsPath('C:/Users/60585/.qlib/qlib_data/cn_data')}
[37484:MainThread](2026-06-04 01:44:00,309) INFO - qlib.Initialization - [__init__.py:77] - data_path={'__DEFAULT_FREQ': WindowsPath('C:/Users/60585/.qlib/qlib_data/cn_data')}
[28232:MainThread](2026-06-04 01:44:00,309) INFO - qlib.Initialization - [__init__.py:75] - qlib successfully initialized based on client settings.
[28232:MainThread](2026-06-04 01:44:00,309) INFO - qlib.Initialization - [__init__.py:77] - data_path={'__DEFAULT_FREQ': WindowsPath('C:/Users/60585/.qlib/qlib_data/cn_data')}
[28916:MainThread](2026-06-04 01:44:00,309) INFO - qlib.Initialization - [__init__.py:75] - qlib successfully initialized based on client settings.
[28916:MainThread](2026-06-04 01:44:00,309) INFO - qlib.Initialization - [__init__.py:77] - data_path={'__DEFAULT_FREQ': WindowsPath('C:/Users/60585/.qlib/qlib_data/cn_data')}
[11188:MainThread](2026-06-04 01:44:00,317) INFO - qlib.Initialization - [config.py:452] - default_conf: client.
[40412:MainThread](2026-06-04 01:44:00,319) INFO - qlib.Initialization - [config.py:452] - default_conf: client.
[32744:MainThread](2026-06-04 01:44:00,319) INFO - qlib.Initialization - [config.py:452] - default_conf: client.
[1700:MainThread](2026-06-04 01:44:00,321) INFO - qlib.Initialization - [config.py:452] - default_conf: client.
[11188:MainThread](2026-06-04 01:44:00,321) INFO - qlib.Initialization - [__init__.py:75] - qlib successfully initialized based on client settings.
[11188:MainThread](2026-06-04 01:44:00,321) INFO - qlib.Initialization - [__init__.py:77] - data_path={'__DEFAULT_FREQ': WindowsPath('C:/Users/60585/.qlib/qlib_data/cn_data')}
[27576:MainThread](2026-06-04 01:44:00,321) INFO - qlib.Initialization - [config.py:452] - default_conf: client.
[40412:MainThread](2026-06-04 01:44:00,323) INFO - qlib.Initialization - [__init__.py:75] - qlib successfully initialized based on client settings.
[32744:MainThread](2026-06-04 01:44:00,323) INFO - qlib.Initialization - [__init__.py:75] - qlib successfully initialized based on client settings.
[40412:MainThread](2026-06-04 01:44:00,323) INFO - qlib.Initialization - [__init__.py:77] - data_path={'__DEFAULT_FREQ': WindowsPath('C:/Users/60585/.qlib/qlib_data/cn_data')}
[32744:MainThread](2026-06-04 01:44:00,323) INFO - qlib.Initialization - [__init__.py:77] - data_path={'__DEFAULT_FREQ': WindowsPath('C:/Users/60585/.qlib/qlib_data/cn_data')}
[1700:MainThread](2026-06-04 01:44:00,325) INFO - qlib.Initialization - [__init__.py:75] - qlib successfully initialized based on client settings.
[1700:MainThread](2026-06-04 01:44:00,325) INFO - qlib.Initialization - [__init__.py:77] - data_path={'__DEFAULT_FREQ': WindowsPath('C:/Users/60585/.qlib/qlib_data/cn_data')}
[27576:MainThread](2026-06-04 01:44:00,327) INFO - qlib.Initialization - [__init__.py:75] - qlib successfully initialized based on client settings.
[27576:MainThread](2026-06-04 01:44:00,328) INFO - qlib.Initialization - [__init__.py:77] - data_path={'__DEFAULT_FREQ': WindowsPath('C:/Users/60585/.qlib/qlib_data/cn_data')}
[9128:MainThread](2026-06-04 01:44:14,107) WARNING - qlib.online operator - [exchange.py:219] - $close field data contains nan.
[9128:MainThread](2026-06-04 01:44:14,110) WARNING - qlib.online operator - [exchange.py:219] - $close field data contains nan.
[9128:MainThread](2026-06-04 01:44:24,108) WARNING - qlib.BaseExecutor - [executor.py:121] - `common_infra` is not set for <qlib.backtest.executor.SimulatorExecutor object at 0x0000024A6D6425C0>
backtest loop:   0%|          | 0/611 [00:00<?, ?it/s]C:\Users\60585\miniconda3\envs\quantEnv\lib\site-packages\qlib\utils\index_data.py:492: RuntimeWarning: Mean of empty slice
  return np.nanmean(self.data)
backtest loop:   3%|▎         | 18/611 [00:00<00:03, 173.23it/s]backtest loop:   6%|▌         | 38/611 [00:00<00:03, 183.07it/s]backtest loop:   9%|▉         | 58/611 [00:00<00:02, 190.38it/s]backtest loop:  13%|█▎        | 78/611 [00:00<00:02, 181.20it/s]backtest loop:  16%|█▌        | 97/611 [00:00<00:02, 181.94it/s]backtest loop:  19%|█▉        | 119/611 [00:00<00:02, 185.37it/s]backtest loop:  23%|██▎       | 138/611 [00:00<00:02, 185.54it/s]backtest loop:  26%|██▌       | 157/611 [00:00<00:02, 181.26it/s]backtest loop:  29%|██▉       | 176/611 [00:01<00:03, 139.41it/s]backtest loop:  32%|███▏      | 195/611 [00:01<00:02, 147.83it/s]backtest loop:  35%|███▌      | 214/611 [00:01<00:02, 156.78it/s]backtest loop:  38%|███▊      | 235/611 [00:01<00:02, 166.51it/s]backtest loop:  42%|████▏     | 255/611 [00:01<00:02, 174.61it/s]backtest loop:  45%|████▍     | 274/611 [00:01<00:01, 178.55it/s]backtest loop:  48%|████▊     | 293/611 [00:01<00:01, 179.76it/s]backtest loop:  51%|█████     | 312/611 [00:01<00:01, 178.58it/s]backtest loop:  54%|█████▍    | 331/611 [00:01<00:01, 180.10it/s]backtest loop:  57%|█████▋    | 350/611 [00:02<00:01, 182.67it/s]backtest loop:  60%|██████    | 369/611 [00:02<00:01, 184.73it/s]backtest loop:  64%|██████▎   | 389/611 [00:02<00:01, 185.29it/s]backtest loop:  67%|██████▋   | 409/611 [00:02<00:01, 188.04it/s]backtest loop:  70%|███████   | 428/611 [00:02<00:00, 187.49it/s]backtest loop:  73%|███████▎  | 448/611 [00:02<00:00, 182.79it/s]backtest loop:  76%|███████▋  | 467/611 [00:02<00:00, 184.23it/s]backtest loop:  80%|███████▉  | 487/611 [00:02<00:00, 185.76it/s]backtest loop:  83%|████████▎ | 507/611 [00:02<00:00, 187.74it/s]backtest loop:  86%|████████▋ | 527/611 [00:02<00:00, 186.26it/s]backtest loop:  89%|████████▉ | 546/611 [00:03<00:00, 186.09it/s]backtest loop:  93%|█████████▎| 566/611 [00:03<00:00, 189.54it/s]backtest loop:  96%|█████████▌| 586/611 [00:03<00:00, 189.83it/s]backtest loop:  99%|█████████▉| 605/611 [00:03<00:00, 189.60it/s]backtest loop: 100%|██████████| 611/611 [00:03<00:00, 179.51it/s]
[9128:MainThread](2026-06-04 01:44:27,530) INFO - qlib.workflow - [record_temp.py:515] - Portfolio analysis record 'port_analysis_1day.pkl' has been saved as the artifact of the Experiment 690786402904200180
[9128:MainThread](2026-06-04 01:44:27,533) INFO - qlib.workflow - [record_temp.py:540] - Indicator analysis record 'indicator_analysis_1day.pkl' has been saved as the artifact of the Experiment 690786402904200180
Downloading artifacts:   0%|          | 0/1 [00:00<?, ?it/s]Downloading artifacts:   0%|          | 0/1 [00:00<?, ?it/s]
Downloading artifacts:   0%|          | 0/1 [00:00<?, ?it/s]Downloading artifacts:   0%|          | 0/1 [00:00<?, ?it/s]
Downloading artifacts:   0%|          | 0/1 [00:00<?, ?it/s]Downloading artifacts: 100%|██████████| 1/1 [00:00<?, ?it/s]Downloading artifacts: 100%|██████████| 1/1 [00:00<?, ?it/s]
Downloading artifacts:   0%|          | 0/1 [00:00<?, ?it/s]Downloading artifacts: 100%|██████████| 1/1 [00:00<?, ?it/s]Downloading artifacts: 100%|██████████| 1/1 [00:00<?, ?it/s]
Downloading artifacts:   0%|          | 0/1 [00:00<?, ?it/s]Downloading artifacts: 100%|██████████| 1/1 [00:00<?, ?it/s]Downloading artifacts: 100%|██████████| 1/1 [00:00<?, ?it/s]
Downloading artifacts:   0%|          | 0/1 [00:00<?, ?it/s]Downloading artifacts: 100%|██████████| 1/1 [00:00<?, ?it/s]Downloading artifacts: 100%|██████████| 1/1 [00:00<?, ?it/s]
Downloading artifacts:   0%|          | 0/1 [00:00<?, ?it/s]Downloading artifacts: 100%|██████████| 1/1 [00:00<00:00, 1000.31it/s]Downloading artifacts: 100%|██████████| 1/1 [00:00<00:00, 1000.31it/s]
C:\Users\60585\miniconda3\envs\quantEnv\lib\site-packages\qlib\contrib\report\analysis_position\parse_position.py:36: FutureWarning:

DataFrame.fillna with 'method' is deprecated and will raise in a future version. Use obj.ffill() or obj.bfill() instead.

C:\Users\60585\miniconda3\envs\quantEnv\lib\site-packages\qlib\contrib\report\analysis_position\risk_analysis.py:104: FutureWarning:

When grouping with a length-1 list-like, you will need to pass a length-1 tuple to get_group in a future version of pandas. Pass `(name,)` instead of `name` to silence this warning.

C:\Users\60585\miniconda3\envs\quantEnv\lib\site-packages\qlib\contrib\report\analysis_position\risk_analysis.py:104: FutureWarning:

When grouping with a length-1 list-like, you will need to pass a length-1 tuple to get_group in a future version of pandas. Pass `(name,)` instead of `name` to silence this warning.

C:\Users\60585\miniconda3\envs\quantEnv\lib\site-packages\qlib\contrib\report\analysis_position\risk_analysis.py:104: FutureWarning:

When grouping with a length-1 list-like, you will need to pass a length-1 tuple to get_group in a future version of pandas. Pass `(name,)` instead of `name` to silence this warning.

C:\Users\60585\miniconda3\envs\quantEnv\lib\site-packages\qlib\contrib\report\analysis_position\risk_analysis.py:104: FutureWarning:

When grouping with a length-1 list-like, you will need to pass a length-1 tuple to get_group in a future version of pandas. Pass `(name,)` instead of `name` to silence this warning.

C:\Users\60585\miniconda3\envs\quantEnv\lib\site-packages\qlib\contrib\report\analysis_position\parse_position.py:36: FutureWarning:

DataFrame.fillna with 'method' is deprecated and will raise in a future version. Use obj.ffill() or obj.bfill() instead.

C:\Users\60585\miniconda3\envs\quantEnv\lib\site-packages\qlib\contrib\report\analysis_model\analysis_model_performance.py:157: FutureWarning:

'M' is deprecated and will be removed in a future version, please use 'ME' instead.

Downloading artifacts:   0%|          | 0/1 [00:00<?, ?it/s]Downloading artifacts: 100%|██████████| 1/1 [00:00<?, ?it/s]Downloading artifacts: 100%|██████████| 1/1 [00:00<?, ?it/s]
Downloading artifacts:   0%|          | 0/1 [00:00<?, ?it/s]Downloading artifacts: 100%|██████████| 1/1 [00:00<?, ?it/s]Downloading artifacts: 100%|██████████| 1/1 [00:00<?, ?it/s]
Downloading artifacts:   0%|          | 0/1 [00:00<?, ?it/s]Downloading artifacts: 100%|██████████| 1/1 [00:00<?, ?it/s]Downloading artifacts: 100%|██████████| 1/1 [00:00<?, ?it/s]
Downloading artifacts:   0%|          | 0/1 [00:00<?, ?it/s]Downloading artifacts: 100%|██████████| 1/1 [00:00<00:00, 959.79it/s]Downloading artifacts: 100%|██████████| 1/1 [00:00<00:00, 959.79it/s]
Downloading artifacts:   0%|          | 0/1 [00:00<?, ?it/s]Downloading artifacts: 100%|██████████| 1/1 [00:00<?, ?it/s]Downloading artifacts: 100%|██████████| 1/1 [00:00<?, ?it/s]
Downloading artifacts:   0%|          | 0/1 [00:00<?, ?it/s]Downloading artifacts: 100%|██████████| 1/1 [00:00<?, ?it/s]Downloading artifacts: 100%|██████████| 1/1 [00:00<?, ?it/s]
Downloading artifacts:   0%|          | 0/1 [00:00<?, ?it/s]Downloading artifacts: 100%|██████████| 1/1 [00:00<00:00, 499.98it/s]Downloading artifacts: 100%|██████████| 1/1 [00:00<00:00, 499.98it/s]
Downloading artifacts:   0%|          | 0/1 [00:00<?, ?it/s]Downloading artifacts: 100%|██████████| 1/1 [00:00<00:00, 41.87it/s]Downloading artifacts: 100%|██████████| 1/1 [00:00<00:00, 41.87it/s]
Downloading artifacts:   0%|          | 0/1 [00:00<?, ?it/s]Downloading artifacts: 100%|██████████| 1/1 [00:00<00:00, 62.67it/s]Downloading artifacts: 100%|██████████| 1/1 [00:00<00:00, 62.67it/s]
Downloading artifacts:   0%|          | 0/1 [00:00<?, ?it/s]Downloading artifacts: 100%|██████████| 1/1 [00:00<00:00, 398.47it/s]Downloading artifacts: 100%|██████████| 1/1 [00:00<00:00, 398.47it/s]
Downloading artifacts:   0%|          | 0/1 [00:00<?, ?it/s]Downloading artifacts: 100%|██████████| 1/1 [00:00<00:00, 999.12it/s]Downloading artifacts: 100%|██████████| 1/1 [00:00<00:00, 500.10it/s]
Downloading artifacts:   0%|          | 0/1 [00:00<?, ?it/s]Downloading artifacts: 100%|██████████| 1/1 [00:00<00:00, 656.39it/s]Downloading artifacts: 100%|██████████| 1/1 [00:00<00:00, 656.39it/s]
Downloading artifacts:   0%|          | 0/1 [00:00<?, ?it/s]Downloading artifacts: 100%|██████████| 1/1 [00:00<?, ?it/s]Downloading artifacts: 100%|██████████| 1/1 [00:00<?, ?it/s]
Downloading artifacts:   0%|          | 0/1 [00:00<?, ?it/s]Downloading artifacts: 100%|██████████| 1/1 [00:00<?, ?it/s]Downloading artifacts: 100%|██████████| 1/1 [00:00<?, ?it/s]
Downloading artifacts:   0%|          | 0/1 [00:00<?, ?it/s]Downloading artifacts: 100%|██████████| 1/1 [00:00<?, ?it/s]Downloading artifacts: 100%|██████████| 1/1 [00:00<?, ?it/s]
Downloading artifacts:   0%|          | 0/1 [00:00<?, ?it/s]Downloading artifacts: 100%|██████████| 1/1 [00:00<00:00, 994.85it/s]Downloading artifacts: 100%|██████████| 1/1 [00:00<00:00, 994.85it/s]
Downloading artifacts:   0%|          | 0/1 [00:00<?, ?it/s]Downloading artifacts: 100%|██████████| 1/1 [00:00<?, ?it/s]Downloading artifacts: 100%|██████████| 1/1 [00:00<?, ?it/s]
Downloading artifacts:   0%|          | 0/1 [00:00<?, ?it/s]Downloading artifacts: 100%|██████████| 1/1 [00:00<?, ?it/s]Downloading artifacts: 100%|██████████| 1/1 [00:00<?, ?it/s]
Downloading artifacts:   0%|          | 0/1 [00:00<?, ?it/s]Downloading artifacts: 100%|██████████| 1/1 [00:00<00:00, 57.82it/s]Downloading artifacts: 100%|██████████| 1/1 [00:00<00:00, 57.82it/s]
Downloading artifacts:   0%|          | 0/1 [00:00<?, ?it/s]Downloading artifacts: 100%|██████████| 1/1 [00:00<?, ?it/s]Downloading artifacts: 100%|██████████| 1/1 [00:00<?, ?it/s]
Downloading artifacts:   0%|          | 0/1 [00:00<?, ?it/s]Downloading artifacts: 100%|██████████| 1/1 [00:00<?, ?it/s]Downloading artifacts: 100%|██████████| 1/1 [00:00<?, ?it/s]
Downloading artifacts:   0%|          | 0/1 [00:00<?, ?it/s]Downloading artifacts: 100%|██████████| 1/1 [00:00<00:00, 104.33it/s]Downloading artifacts: 100%|██████████| 1/1 [00:00<00:00, 104.33it/s]
Downloading artifacts:   0%|          | 0/1 [00:00<?, ?it/s]Downloading artifacts: 100%|██████████| 1/1 [00:00<00:00, 380.09it/s]Downloading artifacts: 100%|██████████| 1/1 [00:00<00:00, 380.09it/s]
Downloading artifacts:   0%|          | 0/1 [00:00<?, ?it/s]Downloading artifacts: 100%|██████████| 1/1 [00:00<00:00, 992.97it/s]Downloading artifacts: 100%|██████████| 1/1 [00:00<00:00, 992.97it/s]
Downloading artifacts:   0%|          | 0/1 [00:00<?, ?it/s]Downloading artifacts: 100%|██████████| 1/1 [00:00<00:00, 122.51it/s]Downloading artifacts: 100%|██████████| 1/1 [00:00<00:00, 122.51it/s]
Downloading artifacts:   0%|          | 0/1 [00:00<?, ?it/s]Downloading artifacts: 100%|██████████| 1/1 [00:00<?, ?it/s]Downloading artifacts: 100%|██████████| 1/1 [00:00<?, ?it/s]
Downloading artifacts:   0%|          | 0/1 [00:00<?, ?it/s]Downloading artifacts: 100%|██████████| 1/1 [00:00<?, ?it/s]Downloading artifacts: 100%|██████████| 1/1 [00:00<?, ?it/s]
Downloading artifacts:   0%|          | 0/1 [00:00<?, ?it/s]Downloading artifacts: 100%|██████████| 1/1 [00:00<?, ?it/s]Downloading artifacts: 100%|██████████| 1/1 [00:00<?, ?it/s]
Downloading artifacts:   0%|          | 0/1 [00:00<?, ?it/s]Downloading artifacts: 100%|██████████| 1/1 [00:00<?, ?it/s]Downloading artifacts: 100%|██████████| 1/1 [00:00<?, ?it/s]
Downloading artifacts:   0%|          | 0/1 [00:00<?, ?it/s]Downloading artifacts: 100%|██████████| 1/1 [00:00<?, ?it/s]Downloading artifacts: 100%|██████████| 1/1 [00:00<?, ?it/s]
Downloading artifacts:   0%|          | 0/1 [00:00<?, ?it/s]Downloading artifacts: 100%|██████████| 1/1 [00:00<00:00, 148.09it/s]Downloading artifacts: 100%|██████████| 1/1 [00:00<00:00, 148.09it/s]
Downloading artifacts:   0%|          | 0/1 [00:00<?, ?it/s]Downloading artifacts: 100%|██████████| 1/1 [00:00<?, ?it/s]Downloading artifacts: 100%|██████████| 1/1 [00:00<?, ?it/s]
Downloading artifacts:   0%|          | 0/1 [00:00<?, ?it/s]Downloading artifacts: 100%|██████████| 1/1 [00:00<?, ?it/s]Downloading artifacts: 100%|██████████| 1/1 [00:00<?, ?it/s]
Downloading artifacts:   0%|          | 0/1 [00:00<?, ?it/s]Downloading artifacts: 100%|██████████| 1/1 [00:00<00:00, 996.04it/s]Downloading artifacts: 100%|██████████| 1/1 [00:00<00:00, 996.04it/s]
Downloading artifacts:   0%|          | 0/1 [00:00<?, ?it/s]Downloading artifacts: 100%|██████████| 1/1 [00:00<?, ?it/s]Downloading artifacts: 100%|██████████| 1/1 [00:00<?, ?it/s]
Downloading artifacts:   0%|          | 0/1 [00:00<?, ?it/s]Downloading artifacts: 100%|██████████| 1/1 [00:00<?, ?it/s]Downloading artifacts: 100%|██████████| 1/1 [00:00<?, ?it/s]
Downloading artifacts:   0%|          | 0/1 [00:00<?, ?it/s]Downloading artifacts: 100%|██████████| 1/1 [00:00<?, ?it/s]Downloading artifacts: 100%|██████████| 1/1 [00:00<?, ?it/s]
Downloading artifacts:   0%|          | 0/1 [00:00<?, ?it/s]Downloading artifacts: 100%|██████████| 1/1 [00:00<00:00, 663.55it/s]Downloading artifacts: 100%|██████████| 1/1 [00:00<00:00, 663.55it/s]
Downloading artifacts:   0%|          | 0/1 [00:00<?, ?it/s]Downloading artifacts: 100%|██████████| 1/1 [00:00<?, ?it/s]Downloading artifacts: 100%|██████████| 1/1 [00:00<?, ?it/s]
Downloading artifacts:   0%|          | 0/1 [00:00<?, ?it/s]Downloading artifacts: 100%|██████████| 1/1 [00:00<?, ?it/s]Downloading artifacts: 100%|██████████| 1/1 [00:00<?, ?it/s]
Downloading artifacts:   0%|          | 0/1 [00:00<?, ?it/s]Downloading artifacts: 100%|██████████| 1/1 [00:00<?, ?it/s]Downloading artifacts: 100%|██████████| 1/1 [00:00<?, ?it/s]
Downloading artifacts:   0%|          | 0/1 [00:00<?, ?it/s]Downloading artifacts: 100%|██████████| 1/1 [00:00<?, ?it/s]Downloading artifacts: 100%|██████████| 1/1 [00:00<?, ?it/s]
Downloading artifacts:   0%|          | 0/1 [00:00<?, ?it/s]Downloading artifacts: 100%|██████████| 1/1 [00:00<?, ?it/s]Downloading artifacts: 100%|██████████| 1/1 [00:00<?, ?it/s]
Downloading artifacts:   0%|          | 0/1 [00:00<?, ?it/s]Downloading artifacts: 100%|██████████| 1/1 [00:00<?, ?it/s]Downloading artifacts: 100%|██████████| 1/1 [00:00<?, ?it/s]
Downloading artifacts:   0%|          | 0/1 [00:00<?, ?it/s]Downloading artifacts: 100%|██████████| 1/1 [00:00<00:00, 999.60it/s]Downloading artifacts: 100%|██████████| 1/1 [00:00<00:00, 999.60it/s]
Downloading artifacts:   0%|          | 0/1 [00:00<?, ?it/s]Downloading artifacts: 100%|██████████| 1/1 [00:00<?, ?it/s]Downloading artifacts: 100%|██████████| 1/1 [00:00<?, ?it/s]
Downloading artifacts:   0%|          | 0/1 [00:00<?, ?it/s]Downloading artifacts: 100%|██████████| 1/1 [00:00<?, ?it/s]Downloading artifacts: 100%|██████████| 1/1 [00:00<?, ?it/s]
Downloading artifacts:   0%|          | 0/1 [00:00<?, ?it/s]Downloading artifacts: 100%|██████████| 1/1 [00:00<?, ?it/s]Downloading artifacts: 100%|██████████| 1/1 [00:00<?, ?it/s]
Downloading artifacts:   0%|          | 0/1 [00:00<?, ?it/s]Downloading artifacts: 100%|██████████| 1/1 [00:00<00:00, 999.36it/s]Downloading artifacts: 100%|██████████| 1/1 [00:00<00:00, 999.36it/s]
Downloading artifacts:   0%|          | 0/1 [00:00<?, ?it/s]Downloading artifacts: 100%|██████████| 1/1 [00:00<00:00, 997.22it/s]Downloading artifacts: 100%|██████████| 1/1 [00:00<00:00, 997.22it/s]
Downloading artifacts:   0%|          | 0/1 [00:00<?, ?it/s]Downloading artifacts: 100%|██████████| 1/1 [00:00<00:00, 499.38it/s]Downloading artifacts: 100%|██████████| 1/1 [00:00<00:00, 499.38it/s]
Downloading artifacts:   0%|          | 0/1 [00:00<?, ?it/s]Downloading artifacts: 100%|██████████| 1/1 [00:00<?, ?it/s]Downloading artifacts: 100%|██████████| 1/1 [00:00<?, ?it/s]
Downloading artifacts:   0%|          | 0/1 [00:00<?, ?it/s]Downloading artifacts: 100%|██████████| 1/1 [00:00<00:00, 965.76it/s]Downloading artifacts: 100%|██████████| 1/1 [00:00<00:00, 644.88it/s]
Downloading artifacts:   0%|          | 0/1 [00:00<?, ?it/s]Downloading artifacts: 100%|██████████| 1/1 [00:00<00:00, 499.20it/s]Downloading artifacts: 100%|██████████| 1/1 [00:00<00:00, 499.20it/s]
Downloading artifacts:   0%|          | 0/1 [00:00<?, ?it/s]Downloading artifacts: 100%|██████████| 1/1 [00:00<?, ?it/s]Downloading artifacts: 100%|██████████| 1/1 [00:00<?, ?it/s]
Downloading artifacts:   0%|          | 0/1 [00:00<?, ?it/s]Downloading artifacts: 100%|██████████| 1/1 [00:00<00:00, 150.97it/s]Downloading artifacts: 100%|██████████| 1/1 [00:00<00:00, 150.97it/s]
Downloading artifacts:   0%|          | 0/1 [00:00<?, ?it/s]Downloading artifacts: 100%|██████████| 1/1 [00:00<?, ?it/s]Downloading artifacts: 100%|██████████| 1/1 [00:00<?, ?it/s]
Downloading artifacts:   0%|          | 0/1 [00:00<?, ?it/s]Downloading artifacts: 100%|██████████| 1/1 [00:00<?, ?it/s]Downloading artifacts: 100%|██████████| 1/1 [00:00<?, ?it/s]
Downloading artifacts:   0%|          | 0/1 [00:00<?, ?it/s]Downloading artifacts: 100%|██████████| 1/1 [00:00<?, ?it/s]Downloading artifacts: 100%|██████████| 1/1 [00:00<?, ?it/s]
Downloading artifacts:   0%|          | 0/1 [00:00<?, ?it/s]Downloading artifacts: 100%|██████████| 1/1 [00:00<?, ?it/s]Downloading artifacts: 100%|██████████| 1/1 [00:00<?, ?it/s]
Downloading artifacts:   0%|          | 0/1 [00:00<?, ?it/s]Downloading artifacts: 100%|██████████| 1/1 [00:00<00:00, 143.08it/s]Downloading artifacts: 100%|██████████| 1/1 [00:00<00:00, 143.08it/s]
Downloading artifacts:   0%|          | 0/1 [00:00<?, ?it/s]Downloading artifacts: 100%|██████████| 1/1 [00:00<?, ?it/s]Downloading artifacts: 100%|██████████| 1/1 [00:00<?, ?it/s]
Downloading artifacts:   0%|          | 0/1 [00:00<?, ?it/s]Downloading artifacts: 100%|██████████| 1/1 [00:00<00:00, 462.95it/s]Downloading artifacts: 100%|██████████| 1/1 [00:00<00:00, 462.95it/s]
Downloading artifacts:   0%|          | 0/1 [00:00<?, ?it/s]Downloading artifacts: 100%|██████████| 1/1 [00:00<?, ?it/s]Downloading artifacts: 100%|██████████| 1/1 [00:00<?, ?it/s]
Downloading artifacts:   0%|          | 0/1 [00:00<?, ?it/s]Downloading artifacts: 100%|██████████| 1/1 [00:00<?, ?it/s]Downloading artifacts: 100%|██████████| 1/1 [00:00<?, ?it/s]
Downloading artifacts:   0%|          | 0/1 [00:00<?, ?it/s]Downloading artifacts: 100%|██████████| 1/1 [00:00<?, ?it/s]Downloading artifacts: 100%|██████████| 1/1 [00:00<?, ?it/s]
Downloading artifacts:   0%|          | 0/1 [00:00<?, ?it/s]Downloading artifacts: 100%|██████████| 1/1 [00:00<00:00, 997.69it/s]Downloading artifacts: 100%|██████████| 1/1 [00:00<00:00, 997.69it/s]
Downloading artifacts:   0%|          | 0/1 [00:00<?, ?it/s]Downloading artifacts: 100%|██████████| 1/1 [00:00<?, ?it/s]Downloading artifacts: 100%|██████████| 1/1 [00:00<?, ?it/s]
Downloading artifacts:   0%|          | 0/1 [00:00<?, ?it/s]Downloading artifacts: 100%|██████████| 1/1 [00:00<00:00, 99.26it/s]Downloading artifacts: 100%|██████████| 1/1 [00:00<00:00, 99.26it/s]
Downloading artifacts:   0%|          | 0/1 [00:00<?, ?it/s]Downloading artifacts: 100%|██████████| 1/1 [00:00<00:00, 1036.65it/s]Downloading artifacts: 100%|██████████| 1/1 [00:00<00:00, 1036.65it/s]
Downloading artifacts:   0%|          | 0/1 [00:00<?, ?it/s]Downloading artifacts: 100%|██████████| 1/1 [00:00<00:00, 996.04it/s]Downloading artifacts: 100%|██████████| 1/1 [00:00<00:00, 996.04it/s]
Downloading artifacts:   0%|          | 0/1 [00:00<?, ?it/s]Downloading artifacts: 100%|██████████| 1/1 [00:00<?, ?it/s]Downloading artifacts: 100%|██████████| 1/1 [00:00<?, ?it/s]
Downloading artifacts:   0%|          | 0/1 [00:00<?, ?it/s]Downloading artifacts: 100%|██████████| 1/1 [00:00<00:00, 331.54it/s]Downloading artifacts: 100%|██████████| 1/1 [00:00<00:00, 331.54it/s]
Downloading artifacts:   0%|          | 0/1 [00:00<?, ?it/s]Downloading artifacts: 100%|██████████| 1/1 [00:00<?, ?it/s]Downloading artifacts: 100%|██████████| 1/1 [00:00<?, ?it/s]
Downloading artifacts:   0%|          | 0/1 [00:00<?, ?it/s]Downloading artifacts: 100%|██████████| 1/1 [00:00<?, ?it/s]Downloading artifacts: 100%|██████████| 1/1 [00:00<?, ?it/s]
Downloading artifacts:   0%|          | 0/1 [00:00<?, ?it/s]Downloading artifacts: 100%|██████████| 1/1 [00:00<00:00, 825.16it/s]Downloading artifacts: 100%|██████████| 1/1 [00:00<00:00, 825.16it/s]
Downloading artifacts:   0%|          | 0/1 [00:00<?, ?it/s]Downloading artifacts: 100%|██████████| 1/1 [00:00<?, ?it/s]Downloading artifacts: 100%|██████████| 1/1 [00:00<?, ?it/s]
Downloading artifacts:   0%|          | 0/1 [00:00<?, ?it/s]Downloading artifacts: 100%|██████████| 1/1 [00:00<?, ?it/s]Downloading artifacts: 100%|██████████| 1/1 [00:00<?, ?it/s]
Downloading artifacts:   0%|          | 0/1 [00:00<?, ?it/s]Downloading artifacts: 100%|██████████| 1/1 [00:00<00:00, 170.73it/s]Downloading artifacts: 100%|██████████| 1/1 [00:00<00:00, 170.73it/s]
Downloading artifacts:   0%|          | 0/1 [00:00<?, ?it/s]Downloading artifacts: 100%|██████████| 1/1 [00:00<?, ?it/s]Downloading artifacts: 100%|██████████| 1/1 [00:00<?, ?it/s]
Downloading artifacts:   0%|          | 0/1 [00:00<?, ?it/s]Downloading artifacts: 100%|██████████| 1/1 [00:00<00:00, 1978.45it/s]Downloading artifacts: 100%|██████████| 1/1 [00:00<00:00, 660.62it/s] 
Downloading artifacts:   0%|          | 0/1 [00:00<?, ?it/s]Downloading artifacts: 100%|██████████| 1/1 [00:00<00:00, 937.27it/s]Downloading artifacts: 100%|██████████| 1/1 [00:00<00:00, 937.27it/s]
[9128:MainThread](2026-06-04 01:47:29,154) INFO - qlib.timer - [log.py:127] - Time cost: 0.000s | waiting `async_log` Done
