Gym has been unmaintained since 2022 and does not support NumPy 2.0 amongst other critical functionality.
Please upgrade to Gymnasium, the maintained drop-in replacement of Gym, or contact the authors of your software and request that they upgrade.
Users of this version of Gym should be able to simply replace 'import gym' with 'import gymnasium as gym' in the vast majority of cases.
See the migration guide at https://gymnasium.farama.org/introduction/migration_guide/ for additional information.
[38448:MainThread](2026-05-01 02:29:45,226) INFO - qlib.Initialization - [config.py:452] - default_conf: client.
[38448:MainThread](2026-05-01 02:29:45,228) INFO - qlib.Initialization - [__init__.py:75] - qlib successfully initialized based on client settings.
[38448:MainThread](2026-05-01 02:29:45,231) INFO - qlib.Initialization - [__init__.py:77] - data_path={'__DEFAULT_FREQ': WindowsPath('C:/Users/60585/.qlib/qlib_data/cn_data')}
Gym has been unmaintained since 2022 and does not support NumPy 2.0 amongst other critical functionality.
Please upgrade to Gymnasium, the maintained drop-in replacement of Gym, or contact the authors of your software and request that they upgrade.
Users of this version of Gym should be able to simply replace 'import gym' with 'import gymnasium as gym' in the vast majority of cases.
See the migration guide at https://gymnasium.farama.org/introduction/migration_guide/ for additional information.
Gym has been unmaintained since 2022 and does not support NumPy 2.0 amongst other critical functionality.
Please upgrade to Gymnasium, the maintained drop-in replacement of Gym, or contact the authors of your software and request that they upgrade.
Users of this version of Gym should be able to simply replace 'import gym' with 'import gymnasium as gym' in the vast majority of cases.
See the migration guide at https://gymnasium.farama.org/introduction/migration_guide/ for additional information.
Gym has been unmaintained since 2022 and does not support NumPy 2.0 amongst other critical functionality.
Please upgrade to Gymnasium, the maintained drop-in replacement of Gym, or contact the authors of your software and request that they upgrade.
Users of this version of Gym should be able to simply replace 'import gym' with 'import gymnasium as gym' in the vast majority of cases.
See the migration guide at https://gymnasium.farama.org/introduction/migration_guide/ for additional information.
Gym has been unmaintained since 2022 and does not support NumPy 2.0 amongst other critical functionality.
Please upgrade to Gymnasium, the maintained drop-in replacement of Gym, or contact the authors of your software and request that they upgrade.
Users of this version of Gym should be able to simply replace 'import gym' with 'import gymnasium as gym' in the vast majority of cases.
See the migration guide at https://gymnasium.farama.org/introduction/migration_guide/ for additional information.
Gym has been unmaintained since 2022 and does not support NumPy 2.0 amongst other critical functionality.
Please upgrade to Gymnasium, the maintained drop-in replacement of Gym, or contact the authors of your software and request that they upgrade.
Users of this version of Gym should be able to simply replace 'import gym' with 'import gymnasium as gym' in the vast majority of cases.
See the migration guide at https://gymnasium.farama.org/introduction/migration_guide/ for additional information.
Gym has been unmaintained since 2022 and does not support NumPy 2.0 amongst other critical functionality.
Please upgrade to Gymnasium, the maintained drop-in replacement of Gym, or contact the authors of your software and request that they upgrade.
Users of this version of Gym should be able to simply replace 'import gym' with 'import gymnasium as gym' in the vast majority of cases.
See the migration guide at https://gymnasium.farama.org/introduction/migration_guide/ for additional information.
Gym has been unmaintained since 2022 and does not support NumPy 2.0 amongst other critical functionality.
Please upgrade to Gymnasium, the maintained drop-in replacement of Gym, or contact the authors of your software and request that they upgrade.
Users of this version of Gym should be able to simply replace 'import gym' with 'import gymnasium as gym' in the vast majority of cases.
See the migration guide at https://gymnasium.farama.org/introduction/migration_guide/ for additional information.
Gym has been unmaintained since 2022 and does not support NumPy 2.0 amongst other critical functionality.
Please upgrade to Gymnasium, the maintained drop-in replacement of Gym, or contact the authors of your software and request that they upgrade.
Users of this version of Gym should be able to simply replace 'import gym' with 'import gymnasium as gym' in the vast majority of cases.
See the migration guide at https://gymnasium.farama.org/introduction/migration_guide/ for additional information.
Gym has been unmaintained since 2022 and does not support NumPy 2.0 amongst other critical functionality.
Please upgrade to Gymnasium, the maintained drop-in replacement of Gym, or contact the authors of your software and request that they upgrade.
Users of this version of Gym should be able to simply replace 'import gym' with 'import gymnasium as gym' in the vast majority of cases.
See the migration guide at https://gymnasium.farama.org/introduction/migration_guide/ for additional information.
Gym has been unmaintained since 2022 and does not support NumPy 2.0 amongst other critical functionality.
Please upgrade to Gymnasium, the maintained drop-in replacement of Gym, or contact the authors of your software and request that they upgrade.
Users of this version of Gym should be able to simply replace 'import gym' with 'import gymnasium as gym' in the vast majority of cases.
See the migration guide at https://gymnasium.farama.org/introduction/migration_guide/ for additional information.
Gym has been unmaintained since 2022 and does not support NumPy 2.0 amongst other critical functionality.
Please upgrade to Gymnasium, the maintained drop-in replacement of Gym, or contact the authors of your software and request that they upgrade.
Users of this version of Gym should be able to simply replace 'import gym' with 'import gymnasium as gym' in the vast majority of cases.
See the migration guide at https://gymnasium.farama.org/introduction/migration_guide/ for additional information.
Gym has been unmaintained since 2022 and does not support NumPy 2.0 amongst other critical functionality.
Please upgrade to Gymnasium, the maintained drop-in replacement of Gym, or contact the authors of your software and request that they upgrade.
Users of this version of Gym should be able to simply replace 'import gym' with 'import gymnasium as gym' in the vast majority of cases.
See the migration guide at https://gymnasium.farama.org/introduction/migration_guide/ for additional information.
Gym has been unmaintained since 2022 and does not support NumPy 2.0 amongst other critical functionality.
Please upgrade to Gymnasium, the maintained drop-in replacement of Gym, or contact the authors of your software and request that they upgrade.
Users of this version of Gym should be able to simply replace 'import gym' with 'import gymnasium as gym' in the vast majority of cases.
See the migration guide at https://gymnasium.farama.org/introduction/migration_guide/ for additional information.
Gym has been unmaintained since 2022 and does not support NumPy 2.0 amongst other critical functionality.
Please upgrade to Gymnasium, the maintained drop-in replacement of Gym, or contact the authors of your software and request that they upgrade.
Users of this version of Gym should be able to simply replace 'import gym' with 'import gymnasium as gym' in the vast majority of cases.
See the migration guide at https://gymnasium.farama.org/introduction/migration_guide/ for additional information.
Gym has been unmaintained since 2022 and does not support NumPy 2.0 amongst other critical functionality.
Please upgrade to Gymnasium, the maintained drop-in replacement of Gym, or contact the authors of your software and request that they upgrade.
Users of this version of Gym should be able to simply replace 'import gym' with 'import gymnasium as gym' in the vast majority of cases.
See the migration guide at https://gymnasium.farama.org/introduction/migration_guide/ for additional information.
Gym has been unmaintained since 2022 and does not support NumPy 2.0 amongst other critical functionality.
Please upgrade to Gymnasium, the maintained drop-in replacement of Gym, or contact the authors of your software and request that they upgrade.
Users of this version of Gym should be able to simply replace 'import gym' with 'import gymnasium as gym' in the vast majority of cases.
See the migration guide at https://gymnasium.farama.org/introduction/migration_guide/ for additional information.
Gym has been unmaintained since 2022 and does not support NumPy 2.0 amongst other critical functionality.
Please upgrade to Gymnasium, the maintained drop-in replacement of Gym, or contact the authors of your software and request that they upgrade.
Users of this version of Gym should be able to simply replace 'import gym' with 'import gymnasium as gym' in the vast majority of cases.
See the migration guide at https://gymnasium.farama.org/introduction/migration_guide/ for additional information.
Gym has been unmaintained since 2022 and does not support NumPy 2.0 amongst other critical functionality.
Please upgrade to Gymnasium, the maintained drop-in replacement of Gym, or contact the authors of your software and request that they upgrade.
Users of this version of Gym should be able to simply replace 'import gym' with 'import gymnasium as gym' in the vast majority of cases.
See the migration guide at https://gymnasium.farama.org/introduction/migration_guide/ for additional information.
[8352:MainThread](2026-05-01 02:29:49,004) INFO - qlib.Initialization - [config.py:452] - default_conf: client.
[8352:MainThread](2026-05-01 02:29:49,008) INFO - qlib.Initialization - [__init__.py:75] - qlib successfully initialized based on client settings.
[8352:MainThread](2026-05-01 02:29:49,008) INFO - qlib.Initialization - [__init__.py:77] - data_path={'__DEFAULT_FREQ': WindowsPath('C:/Users/60585/.qlib/qlib_data/cn_data')}
[35464:MainThread](2026-05-01 02:29:49,018) INFO - qlib.Initialization - [config.py:452] - default_conf: client.
[35464:MainThread](2026-05-01 02:29:49,021) INFO - qlib.Initialization - [__init__.py:75] - qlib successfully initialized based on client settings.
[35464:MainThread](2026-05-01 02:29:49,022) INFO - qlib.Initialization - [__init__.py:77] - data_path={'__DEFAULT_FREQ': WindowsPath('C:/Users/60585/.qlib/qlib_data/cn_data')}
[34564:MainThread](2026-05-01 02:29:49,022) INFO - qlib.Initialization - [config.py:452] - default_conf: client.
[34564:MainThread](2026-05-01 02:29:49,027) INFO - qlib.Initialization - [__init__.py:75] - qlib successfully initialized based on client settings.
[34564:MainThread](2026-05-01 02:29:49,027) INFO - qlib.Initialization - [__init__.py:77] - data_path={'__DEFAULT_FREQ': WindowsPath('C:/Users/60585/.qlib/qlib_data/cn_data')}
[27340:MainThread](2026-05-01 02:29:49,039) INFO - qlib.Initialization - [config.py:452] - default_conf: client.
[27340:MainThread](2026-05-01 02:29:49,044) INFO - qlib.Initialization - [__init__.py:75] - qlib successfully initialized based on client settings.
[27340:MainThread](2026-05-01 02:29:49,044) INFO - qlib.Initialization - [__init__.py:77] - data_path={'__DEFAULT_FREQ': WindowsPath('C:/Users/60585/.qlib/qlib_data/cn_data')}
[38576:MainThread](2026-05-01 02:29:49,048) INFO - qlib.Initialization - [config.py:452] - default_conf: client.
[38576:MainThread](2026-05-01 02:29:49,052) INFO - qlib.Initialization - [__init__.py:75] - qlib successfully initialized based on client settings.
[38576:MainThread](2026-05-01 02:29:49,053) INFO - qlib.Initialization - [__init__.py:77] - data_path={'__DEFAULT_FREQ': WindowsPath('C:/Users/60585/.qlib/qlib_data/cn_data')}
[19008:MainThread](2026-05-01 02:29:49,058) INFO - qlib.Initialization - [config.py:452] - default_conf: client.
[19008:MainThread](2026-05-01 02:29:49,063) INFO - qlib.Initialization - [__init__.py:75] - qlib successfully initialized based on client settings.
[4820:MainThread](2026-05-01 02:29:49,063) INFO - qlib.Initialization - [config.py:452] - default_conf: client.
[19008:MainThread](2026-05-01 02:29:49,063) INFO - qlib.Initialization - [__init__.py:77] - data_path={'__DEFAULT_FREQ': WindowsPath('C:/Users/60585/.qlib/qlib_data/cn_data')}
[24712:MainThread](2026-05-01 02:29:49,064) INFO - qlib.Initialization - [config.py:452] - default_conf: client.
[4820:MainThread](2026-05-01 02:29:49,066) INFO - qlib.Initialization - [__init__.py:75] - qlib successfully initialized based on client settings.
[4820:MainThread](2026-05-01 02:29:49,066) INFO - qlib.Initialization - [__init__.py:77] - data_path={'__DEFAULT_FREQ': WindowsPath('C:/Users/60585/.qlib/qlib_data/cn_data')}
[33616:MainThread](2026-05-01 02:29:49,068) INFO - qlib.Initialization - [config.py:452] - default_conf: client.
[24712:MainThread](2026-05-01 02:29:49,068) INFO - qlib.Initialization - [__init__.py:75] - qlib successfully initialized based on client settings.
[24712:MainThread](2026-05-01 02:29:49,069) INFO - qlib.Initialization - [__init__.py:77] - data_path={'__DEFAULT_FREQ': WindowsPath('C:/Users/60585/.qlib/qlib_data/cn_data')}
[11608:MainThread](2026-05-01 02:29:49,070) INFO - qlib.Initialization - [config.py:452] - default_conf: client.
[33616:MainThread](2026-05-01 02:29:49,072) INFO - qlib.Initialization - [__init__.py:75] - qlib successfully initialized based on client settings.
[33616:MainThread](2026-05-01 02:29:49,073) INFO - qlib.Initialization - [__init__.py:77] - data_path={'__DEFAULT_FREQ': WindowsPath('C:/Users/60585/.qlib/qlib_data/cn_data')}
[11608:MainThread](2026-05-01 02:29:49,074) INFO - qlib.Initialization - [__init__.py:75] - qlib successfully initialized based on client settings.
[11608:MainThread](2026-05-01 02:29:49,074) INFO - qlib.Initialization - [__init__.py:77] - data_path={'__DEFAULT_FREQ': WindowsPath('C:/Users/60585/.qlib/qlib_data/cn_data')}
[29768:MainThread](2026-05-01 02:29:49,077) INFO - qlib.Initialization - [config.py:452] - default_conf: client.
[28236:MainThread](2026-05-01 02:29:49,077) INFO - qlib.Initialization - [config.py:452] - default_conf: client.
[38512:MainThread](2026-05-01 02:29:49,078) INFO - qlib.Initialization - [config.py:452] - default_conf: client.
[18236:MainThread](2026-05-01 02:29:49,078) INFO - qlib.Initialization - [config.py:452] - default_conf: client.
[29768:MainThread](2026-05-01 02:29:49,081) INFO - qlib.Initialization - [__init__.py:75] - qlib successfully initialized based on client settings.
[29768:MainThread](2026-05-01 02:29:49,081) INFO - qlib.Initialization - [__init__.py:77] - data_path={'__DEFAULT_FREQ': WindowsPath('C:/Users/60585/.qlib/qlib_data/cn_data')}
[28236:MainThread](2026-05-01 02:29:49,082) INFO - qlib.Initialization - [__init__.py:75] - qlib successfully initialized based on client settings.
[38512:MainThread](2026-05-01 02:29:49,082) INFO - qlib.Initialization - [__init__.py:75] - qlib successfully initialized based on client settings.
[28236:MainThread](2026-05-01 02:29:49,083) INFO - qlib.Initialization - [__init__.py:77] - data_path={'__DEFAULT_FREQ': WindowsPath('C:/Users/60585/.qlib/qlib_data/cn_data')}
[38512:MainThread](2026-05-01 02:29:49,083) INFO - qlib.Initialization - [__init__.py:77] - data_path={'__DEFAULT_FREQ': WindowsPath('C:/Users/60585/.qlib/qlib_data/cn_data')}
[18236:MainThread](2026-05-01 02:29:49,083) INFO - qlib.Initialization - [__init__.py:75] - qlib successfully initialized based on client settings.
[18236:MainThread](2026-05-01 02:29:49,083) INFO - qlib.Initialization - [__init__.py:77] - data_path={'__DEFAULT_FREQ': WindowsPath('C:/Users/60585/.qlib/qlib_data/cn_data')}
[37020:MainThread](2026-05-01 02:29:49,089) INFO - qlib.Initialization - [config.py:452] - default_conf: client.
[37020:MainThread](2026-05-01 02:29:49,093) INFO - qlib.Initialization - [__init__.py:75] - qlib successfully initialized based on client settings.
[37020:MainThread](2026-05-01 02:29:49,093) INFO - qlib.Initialization - [__init__.py:77] - data_path={'__DEFAULT_FREQ': WindowsPath('C:/Users/60585/.qlib/qlib_data/cn_data')}
[14068:MainThread](2026-05-01 02:29:49,096) INFO - qlib.Initialization - [config.py:452] - default_conf: client.
[14068:MainThread](2026-05-01 02:29:49,100) INFO - qlib.Initialization - [__init__.py:75] - qlib successfully initialized based on client settings.
[14068:MainThread](2026-05-01 02:29:49,100) INFO - qlib.Initialization - [__init__.py:77] - data_path={'__DEFAULT_FREQ': WindowsPath('C:/Users/60585/.qlib/qlib_data/cn_data')}
[18172:MainThread](2026-05-01 02:29:49,106) INFO - qlib.Initialization - [config.py:452] - default_conf: client.
[35588:MainThread](2026-05-01 02:29:49,108) INFO - qlib.Initialization - [config.py:452] - default_conf: client.
[18172:MainThread](2026-05-01 02:29:49,110) INFO - qlib.Initialization - [__init__.py:75] - qlib successfully initialized based on client settings.
[18172:MainThread](2026-05-01 02:29:49,111) INFO - qlib.Initialization - [__init__.py:77] - data_path={'__DEFAULT_FREQ': WindowsPath('C:/Users/60585/.qlib/qlib_data/cn_data')}
[35588:MainThread](2026-05-01 02:29:49,113) INFO - qlib.Initialization - [__init__.py:75] - qlib successfully initialized based on client settings.
[35588:MainThread](2026-05-01 02:29:49,114) INFO - qlib.Initialization - [__init__.py:77] - data_path={'__DEFAULT_FREQ': WindowsPath('C:/Users/60585/.qlib/qlib_data/cn_data')}
Gym has been unmaintained since 2022 and does not support NumPy 2.0 amongst other critical functionality.
Please upgrade to Gymnasium, the maintained drop-in replacement of Gym, or contact the authors of your software and request that they upgrade.
Users of this version of Gym should be able to simply replace 'import gym' with 'import gymnasium as gym' in the vast majority of cases.
See the migration guide at https://gymnasium.farama.org/introduction/migration_guide/ for additional information.
Gym has been unmaintained since 2022 and does not support NumPy 2.0 amongst other critical functionality.
Please upgrade to Gymnasium, the maintained drop-in replacement of Gym, or contact the authors of your software and request that they upgrade.
Users of this version of Gym should be able to simply replace 'import gym' with 'import gymnasium as gym' in the vast majority of cases.
See the migration guide at https://gymnasium.farama.org/introduction/migration_guide/ for additional information.
Gym has been unmaintained since 2022 and does not support NumPy 2.0 amongst other critical functionality.
Please upgrade to Gymnasium, the maintained drop-in replacement of Gym, or contact the authors of your software and request that they upgrade.
Users of this version of Gym should be able to simply replace 'import gym' with 'import gymnasium as gym' in the vast majority of cases.
See the migration guide at https://gymnasium.farama.org/introduction/migration_guide/ for additional information.
Gym has been unmaintained since 2022 and does not support NumPy 2.0 amongst other critical functionality.
Please upgrade to Gymnasium, the maintained drop-in replacement of Gym, or contact the authors of your software and request that they upgrade.
Users of this version of Gym should be able to simply replace 'import gym' with 'import gymnasium as gym' in the vast majority of cases.
See the migration guide at https://gymnasium.farama.org/introduction/migration_guide/ for additional information.
Gym has been unmaintained since 2022 and does not support NumPy 2.0 amongst other critical functionality.
Please upgrade to Gymnasium, the maintained drop-in replacement of Gym, or contact the authors of your software and request that they upgrade.
Users of this version of Gym should be able to simply replace 'import gym' with 'import gymnasium as gym' in the vast majority of cases.
See the migration guide at https://gymnasium.farama.org/introduction/migration_guide/ for additional information.
Gym has been unmaintained since 2022 and does not support NumPy 2.0 amongst other critical functionality.
Please upgrade to Gymnasium, the maintained drop-in replacement of Gym, or contact the authors of your software and request that they upgrade.
Users of this version of Gym should be able to simply replace 'import gym' with 'import gymnasium as gym' in the vast majority of cases.
See the migration guide at https://gymnasium.farama.org/introduction/migration_guide/ for additional information.
Gym has been unmaintained since 2022 and does not support NumPy 2.0 amongst other critical functionality.
Please upgrade to Gymnasium, the maintained drop-in replacement of Gym, or contact the authors of your software and request that they upgrade.
Users of this version of Gym should be able to simply replace 'import gym' with 'import gymnasium as gym' in the vast majority of cases.
See the migration guide at https://gymnasium.farama.org/introduction/migration_guide/ for additional information.
Gym has been unmaintained since 2022 and does not support NumPy 2.0 amongst other critical functionality.
Please upgrade to Gymnasium, the maintained drop-in replacement of Gym, or contact the authors of your software and request that they upgrade.
Users of this version of Gym should be able to simply replace 'import gym' with 'import gymnasium as gym' in the vast majority of cases.
See the migration guide at https://gymnasium.farama.org/introduction/migration_guide/ for additional information.
Gym has been unmaintained since 2022 and does not support NumPy 2.0 amongst other critical functionality.
Please upgrade to Gymnasium, the maintained drop-in replacement of Gym, or contact the authors of your software and request that they upgrade.
Users of this version of Gym should be able to simply replace 'import gym' with 'import gymnasium as gym' in the vast majority of cases.
See the migration guide at https://gymnasium.farama.org/introduction/migration_guide/ for additional information.
Gym has been unmaintained since 2022 and does not support NumPy 2.0 amongst other critical functionality.
Please upgrade to Gymnasium, the maintained drop-in replacement of Gym, or contact the authors of your software and request that they upgrade.
Users of this version of Gym should be able to simply replace 'import gym' with 'import gymnasium as gym' in the vast majority of cases.
See the migration guide at https://gymnasium.farama.org/introduction/migration_guide/ for additional information.
Gym has been unmaintained since 2022 and does not support NumPy 2.0 amongst other critical functionality.
Please upgrade to Gymnasium, the maintained drop-in replacement of Gym, or contact the authors of your software and request that they upgrade.
Users of this version of Gym should be able to simply replace 'import gym' with 'import gymnasium as gym' in the vast majority of cases.
See the migration guide at https://gymnasium.farama.org/introduction/migration_guide/ for additional information.
Gym has been unmaintained since 2022 and does not support NumPy 2.0 amongst other critical functionality.
Please upgrade to Gymnasium, the maintained drop-in replacement of Gym, or contact the authors of your software and request that they upgrade.
Users of this version of Gym should be able to simply replace 'import gym' with 'import gymnasium as gym' in the vast majority of cases.
See the migration guide at https://gymnasium.farama.org/introduction/migration_guide/ for additional information.
Gym has been unmaintained since 2022 and does not support NumPy 2.0 amongst other critical functionality.
Please upgrade to Gymnasium, the maintained drop-in replacement of Gym, or contact the authors of your software and request that they upgrade.
Users of this version of Gym should be able to simply replace 'import gym' with 'import gymnasium as gym' in the vast majority of cases.
See the migration guide at https://gymnasium.farama.org/introduction/migration_guide/ for additional information.
Gym has been unmaintained since 2022 and does not support NumPy 2.0 amongst other critical functionality.
Please upgrade to Gymnasium, the maintained drop-in replacement of Gym, or contact the authors of your software and request that they upgrade.
Users of this version of Gym should be able to simply replace 'import gym' with 'import gymnasium as gym' in the vast majority of cases.
See the migration guide at https://gymnasium.farama.org/introduction/migration_guide/ for additional information.
Gym has been unmaintained since 2022 and does not support NumPy 2.0 amongst other critical functionality.
Please upgrade to Gymnasium, the maintained drop-in replacement of Gym, or contact the authors of your software and request that they upgrade.
Users of this version of Gym should be able to simply replace 'import gym' with 'import gymnasium as gym' in the vast majority of cases.
See the migration guide at https://gymnasium.farama.org/introduction/migration_guide/ for additional information.
Gym has been unmaintained since 2022 and does not support NumPy 2.0 amongst other critical functionality.
Please upgrade to Gymnasium, the maintained drop-in replacement of Gym, or contact the authors of your software and request that they upgrade.
Users of this version of Gym should be able to simply replace 'import gym' with 'import gymnasium as gym' in the vast majority of cases.
See the migration guide at https://gymnasium.farama.org/introduction/migration_guide/ for additional information.
Gym has been unmaintained since 2022 and does not support NumPy 2.0 amongst other critical functionality.
Please upgrade to Gymnasium, the maintained drop-in replacement of Gym, or contact the authors of your software and request that they upgrade.
Users of this version of Gym should be able to simply replace 'import gym' with 'import gymnasium as gym' in the vast majority of cases.
See the migration guide at https://gymnasium.farama.org/introduction/migration_guide/ for additional information.
Gym has been unmaintained since 2022 and does not support NumPy 2.0 amongst other critical functionality.
Please upgrade to Gymnasium, the maintained drop-in replacement of Gym, or contact the authors of your software and request that they upgrade.
Users of this version of Gym should be able to simply replace 'import gym' with 'import gymnasium as gym' in the vast majority of cases.
See the migration guide at https://gymnasium.farama.org/introduction/migration_guide/ for additional information.
[22544:MainThread](2026-05-01 02:30:04,623) INFO - qlib.Initialization - [config.py:452] - default_conf: client.
[22544:MainThread](2026-05-01 02:30:04,627) INFO - qlib.Initialization - [__init__.py:75] - qlib successfully initialized based on client settings.
[22544:MainThread](2026-05-01 02:30:04,628) INFO - qlib.Initialization - [__init__.py:77] - data_path={'__DEFAULT_FREQ': WindowsPath('C:/Users/60585/.qlib/qlib_data/cn_data')}
[19704:MainThread](2026-05-01 02:30:04,633) INFO - qlib.Initialization - [config.py:452] - default_conf: client.
[19704:MainThread](2026-05-01 02:30:04,637) INFO - qlib.Initialization - [__init__.py:75] - qlib successfully initialized based on client settings.
[19704:MainThread](2026-05-01 02:30:04,637) INFO - qlib.Initialization - [__init__.py:77] - data_path={'__DEFAULT_FREQ': WindowsPath('C:/Users/60585/.qlib/qlib_data/cn_data')}
[7268:MainThread](2026-05-01 02:30:04,652) INFO - qlib.Initialization - [config.py:452] - default_conf: client.
[24020:MainThread](2026-05-01 02:30:04,654) INFO - qlib.Initialization - [config.py:452] - default_conf: client.
[7268:MainThread](2026-05-01 02:30:04,657) INFO - qlib.Initialization - [__init__.py:75] - qlib successfully initialized based on client settings.
[24020:MainThread](2026-05-01 02:30:04,657) INFO - qlib.Initialization - [__init__.py:75] - qlib successfully initialized based on client settings.
[7268:MainThread](2026-05-01 02:30:04,657) INFO - qlib.Initialization - [__init__.py:77] - data_path={'__DEFAULT_FREQ': WindowsPath('C:/Users/60585/.qlib/qlib_data/cn_data')}
[24020:MainThread](2026-05-01 02:30:04,658) INFO - qlib.Initialization - [__init__.py:77] - data_path={'__DEFAULT_FREQ': WindowsPath('C:/Users/60585/.qlib/qlib_data/cn_data')}
[5396:MainThread](2026-05-01 02:30:04,662) INFO - qlib.Initialization - [config.py:452] - default_conf: client.
[28300:MainThread](2026-05-01 02:30:04,663) INFO - qlib.Initialization - [config.py:452] - default_conf: client.
[5396:MainThread](2026-05-01 02:30:04,666) INFO - qlib.Initialization - [__init__.py:75] - qlib successfully initialized based on client settings.
[5396:MainThread](2026-05-01 02:30:04,667) INFO - qlib.Initialization - [__init__.py:77] - data_path={'__DEFAULT_FREQ': WindowsPath('C:/Users/60585/.qlib/qlib_data/cn_data')}
[28300:MainThread](2026-05-01 02:30:04,669) INFO - qlib.Initialization - [__init__.py:75] - qlib successfully initialized based on client settings.
[28300:MainThread](2026-05-01 02:30:04,669) INFO - qlib.Initialization - [__init__.py:77] - data_path={'__DEFAULT_FREQ': WindowsPath('C:/Users/60585/.qlib/qlib_data/cn_data')}
[32028:MainThread](2026-05-01 02:30:04,671) INFO - qlib.Initialization - [config.py:452] - default_conf: client.
[37104:MainThread](2026-05-01 02:30:04,671) INFO - qlib.Initialization - [config.py:452] - default_conf: client.
[32028:MainThread](2026-05-01 02:30:04,675) INFO - qlib.Initialization - [__init__.py:75] - qlib successfully initialized based on client settings.
[32028:MainThread](2026-05-01 02:30:04,676) INFO - qlib.Initialization - [__init__.py:77] - data_path={'__DEFAULT_FREQ': WindowsPath('C:/Users/60585/.qlib/qlib_data/cn_data')}
[37104:MainThread](2026-05-01 02:30:04,676) INFO - qlib.Initialization - [__init__.py:75] - qlib successfully initialized based on client settings.
[37104:MainThread](2026-05-01 02:30:04,677) INFO - qlib.Initialization - [__init__.py:77] - data_path={'__DEFAULT_FREQ': WindowsPath('C:/Users/60585/.qlib/qlib_data/cn_data')}
[22032:MainThread](2026-05-01 02:30:04,680) INFO - qlib.Initialization - [config.py:452] - default_conf: client.
[22032:MainThread](2026-05-01 02:30:04,683) INFO - qlib.Initialization - [__init__.py:75] - qlib successfully initialized based on client settings.
[22032:MainThread](2026-05-01 02:30:04,683) INFO - qlib.Initialization - [__init__.py:77] - data_path={'__DEFAULT_FREQ': WindowsPath('C:/Users/60585/.qlib/qlib_data/cn_data')}
[36344:MainThread](2026-05-01 02:30:04,685) INFO - qlib.Initialization - [config.py:452] - default_conf: client.
[31496:MainThread](2026-05-01 02:30:04,688) INFO - qlib.Initialization - [config.py:452] - default_conf: client.
[36344:MainThread](2026-05-01 02:30:04,690) INFO - qlib.Initialization - [__init__.py:75] - qlib successfully initialized based on client settings.
[36344:MainThread](2026-05-01 02:30:04,690) INFO - qlib.Initialization - [__init__.py:77] - data_path={'__DEFAULT_FREQ': WindowsPath('C:/Users/60585/.qlib/qlib_data/cn_data')}
[31496:MainThread](2026-05-01 02:30:04,692) INFO - qlib.Initialization - [__init__.py:75] - qlib successfully initialized based on client settings.
[31496:MainThread](2026-05-01 02:30:04,692) INFO - qlib.Initialization - [__init__.py:77] - data_path={'__DEFAULT_FREQ': WindowsPath('C:/Users/60585/.qlib/qlib_data/cn_data')}
[29516:MainThread](2026-05-01 02:30:04,697) INFO - qlib.Initialization - [config.py:452] - default_conf: client.
[29516:MainThread](2026-05-01 02:30:04,701) INFO - qlib.Initialization - [__init__.py:75] - qlib successfully initialized based on client settings.
[29516:MainThread](2026-05-01 02:30:04,703) INFO - qlib.Initialization - [__init__.py:77] - data_path={'__DEFAULT_FREQ': WindowsPath('C:/Users/60585/.qlib/qlib_data/cn_data')}
[11528:MainThread](2026-05-01 02:30:04,719) INFO - qlib.Initialization - [config.py:452] - default_conf: client.
[25564:MainThread](2026-05-01 02:30:04,721) INFO - qlib.Initialization - [config.py:452] - default_conf: client.
[11528:MainThread](2026-05-01 02:30:04,723) INFO - qlib.Initialization - [__init__.py:75] - qlib successfully initialized based on client settings.
[11528:MainThread](2026-05-01 02:30:04,724) INFO - qlib.Initialization - [__init__.py:77] - data_path={'__DEFAULT_FREQ': WindowsPath('C:/Users/60585/.qlib/qlib_data/cn_data')}
[25564:MainThread](2026-05-01 02:30:04,724) INFO - qlib.Initialization - [__init__.py:75] - qlib successfully initialized based on client settings.
[25564:MainThread](2026-05-01 02:30:04,724) INFO - qlib.Initialization - [__init__.py:77] - data_path={'__DEFAULT_FREQ': WindowsPath('C:/Users/60585/.qlib/qlib_data/cn_data')}
[31816:MainThread](2026-05-01 02:30:04,742) INFO - qlib.Initialization - [config.py:452] - default_conf: client.
[36624:MainThread](2026-05-01 02:30:04,745) INFO - qlib.Initialization - [config.py:452] - default_conf: client.
[31816:MainThread](2026-05-01 02:30:04,745) INFO - qlib.Initialization - [__init__.py:75] - qlib successfully initialized based on client settings.
[31816:MainThread](2026-05-01 02:30:04,745) INFO - qlib.Initialization - [__init__.py:77] - data_path={'__DEFAULT_FREQ': WindowsPath('C:/Users/60585/.qlib/qlib_data/cn_data')}
[36624:MainThread](2026-05-01 02:30:04,749) INFO - qlib.Initialization - [__init__.py:75] - qlib successfully initialized based on client settings.
[1096:MainThread](2026-05-01 02:30:04,749) INFO - qlib.Initialization - [config.py:452] - default_conf: client.
[36624:MainThread](2026-05-01 02:30:04,750) INFO - qlib.Initialization - [__init__.py:77] - data_path={'__DEFAULT_FREQ': WindowsPath('C:/Users/60585/.qlib/qlib_data/cn_data')}
[1096:MainThread](2026-05-01 02:30:04,754) INFO - qlib.Initialization - [__init__.py:75] - qlib successfully initialized based on client settings.
[1096:MainThread](2026-05-01 02:30:04,754) INFO - qlib.Initialization - [__init__.py:77] - data_path={'__DEFAULT_FREQ': WindowsPath('C:/Users/60585/.qlib/qlib_data/cn_data')}
[22488:MainThread](2026-05-01 02:30:04,755) INFO - qlib.Initialization - [config.py:452] - default_conf: client.
[22488:MainThread](2026-05-01 02:30:04,759) INFO - qlib.Initialization - [__init__.py:75] - qlib successfully initialized based on client settings.
[22488:MainThread](2026-05-01 02:30:04,760) INFO - qlib.Initialization - [__init__.py:77] - data_path={'__DEFAULT_FREQ': WindowsPath('C:/Users/60585/.qlib/qlib_data/cn_data')}
[38448:MainThread](2026-05-01 02:30:05,504) INFO - qlib.timer - [log.py:127] - Time cost: 20.272s | Loading data Done
[38448:MainThread](2026-05-01 02:30:09,680) INFO - qlib.timer - [log.py:127] - Time cost: 3.867s | RobustZScoreNorm Done
[38448:MainThread](2026-05-01 02:30:10,467) INFO - qlib.timer - [log.py:127] - Time cost: 0.788s | Fillna Done
[38448:MainThread](2026-05-01 02:30:10,953) INFO - qlib.timer - [log.py:127] - Time cost: 0.159s | DropnaLabel Done
[38448:MainThread](2026-05-01 02:30:15,769) INFO - qlib.timer - [log.py:127] - Time cost: 4.816s | CSZScoreNorm Done
[38448:MainThread](2026-05-01 02:30:15,785) INFO - qlib.timer - [log.py:127] - Time cost: 10.281s | fit & process data Done
[38448:MainThread](2026-05-01 02:30:15,786) INFO - qlib.timer - [log.py:127] - Time cost: 30.553s | Init data Done
C:\Users\60585\PycharmProjects\qibMacV2\module\model_adapter.py:151: FutureWarning: `torch.cuda.amp.GradScaler(args...)` is deprecated. Please use `torch.amp.GradScaler('cuda', args...)` instead.
  self.scaler = torch.cuda.amp.GradScaler(enabled=True)
C:\Users\60585\miniconda3\envs\quantEnv\lib\site-packages\mlflow\tracking\_tracking_service\utils.py:140: FutureWarning: Filesystem tracking backend (e.g., './mlruns') is deprecated. Please switch to a database backend (e.g., 'sqlite:///mlflow.db'). For feedback, see: https://github.com/mlflow/mlflow/issues/18534
  return FileStore(store_uri, store_uri)
[38448:MainThread](2026-05-01 02:30:19,392) INFO - qlib.workflow - [exp.py:258] - Experiment 857301447245886986 starts running ...
[38448:MainThread](2026-05-01 02:30:19,887) INFO - qlib.workflow - [recorder.py:345] - Recorder 5e458ead56d843b6bac14e3489a4ca5c starts running under Experiment 857301447245886986 ...
warning: in the working copy of 'module/architecture/moe_block.py', LF will be replaced by CRLF the next time Git touches it
warning: in the working copy of 'module/model_adapter.py', LF will be replaced by CRLF the next time Git touches it
warning: in the working copy of 'module/quant_moe_model.py', LF will be replaced by CRLF the next time Git touches it
warning: in the working copy of 'module/utils/model_configuration.py', LF will be replaced by CRLF the next time Git touches it
warning: in the working copy of 'work_flow.py', LF will be replaced by CRLF the next time Git touches it
[38448:MainThread](2026-05-01 07:00:36,483) INFO - qlib.workflow - [record_temp.py:198] - Signal record 'pred.pkl' has been saved as the artifact of the Experiment 857301447245886986
Downloading artifacts:   0%|          | 0/1 [00:00<?, ?it/s]Downloading artifacts:   0%|          | 0/1 [00:00<?, ?it/s]
Downloading artifacts:   0%|          | 0/1 [00:00<?, ?it/s]Downloading artifacts: 100%|██████████| 1/1 [00:00<00:00, 179.47it/s]Downloading artifacts: 100%|██████████| 1/1 [00:00<00:00, 179.47it/s]
Downloading artifacts:   0%|          | 0/1 [00:00<?, ?it/s]Downloading artifacts:   0%|          | 0/1 [00:00<?, ?it/s]
Downloading artifacts:   0%|          | 0/1 [00:00<?, ?it/s]Downloading artifacts: 100%|██████████| 1/1 [00:00<00:00, 173.33it/s]Downloading artifacts: 100%|██████████| 1/1 [00:00<00:00, 173.33it/s]
Downloading artifacts:   0%|          | 0/1 [00:00<?, ?it/s]Downloading artifacts: 100%|██████████| 1/1 [00:00<00:00, 618.08it/s]Downloading artifacts: 100%|██████████| 1/1 [00:00<00:00, 618.08it/s]
Downloading artifacts:   0%|          | 0/1 [00:00<?, ?it/s]Downloading artifacts:   0%|          | 0/1 [00:00<?, ?it/s]
Downloading artifacts:   0%|          | 0/1 [00:00<?, ?it/s]Downloading artifacts: 100%|██████████| 1/1 [00:00<00:00, 665.66it/s]Downloading artifacts: 100%|██████████| 1/1 [00:00<00:00, 665.66it/s]
[38448:MainThread](2026-05-01 07:00:37,446) INFO - qlib.backtest caller - [__init__.py:93] - Create new exchange
Gym has been unmaintained since 2022 and does not support NumPy 2.0 amongst other critical functionality.
Please upgrade to Gymnasium, the maintained drop-in replacement of Gym, or contact the authors of your software and request that they upgrade.
Users of this version of Gym should be able to simply replace 'import gym' with 'import gymnasium as gym' in the vast majority of cases.
See the migration guide at https://gymnasium.farama.org/introduction/migration_guide/ for additional information.
Gym has been unmaintained since 2022 and does not support NumPy 2.0 amongst other critical functionality.
Please upgrade to Gymnasium, the maintained drop-in replacement of Gym, or contact the authors of your software and request that they upgrade.
Users of this version of Gym should be able to simply replace 'import gym' with 'import gymnasium as gym' in the vast majority of cases.
See the migration guide at https://gymnasium.farama.org/introduction/migration_guide/ for additional information.
Gym has been unmaintained since 2022 and does not support NumPy 2.0 amongst other critical functionality.
Please upgrade to Gymnasium, the maintained drop-in replacement of Gym, or contact the authors of your software and request that they upgrade.
Users of this version of Gym should be able to simply replace 'import gym' with 'import gymnasium as gym' in the vast majority of cases.
See the migration guide at https://gymnasium.farama.org/introduction/migration_guide/ for additional information.
Gym has been unmaintained since 2022 and does not support NumPy 2.0 amongst other critical functionality.
Please upgrade to Gymnasium, the maintained drop-in replacement of Gym, or contact the authors of your software and request that they upgrade.
Users of this version of Gym should be able to simply replace 'import gym' with 'import gymnasium as gym' in the vast majority of cases.
See the migration guide at https://gymnasium.farama.org/introduction/migration_guide/ for additional information.
Gym has been unmaintained since 2022 and does not support NumPy 2.0 amongst other critical functionality.
Please upgrade to Gymnasium, the maintained drop-in replacement of Gym, or contact the authors of your software and request that they upgrade.
Users of this version of Gym should be able to simply replace 'import gym' with 'import gymnasium as gym' in the vast majority of cases.
See the migration guide at https://gymnasium.farama.org/introduction/migration_guide/ for additional information.
Gym has been unmaintained since 2022 and does not support NumPy 2.0 amongst other critical functionality.
Please upgrade to Gymnasium, the maintained drop-in replacement of Gym, or contact the authors of your software and request that they upgrade.
Users of this version of Gym should be able to simply replace 'import gym' with 'import gymnasium as gym' in the vast majority of cases.
See the migration guide at https://gymnasium.farama.org/introduction/migration_guide/ for additional information.
Gym has been unmaintained since 2022 and does not support NumPy 2.0 amongst other critical functionality.
Please upgrade to Gymnasium, the maintained drop-in replacement of Gym, or contact the authors of your software and request that they upgrade.
Users of this version of Gym should be able to simply replace 'import gym' with 'import gymnasium as gym' in the vast majority of cases.
See the migration guide at https://gymnasium.farama.org/introduction/migration_guide/ for additional information.
Gym has been unmaintained since 2022 and does not support NumPy 2.0 amongst other critical functionality.
Please upgrade to Gymnasium, the maintained drop-in replacement of Gym, or contact the authors of your software and request that they upgrade.
Users of this version of Gym should be able to simply replace 'import gym' with 'import gymnasium as gym' in the vast majority of cases.
See the migration guide at https://gymnasium.farama.org/introduction/migration_guide/ for additional information.
Gym has been unmaintained since 2022 and does not support NumPy 2.0 amongst other critical functionality.
Please upgrade to Gymnasium, the maintained drop-in replacement of Gym, or contact the authors of your software and request that they upgrade.
Users of this version of Gym should be able to simply replace 'import gym' with 'import gymnasium as gym' in the vast majority of cases.
See the migration guide at https://gymnasium.farama.org/introduction/migration_guide/ for additional information.
Gym has been unmaintained since 2022 and does not support NumPy 2.0 amongst other critical functionality.
Please upgrade to Gymnasium, the maintained drop-in replacement of Gym, or contact the authors of your software and request that they upgrade.
Users of this version of Gym should be able to simply replace 'import gym' with 'import gymnasium as gym' in the vast majority of cases.
See the migration guide at https://gymnasium.farama.org/introduction/migration_guide/ for additional information.
Gym has been unmaintained since 2022 and does not support NumPy 2.0 amongst other critical functionality.
Please upgrade to Gymnasium, the maintained drop-in replacement of Gym, or contact the authors of your software and request that they upgrade.
Users of this version of Gym should be able to simply replace 'import gym' with 'import gymnasium as gym' in the vast majority of cases.
See the migration guide at https://gymnasium.farama.org/introduction/migration_guide/ for additional information.
Gym has been unmaintained since 2022 and does not support NumPy 2.0 amongst other critical functionality.
Please upgrade to Gymnasium, the maintained drop-in replacement of Gym, or contact the authors of your software and request that they upgrade.
Users of this version of Gym should be able to simply replace 'import gym' with 'import gymnasium as gym' in the vast majority of cases.
See the migration guide at https://gymnasium.farama.org/introduction/migration_guide/ for additional information.
Gym has been unmaintained since 2022 and does not support NumPy 2.0 amongst other critical functionality.
Please upgrade to Gymnasium, the maintained drop-in replacement of Gym, or contact the authors of your software and request that they upgrade.
Users of this version of Gym should be able to simply replace 'import gym' with 'import gymnasium as gym' in the vast majority of cases.
See the migration guide at https://gymnasium.farama.org/introduction/migration_guide/ for additional information.
Gym has been unmaintained since 2022 and does not support NumPy 2.0 amongst other critical functionality.
Please upgrade to Gymnasium, the maintained drop-in replacement of Gym, or contact the authors of your software and request that they upgrade.
Users of this version of Gym should be able to simply replace 'import gym' with 'import gymnasium as gym' in the vast majority of cases.
See the migration guide at https://gymnasium.farama.org/introduction/migration_guide/ for additional information.
Gym has been unmaintained since 2022 and does not support NumPy 2.0 amongst other critical functionality.
Please upgrade to Gymnasium, the maintained drop-in replacement of Gym, or contact the authors of your software and request that they upgrade.
Users of this version of Gym should be able to simply replace 'import gym' with 'import gymnasium as gym' in the vast majority of cases.
See the migration guide at https://gymnasium.farama.org/introduction/migration_guide/ for additional information.
Gym has been unmaintained since 2022 and does not support NumPy 2.0 amongst other critical functionality.
Please upgrade to Gymnasium, the maintained drop-in replacement of Gym, or contact the authors of your software and request that they upgrade.
Users of this version of Gym should be able to simply replace 'import gym' with 'import gymnasium as gym' in the vast majority of cases.
See the migration guide at https://gymnasium.farama.org/introduction/migration_guide/ for additional information.
Gym has been unmaintained since 2022 and does not support NumPy 2.0 amongst other critical functionality.
Please upgrade to Gymnasium, the maintained drop-in replacement of Gym, or contact the authors of your software and request that they upgrade.
Users of this version of Gym should be able to simply replace 'import gym' with 'import gymnasium as gym' in the vast majority of cases.
See the migration guide at https://gymnasium.farama.org/introduction/migration_guide/ for additional information.
Gym has been unmaintained since 2022 and does not support NumPy 2.0 amongst other critical functionality.
Please upgrade to Gymnasium, the maintained drop-in replacement of Gym, or contact the authors of your software and request that they upgrade.
Users of this version of Gym should be able to simply replace 'import gym' with 'import gymnasium as gym' in the vast majority of cases.
See the migration guide at https://gymnasium.farama.org/introduction/migration_guide/ for additional information.
[13232:MainThread](2026-05-01 07:00:41,390) INFO - qlib.Initialization - [config.py:452] - default_conf: client.
[18088:MainThread](2026-05-01 07:00:41,390) INFO - qlib.Initialization - [config.py:452] - default_conf: client.
[37380:MainThread](2026-05-01 07:00:41,393) INFO - qlib.Initialization - [config.py:452] - default_conf: client.
[33252:MainThread](2026-05-01 07:00:41,394) INFO - qlib.Initialization - [config.py:452] - default_conf: client.
[18284:MainThread](2026-05-01 07:00:41,394) INFO - qlib.Initialization - [config.py:452] - default_conf: client.
[13232:MainThread](2026-05-01 07:00:41,395) INFO - qlib.Initialization - [__init__.py:75] - qlib successfully initialized based on client settings.
[18088:MainThread](2026-05-01 07:00:41,395) INFO - qlib.Initialization - [__init__.py:75] - qlib successfully initialized based on client settings.
[13232:MainThread](2026-05-01 07:00:41,395) INFO - qlib.Initialization - [__init__.py:77] - data_path={'__DEFAULT_FREQ': WindowsPath('C:/Users/60585/.qlib/qlib_data/cn_data')}
[18088:MainThread](2026-05-01 07:00:41,396) INFO - qlib.Initialization - [__init__.py:77] - data_path={'__DEFAULT_FREQ': WindowsPath('C:/Users/60585/.qlib/qlib_data/cn_data')}
[37380:MainThread](2026-05-01 07:00:41,396) INFO - qlib.Initialization - [__init__.py:75] - qlib successfully initialized based on client settings.
[18284:MainThread](2026-05-01 07:00:41,397) INFO - qlib.Initialization - [__init__.py:75] - qlib successfully initialized based on client settings.
[37380:MainThread](2026-05-01 07:00:41,397) INFO - qlib.Initialization - [__init__.py:77] - data_path={'__DEFAULT_FREQ': WindowsPath('C:/Users/60585/.qlib/qlib_data/cn_data')}
[18284:MainThread](2026-05-01 07:00:41,397) INFO - qlib.Initialization - [__init__.py:77] - data_path={'__DEFAULT_FREQ': WindowsPath('C:/Users/60585/.qlib/qlib_data/cn_data')}
[33252:MainThread](2026-05-01 07:00:41,397) INFO - qlib.Initialization - [__init__.py:75] - qlib successfully initialized based on client settings.
[39448:MainThread](2026-05-01 07:00:41,397) INFO - qlib.Initialization - [config.py:452] - default_conf: client.
[33252:MainThread](2026-05-01 07:00:41,397) INFO - qlib.Initialization - [__init__.py:77] - data_path={'__DEFAULT_FREQ': WindowsPath('C:/Users/60585/.qlib/qlib_data/cn_data')}
[27472:MainThread](2026-05-01 07:00:41,400) INFO - qlib.Initialization - [config.py:452] - default_conf: client.
[37584:MainThread](2026-05-01 07:00:41,400) INFO - qlib.Initialization - [config.py:452] - default_conf: client.
[36856:MainThread](2026-05-01 07:00:41,400) INFO - qlib.Initialization - [config.py:452] - default_conf: client.
[10948:MainThread](2026-05-01 07:00:41,401) INFO - qlib.Initialization - [config.py:452] - default_conf: client.
[39448:MainThread](2026-05-01 07:00:41,402) INFO - qlib.Initialization - [__init__.py:75] - qlib successfully initialized based on client settings.
[39448:MainThread](2026-05-01 07:00:41,402) INFO - qlib.Initialization - [__init__.py:77] - data_path={'__DEFAULT_FREQ': WindowsPath('C:/Users/60585/.qlib/qlib_data/cn_data')}
[19808:MainThread](2026-05-01 07:00:41,402) INFO - qlib.Initialization - [config.py:452] - default_conf: client.
[27472:MainThread](2026-05-01 07:00:41,404) INFO - qlib.Initialization - [__init__.py:75] - qlib successfully initialized based on client settings.
[36856:MainThread](2026-05-01 07:00:41,404) INFO - qlib.Initialization - [__init__.py:75] - qlib successfully initialized based on client settings.
[37584:MainThread](2026-05-01 07:00:41,404) INFO - qlib.Initialization - [__init__.py:75] - qlib successfully initialized based on client settings.
[27472:MainThread](2026-05-01 07:00:41,404) INFO - qlib.Initialization - [__init__.py:77] - data_path={'__DEFAULT_FREQ': WindowsPath('C:/Users/60585/.qlib/qlib_data/cn_data')}
[36856:MainThread](2026-05-01 07:00:41,404) INFO - qlib.Initialization - [__init__.py:77] - data_path={'__DEFAULT_FREQ': WindowsPath('C:/Users/60585/.qlib/qlib_data/cn_data')}
[37584:MainThread](2026-05-01 07:00:41,404) INFO - qlib.Initialization - [__init__.py:77] - data_path={'__DEFAULT_FREQ': WindowsPath('C:/Users/60585/.qlib/qlib_data/cn_data')}
[13632:MainThread](2026-05-01 07:00:41,404) INFO - qlib.Initialization - [config.py:452] - default_conf: client.
[10948:MainThread](2026-05-01 07:00:41,405) INFO - qlib.Initialization - [__init__.py:75] - qlib successfully initialized based on client settings.
[10948:MainThread](2026-05-01 07:00:41,405) INFO - qlib.Initialization - [__init__.py:77] - data_path={'__DEFAULT_FREQ': WindowsPath('C:/Users/60585/.qlib/qlib_data/cn_data')}
[19808:MainThread](2026-05-01 07:00:41,406) INFO - qlib.Initialization - [__init__.py:75] - qlib successfully initialized based on client settings.
[19808:MainThread](2026-05-01 07:00:41,407) INFO - qlib.Initialization - [__init__.py:77] - data_path={'__DEFAULT_FREQ': WindowsPath('C:/Users/60585/.qlib/qlib_data/cn_data')}
[33800:MainThread](2026-05-01 07:00:41,407) INFO - qlib.Initialization - [config.py:452] - default_conf: client.
[13632:MainThread](2026-05-01 07:00:41,407) INFO - qlib.Initialization - [__init__.py:75] - qlib successfully initialized based on client settings.
[13632:MainThread](2026-05-01 07:00:41,408) INFO - qlib.Initialization - [__init__.py:77] - data_path={'__DEFAULT_FREQ': WindowsPath('C:/Users/60585/.qlib/qlib_data/cn_data')}
[33800:MainThread](2026-05-01 07:00:41,410) INFO - qlib.Initialization - [__init__.py:75] - qlib successfully initialized based on client settings.
[18636:MainThread](2026-05-01 07:00:41,411) INFO - qlib.Initialization - [config.py:452] - default_conf: client.
[33800:MainThread](2026-05-01 07:00:41,411) INFO - qlib.Initialization - [__init__.py:77] - data_path={'__DEFAULT_FREQ': WindowsPath('C:/Users/60585/.qlib/qlib_data/cn_data')}
[2704:MainThread](2026-05-01 07:00:41,411) INFO - qlib.Initialization - [config.py:452] - default_conf: client.
[20416:MainThread](2026-05-01 07:00:41,411) INFO - qlib.Initialization - [config.py:452] - default_conf: client.
[18636:MainThread](2026-05-01 07:00:41,415) INFO - qlib.Initialization - [__init__.py:75] - qlib successfully initialized based on client settings.
[2704:MainThread](2026-05-01 07:00:41,415) INFO - qlib.Initialization - [__init__.py:75] - qlib successfully initialized based on client settings.
[2704:MainThread](2026-05-01 07:00:41,415) INFO - qlib.Initialization - [__init__.py:77] - data_path={'__DEFAULT_FREQ': WindowsPath('C:/Users/60585/.qlib/qlib_data/cn_data')}
[18636:MainThread](2026-05-01 07:00:41,415) INFO - qlib.Initialization - [__init__.py:77] - data_path={'__DEFAULT_FREQ': WindowsPath('C:/Users/60585/.qlib/qlib_data/cn_data')}
[20416:MainThread](2026-05-01 07:00:41,415) INFO - qlib.Initialization - [__init__.py:75] - qlib successfully initialized based on client settings.
[28660:MainThread](2026-05-01 07:00:41,415) INFO - qlib.Initialization - [config.py:452] - default_conf: client.
[39140:MainThread](2026-05-01 07:00:41,415) INFO - qlib.Initialization - [config.py:452] - default_conf: client.
[20416:MainThread](2026-05-01 07:00:41,416) INFO - qlib.Initialization - [__init__.py:77] - data_path={'__DEFAULT_FREQ': WindowsPath('C:/Users/60585/.qlib/qlib_data/cn_data')}
[39140:MainThread](2026-05-01 07:00:41,419) INFO - qlib.Initialization - [__init__.py:75] - qlib successfully initialized based on client settings.
[28660:MainThread](2026-05-01 07:00:41,420) INFO - qlib.Initialization - [__init__.py:75] - qlib successfully initialized based on client settings.
[39140:MainThread](2026-05-01 07:00:41,420) INFO - qlib.Initialization - [__init__.py:77] - data_path={'__DEFAULT_FREQ': WindowsPath('C:/Users/60585/.qlib/qlib_data/cn_data')}
[28660:MainThread](2026-05-01 07:00:41,420) INFO - qlib.Initialization - [__init__.py:77] - data_path={'__DEFAULT_FREQ': WindowsPath('C:/Users/60585/.qlib/qlib_data/cn_data')}
[38448:MainThread](2026-05-01 07:00:44,953) WARNING - qlib.online operator - [exchange.py:219] - $close field data contains nan.
[38448:MainThread](2026-05-01 07:00:44,956) WARNING - qlib.online operator - [exchange.py:219] - $close field data contains nan.
[38448:MainThread](2026-05-01 07:00:55,075) WARNING - qlib.BaseExecutor - [executor.py:121] - `common_infra` is not set for <qlib.backtest.executor.SimulatorExecutor object at 0x00000190D1F0F8E0>
backtest loop:   0%|          | 0/611 [00:00<?, ?it/s]C:\Users\60585\miniconda3\envs\quantEnv\lib\site-packages\qlib\utils\index_data.py:492: RuntimeWarning: Mean of empty slice
  return np.nanmean(self.data)
backtest loop:   3%|▎         | 19/611 [00:00<00:03, 186.09it/s]backtest loop:   6%|▌         | 38/611 [00:00<00:03, 183.10it/s]backtest loop:   9%|▉         | 58/611 [00:00<00:03, 183.73it/s]backtest loop:  13%|█▎        | 77/611 [00:00<00:02, 178.96it/s]backtest loop:  16%|█▌        | 97/611 [00:00<00:02, 181.07it/s]backtest loop:  19%|█▉        | 117/611 [00:00<00:02, 183.01it/s]backtest loop:  22%|██▏       | 136/611 [00:00<00:02, 183.33it/s]backtest loop:  25%|██▌       | 155/611 [00:00<00:02, 184.31it/s]backtest loop:  28%|██▊       | 174/611 [00:01<00:03, 137.96it/s]backtest loop:  31%|███▏      | 192/611 [00:01<00:02, 146.74it/s]backtest loop:  35%|███▍      | 211/611 [00:01<00:02, 156.04it/s]backtest loop:  38%|███▊      | 230/611 [00:01<00:02, 163.06it/s]backtest loop:  41%|████      | 249/611 [00:01<00:02, 169.36it/s]backtest loop:  44%|████▍     | 268/611 [00:01<00:01, 173.94it/s]backtest loop:  47%|████▋     | 287/611 [00:01<00:01, 177.21it/s]backtest loop:  50%|█████     | 306/611 [00:01<00:01, 179.05it/s]backtest loop:  53%|█████▎    | 325/611 [00:01<00:01, 177.92it/s]backtest loop:  56%|█████▋    | 344/611 [00:01<00:01, 180.24it/s]backtest loop:  60%|█████▉    | 364/611 [00:02<00:01, 183.10it/s]backtest loop:  63%|██████▎   | 383/611 [00:02<00:01, 183.67it/s]backtest loop:  66%|██████▌   | 403/611 [00:02<00:01, 184.40it/s]backtest loop:  69%|██████▉   | 423/611 [00:02<00:01, 185.21it/s]backtest loop:  72%|███████▏  | 442/611 [00:02<00:00, 184.97it/s]backtest loop:  75%|███████▌  | 461/611 [00:02<00:00, 185.20it/s]backtest loop:  79%|███████▊  | 480/611 [00:02<00:00, 185.32it/s]backtest loop:  82%|████████▏ | 499/611 [00:02<00:00, 185.05it/s]backtest loop:  85%|████████▍ | 518/611 [00:02<00:00, 185.61it/s]backtest loop:  88%|████████▊ | 537/611 [00:03<00:00, 185.48it/s]backtest loop:  91%|█████████ | 556/611 [00:03<00:00, 185.50it/s]backtest loop:  94%|█████████▍| 576/611 [00:03<00:00, 186.75it/s]backtest loop:  98%|█████████▊| 596/611 [00:03<00:00, 185.64it/s]backtest loop: 100%|██████████| 611/611 [00:03<00:00, 178.03it/s]
[38448:MainThread](2026-05-01 07:00:58,528) INFO - qlib.workflow - [record_temp.py:515] - Portfolio analysis record 'port_analysis_1day.pkl' has been saved as the artifact of the Experiment 857301447245886986
[38448:MainThread](2026-05-01 07:00:58,535) INFO - qlib.workflow - [record_temp.py:540] - Indicator analysis record 'indicator_analysis_1day.pkl' has been saved as the artifact of the Experiment 857301447245886986
Downloading artifacts:   0%|          | 0/1 [00:00<?, ?it/s]Downloading artifacts:   0%|          | 0/1 [00:00<?, ?it/s]
Downloading artifacts:   0%|          | 0/1 [00:00<?, ?it/s]Downloading artifacts:   0%|          | 0/1 [00:00<?, ?it/s]
Downloading artifacts:   0%|          | 0/1 [00:00<?, ?it/s]Downloading artifacts: 100%|██████████| 1/1 [00:00<00:00, 1000.79it/s]Downloading artifacts: 100%|██████████| 1/1 [00:00<00:00, 1000.79it/s]
Downloading artifacts:   0%|          | 0/1 [00:00<?, ?it/s]Downloading artifacts: 100%|██████████| 1/1 [00:00<00:00, 997.22it/s]Downloading artifacts: 100%|██████████| 1/1 [00:00<00:00, 997.22it/s]
Downloading artifacts:   0%|          | 0/1 [00:00<?, ?it/s]Downloading artifacts: 100%|██████████| 1/1 [00:00<00:00, 480.78it/s]Downloading artifacts: 100%|██████████| 1/1 [00:00<00:00, 480.78it/s]
Downloading artifacts:   0%|          | 0/1 [00:00<?, ?it/s]Downloading artifacts: 100%|██████████| 1/1 [00:00<00:00, 387.43it/s]Downloading artifacts: 100%|██████████| 1/1 [00:00<00:00, 387.43it/s]
Downloading artifacts:   0%|          | 0/1 [00:00<?, ?it/s]Downloading artifacts: 100%|██████████| 1/1 [00:00<00:00, 498.73it/s]Downloading artifacts: 100%|██████████| 1/1 [00:00<00:00, 498.73it/s]
C:\Users\60585\miniconda3\envs\quantEnv\lib\site-packages\qlib\contrib\report\analysis_position\parse_position.py:36: FutureWarning:

DataFrame.fillna with 'method' is deprecated and will raise in a future version. Use obj.ffill() or obj.bfill() instead.

C:\Users\60585\miniconda3\envs\quantEnv\lib\site-packages\qlib\contrib\report\analysis_position\risk_analysis.py:104: FutureWarning:

When grouping with a length-1 list-like, you will need to pass a length-1 tuple to get_group in a future version of pandas. Pass `(name,)` instead of `name` to silence this warning.

C:\Users\60585\miniconda3\envs\quantEnv\lib\site-packages\qlib\contrib\report\analysis_position\risk_analysis.py:104: FutureWarning:

When grouping with a length-1 list-like, you will need to pass a length-1 tuple to get_group in a future version of pandas. Pass `(name,)` instead of `name` to silence this warning.

C:\Users\60585\miniconda3\envs\quantEnv\lib\site-packages\qlib\contrib\report\analysis_position\risk_analysis.py:104: FutureWarning:

When grouping with a length-1 list-like, you will need to pass a length-1 tuple to get_group in a future version of pandas. Pass `(name,)` instead of `name` to silence this warning.

C:\Users\60585\miniconda3\envs\quantEnv\lib\site-packages\qlib\contrib\report\analysis_position\risk_analysis.py:104: FutureWarning:

When grouping with a length-1 list-like, you will need to pass a length-1 tuple to get_group in a future version of pandas. Pass `(name,)` instead of `name` to silence this warning.

C:\Users\60585\miniconda3\envs\quantEnv\lib\site-packages\qlib\contrib\report\analysis_position\parse_position.py:36: FutureWarning:

DataFrame.fillna with 'method' is deprecated and will raise in a future version. Use obj.ffill() or obj.bfill() instead.

C:\Users\60585\miniconda3\envs\quantEnv\lib\site-packages\qlib\contrib\report\analysis_model\analysis_model_performance.py:157: FutureWarning:

'M' is deprecated and will be removed in a future version, please use 'ME' instead.

Downloading artifacts:   0%|          | 0/1 [00:00<?, ?it/s]Downloading artifacts: 100%|██████████| 1/1 [00:00<00:00, 1873.29it/s]Downloading artifacts: 100%|██████████| 1/1 [00:00<00:00, 1873.29it/s]
Downloading artifacts:   0%|          | 0/1 [00:00<?, ?it/s]Downloading artifacts: 100%|██████████| 1/1 [00:00<?, ?it/s]Downloading artifacts: 100%|██████████| 1/1 [00:00<00:00, 1000.31it/s]
Downloading artifacts:   0%|          | 0/1 [00:00<?, ?it/s]Downloading artifacts: 100%|██████████| 1/1 [00:00<?, ?it/s]Downloading artifacts: 100%|██████████| 1/1 [00:00<00:00, 995.80it/s]
Downloading artifacts:   0%|          | 0/1 [00:00<?, ?it/s]Downloading artifacts: 100%|██████████| 1/1 [00:00<00:00, 665.13it/s]Downloading artifacts: 100%|██████████| 1/1 [00:00<00:00, 665.13it/s]
Downloading artifacts:   0%|          | 0/1 [00:00<?, ?it/s]Downloading artifacts: 100%|██████████| 1/1 [00:00<00:00, 999.12it/s]Downloading artifacts: 100%|██████████| 1/1 [00:00<00:00, 999.12it/s]
Downloading artifacts:   0%|          | 0/1 [00:00<?, ?it/s]Downloading artifacts: 100%|██████████| 1/1 [00:00<00:00, 994.85it/s]Downloading artifacts: 100%|██████████| 1/1 [00:00<00:00, 994.85it/s]
Downloading artifacts:   0%|          | 0/1 [00:00<?, ?it/s]Downloading artifacts: 100%|██████████| 1/1 [00:00<00:00, 1000.55it/s]Downloading artifacts: 100%|██████████| 1/1 [00:00<00:00, 1000.55it/s]
Downloading artifacts:   0%|          | 0/1 [00:00<?, ?it/s]Downloading artifacts: 100%|██████████| 1/1 [00:00<00:00, 998.17it/s]Downloading artifacts: 100%|██████████| 1/1 [00:00<00:00, 998.17it/s]
Downloading artifacts:   0%|          | 0/1 [00:00<?, ?it/s]Downloading artifacts: 100%|██████████| 1/1 [00:00<?, ?it/s]Downloading artifacts: 100%|██████████| 1/1 [00:00<?, ?it/s]
Downloading artifacts:   0%|          | 0/1 [00:00<?, ?it/s]Downloading artifacts: 100%|██████████| 1/1 [00:00<00:00, 717.34it/s]Downloading artifacts: 100%|██████████| 1/1 [00:00<00:00, 717.34it/s]
Downloading artifacts:   0%|          | 0/1 [00:00<?, ?it/s]Downloading artifacts: 100%|██████████| 1/1 [00:00<00:00, 496.90it/s]Downloading artifacts: 100%|██████████| 1/1 [00:00<00:00, 496.90it/s]
Downloading artifacts:   0%|          | 0/1 [00:00<?, ?it/s]Downloading artifacts: 100%|██████████| 1/1 [00:00<00:00, 390.39it/s]Downloading artifacts: 100%|██████████| 1/1 [00:00<00:00, 390.39it/s]
Downloading artifacts:   0%|          | 0/1 [00:00<?, ?it/s]Downloading artifacts: 100%|██████████| 1/1 [00:00<00:00, 879.86it/s]Downloading artifacts: 100%|██████████| 1/1 [00:00<00:00, 879.86it/s]
Downloading artifacts:   0%|          | 0/1 [00:00<?, ?it/s]Downloading artifacts: 100%|██████████| 1/1 [00:00<00:00, 1939.11it/s]Downloading artifacts: 100%|██████████| 1/1 [00:00<00:00, 1939.11it/s]
Downloading artifacts:   0%|          | 0/1 [00:00<?, ?it/s]Downloading artifacts: 100%|██████████| 1/1 [00:00<00:00, 1978.45it/s]Downloading artifacts: 100%|██████████| 1/1 [00:00<00:00, 1978.45it/s]
Downloading artifacts:   0%|          | 0/1 [00:00<?, ?it/s]Downloading artifacts: 100%|██████████| 1/1 [00:00<?, ?it/s]Downloading artifacts: 100%|██████████| 1/1 [00:00<00:00, 711.14it/s]
Downloading artifacts:   0%|          | 0/1 [00:00<?, ?it/s]Downloading artifacts: 100%|██████████| 1/1 [00:00<?, ?it/s]Downloading artifacts: 100%|██████████| 1/1 [00:00<?, ?it/s]
Downloading artifacts:   0%|          | 0/1 [00:00<?, ?it/s]Downloading artifacts: 100%|██████████| 1/1 [00:00<00:00, 1000.31it/s]Downloading artifacts: 100%|██████████| 1/1 [00:00<00:00, 1000.31it/s]
Downloading artifacts:   0%|          | 0/1 [00:00<?, ?it/s]Downloading artifacts: 100%|██████████| 1/1 [00:00<00:00, 995.33it/s]Downloading artifacts: 100%|██████████| 1/1 [00:00<00:00, 995.33it/s]
Downloading artifacts:   0%|          | 0/1 [00:00<?, ?it/s]Downloading artifacts: 100%|██████████| 1/1 [00:00<00:00, 999.12it/s]Downloading artifacts: 100%|██████████| 1/1 [00:00<00:00, 999.12it/s]
Downloading artifacts:   0%|          | 0/1 [00:00<?, ?it/s]Downloading artifacts:   0%|          | 0/1 [00:00<?, ?it/s]
Downloading artifacts:   0%|          | 0/1 [00:00<?, ?it/s]Downloading artifacts:   0%|          | 0/1 [00:00<?, ?it/s]
Downloading artifacts:   0%|          | 0/1 [00:00<?, ?it/s]Downloading artifacts:   0%|          | 0/1 [00:00<?, ?it/s]
Downloading artifacts:   0%|          | 0/1 [00:00<?, ?it/s]Downloading artifacts:   0%|          | 0/1 [00:00<?, ?it/s]
Downloading artifacts:   0%|          | 0/1 [00:00<?, ?it/s]Downloading artifacts:   0%|          | 0/1 [00:00<?, ?it/s]
Downloading artifacts:   0%|          | 0/1 [00:00<?, ?it/s]Downloading artifacts:   0%|          | 0/1 [00:00<?, ?it/s]
Downloading artifacts:   0%|          | 0/1 [00:00<?, ?it/s]Downloading artifacts:   0%|          | 0/1 [00:00<?, ?it/s]
Downloading artifacts:   0%|          | 0/1 [00:00<?, ?it/s]Downloading artifacts: 100%|██████████| 1/1 [00:00<?, ?it/s]Downloading artifacts: 100%|██████████| 1/1 [00:00<?, ?it/s]
Downloading artifacts:   0%|          | 0/1 [00:00<?, ?it/s]Downloading artifacts:   0%|          | 0/1 [00:00<?, ?it/s]
Downloading artifacts:   0%|          | 0/1 [00:00<?, ?it/s]Downloading artifacts: 100%|██████████| 1/1 [00:00<00:00, 1000.07it/s]Downloading artifacts: 100%|██████████| 1/1 [00:00<00:00, 1000.07it/s]
Downloading artifacts:   0%|          | 0/1 [00:00<?, ?it/s]Downloading artifacts:   0%|          | 0/1 [00:00<?, ?it/s]
Downloading artifacts:   0%|          | 0/1 [00:00<?, ?it/s]Downloading artifacts: 100%|██████████| 1/1 [00:00<00:00, 932.48it/s]Downloading artifacts: 100%|██████████| 1/1 [00:00<00:00, 932.48it/s]
Downloading artifacts:   0%|          | 0/1 [00:00<?, ?it/s]Downloading artifacts: 100%|██████████| 1/1 [00:00<00:00, 910.42it/s]Downloading artifacts: 100%|██████████| 1/1 [00:00<00:00, 910.42it/s]
Downloading artifacts:   0%|          | 0/1 [00:00<?, ?it/s]Downloading artifacts: 100%|██████████| 1/1 [00:00<00:00, 1000.79it/s]Downloading artifacts: 100%|██████████| 1/1 [00:00<00:00, 1000.79it/s]
Downloading artifacts:   0%|          | 0/1 [00:00<?, ?it/s]Downloading artifacts: 100%|██████████| 1/1 [00:00<00:00, 999.36it/s]Downloading artifacts: 100%|██████████| 1/1 [00:00<00:00, 999.36it/s]
Downloading artifacts:   0%|          | 0/1 [00:00<?, ?it/s]Downloading artifacts: 100%|██████████| 1/1 [00:00<00:00, 1487.87it/s]Downloading artifacts: 100%|██████████| 1/1 [00:00<00:00, 1487.87it/s]
Downloading artifacts:   0%|          | 0/1 [00:00<?, ?it/s]Downloading artifacts: 100%|██████████| 1/1 [00:00<?, ?it/s]Downloading artifacts: 100%|██████████| 1/1 [00:00<00:00, 998.64it/s]
Downloading artifacts:   0%|          | 0/1 [00:00<?, ?it/s]Downloading artifacts: 100%|██████████| 1/1 [00:00<00:00, 997.46it/s]Downloading artifacts: 100%|██████████| 1/1 [00:00<00:00, 997.46it/s]
Downloading artifacts:   0%|          | 0/1 [00:00<?, ?it/s]Downloading artifacts: 100%|██████████| 1/1 [00:00<?, ?it/s]Downloading artifacts: 100%|██████████| 1/1 [00:00<00:00, 1000.07it/s]
Downloading artifacts:   0%|          | 0/1 [00:00<?, ?it/s]Downloading artifacts: 100%|██████████| 1/1 [00:00<00:00, 1882.54it/s]Downloading artifacts: 100%|██████████| 1/1 [00:00<00:00, 1882.54it/s]
Downloading artifacts:   0%|          | 0/1 [00:00<?, ?it/s]Downloading artifacts: 100%|██████████| 1/1 [00:00<?, ?it/s]Downloading artifacts: 100%|██████████| 1/1 [00:00<?, ?it/s]
Downloading artifacts:   0%|          | 0/1 [00:00<?, ?it/s]Downloading artifacts: 100%|██████████| 1/1 [00:00<00:00, 994.62it/s]Downloading artifacts: 100%|██████████| 1/1 [00:00<00:00, 994.62it/s]
Downloading artifacts:   0%|          | 0/1 [00:00<?, ?it/s]Downloading artifacts: 100%|██████████| 1/1 [00:00<?, ?it/s]Downloading artifacts: 100%|██████████| 1/1 [00:00<?, ?it/s]
Downloading artifacts:   0%|          | 0/1 [00:00<?, ?it/s]Downloading artifacts: 100%|██████████| 1/1 [00:00<?, ?it/s]Downloading artifacts: 100%|██████████| 1/1 [00:00<?, ?it/s]
Downloading artifacts:   0%|          | 0/1 [00:00<?, ?it/s]Downloading artifacts: 100%|██████████| 1/1 [00:00<00:00, 875.45it/s]Downloading artifacts: 100%|██████████| 1/1 [00:00<00:00, 875.45it/s]
Downloading artifacts:   0%|          | 0/1 [00:00<?, ?it/s]Downloading artifacts: 100%|██████████| 1/1 [00:00<?, ?it/s]Downloading artifacts: 100%|██████████| 1/1 [00:00<00:00, 1001.74it/s]
Downloading artifacts:   0%|          | 0/1 [00:00<?, ?it/s]Downloading artifacts: 100%|██████████| 1/1 [00:00<00:00, 983.42it/s]Downloading artifacts: 100%|██████████| 1/1 [00:00<00:00, 983.42it/s]
Downloading artifacts:   0%|          | 0/1 [00:00<?, ?it/s]Downloading artifacts: 100%|██████████| 1/1 [00:00<?, ?it/s]Downloading artifacts: 100%|██████████| 1/1 [00:00<00:00, 939.79it/s]
Downloading artifacts:   0%|          | 0/1 [00:00<?, ?it/s]Downloading artifacts: 100%|██████████| 1/1 [00:00<00:00, 995.09it/s]Downloading artifacts: 100%|██████████| 1/1 [00:00<00:00, 995.09it/s]
Downloading artifacts:   0%|          | 0/1 [00:00<?, ?it/s]Downloading artifacts: 100%|██████████| 1/1 [00:00<00:00, 1000.07it/s]Downloading artifacts: 100%|██████████| 1/1 [00:00<00:00, 1000.07it/s]
Downloading artifacts:   0%|          | 0/1 [00:00<?, ?it/s]Downloading artifacts: 100%|██████████| 1/1 [00:00<00:00, 665.55it/s]Downloading artifacts: 100%|██████████| 1/1 [00:00<00:00, 665.55it/s]
Downloading artifacts:   0%|          | 0/1 [00:00<?, ?it/s]Downloading artifacts: 100%|██████████| 1/1 [00:00<00:00, 1913.46it/s]Downloading artifacts: 100%|██████████| 1/1 [00:00<00:00, 1913.46it/s]
Downloading artifacts:   0%|          | 0/1 [00:00<?, ?it/s]Downloading artifacts:   0%|          | 0/1 [00:00<?, ?it/s]
Downloading artifacts:   0%|          | 0/1 [00:00<?, ?it/s]Downloading artifacts:   0%|          | 0/1 [00:00<?, ?it/s]
Downloading artifacts:   0%|          | 0/1 [00:00<?, ?it/s]Downloading artifacts:   0%|          | 0/1 [00:00<?, ?it/s]
Downloading artifacts:   0%|          | 0/1 [00:00<?, ?it/s]Downloading artifacts:   0%|          | 0/1 [00:00<?, ?it/s]
Downloading artifacts:   0%|          | 0/1 [00:00<?, ?it/s]Downloading artifacts:   0%|          | 0/1 [00:00<?, ?it/s]
Downloading artifacts:   0%|          | 0/1 [00:00<?, ?it/s]Downloading artifacts:   0%|          | 0/1 [00:00<?, ?it/s]
Downloading artifacts:   0%|          | 0/1 [00:00<?, ?it/s]Downloading artifacts:   0%|          | 0/1 [00:00<?, ?it/s]
Downloading artifacts:   0%|          | 0/1 [00:00<?, ?it/s]Downloading artifacts:   0%|          | 0/1 [00:00<?, ?it/s]
Downloading artifacts:   0%|          | 0/1 [00:00<?, ?it/s]Downloading artifacts:   0%|          | 0/1 [00:00<?, ?it/s]
Downloading artifacts:   0%|          | 0/1 [00:00<?, ?it/s]Downloading artifacts:   0%|          | 0/1 [00:00<?, ?it/s]
Downloading artifacts:   0%|          | 0/1 [00:00<?, ?it/s]Downloading artifacts: 100%|██████████| 1/1 [00:00<00:00, 61.04it/s]Downloading artifacts: 100%|██████████| 1/1 [00:00<00:00, 61.04it/s]
Downloading artifacts:   0%|          | 0/1 [00:00<?, ?it/s]Downloading artifacts: 100%|██████████| 1/1 [00:00<?, ?it/s]Downloading artifacts: 100%|██████████| 1/1 [00:00<00:00, 998.64it/s]
Downloading artifacts:   0%|          | 0/1 [00:00<?, ?it/s]Downloading artifacts: 100%|██████████| 1/1 [00:00<00:00, 997.69it/s]Downloading artifacts: 100%|██████████| 1/1 [00:00<00:00, 663.24it/s]
[38448:MainThread](2026-05-01 07:01:16,861) INFO - qlib.timer - [log.py:127] - Time cost: 0.001s | waiting `async_log` Done
