Gym has been unmaintained since 2022 and does not support NumPy 2.0 amongst other critical functionality.
Please upgrade to Gymnasium, the maintained drop-in replacement of Gym, or contact the authors of your software and request that they upgrade.
Users of this version of Gym should be able to simply replace 'import gym' with 'import gymnasium as gym' in the vast majority of cases.
See the migration guide at https://gymnasium.farama.org/introduction/migration_guide/ for additional information.
[30624:MainThread](2026-05-03 03:32:21,892) INFO - qlib.Initialization - [config.py:452] - default_conf: client.
[30624:MainThread](2026-05-03 03:32:21,895) INFO - qlib.Initialization - [__init__.py:75] - qlib successfully initialized based on client settings.
[30624:MainThread](2026-05-03 03:32:21,895) INFO - qlib.Initialization - [__init__.py:77] - data_path={'__DEFAULT_FREQ': WindowsPath('C:/Users/60585/.qlib/qlib_data/cn_data')}
Gym has been unmaintained since 2022 and does not support NumPy 2.0 amongst other critical functionality.
Please upgrade to Gymnasium, the maintained drop-in replacement of Gym, or contact the authors of your software and request that they upgrade.
Users of this version of Gym should be able to simply replace 'import gym' with 'import gymnasium as gym' in the vast majority of cases.
See the migration guide at https://gymnasium.farama.org/introduction/migration_guide/ for additional information.
Gym has been unmaintained since 2022 and does not support NumPy 2.0 amongst other critical functionality.
Please upgrade to Gymnasium, the maintained drop-in replacement of Gym, or contact the authors of your software and request that they upgrade.
Users of this version of Gym should be able to simply replace 'import gym' with 'import gymnasium as gym' in the vast majority of cases.
See the migration guide at https://gymnasium.farama.org/introduction/migration_guide/ for additional information.
Gym has been unmaintained since 2022 and does not support NumPy 2.0 amongst other critical functionality.
Please upgrade to Gymnasium, the maintained drop-in replacement of Gym, or contact the authors of your software and request that they upgrade.
Users of this version of Gym should be able to simply replace 'import gym' with 'import gymnasium as gym' in the vast majority of cases.
See the migration guide at https://gymnasium.farama.org/introduction/migration_guide/ for additional information.
Gym has been unmaintained since 2022 and does not support NumPy 2.0 amongst other critical functionality.
Please upgrade to Gymnasium, the maintained drop-in replacement of Gym, or contact the authors of your software and request that they upgrade.
Users of this version of Gym should be able to simply replace 'import gym' with 'import gymnasium as gym' in the vast majority of cases.
See the migration guide at https://gymnasium.farama.org/introduction/migration_guide/ for additional information.
Gym has been unmaintained since 2022 and does not support NumPy 2.0 amongst other critical functionality.
Please upgrade to Gymnasium, the maintained drop-in replacement of Gym, or contact the authors of your software and request that they upgrade.
Users of this version of Gym should be able to simply replace 'import gym' with 'import gymnasium as gym' in the vast majority of cases.
See the migration guide at https://gymnasium.farama.org/introduction/migration_guide/ for additional information.
Gym has been unmaintained since 2022 and does not support NumPy 2.0 amongst other critical functionality.
Please upgrade to Gymnasium, the maintained drop-in replacement of Gym, or contact the authors of your software and request that they upgrade.
Users of this version of Gym should be able to simply replace 'import gym' with 'import gymnasium as gym' in the vast majority of cases.
See the migration guide at https://gymnasium.farama.org/introduction/migration_guide/ for additional information.
Gym has been unmaintained since 2022 and does not support NumPy 2.0 amongst other critical functionality.
Please upgrade to Gymnasium, the maintained drop-in replacement of Gym, or contact the authors of your software and request that they upgrade.
Users of this version of Gym should be able to simply replace 'import gym' with 'import gymnasium as gym' in the vast majority of cases.
See the migration guide at https://gymnasium.farama.org/introduction/migration_guide/ for additional information.
Gym has been unmaintained since 2022 and does not support NumPy 2.0 amongst other critical functionality.
Please upgrade to Gymnasium, the maintained drop-in replacement of Gym, or contact the authors of your software and request that they upgrade.
Users of this version of Gym should be able to simply replace 'import gym' with 'import gymnasium as gym' in the vast majority of cases.
See the migration guide at https://gymnasium.farama.org/introduction/migration_guide/ for additional information.
Gym has been unmaintained since 2022 and does not support NumPy 2.0 amongst other critical functionality.
Please upgrade to Gymnasium, the maintained drop-in replacement of Gym, or contact the authors of your software and request that they upgrade.
Users of this version of Gym should be able to simply replace 'import gym' with 'import gymnasium as gym' in the vast majority of cases.
See the migration guide at https://gymnasium.farama.org/introduction/migration_guide/ for additional information.
Gym has been unmaintained since 2022 and does not support NumPy 2.0 amongst other critical functionality.
Please upgrade to Gymnasium, the maintained drop-in replacement of Gym, or contact the authors of your software and request that they upgrade.
Users of this version of Gym should be able to simply replace 'import gym' with 'import gymnasium as gym' in the vast majority of cases.
See the migration guide at https://gymnasium.farama.org/introduction/migration_guide/ for additional information.
Gym has been unmaintained since 2022 and does not support NumPy 2.0 amongst other critical functionality.
Please upgrade to Gymnasium, the maintained drop-in replacement of Gym, or contact the authors of your software and request that they upgrade.
Users of this version of Gym should be able to simply replace 'import gym' with 'import gymnasium as gym' in the vast majority of cases.
See the migration guide at https://gymnasium.farama.org/introduction/migration_guide/ for additional information.
Gym has been unmaintained since 2022 and does not support NumPy 2.0 amongst other critical functionality.
Please upgrade to Gymnasium, the maintained drop-in replacement of Gym, or contact the authors of your software and request that they upgrade.
Users of this version of Gym should be able to simply replace 'import gym' with 'import gymnasium as gym' in the vast majority of cases.
See the migration guide at https://gymnasium.farama.org/introduction/migration_guide/ for additional information.
Gym has been unmaintained since 2022 and does not support NumPy 2.0 amongst other critical functionality.
Please upgrade to Gymnasium, the maintained drop-in replacement of Gym, or contact the authors of your software and request that they upgrade.
Users of this version of Gym should be able to simply replace 'import gym' with 'import gymnasium as gym' in the vast majority of cases.
See the migration guide at https://gymnasium.farama.org/introduction/migration_guide/ for additional information.
Gym has been unmaintained since 2022 and does not support NumPy 2.0 amongst other critical functionality.
Please upgrade to Gymnasium, the maintained drop-in replacement of Gym, or contact the authors of your software and request that they upgrade.
Users of this version of Gym should be able to simply replace 'import gym' with 'import gymnasium as gym' in the vast majority of cases.
See the migration guide at https://gymnasium.farama.org/introduction/migration_guide/ for additional information.
Gym has been unmaintained since 2022 and does not support NumPy 2.0 amongst other critical functionality.
Please upgrade to Gymnasium, the maintained drop-in replacement of Gym, or contact the authors of your software and request that they upgrade.
Users of this version of Gym should be able to simply replace 'import gym' with 'import gymnasium as gym' in the vast majority of cases.
See the migration guide at https://gymnasium.farama.org/introduction/migration_guide/ for additional information.
Gym has been unmaintained since 2022 and does not support NumPy 2.0 amongst other critical functionality.
Please upgrade to Gymnasium, the maintained drop-in replacement of Gym, or contact the authors of your software and request that they upgrade.
Users of this version of Gym should be able to simply replace 'import gym' with 'import gymnasium as gym' in the vast majority of cases.
See the migration guide at https://gymnasium.farama.org/introduction/migration_guide/ for additional information.
Gym has been unmaintained since 2022 and does not support NumPy 2.0 amongst other critical functionality.
Please upgrade to Gymnasium, the maintained drop-in replacement of Gym, or contact the authors of your software and request that they upgrade.
Users of this version of Gym should be able to simply replace 'import gym' with 'import gymnasium as gym' in the vast majority of cases.
See the migration guide at https://gymnasium.farama.org/introduction/migration_guide/ for additional information.
Gym has been unmaintained since 2022 and does not support NumPy 2.0 amongst other critical functionality.
Please upgrade to Gymnasium, the maintained drop-in replacement of Gym, or contact the authors of your software and request that they upgrade.
Users of this version of Gym should be able to simply replace 'import gym' with 'import gymnasium as gym' in the vast majority of cases.
See the migration guide at https://gymnasium.farama.org/introduction/migration_guide/ for additional information.
[16780:MainThread](2026-05-03 03:32:25,716) INFO - qlib.Initialization - [config.py:452] - default_conf: client.
[16780:MainThread](2026-05-03 03:32:25,720) INFO - qlib.Initialization - [__init__.py:75] - qlib successfully initialized based on client settings.
[16780:MainThread](2026-05-03 03:32:25,721) INFO - qlib.Initialization - [__init__.py:77] - data_path={'__DEFAULT_FREQ': WindowsPath('C:/Users/60585/.qlib/qlib_data/cn_data')}
[14688:MainThread](2026-05-03 03:32:25,722) INFO - qlib.Initialization - [config.py:452] - default_conf: client.
[13288:MainThread](2026-05-03 03:32:25,722) INFO - qlib.Initialization - [config.py:452] - default_conf: client.
[14688:MainThread](2026-05-03 03:32:25,726) INFO - qlib.Initialization - [__init__.py:75] - qlib successfully initialized based on client settings.
[13288:MainThread](2026-05-03 03:32:25,726) INFO - qlib.Initialization - [__init__.py:75] - qlib successfully initialized based on client settings.
[14688:MainThread](2026-05-03 03:32:25,727) INFO - qlib.Initialization - [__init__.py:77] - data_path={'__DEFAULT_FREQ': WindowsPath('C:/Users/60585/.qlib/qlib_data/cn_data')}
[13288:MainThread](2026-05-03 03:32:25,727) INFO - qlib.Initialization - [__init__.py:77] - data_path={'__DEFAULT_FREQ': WindowsPath('C:/Users/60585/.qlib/qlib_data/cn_data')}
[37868:MainThread](2026-05-03 03:32:25,731) INFO - qlib.Initialization - [config.py:452] - default_conf: client.
[31524:MainThread](2026-05-03 03:32:25,732) INFO - qlib.Initialization - [config.py:452] - default_conf: client.
[27736:MainThread](2026-05-03 03:32:25,733) INFO - qlib.Initialization - [config.py:452] - default_conf: client.
[4380:MainThread](2026-05-03 03:32:25,735) INFO - qlib.Initialization - [config.py:452] - default_conf: client.
[37868:MainThread](2026-05-03 03:32:25,736) INFO - qlib.Initialization - [__init__.py:75] - qlib successfully initialized based on client settings.
[31524:MainThread](2026-05-03 03:32:25,737) INFO - qlib.Initialization - [__init__.py:75] - qlib successfully initialized based on client settings.
[37868:MainThread](2026-05-03 03:32:25,737) INFO - qlib.Initialization - [__init__.py:77] - data_path={'__DEFAULT_FREQ': WindowsPath('C:/Users/60585/.qlib/qlib_data/cn_data')}
[31524:MainThread](2026-05-03 03:32:25,737) INFO - qlib.Initialization - [__init__.py:77] - data_path={'__DEFAULT_FREQ': WindowsPath('C:/Users/60585/.qlib/qlib_data/cn_data')}
[27736:MainThread](2026-05-03 03:32:25,737) INFO - qlib.Initialization - [__init__.py:75] - qlib successfully initialized based on client settings.
[27736:MainThread](2026-05-03 03:32:25,738) INFO - qlib.Initialization - [__init__.py:77] - data_path={'__DEFAULT_FREQ': WindowsPath('C:/Users/60585/.qlib/qlib_data/cn_data')}
[4380:MainThread](2026-05-03 03:32:25,740) INFO - qlib.Initialization - [__init__.py:75] - qlib successfully initialized based on client settings.
[4380:MainThread](2026-05-03 03:32:25,740) INFO - qlib.Initialization - [__init__.py:77] - data_path={'__DEFAULT_FREQ': WindowsPath('C:/Users/60585/.qlib/qlib_data/cn_data')}
[21076:MainThread](2026-05-03 03:32:25,741) INFO - qlib.Initialization - [config.py:452] - default_conf: client.
[9008:MainThread](2026-05-03 03:32:25,742) INFO - qlib.Initialization - [config.py:452] - default_conf: client.
[21076:MainThread](2026-05-03 03:32:25,746) INFO - qlib.Initialization - [__init__.py:75] - qlib successfully initialized based on client settings.
[21076:MainThread](2026-05-03 03:32:25,746) INFO - qlib.Initialization - [__init__.py:77] - data_path={'__DEFAULT_FREQ': WindowsPath('C:/Users/60585/.qlib/qlib_data/cn_data')}
[9008:MainThread](2026-05-03 03:32:25,746) INFO - qlib.Initialization - [__init__.py:75] - qlib successfully initialized based on client settings.
[9008:MainThread](2026-05-03 03:32:25,746) INFO - qlib.Initialization - [__init__.py:77] - data_path={'__DEFAULT_FREQ': WindowsPath('C:/Users/60585/.qlib/qlib_data/cn_data')}
[27872:MainThread](2026-05-03 03:32:25,749) INFO - qlib.Initialization - [config.py:452] - default_conf: client.
[27872:MainThread](2026-05-03 03:32:25,753) INFO - qlib.Initialization - [__init__.py:75] - qlib successfully initialized based on client settings.
[27872:MainThread](2026-05-03 03:32:25,754) INFO - qlib.Initialization - [__init__.py:77] - data_path={'__DEFAULT_FREQ': WindowsPath('C:/Users/60585/.qlib/qlib_data/cn_data')}
[30648:MainThread](2026-05-03 03:32:25,769) INFO - qlib.Initialization - [config.py:452] - default_conf: client.
[8612:MainThread](2026-05-03 03:32:25,771) INFO - qlib.Initialization - [config.py:452] - default_conf: client.
[30648:MainThread](2026-05-03 03:32:25,774) INFO - qlib.Initialization - [__init__.py:75] - qlib successfully initialized based on client settings.
[30648:MainThread](2026-05-03 03:32:25,775) INFO - qlib.Initialization - [__init__.py:77] - data_path={'__DEFAULT_FREQ': WindowsPath('C:/Users/60585/.qlib/qlib_data/cn_data')}
[8612:MainThread](2026-05-03 03:32:25,775) INFO - qlib.Initialization - [__init__.py:75] - qlib successfully initialized based on client settings.
[8212:MainThread](2026-05-03 03:32:25,775) INFO - qlib.Initialization - [config.py:452] - default_conf: client.
[8612:MainThread](2026-05-03 03:32:25,775) INFO - qlib.Initialization - [__init__.py:77] - data_path={'__DEFAULT_FREQ': WindowsPath('C:/Users/60585/.qlib/qlib_data/cn_data')}
[20104:MainThread](2026-05-03 03:32:25,777) INFO - qlib.Initialization - [config.py:452] - default_conf: client.
[8212:MainThread](2026-05-03 03:32:25,780) INFO - qlib.Initialization - [__init__.py:75] - qlib successfully initialized based on client settings.
[8212:MainThread](2026-05-03 03:32:25,780) INFO - qlib.Initialization - [__init__.py:77] - data_path={'__DEFAULT_FREQ': WindowsPath('C:/Users/60585/.qlib/qlib_data/cn_data')}
[36052:MainThread](2026-05-03 03:32:25,780) INFO - qlib.Initialization - [config.py:452] - default_conf: client.
[20104:MainThread](2026-05-03 03:32:25,781) INFO - qlib.Initialization - [__init__.py:75] - qlib successfully initialized based on client settings.
[20104:MainThread](2026-05-03 03:32:25,782) INFO - qlib.Initialization - [__init__.py:77] - data_path={'__DEFAULT_FREQ': WindowsPath('C:/Users/60585/.qlib/qlib_data/cn_data')}
[36052:MainThread](2026-05-03 03:32:25,785) INFO - qlib.Initialization - [__init__.py:75] - qlib successfully initialized based on client settings.
[36052:MainThread](2026-05-03 03:32:25,785) INFO - qlib.Initialization - [__init__.py:77] - data_path={'__DEFAULT_FREQ': WindowsPath('C:/Users/60585/.qlib/qlib_data/cn_data')}
[32140:MainThread](2026-05-03 03:32:25,802) INFO - qlib.Initialization - [config.py:452] - default_conf: client.
[32140:MainThread](2026-05-03 03:32:25,807) INFO - qlib.Initialization - [__init__.py:75] - qlib successfully initialized based on client settings.
[32140:MainThread](2026-05-03 03:32:25,808) INFO - qlib.Initialization - [__init__.py:77] - data_path={'__DEFAULT_FREQ': WindowsPath('C:/Users/60585/.qlib/qlib_data/cn_data')}
[500:MainThread](2026-05-03 03:32:25,811) INFO - qlib.Initialization - [config.py:452] - default_conf: client.
[500:MainThread](2026-05-03 03:32:25,816) INFO - qlib.Initialization - [__init__.py:75] - qlib successfully initialized based on client settings.
[18340:MainThread](2026-05-03 03:32:25,816) INFO - qlib.Initialization - [config.py:452] - default_conf: client.
[500:MainThread](2026-05-03 03:32:25,816) INFO - qlib.Initialization - [__init__.py:77] - data_path={'__DEFAULT_FREQ': WindowsPath('C:/Users/60585/.qlib/qlib_data/cn_data')}
[18340:MainThread](2026-05-03 03:32:25,820) INFO - qlib.Initialization - [__init__.py:75] - qlib successfully initialized based on client settings.
[18340:MainThread](2026-05-03 03:32:25,820) INFO - qlib.Initialization - [__init__.py:77] - data_path={'__DEFAULT_FREQ': WindowsPath('C:/Users/60585/.qlib/qlib_data/cn_data')}
Gym has been unmaintained since 2022 and does not support NumPy 2.0 amongst other critical functionality.
Please upgrade to Gymnasium, the maintained drop-in replacement of Gym, or contact the authors of your software and request that they upgrade.
Users of this version of Gym should be able to simply replace 'import gym' with 'import gymnasium as gym' in the vast majority of cases.
See the migration guide at https://gymnasium.farama.org/introduction/migration_guide/ for additional information.
Gym has been unmaintained since 2022 and does not support NumPy 2.0 amongst other critical functionality.
Please upgrade to Gymnasium, the maintained drop-in replacement of Gym, or contact the authors of your software and request that they upgrade.
Users of this version of Gym should be able to simply replace 'import gym' with 'import gymnasium as gym' in the vast majority of cases.
See the migration guide at https://gymnasium.farama.org/introduction/migration_guide/ for additional information.
Gym has been unmaintained since 2022 and does not support NumPy 2.0 amongst other critical functionality.
Please upgrade to Gymnasium, the maintained drop-in replacement of Gym, or contact the authors of your software and request that they upgrade.
Users of this version of Gym should be able to simply replace 'import gym' with 'import gymnasium as gym' in the vast majority of cases.
See the migration guide at https://gymnasium.farama.org/introduction/migration_guide/ for additional information.
Gym has been unmaintained since 2022 and does not support NumPy 2.0 amongst other critical functionality.
Please upgrade to Gymnasium, the maintained drop-in replacement of Gym, or contact the authors of your software and request that they upgrade.
Users of this version of Gym should be able to simply replace 'import gym' with 'import gymnasium as gym' in the vast majority of cases.
See the migration guide at https://gymnasium.farama.org/introduction/migration_guide/ for additional information.
Gym has been unmaintained since 2022 and does not support NumPy 2.0 amongst other critical functionality.
Please upgrade to Gymnasium, the maintained drop-in replacement of Gym, or contact the authors of your software and request that they upgrade.
Users of this version of Gym should be able to simply replace 'import gym' with 'import gymnasium as gym' in the vast majority of cases.
See the migration guide at https://gymnasium.farama.org/introduction/migration_guide/ for additional information.
Gym has been unmaintained since 2022 and does not support NumPy 2.0 amongst other critical functionality.
Please upgrade to Gymnasium, the maintained drop-in replacement of Gym, or contact the authors of your software and request that they upgrade.
Users of this version of Gym should be able to simply replace 'import gym' with 'import gymnasium as gym' in the vast majority of cases.
See the migration guide at https://gymnasium.farama.org/introduction/migration_guide/ for additional information.
Gym has been unmaintained since 2022 and does not support NumPy 2.0 amongst other critical functionality.
Please upgrade to Gymnasium, the maintained drop-in replacement of Gym, or contact the authors of your software and request that they upgrade.
Users of this version of Gym should be able to simply replace 'import gym' with 'import gymnasium as gym' in the vast majority of cases.
See the migration guide at https://gymnasium.farama.org/introduction/migration_guide/ for additional information.
Gym has been unmaintained since 2022 and does not support NumPy 2.0 amongst other critical functionality.
Please upgrade to Gymnasium, the maintained drop-in replacement of Gym, or contact the authors of your software and request that they upgrade.
Users of this version of Gym should be able to simply replace 'import gym' with 'import gymnasium as gym' in the vast majority of cases.
See the migration guide at https://gymnasium.farama.org/introduction/migration_guide/ for additional information.
Gym has been unmaintained since 2022 and does not support NumPy 2.0 amongst other critical functionality.
Please upgrade to Gymnasium, the maintained drop-in replacement of Gym, or contact the authors of your software and request that they upgrade.
Users of this version of Gym should be able to simply replace 'import gym' with 'import gymnasium as gym' in the vast majority of cases.
See the migration guide at https://gymnasium.farama.org/introduction/migration_guide/ for additional information.
Gym has been unmaintained since 2022 and does not support NumPy 2.0 amongst other critical functionality.
Please upgrade to Gymnasium, the maintained drop-in replacement of Gym, or contact the authors of your software and request that they upgrade.
Users of this version of Gym should be able to simply replace 'import gym' with 'import gymnasium as gym' in the vast majority of cases.
See the migration guide at https://gymnasium.farama.org/introduction/migration_guide/ for additional information.
Gym has been unmaintained since 2022 and does not support NumPy 2.0 amongst other critical functionality.
Please upgrade to Gymnasium, the maintained drop-in replacement of Gym, or contact the authors of your software and request that they upgrade.
Users of this version of Gym should be able to simply replace 'import gym' with 'import gymnasium as gym' in the vast majority of cases.
See the migration guide at https://gymnasium.farama.org/introduction/migration_guide/ for additional information.
Gym has been unmaintained since 2022 and does not support NumPy 2.0 amongst other critical functionality.
Please upgrade to Gymnasium, the maintained drop-in replacement of Gym, or contact the authors of your software and request that they upgrade.
Users of this version of Gym should be able to simply replace 'import gym' with 'import gymnasium as gym' in the vast majority of cases.
See the migration guide at https://gymnasium.farama.org/introduction/migration_guide/ for additional information.
Gym has been unmaintained since 2022 and does not support NumPy 2.0 amongst other critical functionality.
Please upgrade to Gymnasium, the maintained drop-in replacement of Gym, or contact the authors of your software and request that they upgrade.
Users of this version of Gym should be able to simply replace 'import gym' with 'import gymnasium as gym' in the vast majority of cases.
See the migration guide at https://gymnasium.farama.org/introduction/migration_guide/ for additional information.
Gym has been unmaintained since 2022 and does not support NumPy 2.0 amongst other critical functionality.
Please upgrade to Gymnasium, the maintained drop-in replacement of Gym, or contact the authors of your software and request that they upgrade.
Users of this version of Gym should be able to simply replace 'import gym' with 'import gymnasium as gym' in the vast majority of cases.
See the migration guide at https://gymnasium.farama.org/introduction/migration_guide/ for additional information.
Gym has been unmaintained since 2022 and does not support NumPy 2.0 amongst other critical functionality.
Please upgrade to Gymnasium, the maintained drop-in replacement of Gym, or contact the authors of your software and request that they upgrade.
Users of this version of Gym should be able to simply replace 'import gym' with 'import gymnasium as gym' in the vast majority of cases.
See the migration guide at https://gymnasium.farama.org/introduction/migration_guide/ for additional information.
Gym has been unmaintained since 2022 and does not support NumPy 2.0 amongst other critical functionality.
Please upgrade to Gymnasium, the maintained drop-in replacement of Gym, or contact the authors of your software and request that they upgrade.
Users of this version of Gym should be able to simply replace 'import gym' with 'import gymnasium as gym' in the vast majority of cases.
See the migration guide at https://gymnasium.farama.org/introduction/migration_guide/ for additional information.
Gym has been unmaintained since 2022 and does not support NumPy 2.0 amongst other critical functionality.
Please upgrade to Gymnasium, the maintained drop-in replacement of Gym, or contact the authors of your software and request that they upgrade.
Users of this version of Gym should be able to simply replace 'import gym' with 'import gymnasium as gym' in the vast majority of cases.
See the migration guide at https://gymnasium.farama.org/introduction/migration_guide/ for additional information.
Gym has been unmaintained since 2022 and does not support NumPy 2.0 amongst other critical functionality.
Please upgrade to Gymnasium, the maintained drop-in replacement of Gym, or contact the authors of your software and request that they upgrade.
Users of this version of Gym should be able to simply replace 'import gym' with 'import gymnasium as gym' in the vast majority of cases.
See the migration guide at https://gymnasium.farama.org/introduction/migration_guide/ for additional information.
[1840:MainThread](2026-05-03 03:32:41,601) INFO - qlib.Initialization - [config.py:452] - default_conf: client.
[1840:MainThread](2026-05-03 03:32:41,605) INFO - qlib.Initialization - [__init__.py:75] - qlib successfully initialized based on client settings.
[1840:MainThread](2026-05-03 03:32:41,606) INFO - qlib.Initialization - [__init__.py:77] - data_path={'__DEFAULT_FREQ': WindowsPath('C:/Users/60585/.qlib/qlib_data/cn_data')}
[29536:MainThread](2026-05-03 03:32:41,618) INFO - qlib.Initialization - [config.py:452] - default_conf: client.
[29536:MainThread](2026-05-03 03:32:41,624) INFO - qlib.Initialization - [__init__.py:75] - qlib successfully initialized based on client settings.
[29536:MainThread](2026-05-03 03:32:41,624) INFO - qlib.Initialization - [__init__.py:77] - data_path={'__DEFAULT_FREQ': WindowsPath('C:/Users/60585/.qlib/qlib_data/cn_data')}
[10380:MainThread](2026-05-03 03:32:41,630) INFO - qlib.Initialization - [config.py:452] - default_conf: client.
[10380:MainThread](2026-05-03 03:32:41,634) INFO - qlib.Initialization - [__init__.py:75] - qlib successfully initialized based on client settings.
[10380:MainThread](2026-05-03 03:32:41,634) INFO - qlib.Initialization - [__init__.py:77] - data_path={'__DEFAULT_FREQ': WindowsPath('C:/Users/60585/.qlib/qlib_data/cn_data')}
[9800:MainThread](2026-05-03 03:32:41,638) INFO - qlib.Initialization - [config.py:452] - default_conf: client.
[9800:MainThread](2026-05-03 03:32:41,642) INFO - qlib.Initialization - [__init__.py:75] - qlib successfully initialized based on client settings.
[9800:MainThread](2026-05-03 03:32:41,642) INFO - qlib.Initialization - [__init__.py:77] - data_path={'__DEFAULT_FREQ': WindowsPath('C:/Users/60585/.qlib/qlib_data/cn_data')}
[27572:MainThread](2026-05-03 03:32:41,646) INFO - qlib.Initialization - [config.py:452] - default_conf: client.
[27572:MainThread](2026-05-03 03:32:41,652) INFO - qlib.Initialization - [__init__.py:75] - qlib successfully initialized based on client settings.
[27572:MainThread](2026-05-03 03:32:41,652) INFO - qlib.Initialization - [__init__.py:77] - data_path={'__DEFAULT_FREQ': WindowsPath('C:/Users/60585/.qlib/qlib_data/cn_data')}
[6996:MainThread](2026-05-03 03:32:41,654) INFO - qlib.Initialization - [config.py:452] - default_conf: client.
[33140:MainThread](2026-05-03 03:32:41,654) INFO - qlib.Initialization - [config.py:452] - default_conf: client.
[20240:MainThread](2026-05-03 03:32:41,656) INFO - qlib.Initialization - [config.py:452] - default_conf: client.
[6996:MainThread](2026-05-03 03:32:41,658) INFO - qlib.Initialization - [__init__.py:75] - qlib successfully initialized based on client settings.
[33140:MainThread](2026-05-03 03:32:41,658) INFO - qlib.Initialization - [__init__.py:75] - qlib successfully initialized based on client settings.
[6996:MainThread](2026-05-03 03:32:41,658) INFO - qlib.Initialization - [__init__.py:77] - data_path={'__DEFAULT_FREQ': WindowsPath('C:/Users/60585/.qlib/qlib_data/cn_data')}
[33140:MainThread](2026-05-03 03:32:41,658) INFO - qlib.Initialization - [__init__.py:77] - data_path={'__DEFAULT_FREQ': WindowsPath('C:/Users/60585/.qlib/qlib_data/cn_data')}
[35844:MainThread](2026-05-03 03:32:41,658) INFO - qlib.Initialization - [config.py:452] - default_conf: client.
[20240:MainThread](2026-05-03 03:32:41,660) INFO - qlib.Initialization - [__init__.py:75] - qlib successfully initialized based on client settings.
[20240:MainThread](2026-05-03 03:32:41,661) INFO - qlib.Initialization - [__init__.py:77] - data_path={'__DEFAULT_FREQ': WindowsPath('C:/Users/60585/.qlib/qlib_data/cn_data')}
[35844:MainThread](2026-05-03 03:32:41,663) INFO - qlib.Initialization - [__init__.py:75] - qlib successfully initialized based on client settings.
[35844:MainThread](2026-05-03 03:32:41,663) INFO - qlib.Initialization - [__init__.py:77] - data_path={'__DEFAULT_FREQ': WindowsPath('C:/Users/60585/.qlib/qlib_data/cn_data')}
[16012:MainThread](2026-05-03 03:32:41,668) INFO - qlib.Initialization - [config.py:452] - default_conf: client.
[35228:MainThread](2026-05-03 03:32:41,669) INFO - qlib.Initialization - [config.py:452] - default_conf: client.
[16012:MainThread](2026-05-03 03:32:41,673) INFO - qlib.Initialization - [__init__.py:75] - qlib successfully initialized based on client settings.
[22940:MainThread](2026-05-03 03:32:41,673) INFO - qlib.Initialization - [config.py:452] - default_conf: client.
[16012:MainThread](2026-05-03 03:32:41,673) INFO - qlib.Initialization - [__init__.py:77] - data_path={'__DEFAULT_FREQ': WindowsPath('C:/Users/60585/.qlib/qlib_data/cn_data')}
[35228:MainThread](2026-05-03 03:32:41,673) INFO - qlib.Initialization - [__init__.py:75] - qlib successfully initialized based on client settings.
[35228:MainThread](2026-05-03 03:32:41,674) INFO - qlib.Initialization - [__init__.py:77] - data_path={'__DEFAULT_FREQ': WindowsPath('C:/Users/60585/.qlib/qlib_data/cn_data')}
[16400:MainThread](2026-05-03 03:32:41,675) INFO - qlib.Initialization - [config.py:452] - default_conf: client.
[22940:MainThread](2026-05-03 03:32:41,677) INFO - qlib.Initialization - [__init__.py:75] - qlib successfully initialized based on client settings.
[22940:MainThread](2026-05-03 03:32:41,677) INFO - qlib.Initialization - [__init__.py:77] - data_path={'__DEFAULT_FREQ': WindowsPath('C:/Users/60585/.qlib/qlib_data/cn_data')}
[19624:MainThread](2026-05-03 03:32:41,677) INFO - qlib.Initialization - [config.py:452] - default_conf: client.
[16400:MainThread](2026-05-03 03:32:41,680) INFO - qlib.Initialization - [__init__.py:75] - qlib successfully initialized based on client settings.
[16400:MainThread](2026-05-03 03:32:41,681) INFO - qlib.Initialization - [__init__.py:77] - data_path={'__DEFAULT_FREQ': WindowsPath('C:/Users/60585/.qlib/qlib_data/cn_data')}
[19624:MainThread](2026-05-03 03:32:41,682) INFO - qlib.Initialization - [__init__.py:75] - qlib successfully initialized based on client settings.
[19624:MainThread](2026-05-03 03:32:41,682) INFO - qlib.Initialization - [__init__.py:77] - data_path={'__DEFAULT_FREQ': WindowsPath('C:/Users/60585/.qlib/qlib_data/cn_data')}
[39108:MainThread](2026-05-03 03:32:41,689) INFO - qlib.Initialization - [config.py:452] - default_conf: client.
[39108:MainThread](2026-05-03 03:32:41,695) INFO - qlib.Initialization - [__init__.py:75] - qlib successfully initialized based on client settings.
[39108:MainThread](2026-05-03 03:32:41,696) INFO - qlib.Initialization - [__init__.py:77] - data_path={'__DEFAULT_FREQ': WindowsPath('C:/Users/60585/.qlib/qlib_data/cn_data')}
[31536:MainThread](2026-05-03 03:32:41,699) INFO - qlib.Initialization - [config.py:452] - default_conf: client.
[31536:MainThread](2026-05-03 03:32:41,703) INFO - qlib.Initialization - [__init__.py:75] - qlib successfully initialized based on client settings.
[31536:MainThread](2026-05-03 03:32:41,704) INFO - qlib.Initialization - [__init__.py:77] - data_path={'__DEFAULT_FREQ': WindowsPath('C:/Users/60585/.qlib/qlib_data/cn_data')}
[33056:MainThread](2026-05-03 03:32:41,733) INFO - qlib.Initialization - [config.py:452] - default_conf: client.
[33056:MainThread](2026-05-03 03:32:41,738) INFO - qlib.Initialization - [__init__.py:75] - qlib successfully initialized based on client settings.
[33056:MainThread](2026-05-03 03:32:41,739) INFO - qlib.Initialization - [__init__.py:77] - data_path={'__DEFAULT_FREQ': WindowsPath('C:/Users/60585/.qlib/qlib_data/cn_data')}
[11912:MainThread](2026-05-03 03:32:41,742) INFO - qlib.Initialization - [config.py:452] - default_conf: client.
[11912:MainThread](2026-05-03 03:32:41,747) INFO - qlib.Initialization - [__init__.py:75] - qlib successfully initialized based on client settings.
[11912:MainThread](2026-05-03 03:32:41,748) INFO - qlib.Initialization - [__init__.py:77] - data_path={'__DEFAULT_FREQ': WindowsPath('C:/Users/60585/.qlib/qlib_data/cn_data')}
[30624:MainThread](2026-05-03 03:32:42,483) INFO - qlib.timer - [log.py:127] - Time cost: 20.586s | Loading data Done
[30624:MainThread](2026-05-03 03:32:46,606) INFO - qlib.timer - [log.py:127] - Time cost: 3.810s | RobustZScoreNorm Done
[30624:MainThread](2026-05-03 03:32:47,400) INFO - qlib.timer - [log.py:127] - Time cost: 0.793s | Fillna Done
[30624:MainThread](2026-05-03 03:32:47,877) INFO - qlib.timer - [log.py:127] - Time cost: 0.157s | DropnaLabel Done
[30624:MainThread](2026-05-03 03:32:52,727) INFO - qlib.timer - [log.py:127] - Time cost: 4.849s | CSZScoreNorm Done
[30624:MainThread](2026-05-03 03:32:52,744) INFO - qlib.timer - [log.py:127] - Time cost: 10.262s | fit & process data Done
[30624:MainThread](2026-05-03 03:32:52,744) INFO - qlib.timer - [log.py:127] - Time cost: 30.847s | Init data Done
C:\Users\60585\PycharmProjects\qibMacV2\module\model_adapter.py:156: FutureWarning: `torch.cuda.amp.GradScaler(args...)` is deprecated. Please use `torch.amp.GradScaler('cuda', args...)` instead.
  self.scaler = torch.cuda.amp.GradScaler(enabled=True)
C:\Users\60585\miniconda3\envs\quantEnv\lib\site-packages\mlflow\tracking\_tracking_service\utils.py:140: FutureWarning: Filesystem tracking backend (e.g., './mlruns') is deprecated. Please switch to a database backend (e.g., 'sqlite:///mlflow.db'). For feedback, see: https://github.com/mlflow/mlflow/issues/18534
  return FileStore(store_uri, store_uri)
[30624:MainThread](2026-05-03 03:32:57,287) WARNING - qlib.workflow - [expm.py:231] - No valid experiment found. Create a new experiment with name Official_Alignment_RST_MoE_loss-mse_d64_l2_ff128_ctx8_embft_time1_decay1_film1_fgs1.0_fsh0.2_rSum1_rModelearned_featSel0_mseNorm0_macro1_mDrop0.1_pool0.7_msmarket_state_csi300_settingcap00_d64_h4_l2_ff128_do010.
[30624:MainThread](2026-05-03 03:32:57,297) INFO - qlib.workflow - [exp.py:258] - Experiment 281573398107824411 starts running ...
[30624:MainThread](2026-05-03 03:32:57,877) INFO - qlib.workflow - [recorder.py:345] - Recorder 84427877e2994570941437aea65b397b starts running under Experiment 281573398107824411 ...
warning: in the working copy of 'module/architecture/moe_block.py', LF will be replaced by CRLF the next time Git touches it
warning: in the working copy of 'module/model_adapter.py', LF will be replaced by CRLF the next time Git touches it
warning: in the working copy of 'module/quant_moe_model.py', LF will be replaced by CRLF the next time Git touches it
warning: in the working copy of 'module/utils/model_configuration.py', LF will be replaced by CRLF the next time Git touches it
warning: in the working copy of 'work_flow.py', LF will be replaced by CRLF the next time Git touches it
[30624:MainThread](2026-05-03 09:39:34,405) INFO - qlib.workflow - [record_temp.py:198] - Signal record 'pred.pkl' has been saved as the artifact of the Experiment 281573398107824411
Downloading artifacts:   0%|          | 0/1 [00:00<?, ?it/s]Downloading artifacts:   0%|          | 0/1 [00:00<?, ?it/s]
Downloading artifacts:   0%|          | 0/1 [00:00<?, ?it/s]Downloading artifacts: 100%|██████████| 1/1 [00:00<00:00, 179.91it/s]Downloading artifacts: 100%|██████████| 1/1 [00:00<00:00, 179.91it/s]
Downloading artifacts:   0%|          | 0/1 [00:00<?, ?it/s]Downloading artifacts:   0%|          | 0/1 [00:00<?, ?it/s]
Downloading artifacts:   0%|          | 0/1 [00:00<?, ?it/s]Downloading artifacts: 100%|██████████| 1/1 [00:00<00:00, 996.27it/s]Downloading artifacts: 100%|██████████| 1/1 [00:00<00:00, 996.27it/s]
Downloading artifacts:   0%|          | 0/1 [00:00<?, ?it/s]Downloading artifacts: 100%|██████████| 1/1 [00:00<00:00, 465.88it/s]Downloading artifacts: 100%|██████████| 1/1 [00:00<00:00, 465.88it/s]
Downloading artifacts:   0%|          | 0/1 [00:00<?, ?it/s]Downloading artifacts:   0%|          | 0/1 [00:00<?, ?it/s]
Downloading artifacts:   0%|          | 0/1 [00:00<?, ?it/s]Downloading artifacts: 100%|██████████| 1/1 [00:00<00:00, 499.38it/s]Downloading artifacts: 100%|██████████| 1/1 [00:00<00:00, 499.38it/s]
[30624:MainThread](2026-05-03 09:39:35,582) INFO - qlib.backtest caller - [__init__.py:93] - Create new exchange
Gym has been unmaintained since 2022 and does not support NumPy 2.0 amongst other critical functionality.
Please upgrade to Gymnasium, the maintained drop-in replacement of Gym, or contact the authors of your software and request that they upgrade.
Users of this version of Gym should be able to simply replace 'import gym' with 'import gymnasium as gym' in the vast majority of cases.
See the migration guide at https://gymnasium.farama.org/introduction/migration_guide/ for additional information.
Gym has been unmaintained since 2022 and does not support NumPy 2.0 amongst other critical functionality.
Please upgrade to Gymnasium, the maintained drop-in replacement of Gym, or contact the authors of your software and request that they upgrade.
Users of this version of Gym should be able to simply replace 'import gym' with 'import gymnasium as gym' in the vast majority of cases.
See the migration guide at https://gymnasium.farama.org/introduction/migration_guide/ for additional information.
Gym has been unmaintained since 2022 and does not support NumPy 2.0 amongst other critical functionality.
Please upgrade to Gymnasium, the maintained drop-in replacement of Gym, or contact the authors of your software and request that they upgrade.
Users of this version of Gym should be able to simply replace 'import gym' with 'import gymnasium as gym' in the vast majority of cases.
See the migration guide at https://gymnasium.farama.org/introduction/migration_guide/ for additional information.
Gym has been unmaintained since 2022 and does not support NumPy 2.0 amongst other critical functionality.
Please upgrade to Gymnasium, the maintained drop-in replacement of Gym, or contact the authors of your software and request that they upgrade.
Users of this version of Gym should be able to simply replace 'import gym' with 'import gymnasium as gym' in the vast majority of cases.
See the migration guide at https://gymnasium.farama.org/introduction/migration_guide/ for additional information.
Gym has been unmaintained since 2022 and does not support NumPy 2.0 amongst other critical functionality.
Please upgrade to Gymnasium, the maintained drop-in replacement of Gym, or contact the authors of your software and request that they upgrade.
Users of this version of Gym should be able to simply replace 'import gym' with 'import gymnasium as gym' in the vast majority of cases.
See the migration guide at https://gymnasium.farama.org/introduction/migration_guide/ for additional information.
Gym has been unmaintained since 2022 and does not support NumPy 2.0 amongst other critical functionality.
Please upgrade to Gymnasium, the maintained drop-in replacement of Gym, or contact the authors of your software and request that they upgrade.
Users of this version of Gym should be able to simply replace 'import gym' with 'import gymnasium as gym' in the vast majority of cases.
See the migration guide at https://gymnasium.farama.org/introduction/migration_guide/ for additional information.
Gym has been unmaintained since 2022 and does not support NumPy 2.0 amongst other critical functionality.
Please upgrade to Gymnasium, the maintained drop-in replacement of Gym, or contact the authors of your software and request that they upgrade.
Users of this version of Gym should be able to simply replace 'import gym' with 'import gymnasium as gym' in the vast majority of cases.
See the migration guide at https://gymnasium.farama.org/introduction/migration_guide/ for additional information.
Gym has been unmaintained since 2022 and does not support NumPy 2.0 amongst other critical functionality.
Please upgrade to Gymnasium, the maintained drop-in replacement of Gym, or contact the authors of your software and request that they upgrade.
Users of this version of Gym should be able to simply replace 'import gym' with 'import gymnasium as gym' in the vast majority of cases.
See the migration guide at https://gymnasium.farama.org/introduction/migration_guide/ for additional information.
Gym has been unmaintained since 2022 and does not support NumPy 2.0 amongst other critical functionality.
Please upgrade to Gymnasium, the maintained drop-in replacement of Gym, or contact the authors of your software and request that they upgrade.
Users of this version of Gym should be able to simply replace 'import gym' with 'import gymnasium as gym' in the vast majority of cases.
See the migration guide at https://gymnasium.farama.org/introduction/migration_guide/ for additional information.
Gym has been unmaintained since 2022 and does not support NumPy 2.0 amongst other critical functionality.
Please upgrade to Gymnasium, the maintained drop-in replacement of Gym, or contact the authors of your software and request that they upgrade.
Users of this version of Gym should be able to simply replace 'import gym' with 'import gymnasium as gym' in the vast majority of cases.
See the migration guide at https://gymnasium.farama.org/introduction/migration_guide/ for additional information.
[34480:MainThread](2026-05-03 09:39:40,983) INFO - qlib.Initialization - [config.py:452] - default_conf: client.
[956:MainThread](2026-05-03 09:39:40,986) INFO - qlib.Initialization - [config.py:452] - default_conf: client.
[34480:MainThread](2026-05-03 09:39:40,987) INFO - qlib.Initialization - [__init__.py:75] - qlib successfully initialized based on client settings.
[34480:MainThread](2026-05-03 09:39:40,988) INFO - qlib.Initialization - [__init__.py:77] - data_path={'__DEFAULT_FREQ': WindowsPath('C:/Users/60585/.qlib/qlib_data/cn_data')}
[6856:MainThread](2026-05-03 09:39:40,988) INFO - qlib.Initialization - [config.py:452] - default_conf: client.
[956:MainThread](2026-05-03 09:39:40,991) INFO - qlib.Initialization - [__init__.py:75] - qlib successfully initialized based on client settings.
[956:MainThread](2026-05-03 09:39:40,992) INFO - qlib.Initialization - [__init__.py:77] - data_path={'__DEFAULT_FREQ': WindowsPath('C:/Users/60585/.qlib/qlib_data/cn_data')}
[6856:MainThread](2026-05-03 09:39:40,994) INFO - qlib.Initialization - [__init__.py:75] - qlib successfully initialized based on client settings.
[6856:MainThread](2026-05-03 09:39:40,995) INFO - qlib.Initialization - [__init__.py:77] - data_path={'__DEFAULT_FREQ': WindowsPath('C:/Users/60585/.qlib/qlib_data/cn_data')}
[27572:MainThread](2026-05-03 09:39:40,998) INFO - qlib.Initialization - [config.py:452] - default_conf: client.
[27572:MainThread](2026-05-03 09:39:41,002) INFO - qlib.Initialization - [__init__.py:75] - qlib successfully initialized based on client settings.
[27572:MainThread](2026-05-03 09:39:41,003) INFO - qlib.Initialization - [__init__.py:77] - data_path={'__DEFAULT_FREQ': WindowsPath('C:/Users/60585/.qlib/qlib_data/cn_data')}
Gym has been unmaintained since 2022 and does not support NumPy 2.0 amongst other critical functionality.
Please upgrade to Gymnasium, the maintained drop-in replacement of Gym, or contact the authors of your software and request that they upgrade.
Users of this version of Gym should be able to simply replace 'import gym' with 'import gymnasium as gym' in the vast majority of cases.
See the migration guide at https://gymnasium.farama.org/introduction/migration_guide/ for additional information.
[36384:MainThread](2026-05-03 09:39:41,005) INFO - qlib.Initialization - [config.py:452] - default_conf: client.
[36384:MainThread](2026-05-03 09:39:41,010) INFO - qlib.Initialization - [__init__.py:75] - qlib successfully initialized based on client settings.
[36632:MainThread](2026-05-03 09:39:41,010) INFO - qlib.Initialization - [config.py:452] - default_conf: client.
[36384:MainThread](2026-05-03 09:39:41,011) INFO - qlib.Initialization - [__init__.py:77] - data_path={'__DEFAULT_FREQ': WindowsPath('C:/Users/60585/.qlib/qlib_data/cn_data')}
[36632:MainThread](2026-05-03 09:39:41,015) INFO - qlib.Initialization - [__init__.py:75] - qlib successfully initialized based on client settings.
[36632:MainThread](2026-05-03 09:39:41,015) INFO - qlib.Initialization - [__init__.py:77] - data_path={'__DEFAULT_FREQ': WindowsPath('C:/Users/60585/.qlib/qlib_data/cn_data')}
Gym has been unmaintained since 2022 and does not support NumPy 2.0 amongst other critical functionality.
Please upgrade to Gymnasium, the maintained drop-in replacement of Gym, or contact the authors of your software and request that they upgrade.
Users of this version of Gym should be able to simply replace 'import gym' with 'import gymnasium as gym' in the vast majority of cases.
See the migration guide at https://gymnasium.farama.org/introduction/migration_guide/ for additional information.
[31468:MainThread](2026-05-03 09:39:41,024) INFO - qlib.Initialization - [config.py:452] - default_conf: client.
[31468:MainThread](2026-05-03 09:39:41,027) INFO - qlib.Initialization - [__init__.py:75] - qlib successfully initialized based on client settings.
[31468:MainThread](2026-05-03 09:39:41,027) INFO - qlib.Initialization - [__init__.py:77] - data_path={'__DEFAULT_FREQ': WindowsPath('C:/Users/60585/.qlib/qlib_data/cn_data')}
Gym has been unmaintained since 2022 and does not support NumPy 2.0 amongst other critical functionality.
Please upgrade to Gymnasium, the maintained drop-in replacement of Gym, or contact the authors of your software and request that they upgrade.
Users of this version of Gym should be able to simply replace 'import gym' with 'import gymnasium as gym' in the vast majority of cases.
See the migration guide at https://gymnasium.farama.org/introduction/migration_guide/ for additional information.
Gym has been unmaintained since 2022 and does not support NumPy 2.0 amongst other critical functionality.
Please upgrade to Gymnasium, the maintained drop-in replacement of Gym, or contact the authors of your software and request that they upgrade.
Users of this version of Gym should be able to simply replace 'import gym' with 'import gymnasium as gym' in the vast majority of cases.
See the migration guide at https://gymnasium.farama.org/introduction/migration_guide/ for additional information.
Gym has been unmaintained since 2022 and does not support NumPy 2.0 amongst other critical functionality.
Please upgrade to Gymnasium, the maintained drop-in replacement of Gym, or contact the authors of your software and request that they upgrade.
Users of this version of Gym should be able to simply replace 'import gym' with 'import gymnasium as gym' in the vast majority of cases.
See the migration guide at https://gymnasium.farama.org/introduction/migration_guide/ for additional information.
Gym has been unmaintained since 2022 and does not support NumPy 2.0 amongst other critical functionality.
Please upgrade to Gymnasium, the maintained drop-in replacement of Gym, or contact the authors of your software and request that they upgrade.
Users of this version of Gym should be able to simply replace 'import gym' with 'import gymnasium as gym' in the vast majority of cases.
See the migration guide at https://gymnasium.farama.org/introduction/migration_guide/ for additional information.
Gym has been unmaintained since 2022 and does not support NumPy 2.0 amongst other critical functionality.
Please upgrade to Gymnasium, the maintained drop-in replacement of Gym, or contact the authors of your software and request that they upgrade.
Users of this version of Gym should be able to simply replace 'import gym' with 'import gymnasium as gym' in the vast majority of cases.
See the migration guide at https://gymnasium.farama.org/introduction/migration_guide/ for additional information.
Gym has been unmaintained since 2022 and does not support NumPy 2.0 amongst other critical functionality.
Please upgrade to Gymnasium, the maintained drop-in replacement of Gym, or contact the authors of your software and request that they upgrade.
Users of this version of Gym should be able to simply replace 'import gym' with 'import gymnasium as gym' in the vast majority of cases.
See the migration guide at https://gymnasium.farama.org/introduction/migration_guide/ for additional information.
[35804:MainThread](2026-05-03 09:39:41,458) INFO - qlib.Initialization - [config.py:452] - default_conf: client.
[35804:MainThread](2026-05-03 09:39:41,463) INFO - qlib.Initialization - [__init__.py:75] - qlib successfully initialized based on client settings.
[35804:MainThread](2026-05-03 09:39:41,464) INFO - qlib.Initialization - [__init__.py:77] - data_path={'__DEFAULT_FREQ': WindowsPath('C:/Users/60585/.qlib/qlib_data/cn_data')}
[4048:MainThread](2026-05-03 09:39:41,465) INFO - qlib.Initialization - [config.py:452] - default_conf: client.
[4048:MainThread](2026-05-03 09:39:41,470) INFO - qlib.Initialization - [__init__.py:75] - qlib successfully initialized based on client settings.
[4048:MainThread](2026-05-03 09:39:41,471) INFO - qlib.Initialization - [__init__.py:77] - data_path={'__DEFAULT_FREQ': WindowsPath('C:/Users/60585/.qlib/qlib_data/cn_data')}
[37220:MainThread](2026-05-03 09:39:41,487) INFO - qlib.Initialization - [config.py:452] - default_conf: client.
[37220:MainThread](2026-05-03 09:39:41,492) INFO - qlib.Initialization - [__init__.py:75] - qlib successfully initialized based on client settings.
[37220:MainThread](2026-05-03 09:39:41,492) INFO - qlib.Initialization - [__init__.py:77] - data_path={'__DEFAULT_FREQ': WindowsPath('C:/Users/60585/.qlib/qlib_data/cn_data')}
[23652:MainThread](2026-05-03 09:39:41,514) INFO - qlib.Initialization - [config.py:452] - default_conf: client.
[23652:MainThread](2026-05-03 09:39:41,518) INFO - qlib.Initialization - [__init__.py:75] - qlib successfully initialized based on client settings.
[23652:MainThread](2026-05-03 09:39:41,519) INFO - qlib.Initialization - [__init__.py:77] - data_path={'__DEFAULT_FREQ': WindowsPath('C:/Users/60585/.qlib/qlib_data/cn_data')}
[19620:MainThread](2026-05-03 09:39:41,535) INFO - qlib.Initialization - [config.py:452] - default_conf: client.
[19620:MainThread](2026-05-03 09:39:41,539) INFO - qlib.Initialization - [__init__.py:75] - qlib successfully initialized based on client settings.
[19620:MainThread](2026-05-03 09:39:41,539) INFO - qlib.Initialization - [__init__.py:77] - data_path={'__DEFAULT_FREQ': WindowsPath('C:/Users/60585/.qlib/qlib_data/cn_data')}
[1648:MainThread](2026-05-03 09:39:41,546) INFO - qlib.Initialization - [config.py:452] - default_conf: client.
[1648:MainThread](2026-05-03 09:39:41,549) INFO - qlib.Initialization - [__init__.py:75] - qlib successfully initialized based on client settings.
[1648:MainThread](2026-05-03 09:39:41,551) INFO - qlib.Initialization - [__init__.py:77] - data_path={'__DEFAULT_FREQ': WindowsPath('C:/Users/60585/.qlib/qlib_data/cn_data')}
[24700:MainThread](2026-05-03 09:39:41,564) INFO - qlib.Initialization - [config.py:452] - default_conf: client.
[24700:MainThread](2026-05-03 09:39:41,568) INFO - qlib.Initialization - [__init__.py:75] - qlib successfully initialized based on client settings.
[24700:MainThread](2026-05-03 09:39:41,568) INFO - qlib.Initialization - [__init__.py:77] - data_path={'__DEFAULT_FREQ': WindowsPath('C:/Users/60585/.qlib/qlib_data/cn_data')}
[22432:MainThread](2026-05-03 09:39:41,610) INFO - qlib.Initialization - [config.py:452] - default_conf: client.
[22432:MainThread](2026-05-03 09:39:41,616) INFO - qlib.Initialization - [__init__.py:75] - qlib successfully initialized based on client settings.
[22432:MainThread](2026-05-03 09:39:41,616) INFO - qlib.Initialization - [__init__.py:77] - data_path={'__DEFAULT_FREQ': WindowsPath('C:/Users/60585/.qlib/qlib_data/cn_data')}
[17184:MainThread](2026-05-03 09:39:41,630) INFO - qlib.Initialization - [config.py:452] - default_conf: client.
[30992:MainThread](2026-05-03 09:39:41,629) INFO - qlib.Initialization - [config.py:452] - default_conf: client.
[30992:MainThread](2026-05-03 09:39:41,635) INFO - qlib.Initialization - [__init__.py:75] - qlib successfully initialized based on client settings.
[30992:MainThread](2026-05-03 09:39:41,636) INFO - qlib.Initialization - [__init__.py:77] - data_path={'__DEFAULT_FREQ': WindowsPath('C:/Users/60585/.qlib/qlib_data/cn_data')}
[17184:MainThread](2026-05-03 09:39:41,636) INFO - qlib.Initialization - [__init__.py:75] - qlib successfully initialized based on client settings.
[17184:MainThread](2026-05-03 09:39:41,637) INFO - qlib.Initialization - [__init__.py:77] - data_path={'__DEFAULT_FREQ': WindowsPath('C:/Users/60585/.qlib/qlib_data/cn_data')}
[27404:MainThread](2026-05-03 09:39:41,640) INFO - qlib.Initialization - [config.py:452] - default_conf: client.
[27404:MainThread](2026-05-03 09:39:41,645) INFO - qlib.Initialization - [__init__.py:75] - qlib successfully initialized based on client settings.
[27404:MainThread](2026-05-03 09:39:41,646) INFO - qlib.Initialization - [__init__.py:77] - data_path={'__DEFAULT_FREQ': WindowsPath('C:/Users/60585/.qlib/qlib_data/cn_data')}
[30624:MainThread](2026-05-03 09:39:52,686) WARNING - qlib.online operator - [exchange.py:219] - $close field data contains nan.
[30624:MainThread](2026-05-03 09:39:52,688) WARNING - qlib.online operator - [exchange.py:219] - $close field data contains nan.
[30624:MainThread](2026-05-03 09:40:02,630) WARNING - qlib.BaseExecutor - [executor.py:121] - `common_infra` is not set for <qlib.backtest.executor.SimulatorExecutor object at 0x000001CD51FEFE20>
backtest loop:   0%|          | 0/611 [00:00<?, ?it/s]C:\Users\60585\miniconda3\envs\quantEnv\lib\site-packages\qlib\utils\index_data.py:492: RuntimeWarning: Mean of empty slice
  return np.nanmean(self.data)
backtest loop:   3%|▎         | 19/611 [00:00<00:03, 182.73it/s]backtest loop:   6%|▌         | 38/611 [00:00<00:03, 182.81it/s]backtest loop:   9%|▉         | 58/611 [00:00<00:02, 185.53it/s]backtest loop:  13%|█▎        | 77/611 [00:00<00:02, 180.98it/s]backtest loop:  16%|█▌        | 96/611 [00:00<00:02, 184.04it/s]backtest loop:  19%|█▉        | 115/611 [00:00<00:02, 182.69it/s]backtest loop:  22%|██▏       | 134/611 [00:00<00:02, 182.76it/s]backtest loop:  25%|██▌       | 153/611 [00:00<00:02, 184.82it/s]backtest loop:  28%|██▊       | 172/611 [00:01<00:03, 135.62it/s]backtest loop:  31%|███▏      | 191/611 [00:01<00:02, 147.59it/s]backtest loop:  34%|███▍      | 210/611 [00:01<00:02, 157.87it/s]backtest loop:  37%|███▋      | 228/611 [00:01<00:02, 163.15it/s]backtest loop:  41%|████      | 248/611 [00:01<00:02, 171.82it/s]backtest loop:  44%|████▎     | 267/611 [00:01<00:01, 175.38it/s]backtest loop:  47%|████▋     | 286/611 [00:01<00:01, 179.06it/s]backtest loop:  50%|████▉     | 305/611 [00:01<00:01, 181.30it/s]backtest loop:  53%|█████▎    | 324/611 [00:01<00:01, 178.22it/s]backtest loop:  56%|█████▋    | 344/611 [00:01<00:01, 180.69it/s]backtest loop:  60%|█████▉    | 364/611 [00:02<00:01, 182.35it/s]backtest loop:  63%|██████▎   | 383/611 [00:02<00:01, 183.51it/s]backtest loop:  66%|██████▌   | 403/611 [00:02<00:01, 184.02it/s]backtest loop:  69%|██████▉   | 423/611 [00:02<00:01, 184.36it/s]backtest loop:  72%|███████▏  | 442/611 [00:02<00:00, 183.49it/s]backtest loop:  75%|███████▌  | 461/611 [00:02<00:00, 182.94it/s]backtest loop:  79%|███████▊  | 480/611 [00:02<00:00, 182.60it/s]backtest loop:  82%|████████▏ | 499/611 [00:02<00:00, 181.71it/s]backtest loop:  85%|████████▍ | 518/611 [00:02<00:00, 182.85it/s]backtest loop:  88%|████████▊ | 537/611 [00:03<00:00, 182.79it/s]backtest loop:  91%|█████████ | 556/611 [00:03<00:00, 182.11it/s]backtest loop:  94%|█████████▍| 576/611 [00:03<00:00, 182.87it/s]backtest loop:  98%|█████████▊| 596/611 [00:03<00:00, 183.64it/s]backtest loop: 100%|██████████| 611/611 [00:03<00:00, 177.55it/s]
[30624:MainThread](2026-05-03 09:40:06,096) INFO - qlib.workflow - [record_temp.py:515] - Portfolio analysis record 'port_analysis_1day.pkl' has been saved as the artifact of the Experiment 281573398107824411
[30624:MainThread](2026-05-03 09:40:06,102) INFO - qlib.workflow - [record_temp.py:540] - Indicator analysis record 'indicator_analysis_1day.pkl' has been saved as the artifact of the Experiment 281573398107824411
Downloading artifacts:   0%|          | 0/1 [00:00<?, ?it/s]Downloading artifacts:   0%|          | 0/1 [00:00<?, ?it/s]
Downloading artifacts:   0%|          | 0/1 [00:00<?, ?it/s]Downloading artifacts:   0%|          | 0/1 [00:00<?, ?it/s]
Downloading artifacts:   0%|          | 0/1 [00:00<?, ?it/s]Downloading artifacts: 100%|██████████| 1/1 [00:00<?, ?it/s]Downloading artifacts: 100%|██████████| 1/1 [00:00<?, ?it/s]
Downloading artifacts:   0%|          | 0/1 [00:00<?, ?it/s]Downloading artifacts: 100%|██████████| 1/1 [00:00<?, ?it/s]Downloading artifacts: 100%|██████████| 1/1 [00:00<?, ?it/s]
Downloading artifacts:   0%|          | 0/1 [00:00<?, ?it/s]Downloading artifacts: 100%|██████████| 1/1 [00:00<00:00, 665.55it/s]Downloading artifacts: 100%|██████████| 1/1 [00:00<00:00, 665.55it/s]
Downloading artifacts:   0%|          | 0/1 [00:00<?, ?it/s]Downloading artifacts: 100%|██████████| 1/1 [00:00<00:00, 495.84it/s]Downloading artifacts: 100%|██████████| 1/1 [00:00<00:00, 495.84it/s]
Downloading artifacts:   0%|          | 0/1 [00:00<?, ?it/s]Downloading artifacts: 100%|██████████| 1/1 [00:00<00:00, 661.98it/s]Downloading artifacts: 100%|██████████| 1/1 [00:00<00:00, 661.98it/s]
C:\Users\60585\miniconda3\envs\quantEnv\lib\site-packages\qlib\contrib\report\analysis_position\parse_position.py:36: FutureWarning:

DataFrame.fillna with 'method' is deprecated and will raise in a future version. Use obj.ffill() or obj.bfill() instead.

C:\Users\60585\miniconda3\envs\quantEnv\lib\site-packages\qlib\contrib\report\analysis_position\risk_analysis.py:104: FutureWarning:

When grouping with a length-1 list-like, you will need to pass a length-1 tuple to get_group in a future version of pandas. Pass `(name,)` instead of `name` to silence this warning.

C:\Users\60585\miniconda3\envs\quantEnv\lib\site-packages\qlib\contrib\report\analysis_position\risk_analysis.py:104: FutureWarning:

When grouping with a length-1 list-like, you will need to pass a length-1 tuple to get_group in a future version of pandas. Pass `(name,)` instead of `name` to silence this warning.

C:\Users\60585\miniconda3\envs\quantEnv\lib\site-packages\qlib\contrib\report\analysis_position\risk_analysis.py:104: FutureWarning:

When grouping with a length-1 list-like, you will need to pass a length-1 tuple to get_group in a future version of pandas. Pass `(name,)` instead of `name` to silence this warning.

C:\Users\60585\miniconda3\envs\quantEnv\lib\site-packages\qlib\contrib\report\analysis_position\risk_analysis.py:104: FutureWarning:

When grouping with a length-1 list-like, you will need to pass a length-1 tuple to get_group in a future version of pandas. Pass `(name,)` instead of `name` to silence this warning.

C:\Users\60585\miniconda3\envs\quantEnv\lib\site-packages\qlib\contrib\report\analysis_position\parse_position.py:36: FutureWarning:

DataFrame.fillna with 'method' is deprecated and will raise in a future version. Use obj.ffill() or obj.bfill() instead.

C:\Users\60585\miniconda3\envs\quantEnv\lib\site-packages\qlib\contrib\report\analysis_model\analysis_model_performance.py:157: FutureWarning:

'M' is deprecated and will be removed in a future version, please use 'ME' instead.

Downloading artifacts:   0%|          | 0/1 [00:00<?, ?it/s]Downloading artifacts: 100%|██████████| 1/1 [00:00<00:00, 648.07it/s]Downloading artifacts: 100%|██████████| 1/1 [00:00<00:00, 648.07it/s]
Downloading artifacts:   0%|          | 0/1 [00:00<?, ?it/s]Downloading artifacts: 100%|██████████| 1/1 [00:00<?, ?it/s]Downloading artifacts: 100%|██████████| 1/1 [00:00<00:00, 665.76it/s]
Downloading artifacts:   0%|          | 0/1 [00:00<?, ?it/s]Downloading artifacts: 100%|██████████| 1/1 [00:00<00:00, 940.85it/s]Downloading artifacts: 100%|██████████| 1/1 [00:00<00:00, 940.85it/s]
Downloading artifacts:   0%|          | 0/1 [00:00<?, ?it/s]Downloading artifacts: 100%|██████████| 1/1 [00:00<00:00, 1993.49it/s]Downloading artifacts: 100%|██████████| 1/1 [00:00<00:00, 1993.49it/s]
Downloading artifacts:   0%|          | 0/1 [00:00<?, ?it/s]Downloading artifacts: 100%|██████████| 1/1 [00:00<00:00, 1001.27it/s]Downloading artifacts: 100%|██████████| 1/1 [00:00<00:00, 1001.27it/s]
Downloading artifacts:   0%|          | 0/1 [00:00<?, ?it/s]Downloading artifacts: 100%|██████████| 1/1 [00:00<?, ?it/s]Downloading artifacts: 100%|██████████| 1/1 [00:00<?, ?it/s]
Downloading artifacts:   0%|          | 0/1 [00:00<?, ?it/s]Downloading artifacts: 100%|██████████| 1/1 [00:00<?, ?it/s]Downloading artifacts: 100%|██████████| 1/1 [00:00<?, ?it/s]
Downloading artifacts:   0%|          | 0/1 [00:00<?, ?it/s]Downloading artifacts: 100%|██████████| 1/1 [00:00<00:00, 115.25it/s]Downloading artifacts: 100%|██████████| 1/1 [00:00<00:00, 115.25it/s]
Downloading artifacts:   0%|          | 0/1 [00:00<?, ?it/s]Downloading artifacts: 100%|██████████| 1/1 [00:00<?, ?it/s]Downloading artifacts: 100%|██████████| 1/1 [00:00<?, ?it/s]
Downloading artifacts:   0%|          | 0/1 [00:00<?, ?it/s]Downloading artifacts: 100%|██████████| 1/1 [00:00<00:00, 1975.65it/s]Downloading artifacts: 100%|██████████| 1/1 [00:00<00:00, 1975.65it/s]
Downloading artifacts:   0%|          | 0/1 [00:00<?, ?it/s]Downloading artifacts: 100%|██████████| 1/1 [00:00<00:00, 628.08it/s]Downloading artifacts: 100%|██████████| 1/1 [00:00<00:00, 469.16it/s]
Downloading artifacts:   0%|          | 0/1 [00:00<?, ?it/s]Downloading artifacts: 100%|██████████| 1/1 [00:00<00:00, 790.63it/s]Downloading artifacts: 100%|██████████| 1/1 [00:00<00:00, 440.81it/s]
Downloading artifacts:   0%|          | 0/1 [00:00<?, ?it/s]Downloading artifacts: 100%|██████████| 1/1 [00:00<00:00, 1880.85it/s]Downloading artifacts: 100%|██████████| 1/1 [00:00<00:00, 1880.85it/s]
Downloading artifacts:   0%|          | 0/1 [00:00<?, ?it/s]Downloading artifacts: 100%|██████████| 1/1 [00:00<00:00, 664.92it/s]Downloading artifacts: 100%|██████████| 1/1 [00:00<00:00, 664.92it/s]
Downloading artifacts:   0%|          | 0/1 [00:00<?, ?it/s]Downloading artifacts: 100%|██████████| 1/1 [00:00<00:00, 970.45it/s]Downloading artifacts: 100%|██████████| 1/1 [00:00<00:00, 970.45it/s]
Downloading artifacts:   0%|          | 0/1 [00:00<?, ?it/s]Downloading artifacts: 100%|██████████| 1/1 [00:00<00:00, 996.27it/s]Downloading artifacts: 100%|██████████| 1/1 [00:00<00:00, 996.27it/s]
Downloading artifacts:   0%|          | 0/1 [00:00<?, ?it/s]Downloading artifacts: 100%|██████████| 1/1 [00:00<00:00, 1000.07it/s]Downloading artifacts: 100%|██████████| 1/1 [00:00<00:00, 1000.07it/s]
Downloading artifacts:   0%|          | 0/1 [00:00<?, ?it/s]Downloading artifacts: 100%|██████████| 1/1 [00:00<00:00, 994.38it/s]Downloading artifacts: 100%|██████████| 1/1 [00:00<00:00, 994.38it/s]
Downloading artifacts:   0%|          | 0/1 [00:00<?, ?it/s]Downloading artifacts: 100%|██████████| 1/1 [00:00<00:00, 399.08it/s]Downloading artifacts: 100%|██████████| 1/1 [00:00<00:00, 399.08it/s]
Downloading artifacts:   0%|          | 0/1 [00:00<?, ?it/s]Downloading artifacts: 100%|██████████| 1/1 [00:00<00:00, 737.01it/s]Downloading artifacts: 100%|██████████| 1/1 [00:00<00:00, 737.01it/s]
Downloading artifacts:   0%|          | 0/1 [00:00<?, ?it/s]Downloading artifacts: 100%|██████████| 1/1 [00:00<00:00, 652.91it/s]Downloading artifacts: 100%|██████████| 1/1 [00:00<00:00, 652.91it/s]
Downloading artifacts:   0%|          | 0/1 [00:00<?, ?it/s]Downloading artifacts: 100%|██████████| 1/1 [00:00<00:00, 1944.51it/s]Downloading artifacts: 100%|██████████| 1/1 [00:00<00:00, 1944.51it/s]
Downloading artifacts:   0%|          | 0/1 [00:00<?, ?it/s]Downloading artifacts: 100%|██████████| 1/1 [00:00<00:00, 953.03it/s]Downloading artifacts: 100%|██████████| 1/1 [00:00<00:00, 953.03it/s]
Downloading artifacts:   0%|          | 0/1 [00:00<?, ?it/s]Downloading artifacts: 100%|██████████| 1/1 [00:00<00:00, 996.75it/s]Downloading artifacts: 100%|██████████| 1/1 [00:00<00:00, 996.75it/s]
Downloading artifacts:   0%|          | 0/1 [00:00<?, ?it/s]Downloading artifacts: 100%|██████████| 1/1 [00:00<00:00, 996.04it/s]Downloading artifacts: 100%|██████████| 1/1 [00:00<00:00, 996.04it/s]
Downloading artifacts:   0%|          | 0/1 [00:00<?, ?it/s]Downloading artifacts: 100%|██████████| 1/1 [00:00<00:00, 999.60it/s]Downloading artifacts: 100%|██████████| 1/1 [00:00<00:00, 999.60it/s]
Downloading artifacts:   0%|          | 0/1 [00:00<?, ?it/s]Downloading artifacts: 100%|██████████| 1/1 [00:00<00:00, 1047.79it/s]Downloading artifacts: 100%|██████████| 1/1 [00:00<00:00, 1047.79it/s]
Downloading artifacts:   0%|          | 0/1 [00:00<?, ?it/s]Downloading artifacts: 100%|██████████| 1/1 [00:00<00:00, 1000.07it/s]Downloading artifacts: 100%|██████████| 1/1 [00:00<00:00, 1000.07it/s]
Downloading artifacts:   0%|          | 0/1 [00:00<?, ?it/s]Downloading artifacts: 100%|██████████| 1/1 [00:00<00:00, 835.69it/s]Downloading artifacts: 100%|██████████| 1/1 [00:00<00:00, 454.42it/s]
Downloading artifacts:   0%|          | 0/1 [00:00<?, ?it/s]Downloading artifacts: 100%|██████████| 1/1 [00:00<00:00, 1000.07it/s]Downloading artifacts: 100%|██████████| 1/1 [00:00<00:00, 1000.07it/s]
Downloading artifacts:   0%|          | 0/1 [00:00<?, ?it/s]Downloading artifacts: 100%|██████████| 1/1 [00:00<00:00, 1001.98it/s]Downloading artifacts: 100%|██████████| 1/1 [00:00<00:00, 1001.98it/s]
Downloading artifacts:   0%|          | 0/1 [00:00<?, ?it/s]Downloading artifacts: 100%|██████████| 1/1 [00:00<00:00, 663.24it/s]Downloading artifacts: 100%|██████████| 1/1 [00:00<00:00, 663.24it/s]
Downloading artifacts:   0%|          | 0/1 [00:00<?, ?it/s]Downloading artifacts: 100%|██████████| 1/1 [00:00<00:00, 1911.72it/s]Downloading artifacts: 100%|██████████| 1/1 [00:00<00:00, 1911.72it/s]
Downloading artifacts:   0%|          | 0/1 [00:00<?, ?it/s]Downloading artifacts: 100%|██████████| 1/1 [00:00<00:00, 1729.61it/s]Downloading artifacts: 100%|██████████| 1/1 [00:00<00:00, 1729.61it/s]
Downloading artifacts:   0%|          | 0/1 [00:00<?, ?it/s]Downloading artifacts: 100%|██████████| 1/1 [00:00<00:00, 1976.58it/s]Downloading artifacts: 100%|██████████| 1/1 [00:00<00:00, 1976.58it/s]
Downloading artifacts:   0%|          | 0/1 [00:00<?, ?it/s]Downloading artifacts: 100%|██████████| 1/1 [00:00<00:00, 832.37it/s]Downloading artifacts: 100%|██████████| 1/1 [00:00<00:00, 832.37it/s]
Downloading artifacts:   0%|          | 0/1 [00:00<?, ?it/s]Downloading artifacts: 100%|██████████| 1/1 [00:00<00:00, 914.79it/s]Downloading artifacts: 100%|██████████| 1/1 [00:00<00:00, 914.79it/s]
Downloading artifacts:   0%|          | 0/1 [00:00<?, ?it/s]Downloading artifacts: 100%|██████████| 1/1 [00:00<00:00, 968.89it/s]Downloading artifacts: 100%|██████████| 1/1 [00:00<00:00, 968.89it/s]
Downloading artifacts:   0%|          | 0/1 [00:00<?, ?it/s]Downloading artifacts: 100%|██████████| 1/1 [00:00<?, ?it/s]Downloading artifacts: 100%|██████████| 1/1 [00:00<?, ?it/s]
Downloading artifacts:   0%|          | 0/1 [00:00<?, ?it/s]Downloading artifacts: 100%|██████████| 1/1 [00:00<00:00, 662.92it/s]Downloading artifacts: 100%|██████████| 1/1 [00:00<00:00, 662.92it/s]
Downloading artifacts:   0%|          | 0/1 [00:00<?, ?it/s]Downloading artifacts: 100%|██████████| 1/1 [00:00<00:00, 1000.07it/s]Downloading artifacts: 100%|██████████| 1/1 [00:00<00:00, 1000.07it/s]
Downloading artifacts:   0%|          | 0/1 [00:00<?, ?it/s]Downloading artifacts: 100%|██████████| 1/1 [00:00<?, ?it/s]Downloading artifacts: 100%|██████████| 1/1 [00:00<?, ?it/s]
Downloading artifacts:   0%|          | 0/1 [00:00<?, ?it/s]Downloading artifacts: 100%|██████████| 1/1 [00:00<?, ?it/s]Downloading artifacts: 100%|██████████| 1/1 [00:00<?, ?it/s]
Downloading artifacts:   0%|          | 0/1 [00:00<?, ?it/s]Downloading artifacts: 100%|██████████| 1/1 [00:00<?, ?it/s]Downloading artifacts: 100%|██████████| 1/1 [00:00<?, ?it/s]
Downloading artifacts:   0%|          | 0/1 [00:00<?, ?it/s]Downloading artifacts: 100%|██████████| 1/1 [00:00<?, ?it/s]Downloading artifacts: 100%|██████████| 1/1 [00:00<00:00, 996.75it/s]
Downloading artifacts:   0%|          | 0/1 [00:00<?, ?it/s]Downloading artifacts: 100%|██████████| 1/1 [00:00<?, ?it/s]Downloading artifacts: 100%|██████████| 1/1 [00:00<?, ?it/s]
Downloading artifacts:   0%|          | 0/1 [00:00<?, ?it/s]Downloading artifacts: 100%|██████████| 1/1 [00:00<00:00, 594.85it/s]Downloading artifacts: 100%|██████████| 1/1 [00:00<00:00, 594.85it/s]
Downloading artifacts:   0%|          | 0/1 [00:00<?, ?it/s]Downloading artifacts: 100%|██████████| 1/1 [00:00<?, ?it/s]Downloading artifacts: 100%|██████████| 1/1 [00:00<?, ?it/s]
Downloading artifacts:   0%|          | 0/1 [00:00<?, ?it/s]Downloading artifacts: 100%|██████████| 1/1 [00:00<00:00, 850.94it/s]Downloading artifacts: 100%|██████████| 1/1 [00:00<00:00, 850.94it/s]
Downloading artifacts:   0%|          | 0/1 [00:00<?, ?it/s]Downloading artifacts: 100%|██████████| 1/1 [00:00<00:00, 634.16it/s]Downloading artifacts: 100%|██████████| 1/1 [00:00<00:00, 634.16it/s]
Downloading artifacts:   0%|          | 0/1 [00:00<?, ?it/s]Downloading artifacts: 100%|██████████| 1/1 [00:00<?, ?it/s]Downloading artifacts: 100%|██████████| 1/1 [00:00<?, ?it/s]
Downloading artifacts:   0%|          | 0/1 [00:00<?, ?it/s]Downloading artifacts: 100%|██████████| 1/1 [00:00<00:00, 1001.03it/s]Downloading artifacts: 100%|██████████| 1/1 [00:00<00:00, 1001.03it/s]
Downloading artifacts:   0%|          | 0/1 [00:00<?, ?it/s]Downloading artifacts: 100%|██████████| 1/1 [00:00<?, ?it/s]Downloading artifacts: 100%|██████████| 1/1 [00:00<?, ?it/s]
Downloading artifacts:   0%|          | 0/1 [00:00<?, ?it/s]Downloading artifacts: 100%|██████████| 1/1 [00:00<00:00, 1923.11it/s]Downloading artifacts: 100%|██████████| 1/1 [00:00<00:00, 1923.11it/s]
Downloading artifacts:   0%|          | 0/1 [00:00<?, ?it/s]Downloading artifacts: 100%|██████████| 1/1 [00:00<?, ?it/s]Downloading artifacts: 100%|██████████| 1/1 [00:00<?, ?it/s]
Downloading artifacts:   0%|          | 0/1 [00:00<?, ?it/s]Downloading artifacts: 100%|██████████| 1/1 [00:00<?, ?it/s]Downloading artifacts: 100%|██████████| 1/1 [00:00<?, ?it/s]
Downloading artifacts:   0%|          | 0/1 [00:00<?, ?it/s]Downloading artifacts: 100%|██████████| 1/1 [00:00<00:00, 999.83it/s]Downloading artifacts: 100%|██████████| 1/1 [00:00<00:00, 999.83it/s]
Downloading artifacts:   0%|          | 0/1 [00:00<?, ?it/s]Downloading artifacts: 100%|██████████| 1/1 [00:00<?, ?it/s]Downloading artifacts: 100%|██████████| 1/1 [00:00<?, ?it/s]
Downloading artifacts:   0%|          | 0/1 [00:00<?, ?it/s]Downloading artifacts: 100%|██████████| 1/1 [00:00<?, ?it/s]Downloading artifacts: 100%|██████████| 1/1 [00:00<00:00, 1000.07it/s]
Downloading artifacts:   0%|          | 0/1 [00:00<?, ?it/s]Downloading artifacts: 100%|██████████| 1/1 [00:00<00:00, 882.27it/s]Downloading artifacts: 100%|██████████| 1/1 [00:00<00:00, 882.27it/s]
Downloading artifacts:   0%|          | 0/1 [00:00<?, ?it/s]Downloading artifacts: 100%|██████████| 1/1 [00:00<00:00, 996.75it/s]Downloading artifacts: 100%|██████████| 1/1 [00:00<00:00, 996.75it/s]
Downloading artifacts:   0%|          | 0/1 [00:00<?, ?it/s]Downloading artifacts: 100%|██████████| 1/1 [00:00<00:00, 988.52it/s]Downloading artifacts: 100%|██████████| 1/1 [00:00<00:00, 988.52it/s]
Downloading artifacts:   0%|          | 0/1 [00:00<?, ?it/s]Downloading artifacts: 100%|██████████| 1/1 [00:00<00:00, 995.09it/s]Downloading artifacts: 100%|██████████| 1/1 [00:00<00:00, 995.09it/s]
Downloading artifacts:   0%|          | 0/1 [00:00<?, ?it/s]Downloading artifacts: 100%|██████████| 1/1 [00:00<?, ?it/s]Downloading artifacts: 100%|██████████| 1/1 [00:00<?, ?it/s]
Downloading artifacts:   0%|          | 0/1 [00:00<?, ?it/s]Downloading artifacts: 100%|██████████| 1/1 [00:00<00:00, 997.69it/s]Downloading artifacts: 100%|██████████| 1/1 [00:00<00:00, 997.69it/s]
[30624:MainThread](2026-05-03 09:40:26,577) INFO - qlib.timer - [log.py:127] - Time cost: 0.000s | waiting `async_log` Done
