Gym has been unmaintained since 2022 and does not support NumPy 2.0 amongst other critical functionality.
Please upgrade to Gymnasium, the maintained drop-in replacement of Gym, or contact the authors of your software and request that they upgrade.
Users of this version of Gym should be able to simply replace 'import gym' with 'import gymnasium as gym' in the vast majority of cases.
See the migration guide at https://gymnasium.farama.org/introduction/migration_guide/ for additional information.
[32652:MainThread](2026-05-25 15:34:18,803) INFO - qlib.Initialization - [config.py:452] - default_conf: client.
[32652:MainThread](2026-05-25 15:34:18,807) INFO - qlib.Initialization - [__init__.py:75] - qlib successfully initialized based on client settings.
[32652:MainThread](2026-05-25 15:34:18,807) INFO - qlib.Initialization - [__init__.py:77] - data_path={'__DEFAULT_FREQ': WindowsPath('C:/Users/60585/.qlib/qlib_data/cn_data')}
Gym has been unmaintained since 2022 and does not support NumPy 2.0 amongst other critical functionality.
Please upgrade to Gymnasium, the maintained drop-in replacement of Gym, or contact the authors of your software and request that they upgrade.
Users of this version of Gym should be able to simply replace 'import gym' with 'import gymnasium as gym' in the vast majority of cases.
See the migration guide at https://gymnasium.farama.org/introduction/migration_guide/ for additional information.
Gym has been unmaintained since 2022 and does not support NumPy 2.0 amongst other critical functionality.
Please upgrade to Gymnasium, the maintained drop-in replacement of Gym, or contact the authors of your software and request that they upgrade.
Users of this version of Gym should be able to simply replace 'import gym' with 'import gymnasium as gym' in the vast majority of cases.
See the migration guide at https://gymnasium.farama.org/introduction/migration_guide/ for additional information.
Gym has been unmaintained since 2022 and does not support NumPy 2.0 amongst other critical functionality.
Please upgrade to Gymnasium, the maintained drop-in replacement of Gym, or contact the authors of your software and request that they upgrade.
Users of this version of Gym should be able to simply replace 'import gym' with 'import gymnasium as gym' in the vast majority of cases.
See the migration guide at https://gymnasium.farama.org/introduction/migration_guide/ for additional information.
Gym has been unmaintained since 2022 and does not support NumPy 2.0 amongst other critical functionality.
Please upgrade to Gymnasium, the maintained drop-in replacement of Gym, or contact the authors of your software and request that they upgrade.
Users of this version of Gym should be able to simply replace 'import gym' with 'import gymnasium as gym' in the vast majority of cases.
See the migration guide at https://gymnasium.farama.org/introduction/migration_guide/ for additional information.
Gym has been unmaintained since 2022 and does not support NumPy 2.0 amongst other critical functionality.
Please upgrade to Gymnasium, the maintained drop-in replacement of Gym, or contact the authors of your software and request that they upgrade.
Users of this version of Gym should be able to simply replace 'import gym' with 'import gymnasium as gym' in the vast majority of cases.
See the migration guide at https://gymnasium.farama.org/introduction/migration_guide/ for additional information.
Gym has been unmaintained since 2022 and does not support NumPy 2.0 amongst other critical functionality.
Please upgrade to Gymnasium, the maintained drop-in replacement of Gym, or contact the authors of your software and request that they upgrade.
Users of this version of Gym should be able to simply replace 'import gym' with 'import gymnasium as gym' in the vast majority of cases.
See the migration guide at https://gymnasium.farama.org/introduction/migration_guide/ for additional information.
Gym has been unmaintained since 2022 and does not support NumPy 2.0 amongst other critical functionality.
Please upgrade to Gymnasium, the maintained drop-in replacement of Gym, or contact the authors of your software and request that they upgrade.
Users of this version of Gym should be able to simply replace 'import gym' with 'import gymnasium as gym' in the vast majority of cases.
See the migration guide at https://gymnasium.farama.org/introduction/migration_guide/ for additional information.
Gym has been unmaintained since 2022 and does not support NumPy 2.0 amongst other critical functionality.
Please upgrade to Gymnasium, the maintained drop-in replacement of Gym, or contact the authors of your software and request that they upgrade.
Users of this version of Gym should be able to simply replace 'import gym' with 'import gymnasium as gym' in the vast majority of cases.
See the migration guide at https://gymnasium.farama.org/introduction/migration_guide/ for additional information.
Gym has been unmaintained since 2022 and does not support NumPy 2.0 amongst other critical functionality.
Please upgrade to Gymnasium, the maintained drop-in replacement of Gym, or contact the authors of your software and request that they upgrade.
Users of this version of Gym should be able to simply replace 'import gym' with 'import gymnasium as gym' in the vast majority of cases.
See the migration guide at https://gymnasium.farama.org/introduction/migration_guide/ for additional information.
Gym has been unmaintained since 2022 and does not support NumPy 2.0 amongst other critical functionality.
Please upgrade to Gymnasium, the maintained drop-in replacement of Gym, or contact the authors of your software and request that they upgrade.
Users of this version of Gym should be able to simply replace 'import gym' with 'import gymnasium as gym' in the vast majority of cases.
See the migration guide at https://gymnasium.farama.org/introduction/migration_guide/ for additional information.
Gym has been unmaintained since 2022 and does not support NumPy 2.0 amongst other critical functionality.
Please upgrade to Gymnasium, the maintained drop-in replacement of Gym, or contact the authors of your software and request that they upgrade.
Users of this version of Gym should be able to simply replace 'import gym' with 'import gymnasium as gym' in the vast majority of cases.
See the migration guide at https://gymnasium.farama.org/introduction/migration_guide/ for additional information.
Gym has been unmaintained since 2022 and does not support NumPy 2.0 amongst other critical functionality.
Please upgrade to Gymnasium, the maintained drop-in replacement of Gym, or contact the authors of your software and request that they upgrade.
Users of this version of Gym should be able to simply replace 'import gym' with 'import gymnasium as gym' in the vast majority of cases.
See the migration guide at https://gymnasium.farama.org/introduction/migration_guide/ for additional information.
Gym has been unmaintained since 2022 and does not support NumPy 2.0 amongst other critical functionality.
Please upgrade to Gymnasium, the maintained drop-in replacement of Gym, or contact the authors of your software and request that they upgrade.
Users of this version of Gym should be able to simply replace 'import gym' with 'import gymnasium as gym' in the vast majority of cases.
See the migration guide at https://gymnasium.farama.org/introduction/migration_guide/ for additional information.
Gym has been unmaintained since 2022 and does not support NumPy 2.0 amongst other critical functionality.
Please upgrade to Gymnasium, the maintained drop-in replacement of Gym, or contact the authors of your software and request that they upgrade.
Users of this version of Gym should be able to simply replace 'import gym' with 'import gymnasium as gym' in the vast majority of cases.
See the migration guide at https://gymnasium.farama.org/introduction/migration_guide/ for additional information.
Gym has been unmaintained since 2022 and does not support NumPy 2.0 amongst other critical functionality.
Please upgrade to Gymnasium, the maintained drop-in replacement of Gym, or contact the authors of your software and request that they upgrade.
Users of this version of Gym should be able to simply replace 'import gym' with 'import gymnasium as gym' in the vast majority of cases.
See the migration guide at https://gymnasium.farama.org/introduction/migration_guide/ for additional information.
Gym has been unmaintained since 2022 and does not support NumPy 2.0 amongst other critical functionality.
Please upgrade to Gymnasium, the maintained drop-in replacement of Gym, or contact the authors of your software and request that they upgrade.
Users of this version of Gym should be able to simply replace 'import gym' with 'import gymnasium as gym' in the vast majority of cases.
See the migration guide at https://gymnasium.farama.org/introduction/migration_guide/ for additional information.
Gym has been unmaintained since 2022 and does not support NumPy 2.0 amongst other critical functionality.
Please upgrade to Gymnasium, the maintained drop-in replacement of Gym, or contact the authors of your software and request that they upgrade.
Users of this version of Gym should be able to simply replace 'import gym' with 'import gymnasium as gym' in the vast majority of cases.
See the migration guide at https://gymnasium.farama.org/introduction/migration_guide/ for additional information.
Gym has been unmaintained since 2022 and does not support NumPy 2.0 amongst other critical functionality.
Please upgrade to Gymnasium, the maintained drop-in replacement of Gym, or contact the authors of your software and request that they upgrade.
Users of this version of Gym should be able to simply replace 'import gym' with 'import gymnasium as gym' in the vast majority of cases.
See the migration guide at https://gymnasium.farama.org/introduction/migration_guide/ for additional information.
[28512:MainThread](2026-05-25 15:34:22,863) INFO - qlib.Initialization - [config.py:452] - default_conf: client.
[28512:MainThread](2026-05-25 15:34:22,868) INFO - qlib.Initialization - [__init__.py:75] - qlib successfully initialized based on client settings.
[28512:MainThread](2026-05-25 15:34:22,869) INFO - qlib.Initialization - [__init__.py:77] - data_path={'__DEFAULT_FREQ': WindowsPath('C:/Users/60585/.qlib/qlib_data/cn_data')}
[7848:MainThread](2026-05-25 15:34:22,869) INFO - qlib.Initialization - [config.py:452] - default_conf: client.
[32312:MainThread](2026-05-25 15:34:22,877) INFO - qlib.Initialization - [config.py:452] - default_conf: client.
[7848:MainThread](2026-05-25 15:34:22,878) INFO - qlib.Initialization - [__init__.py:75] - qlib successfully initialized based on client settings.
[7848:MainThread](2026-05-25 15:34:22,880) INFO - qlib.Initialization - [__init__.py:77] - data_path={'__DEFAULT_FREQ': WindowsPath('C:/Users/60585/.qlib/qlib_data/cn_data')}
[35188:MainThread](2026-05-25 15:34:22,880) INFO - qlib.Initialization - [config.py:452] - default_conf: client.
[32312:MainThread](2026-05-25 15:34:22,882) INFO - qlib.Initialization - [__init__.py:75] - qlib successfully initialized based on client settings.
[32312:MainThread](2026-05-25 15:34:22,882) INFO - qlib.Initialization - [__init__.py:77] - data_path={'__DEFAULT_FREQ': WindowsPath('C:/Users/60585/.qlib/qlib_data/cn_data')}
[29788:MainThread](2026-05-25 15:34:22,884) INFO - qlib.Initialization - [config.py:452] - default_conf: client.
[35188:MainThread](2026-05-25 15:34:22,884) INFO - qlib.Initialization - [__init__.py:75] - qlib successfully initialized based on client settings.
[35188:MainThread](2026-05-25 15:34:22,886) INFO - qlib.Initialization - [__init__.py:77] - data_path={'__DEFAULT_FREQ': WindowsPath('C:/Users/60585/.qlib/qlib_data/cn_data')}
[5924:MainThread](2026-05-25 15:34:22,886) INFO - qlib.Initialization - [config.py:452] - default_conf: client.
[28752:MainThread](2026-05-25 15:34:22,886) INFO - qlib.Initialization - [config.py:452] - default_conf: client.
[9128:MainThread](2026-05-25 15:34:22,886) INFO - qlib.Initialization - [config.py:452] - default_conf: client.
[29788:MainThread](2026-05-25 15:34:22,888) INFO - qlib.Initialization - [__init__.py:75] - qlib successfully initialized based on client settings.
[29788:MainThread](2026-05-25 15:34:22,890) INFO - qlib.Initialization - [__init__.py:77] - data_path={'__DEFAULT_FREQ': WindowsPath('C:/Users/60585/.qlib/qlib_data/cn_data')}
[5924:MainThread](2026-05-25 15:34:22,890) INFO - qlib.Initialization - [__init__.py:75] - qlib successfully initialized based on client settings.
[5924:MainThread](2026-05-25 15:34:22,890) INFO - qlib.Initialization - [__init__.py:77] - data_path={'__DEFAULT_FREQ': WindowsPath('C:/Users/60585/.qlib/qlib_data/cn_data')}
[9128:MainThread](2026-05-25 15:34:22,892) INFO - qlib.Initialization - [__init__.py:75] - qlib successfully initialized based on client settings.
[9128:MainThread](2026-05-25 15:34:22,892) INFO - qlib.Initialization - [__init__.py:77] - data_path={'__DEFAULT_FREQ': WindowsPath('C:/Users/60585/.qlib/qlib_data/cn_data')}
[28752:MainThread](2026-05-25 15:34:22,892) INFO - qlib.Initialization - [__init__.py:75] - qlib successfully initialized based on client settings.
[28752:MainThread](2026-05-25 15:34:22,892) INFO - qlib.Initialization - [__init__.py:77] - data_path={'__DEFAULT_FREQ': WindowsPath('C:/Users/60585/.qlib/qlib_data/cn_data')}
[29940:MainThread](2026-05-25 15:34:22,894) INFO - qlib.Initialization - [config.py:452] - default_conf: client.
[36160:MainThread](2026-05-25 15:34:22,899) INFO - qlib.Initialization - [config.py:452] - default_conf: client.
[29940:MainThread](2026-05-25 15:34:22,901) INFO - qlib.Initialization - [__init__.py:75] - qlib successfully initialized based on client settings.
[29940:MainThread](2026-05-25 15:34:22,901) INFO - qlib.Initialization - [__init__.py:77] - data_path={'__DEFAULT_FREQ': WindowsPath('C:/Users/60585/.qlib/qlib_data/cn_data')}
[36160:MainThread](2026-05-25 15:34:22,903) INFO - qlib.Initialization - [__init__.py:75] - qlib successfully initialized based on client settings.
[36160:MainThread](2026-05-25 15:34:22,903) INFO - qlib.Initialization - [__init__.py:77] - data_path={'__DEFAULT_FREQ': WindowsPath('C:/Users/60585/.qlib/qlib_data/cn_data')}
[35604:MainThread](2026-05-25 15:34:22,907) INFO - qlib.Initialization - [config.py:452] - default_conf: client.
[1096:MainThread](2026-05-25 15:34:22,907) INFO - qlib.Initialization - [config.py:452] - default_conf: client.
[36596:MainThread](2026-05-25 15:34:22,911) INFO - qlib.Initialization - [config.py:452] - default_conf: client.
[35604:MainThread](2026-05-25 15:34:22,911) INFO - qlib.Initialization - [__init__.py:75] - qlib successfully initialized based on client settings.
[1096:MainThread](2026-05-25 15:34:22,911) INFO - qlib.Initialization - [__init__.py:75] - qlib successfully initialized based on client settings.
[35604:MainThread](2026-05-25 15:34:22,911) INFO - qlib.Initialization - [__init__.py:77] - data_path={'__DEFAULT_FREQ': WindowsPath('C:/Users/60585/.qlib/qlib_data/cn_data')}
[1096:MainThread](2026-05-25 15:34:22,913) INFO - qlib.Initialization - [__init__.py:77] - data_path={'__DEFAULT_FREQ': WindowsPath('C:/Users/60585/.qlib/qlib_data/cn_data')}
[34536:MainThread](2026-05-25 15:34:22,913) INFO - qlib.Initialization - [config.py:452] - default_conf: client.
[28900:MainThread](2026-05-25 15:34:22,915) INFO - qlib.Initialization - [config.py:452] - default_conf: client.
[36596:MainThread](2026-05-25 15:34:22,915) INFO - qlib.Initialization - [__init__.py:75] - qlib successfully initialized based on client settings.
[24380:MainThread](2026-05-25 15:34:22,915) INFO - qlib.Initialization - [config.py:452] - default_conf: client.
[36596:MainThread](2026-05-25 15:34:22,915) INFO - qlib.Initialization - [__init__.py:77] - data_path={'__DEFAULT_FREQ': WindowsPath('C:/Users/60585/.qlib/qlib_data/cn_data')}
[29136:MainThread](2026-05-25 15:34:22,917) INFO - qlib.Initialization - [config.py:452] - default_conf: client.
[34536:MainThread](2026-05-25 15:34:22,918) INFO - qlib.Initialization - [__init__.py:75] - qlib successfully initialized based on client settings.
[28900:MainThread](2026-05-25 15:34:22,918) INFO - qlib.Initialization - [__init__.py:75] - qlib successfully initialized based on client settings.
[34536:MainThread](2026-05-25 15:34:22,918) INFO - qlib.Initialization - [__init__.py:77] - data_path={'__DEFAULT_FREQ': WindowsPath('C:/Users/60585/.qlib/qlib_data/cn_data')}
[28900:MainThread](2026-05-25 15:34:22,918) INFO - qlib.Initialization - [__init__.py:77] - data_path={'__DEFAULT_FREQ': WindowsPath('C:/Users/60585/.qlib/qlib_data/cn_data')}
[3444:MainThread](2026-05-25 15:34:22,918) INFO - qlib.Initialization - [config.py:452] - default_conf: client.
[24380:MainThread](2026-05-25 15:34:22,920) INFO - qlib.Initialization - [__init__.py:75] - qlib successfully initialized based on client settings.
[24380:MainThread](2026-05-25 15:34:22,920) INFO - qlib.Initialization - [__init__.py:77] - data_path={'__DEFAULT_FREQ': WindowsPath('C:/Users/60585/.qlib/qlib_data/cn_data')}
[29136:MainThread](2026-05-25 15:34:22,920) INFO - qlib.Initialization - [__init__.py:75] - qlib successfully initialized based on client settings.
[29136:MainThread](2026-05-25 15:34:22,920) INFO - qlib.Initialization - [__init__.py:77] - data_path={'__DEFAULT_FREQ': WindowsPath('C:/Users/60585/.qlib/qlib_data/cn_data')}
[3444:MainThread](2026-05-25 15:34:22,920) INFO - qlib.Initialization - [__init__.py:75] - qlib successfully initialized based on client settings.
[3444:MainThread](2026-05-25 15:34:22,924) INFO - qlib.Initialization - [__init__.py:77] - data_path={'__DEFAULT_FREQ': WindowsPath('C:/Users/60585/.qlib/qlib_data/cn_data')}
Gym has been unmaintained since 2022 and does not support NumPy 2.0 amongst other critical functionality.
Please upgrade to Gymnasium, the maintained drop-in replacement of Gym, or contact the authors of your software and request that they upgrade.
Users of this version of Gym should be able to simply replace 'import gym' with 'import gymnasium as gym' in the vast majority of cases.
See the migration guide at https://gymnasium.farama.org/introduction/migration_guide/ for additional information.
Gym has been unmaintained since 2022 and does not support NumPy 2.0 amongst other critical functionality.
Please upgrade to Gymnasium, the maintained drop-in replacement of Gym, or contact the authors of your software and request that they upgrade.
Users of this version of Gym should be able to simply replace 'import gym' with 'import gymnasium as gym' in the vast majority of cases.
See the migration guide at https://gymnasium.farama.org/introduction/migration_guide/ for additional information.
Gym has been unmaintained since 2022 and does not support NumPy 2.0 amongst other critical functionality.
Please upgrade to Gymnasium, the maintained drop-in replacement of Gym, or contact the authors of your software and request that they upgrade.
Users of this version of Gym should be able to simply replace 'import gym' with 'import gymnasium as gym' in the vast majority of cases.
See the migration guide at https://gymnasium.farama.org/introduction/migration_guide/ for additional information.
Gym has been unmaintained since 2022 and does not support NumPy 2.0 amongst other critical functionality.
Please upgrade to Gymnasium, the maintained drop-in replacement of Gym, or contact the authors of your software and request that they upgrade.
Users of this version of Gym should be able to simply replace 'import gym' with 'import gymnasium as gym' in the vast majority of cases.
See the migration guide at https://gymnasium.farama.org/introduction/migration_guide/ for additional information.
Gym has been unmaintained since 2022 and does not support NumPy 2.0 amongst other critical functionality.
Please upgrade to Gymnasium, the maintained drop-in replacement of Gym, or contact the authors of your software and request that they upgrade.
Users of this version of Gym should be able to simply replace 'import gym' with 'import gymnasium as gym' in the vast majority of cases.
See the migration guide at https://gymnasium.farama.org/introduction/migration_guide/ for additional information.
Gym has been unmaintained since 2022 and does not support NumPy 2.0 amongst other critical functionality.
Please upgrade to Gymnasium, the maintained drop-in replacement of Gym, or contact the authors of your software and request that they upgrade.
Users of this version of Gym should be able to simply replace 'import gym' with 'import gymnasium as gym' in the vast majority of cases.
See the migration guide at https://gymnasium.farama.org/introduction/migration_guide/ for additional information.
Gym has been unmaintained since 2022 and does not support NumPy 2.0 amongst other critical functionality.
Please upgrade to Gymnasium, the maintained drop-in replacement of Gym, or contact the authors of your software and request that they upgrade.
Users of this version of Gym should be able to simply replace 'import gym' with 'import gymnasium as gym' in the vast majority of cases.
See the migration guide at https://gymnasium.farama.org/introduction/migration_guide/ for additional information.
Gym has been unmaintained since 2022 and does not support NumPy 2.0 amongst other critical functionality.
Please upgrade to Gymnasium, the maintained drop-in replacement of Gym, or contact the authors of your software and request that they upgrade.
Users of this version of Gym should be able to simply replace 'import gym' with 'import gymnasium as gym' in the vast majority of cases.
See the migration guide at https://gymnasium.farama.org/introduction/migration_guide/ for additional information.
Gym has been unmaintained since 2022 and does not support NumPy 2.0 amongst other critical functionality.
Please upgrade to Gymnasium, the maintained drop-in replacement of Gym, or contact the authors of your software and request that they upgrade.
Users of this version of Gym should be able to simply replace 'import gym' with 'import gymnasium as gym' in the vast majority of cases.
See the migration guide at https://gymnasium.farama.org/introduction/migration_guide/ for additional information.
Gym has been unmaintained since 2022 and does not support NumPy 2.0 amongst other critical functionality.
Please upgrade to Gymnasium, the maintained drop-in replacement of Gym, or contact the authors of your software and request that they upgrade.
Users of this version of Gym should be able to simply replace 'import gym' with 'import gymnasium as gym' in the vast majority of cases.
See the migration guide at https://gymnasium.farama.org/introduction/migration_guide/ for additional information.
Gym has been unmaintained since 2022 and does not support NumPy 2.0 amongst other critical functionality.
Please upgrade to Gymnasium, the maintained drop-in replacement of Gym, or contact the authors of your software and request that they upgrade.
Users of this version of Gym should be able to simply replace 'import gym' with 'import gymnasium as gym' in the vast majority of cases.
See the migration guide at https://gymnasium.farama.org/introduction/migration_guide/ for additional information.
Gym has been unmaintained since 2022 and does not support NumPy 2.0 amongst other critical functionality.
Please upgrade to Gymnasium, the maintained drop-in replacement of Gym, or contact the authors of your software and request that they upgrade.
Users of this version of Gym should be able to simply replace 'import gym' with 'import gymnasium as gym' in the vast majority of cases.
See the migration guide at https://gymnasium.farama.org/introduction/migration_guide/ for additional information.
Gym has been unmaintained since 2022 and does not support NumPy 2.0 amongst other critical functionality.
Please upgrade to Gymnasium, the maintained drop-in replacement of Gym, or contact the authors of your software and request that they upgrade.
Users of this version of Gym should be able to simply replace 'import gym' with 'import gymnasium as gym' in the vast majority of cases.
See the migration guide at https://gymnasium.farama.org/introduction/migration_guide/ for additional information.
Gym has been unmaintained since 2022 and does not support NumPy 2.0 amongst other critical functionality.
Please upgrade to Gymnasium, the maintained drop-in replacement of Gym, or contact the authors of your software and request that they upgrade.
Users of this version of Gym should be able to simply replace 'import gym' with 'import gymnasium as gym' in the vast majority of cases.
See the migration guide at https://gymnasium.farama.org/introduction/migration_guide/ for additional information.
Gym has been unmaintained since 2022 and does not support NumPy 2.0 amongst other critical functionality.
Please upgrade to Gymnasium, the maintained drop-in replacement of Gym, or contact the authors of your software and request that they upgrade.
Users of this version of Gym should be able to simply replace 'import gym' with 'import gymnasium as gym' in the vast majority of cases.
See the migration guide at https://gymnasium.farama.org/introduction/migration_guide/ for additional information.
Gym has been unmaintained since 2022 and does not support NumPy 2.0 amongst other critical functionality.
Please upgrade to Gymnasium, the maintained drop-in replacement of Gym, or contact the authors of your software and request that they upgrade.
Users of this version of Gym should be able to simply replace 'import gym' with 'import gymnasium as gym' in the vast majority of cases.
See the migration guide at https://gymnasium.farama.org/introduction/migration_guide/ for additional information.
Gym has been unmaintained since 2022 and does not support NumPy 2.0 amongst other critical functionality.
Please upgrade to Gymnasium, the maintained drop-in replacement of Gym, or contact the authors of your software and request that they upgrade.
Users of this version of Gym should be able to simply replace 'import gym' with 'import gymnasium as gym' in the vast majority of cases.
See the migration guide at https://gymnasium.farama.org/introduction/migration_guide/ for additional information.
Gym has been unmaintained since 2022 and does not support NumPy 2.0 amongst other critical functionality.
Please upgrade to Gymnasium, the maintained drop-in replacement of Gym, or contact the authors of your software and request that they upgrade.
Users of this version of Gym should be able to simply replace 'import gym' with 'import gymnasium as gym' in the vast majority of cases.
See the migration guide at https://gymnasium.farama.org/introduction/migration_guide/ for additional information.
[4848:MainThread](2026-05-25 15:34:40,943) INFO - qlib.Initialization - [config.py:452] - default_conf: client.
[7292:MainThread](2026-05-25 15:34:40,945) INFO - qlib.Initialization - [config.py:452] - default_conf: client.
[4848:MainThread](2026-05-25 15:34:40,948) INFO - qlib.Initialization - [__init__.py:75] - qlib successfully initialized based on client settings.
[7292:MainThread](2026-05-25 15:34:40,948) INFO - qlib.Initialization - [__init__.py:75] - qlib successfully initialized based on client settings.
[4848:MainThread](2026-05-25 15:34:40,948) INFO - qlib.Initialization - [__init__.py:77] - data_path={'__DEFAULT_FREQ': WindowsPath('C:/Users/60585/.qlib/qlib_data/cn_data')}
[7292:MainThread](2026-05-25 15:34:40,950) INFO - qlib.Initialization - [__init__.py:77] - data_path={'__DEFAULT_FREQ': WindowsPath('C:/Users/60585/.qlib/qlib_data/cn_data')}
[11276:MainThread](2026-05-25 15:34:40,959) INFO - qlib.Initialization - [config.py:452] - default_conf: client.
[27112:MainThread](2026-05-25 15:34:40,961) INFO - qlib.Initialization - [config.py:452] - default_conf: client.
[11276:MainThread](2026-05-25 15:34:40,963) INFO - qlib.Initialization - [__init__.py:75] - qlib successfully initialized based on client settings.
[11276:MainThread](2026-05-25 15:34:40,963) INFO - qlib.Initialization - [__init__.py:77] - data_path={'__DEFAULT_FREQ': WindowsPath('C:/Users/60585/.qlib/qlib_data/cn_data')}
[27112:MainThread](2026-05-25 15:34:40,965) INFO - qlib.Initialization - [__init__.py:75] - qlib successfully initialized based on client settings.
[27112:MainThread](2026-05-25 15:34:40,967) INFO - qlib.Initialization - [__init__.py:77] - data_path={'__DEFAULT_FREQ': WindowsPath('C:/Users/60585/.qlib/qlib_data/cn_data')}
[32300:MainThread](2026-05-25 15:34:40,968) INFO - qlib.Initialization - [config.py:452] - default_conf: client.
[32300:MainThread](2026-05-25 15:34:40,973) INFO - qlib.Initialization - [__init__.py:75] - qlib successfully initialized based on client settings.
[32300:MainThread](2026-05-25 15:34:40,973) INFO - qlib.Initialization - [__init__.py:77] - data_path={'__DEFAULT_FREQ': WindowsPath('C:/Users/60585/.qlib/qlib_data/cn_data')}
[30580:MainThread](2026-05-25 15:34:40,973) INFO - qlib.Initialization - [config.py:452] - default_conf: client.
[30580:MainThread](2026-05-25 15:34:40,978) INFO - qlib.Initialization - [__init__.py:75] - qlib successfully initialized based on client settings.
[30580:MainThread](2026-05-25 15:34:40,978) INFO - qlib.Initialization - [__init__.py:77] - data_path={'__DEFAULT_FREQ': WindowsPath('C:/Users/60585/.qlib/qlib_data/cn_data')}
[33680:MainThread](2026-05-25 15:34:40,982) INFO - qlib.Initialization - [config.py:452] - default_conf: client.
[32520:MainThread](2026-05-25 15:34:40,982) INFO - qlib.Initialization - [config.py:452] - default_conf: client.
[33680:MainThread](2026-05-25 15:34:40,987) INFO - qlib.Initialization - [__init__.py:75] - qlib successfully initialized based on client settings.
[33680:MainThread](2026-05-25 15:34:40,987) INFO - qlib.Initialization - [__init__.py:77] - data_path={'__DEFAULT_FREQ': WindowsPath('C:/Users/60585/.qlib/qlib_data/cn_data')}
[32520:MainThread](2026-05-25 15:34:40,989) INFO - qlib.Initialization - [__init__.py:75] - qlib successfully initialized based on client settings.
[23540:MainThread](2026-05-25 15:34:40,990) INFO - qlib.Initialization - [config.py:452] - default_conf: client.
[32520:MainThread](2026-05-25 15:34:40,990) INFO - qlib.Initialization - [__init__.py:77] - data_path={'__DEFAULT_FREQ': WindowsPath('C:/Users/60585/.qlib/qlib_data/cn_data')}
[23540:MainThread](2026-05-25 15:34:40,992) INFO - qlib.Initialization - [__init__.py:75] - qlib successfully initialized based on client settings.
[23540:MainThread](2026-05-25 15:34:40,992) INFO - qlib.Initialization - [__init__.py:77] - data_path={'__DEFAULT_FREQ': WindowsPath('C:/Users/60585/.qlib/qlib_data/cn_data')}
[15484:MainThread](2026-05-25 15:34:40,996) INFO - qlib.Initialization - [config.py:452] - default_conf: client.
[29500:MainThread](2026-05-25 15:34:40,996) INFO - qlib.Initialization - [config.py:452] - default_conf: client.
[27256:MainThread](2026-05-25 15:34:40,998) INFO - qlib.Initialization - [config.py:452] - default_conf: client.
[24168:MainThread](2026-05-25 15:34:41,001) INFO - qlib.Initialization - [config.py:452] - default_conf: client.
[29100:MainThread](2026-05-25 15:34:41,001) INFO - qlib.Initialization - [config.py:452] - default_conf: client.
[15484:MainThread](2026-05-25 15:34:41,001) INFO - qlib.Initialization - [__init__.py:75] - qlib successfully initialized based on client settings.
[15484:MainThread](2026-05-25 15:34:41,001) INFO - qlib.Initialization - [__init__.py:77] - data_path={'__DEFAULT_FREQ': WindowsPath('C:/Users/60585/.qlib/qlib_data/cn_data')}
[29500:MainThread](2026-05-25 15:34:41,001) INFO - qlib.Initialization - [__init__.py:75] - qlib successfully initialized based on client settings.
[29500:MainThread](2026-05-25 15:34:41,001) INFO - qlib.Initialization - [__init__.py:77] - data_path={'__DEFAULT_FREQ': WindowsPath('C:/Users/60585/.qlib/qlib_data/cn_data')}
[27256:MainThread](2026-05-25 15:34:41,001) INFO - qlib.Initialization - [__init__.py:75] - qlib successfully initialized based on client settings.
[27256:MainThread](2026-05-25 15:34:41,004) INFO - qlib.Initialization - [__init__.py:77] - data_path={'__DEFAULT_FREQ': WindowsPath('C:/Users/60585/.qlib/qlib_data/cn_data')}
[24168:MainThread](2026-05-25 15:34:41,004) INFO - qlib.Initialization - [__init__.py:75] - qlib successfully initialized based on client settings.
[29100:MainThread](2026-05-25 15:34:41,004) INFO - qlib.Initialization - [__init__.py:75] - qlib successfully initialized based on client settings.
[22840:MainThread](2026-05-25 15:34:41,004) INFO - qlib.Initialization - [config.py:452] - default_conf: client.
[24168:MainThread](2026-05-25 15:34:41,006) INFO - qlib.Initialization - [__init__.py:77] - data_path={'__DEFAULT_FREQ': WindowsPath('C:/Users/60585/.qlib/qlib_data/cn_data')}
[29100:MainThread](2026-05-25 15:34:41,006) INFO - qlib.Initialization - [__init__.py:77] - data_path={'__DEFAULT_FREQ': WindowsPath('C:/Users/60585/.qlib/qlib_data/cn_data')}
[9788:MainThread](2026-05-25 15:34:41,010) INFO - qlib.Initialization - [config.py:452] - default_conf: client.
[22840:MainThread](2026-05-25 15:34:41,012) INFO - qlib.Initialization - [__init__.py:75] - qlib successfully initialized based on client settings.
[22840:MainThread](2026-05-25 15:34:41,012) INFO - qlib.Initialization - [__init__.py:77] - data_path={'__DEFAULT_FREQ': WindowsPath('C:/Users/60585/.qlib/qlib_data/cn_data')}
[9788:MainThread](2026-05-25 15:34:41,015) INFO - qlib.Initialization - [__init__.py:75] - qlib successfully initialized based on client settings.
[9788:MainThread](2026-05-25 15:34:41,015) INFO - qlib.Initialization - [__init__.py:77] - data_path={'__DEFAULT_FREQ': WindowsPath('C:/Users/60585/.qlib/qlib_data/cn_data')}
[31836:MainThread](2026-05-25 15:34:41,031) INFO - qlib.Initialization - [config.py:452] - default_conf: client.
[27164:MainThread](2026-05-25 15:34:41,032) INFO - qlib.Initialization - [config.py:452] - default_conf: client.
[31836:MainThread](2026-05-25 15:34:41,035) INFO - qlib.Initialization - [__init__.py:75] - qlib successfully initialized based on client settings.
[31836:MainThread](2026-05-25 15:34:41,037) INFO - qlib.Initialization - [__init__.py:77] - data_path={'__DEFAULT_FREQ': WindowsPath('C:/Users/60585/.qlib/qlib_data/cn_data')}
[27164:MainThread](2026-05-25 15:34:41,039) INFO - qlib.Initialization - [__init__.py:75] - qlib successfully initialized based on client settings.
[27164:MainThread](2026-05-25 15:34:41,040) INFO - qlib.Initialization - [__init__.py:77] - data_path={'__DEFAULT_FREQ': WindowsPath('C:/Users/60585/.qlib/qlib_data/cn_data')}
[32652:MainThread](2026-05-25 15:34:41,813) INFO - qlib.timer - [log.py:127] - Time cost: 23.005s | Loading data Done
[32652:MainThread](2026-05-25 15:34:45,927) INFO - qlib.timer - [log.py:127] - Time cost: 3.814s | RobustZScoreNorm Done
[32652:MainThread](2026-05-25 15:34:46,712) INFO - qlib.timer - [log.py:127] - Time cost: 0.785s | Fillna Done
[32652:MainThread](2026-05-25 15:34:47,182) INFO - qlib.timer - [log.py:127] - Time cost: 0.158s | DropnaLabel Done
[32652:MainThread](2026-05-25 15:34:52,045) INFO - qlib.timer - [log.py:127] - Time cost: 4.860s | CSZScoreNorm Done
[32652:MainThread](2026-05-25 15:34:52,063) INFO - qlib.timer - [log.py:127] - Time cost: 10.250s | fit & process data Done
[32652:MainThread](2026-05-25 15:34:52,063) INFO - qlib.timer - [log.py:127] - Time cost: 33.254s | Init data Done
C:\Users\60585\PycharmProjects\qibMacV2\module\model_adapter.py:206: FutureWarning: `torch.cuda.amp.GradScaler(args...)` is deprecated. Please use `torch.amp.GradScaler('cuda', args...)` instead.
  self.scaler = torch.cuda.amp.GradScaler(enabled=True)
C:\Users\60585\miniconda3\envs\quantEnv\lib\site-packages\mlflow\tracking\_tracking_service\utils.py:140: FutureWarning: Filesystem tracking backend (e.g., './mlruns') is deprecated. Please switch to a database backend (e.g., 'sqlite:///mlflow.db'). For feedback, see: https://github.com/mlflow/mlflow/issues/18534
  return FileStore(store_uri, store_uri)
[32652:MainThread](2026-05-25 15:34:56,957) WARNING - qlib.workflow - [expm.py:231] - No valid experiment found. Create a new experiment with name Official_Alignment_RST_MoE_loss-mse_d64_l2_ff128_ctx8_embft_time1_decay1_film1_fgs1.0_fsh0.2_rSum1_rModelearned_featSel0_mseNorm0_macro1_mDrop0.1_pool0.7_msmarket_state_csi300_settingfull135_sampled_daily_seed43_ndrop5_40e.
[32652:MainThread](2026-05-25 15:34:56,977) INFO - qlib.workflow - [exp.py:258] - Experiment 503427329060962304 starts running ...
[32652:MainThread](2026-05-25 15:34:57,608) INFO - qlib.workflow - [recorder.py:345] - Recorder 97c9edd4170d44229114549d5ab6ce82 starts running under Experiment 503427329060962304 ...
warning: in the working copy of 'module/architecture/moe_block.py', LF will be replaced by CRLF the next time Git touches it
warning: in the working copy of 'module/dataloader/sampler.py', LF will be replaced by CRLF the next time Git touches it
warning: in the working copy of 'module/model_adapter.py', LF will be replaced by CRLF the next time Git touches it
warning: in the working copy of 'work_flow.py', LF will be replaced by CRLF the next time Git touches it
C:\Users\60585\miniconda3\envs\quantEnv\lib\site-packages\torch\autograd\graph.py:825: UserWarning: Memory Efficient attention defaults to a non-deterministic algorithm. To explicitly enable determinism call torch.use_deterministic_algorithms(True, warn_only=False). (Triggered internally at C:\actions-runner\_work\pytorch\pytorch\builder\windows\pytorch\aten\src\ATen\native\transformers\cuda\attention_backward.cu:657.)
  return Variable._execution_engine.run_backward(  # Calls into the C++ engine to run the backward pass
C:\Users\60585\miniconda3\envs\quantEnv\lib\site-packages\joblib\externals\loky\backend\resource_tracker.py:359: UserWarning: resource_tracker: There appear to be 2 leaked folder objects to clean up at shutdown
  warnings.warn(
C:\Users\60585\miniconda3\envs\quantEnv\lib\site-packages\joblib\externals\loky\backend\resource_tracker.py:375: UserWarning: resource_tracker: C:\Users\60585\AppData\Local\Temp\joblib_memmapping_folder_32652_537999cef1284581aa22ed9974960969_47a53c453bd94f05be7cd780ad1605dd: FileNotFoundError(2, '系统找不到指定的路径。')
  warnings.warn(f"resource_tracker: {name}: {e!r}")
C:\Users\60585\miniconda3\envs\quantEnv\lib\site-packages\joblib\externals\loky\backend\resource_tracker.py:375: UserWarning: resource_tracker: C:\Users\60585\AppData\Local\Temp\joblib_memmapping_folder_32652_3ca5bb530a1d472582aa14227cfe06f4_0b0e58ae0fcc45b1addd198d0b3a586e: FileNotFoundError(2, '系统找不到指定的路径。')
  warnings.warn(f"resource_tracker: {name}: {e!r}")
