Gym has been unmaintained since 2022 and does not support NumPy 2.0 amongst other critical functionality.
Please upgrade to Gymnasium, the maintained drop-in replacement of Gym, or contact the authors of your software and request that they upgrade.
Users of this version of Gym should be able to simply replace 'import gym' with 'import gymnasium as gym' in the vast majority of cases.
See the migration guide at https://gymnasium.farama.org/introduction/migration_guide/ for additional information.
[29216:MainThread](2026-05-24 21:21:11,686) INFO - qlib.Initialization - [config.py:452] - default_conf: client.
[29216:MainThread](2026-05-24 21:21:11,688) INFO - qlib.Initialization - [__init__.py:75] - qlib successfully initialized based on client settings.
[29216:MainThread](2026-05-24 21:21:11,690) INFO - qlib.Initialization - [__init__.py:77] - data_path={'__DEFAULT_FREQ': WindowsPath('C:/Users/60585/.qlib/qlib_data/cn_data')}
Gym has been unmaintained since 2022 and does not support NumPy 2.0 amongst other critical functionality.
Please upgrade to Gymnasium, the maintained drop-in replacement of Gym, or contact the authors of your software and request that they upgrade.
Users of this version of Gym should be able to simply replace 'import gym' with 'import gymnasium as gym' in the vast majority of cases.
See the migration guide at https://gymnasium.farama.org/introduction/migration_guide/ for additional information.
Gym has been unmaintained since 2022 and does not support NumPy 2.0 amongst other critical functionality.
Please upgrade to Gymnasium, the maintained drop-in replacement of Gym, or contact the authors of your software and request that they upgrade.
Users of this version of Gym should be able to simply replace 'import gym' with 'import gymnasium as gym' in the vast majority of cases.
See the migration guide at https://gymnasium.farama.org/introduction/migration_guide/ for additional information.
Gym has been unmaintained since 2022 and does not support NumPy 2.0 amongst other critical functionality.
Please upgrade to Gymnasium, the maintained drop-in replacement of Gym, or contact the authors of your software and request that they upgrade.
Users of this version of Gym should be able to simply replace 'import gym' with 'import gymnasium as gym' in the vast majority of cases.
See the migration guide at https://gymnasium.farama.org/introduction/migration_guide/ for additional information.
Gym has been unmaintained since 2022 and does not support NumPy 2.0 amongst other critical functionality.
Please upgrade to Gymnasium, the maintained drop-in replacement of Gym, or contact the authors of your software and request that they upgrade.
Users of this version of Gym should be able to simply replace 'import gym' with 'import gymnasium as gym' in the vast majority of cases.
See the migration guide at https://gymnasium.farama.org/introduction/migration_guide/ for additional information.
Gym has been unmaintained since 2022 and does not support NumPy 2.0 amongst other critical functionality.
Please upgrade to Gymnasium, the maintained drop-in replacement of Gym, or contact the authors of your software and request that they upgrade.
Users of this version of Gym should be able to simply replace 'import gym' with 'import gymnasium as gym' in the vast majority of cases.
See the migration guide at https://gymnasium.farama.org/introduction/migration_guide/ for additional information.
Gym has been unmaintained since 2022 and does not support NumPy 2.0 amongst other critical functionality.
Please upgrade to Gymnasium, the maintained drop-in replacement of Gym, or contact the authors of your software and request that they upgrade.
Users of this version of Gym should be able to simply replace 'import gym' with 'import gymnasium as gym' in the vast majority of cases.
See the migration guide at https://gymnasium.farama.org/introduction/migration_guide/ for additional information.
Gym has been unmaintained since 2022 and does not support NumPy 2.0 amongst other critical functionality.
Please upgrade to Gymnasium, the maintained drop-in replacement of Gym, or contact the authors of your software and request that they upgrade.
Users of this version of Gym should be able to simply replace 'import gym' with 'import gymnasium as gym' in the vast majority of cases.
See the migration guide at https://gymnasium.farama.org/introduction/migration_guide/ for additional information.
Gym has been unmaintained since 2022 and does not support NumPy 2.0 amongst other critical functionality.
Please upgrade to Gymnasium, the maintained drop-in replacement of Gym, or contact the authors of your software and request that they upgrade.
Users of this version of Gym should be able to simply replace 'import gym' with 'import gymnasium as gym' in the vast majority of cases.
See the migration guide at https://gymnasium.farama.org/introduction/migration_guide/ for additional information.
Gym has been unmaintained since 2022 and does not support NumPy 2.0 amongst other critical functionality.
Please upgrade to Gymnasium, the maintained drop-in replacement of Gym, or contact the authors of your software and request that they upgrade.
Users of this version of Gym should be able to simply replace 'import gym' with 'import gymnasium as gym' in the vast majority of cases.
See the migration guide at https://gymnasium.farama.org/introduction/migration_guide/ for additional information.
Gym has been unmaintained since 2022 and does not support NumPy 2.0 amongst other critical functionality.
Please upgrade to Gymnasium, the maintained drop-in replacement of Gym, or contact the authors of your software and request that they upgrade.
Users of this version of Gym should be able to simply replace 'import gym' with 'import gymnasium as gym' in the vast majority of cases.
See the migration guide at https://gymnasium.farama.org/introduction/migration_guide/ for additional information.
Gym has been unmaintained since 2022 and does not support NumPy 2.0 amongst other critical functionality.
Please upgrade to Gymnasium, the maintained drop-in replacement of Gym, or contact the authors of your software and request that they upgrade.
Users of this version of Gym should be able to simply replace 'import gym' with 'import gymnasium as gym' in the vast majority of cases.
See the migration guide at https://gymnasium.farama.org/introduction/migration_guide/ for additional information.
Gym has been unmaintained since 2022 and does not support NumPy 2.0 amongst other critical functionality.
Please upgrade to Gymnasium, the maintained drop-in replacement of Gym, or contact the authors of your software and request that they upgrade.
Users of this version of Gym should be able to simply replace 'import gym' with 'import gymnasium as gym' in the vast majority of cases.
See the migration guide at https://gymnasium.farama.org/introduction/migration_guide/ for additional information.
Gym has been unmaintained since 2022 and does not support NumPy 2.0 amongst other critical functionality.
Please upgrade to Gymnasium, the maintained drop-in replacement of Gym, or contact the authors of your software and request that they upgrade.
Users of this version of Gym should be able to simply replace 'import gym' with 'import gymnasium as gym' in the vast majority of cases.
See the migration guide at https://gymnasium.farama.org/introduction/migration_guide/ for additional information.
Gym has been unmaintained since 2022 and does not support NumPy 2.0 amongst other critical functionality.
Please upgrade to Gymnasium, the maintained drop-in replacement of Gym, or contact the authors of your software and request that they upgrade.
Users of this version of Gym should be able to simply replace 'import gym' with 'import gymnasium as gym' in the vast majority of cases.
See the migration guide at https://gymnasium.farama.org/introduction/migration_guide/ for additional information.
Gym has been unmaintained since 2022 and does not support NumPy 2.0 amongst other critical functionality.
Please upgrade to Gymnasium, the maintained drop-in replacement of Gym, or contact the authors of your software and request that they upgrade.
Users of this version of Gym should be able to simply replace 'import gym' with 'import gymnasium as gym' in the vast majority of cases.
See the migration guide at https://gymnasium.farama.org/introduction/migration_guide/ for additional information.
Gym has been unmaintained since 2022 and does not support NumPy 2.0 amongst other critical functionality.
Please upgrade to Gymnasium, the maintained drop-in replacement of Gym, or contact the authors of your software and request that they upgrade.
Users of this version of Gym should be able to simply replace 'import gym' with 'import gymnasium as gym' in the vast majority of cases.
See the migration guide at https://gymnasium.farama.org/introduction/migration_guide/ for additional information.
Gym has been unmaintained since 2022 and does not support NumPy 2.0 amongst other critical functionality.
Please upgrade to Gymnasium, the maintained drop-in replacement of Gym, or contact the authors of your software and request that they upgrade.
Users of this version of Gym should be able to simply replace 'import gym' with 'import gymnasium as gym' in the vast majority of cases.
See the migration guide at https://gymnasium.farama.org/introduction/migration_guide/ for additional information.
Gym has been unmaintained since 2022 and does not support NumPy 2.0 amongst other critical functionality.
Please upgrade to Gymnasium, the maintained drop-in replacement of Gym, or contact the authors of your software and request that they upgrade.
Users of this version of Gym should be able to simply replace 'import gym' with 'import gymnasium as gym' in the vast majority of cases.
See the migration guide at https://gymnasium.farama.org/introduction/migration_guide/ for additional information.
[21708:MainThread](2026-05-24 21:21:15,640) INFO - qlib.Initialization - [config.py:452] - default_conf: client.
[21708:MainThread](2026-05-24 21:21:15,646) INFO - qlib.Initialization - [__init__.py:75] - qlib successfully initialized based on client settings.
[21708:MainThread](2026-05-24 21:21:15,646) INFO - qlib.Initialization - [__init__.py:77] - data_path={'__DEFAULT_FREQ': WindowsPath('C:/Users/60585/.qlib/qlib_data/cn_data')}
[29060:MainThread](2026-05-24 21:21:15,646) INFO - qlib.Initialization - [config.py:452] - default_conf: client.
[29060:MainThread](2026-05-24 21:21:15,651) INFO - qlib.Initialization - [__init__.py:75] - qlib successfully initialized based on client settings.
[29060:MainThread](2026-05-24 21:21:15,651) INFO - qlib.Initialization - [__init__.py:77] - data_path={'__DEFAULT_FREQ': WindowsPath('C:/Users/60585/.qlib/qlib_data/cn_data')}
[35648:MainThread](2026-05-24 21:21:15,651) INFO - qlib.Initialization - [config.py:452] - default_conf: client.
[31708:MainThread](2026-05-24 21:21:15,657) INFO - qlib.Initialization - [config.py:452] - default_conf: client.
[35648:MainThread](2026-05-24 21:21:15,657) INFO - qlib.Initialization - [__init__.py:75] - qlib successfully initialized based on client settings.
[35648:MainThread](2026-05-24 21:21:15,658) INFO - qlib.Initialization - [__init__.py:77] - data_path={'__DEFAULT_FREQ': WindowsPath('C:/Users/60585/.qlib/qlib_data/cn_data')}
[31708:MainThread](2026-05-24 21:21:15,662) INFO - qlib.Initialization - [__init__.py:75] - qlib successfully initialized based on client settings.
[31708:MainThread](2026-05-24 21:21:15,663) INFO - qlib.Initialization - [__init__.py:77] - data_path={'__DEFAULT_FREQ': WindowsPath('C:/Users/60585/.qlib/qlib_data/cn_data')}
[22720:MainThread](2026-05-24 21:21:15,670) INFO - qlib.Initialization - [config.py:452] - default_conf: client.
[22720:MainThread](2026-05-24 21:21:15,676) INFO - qlib.Initialization - [__init__.py:75] - qlib successfully initialized based on client settings.
[22720:MainThread](2026-05-24 21:21:15,678) INFO - qlib.Initialization - [__init__.py:77] - data_path={'__DEFAULT_FREQ': WindowsPath('C:/Users/60585/.qlib/qlib_data/cn_data')}
[35760:MainThread](2026-05-24 21:21:15,678) INFO - qlib.Initialization - [config.py:452] - default_conf: client.
[35760:MainThread](2026-05-24 21:21:15,683) INFO - qlib.Initialization - [__init__.py:75] - qlib successfully initialized based on client settings.
[35760:MainThread](2026-05-24 21:21:15,685) INFO - qlib.Initialization - [__init__.py:77] - data_path={'__DEFAULT_FREQ': WindowsPath('C:/Users/60585/.qlib/qlib_data/cn_data')}
[6876:MainThread](2026-05-24 21:21:15,695) INFO - qlib.Initialization - [config.py:452] - default_conf: client.
[33772:MainThread](2026-05-24 21:21:15,697) INFO - qlib.Initialization - [config.py:452] - default_conf: client.
[1384:MainThread](2026-05-24 21:21:15,698) INFO - qlib.Initialization - [config.py:452] - default_conf: client.
[6876:MainThread](2026-05-24 21:21:15,698) INFO - qlib.Initialization - [__init__.py:75] - qlib successfully initialized based on client settings.
[6876:MainThread](2026-05-24 21:21:15,700) INFO - qlib.Initialization - [__init__.py:77] - data_path={'__DEFAULT_FREQ': WindowsPath('C:/Users/60585/.qlib/qlib_data/cn_data')}
[33772:MainThread](2026-05-24 21:21:15,701) INFO - qlib.Initialization - [__init__.py:75] - qlib successfully initialized based on client settings.
[1384:MainThread](2026-05-24 21:21:15,701) INFO - qlib.Initialization - [__init__.py:75] - qlib successfully initialized based on client settings.
[33772:MainThread](2026-05-24 21:21:15,703) INFO - qlib.Initialization - [__init__.py:77] - data_path={'__DEFAULT_FREQ': WindowsPath('C:/Users/60585/.qlib/qlib_data/cn_data')}
[1384:MainThread](2026-05-24 21:21:15,703) INFO - qlib.Initialization - [__init__.py:77] - data_path={'__DEFAULT_FREQ': WindowsPath('C:/Users/60585/.qlib/qlib_data/cn_data')}
[30916:MainThread](2026-05-24 21:21:15,717) INFO - qlib.Initialization - [config.py:452] - default_conf: client.
[35600:MainThread](2026-05-24 21:21:15,718) INFO - qlib.Initialization - [config.py:452] - default_conf: client.
[30916:MainThread](2026-05-24 21:21:15,722) INFO - qlib.Initialization - [__init__.py:75] - qlib successfully initialized based on client settings.
[30916:MainThread](2026-05-24 21:21:15,722) INFO - qlib.Initialization - [__init__.py:77] - data_path={'__DEFAULT_FREQ': WindowsPath('C:/Users/60585/.qlib/qlib_data/cn_data')}
[35600:MainThread](2026-05-24 21:21:15,724) INFO - qlib.Initialization - [__init__.py:75] - qlib successfully initialized based on client settings.
[35600:MainThread](2026-05-24 21:21:15,724) INFO - qlib.Initialization - [__init__.py:77] - data_path={'__DEFAULT_FREQ': WindowsPath('C:/Users/60585/.qlib/qlib_data/cn_data')}
[32248:MainThread](2026-05-24 21:21:15,737) INFO - qlib.Initialization - [config.py:452] - default_conf: client.
[3624:MainThread](2026-05-24 21:21:15,740) INFO - qlib.Initialization - [config.py:452] - default_conf: client.
[32248:MainThread](2026-05-24 21:21:15,742) INFO - qlib.Initialization - [__init__.py:75] - qlib successfully initialized based on client settings.
[32248:MainThread](2026-05-24 21:21:15,742) INFO - qlib.Initialization - [__init__.py:77] - data_path={'__DEFAULT_FREQ': WindowsPath('C:/Users/60585/.qlib/qlib_data/cn_data')}
[3624:MainThread](2026-05-24 21:21:15,742) INFO - qlib.Initialization - [__init__.py:75] - qlib successfully initialized based on client settings.
[3624:MainThread](2026-05-24 21:21:15,742) INFO - qlib.Initialization - [__init__.py:77] - data_path={'__DEFAULT_FREQ': WindowsPath('C:/Users/60585/.qlib/qlib_data/cn_data')}
[28752:MainThread](2026-05-24 21:21:15,748) INFO - qlib.Initialization - [config.py:452] - default_conf: client.
[35344:MainThread](2026-05-24 21:21:15,749) INFO - qlib.Initialization - [config.py:452] - default_conf: client.
[10148:MainThread](2026-05-24 21:21:15,749) INFO - qlib.Initialization - [config.py:452] - default_conf: client.
[28752:MainThread](2026-05-24 21:21:15,752) INFO - qlib.Initialization - [__init__.py:75] - qlib successfully initialized based on client settings.
[28752:MainThread](2026-05-24 21:21:15,753) INFO - qlib.Initialization - [__init__.py:77] - data_path={'__DEFAULT_FREQ': WindowsPath('C:/Users/60585/.qlib/qlib_data/cn_data')}
[35344:MainThread](2026-05-24 21:21:15,753) INFO - qlib.Initialization - [__init__.py:75] - qlib successfully initialized based on client settings.
[35344:MainThread](2026-05-24 21:21:15,753) INFO - qlib.Initialization - [__init__.py:77] - data_path={'__DEFAULT_FREQ': WindowsPath('C:/Users/60585/.qlib/qlib_data/cn_data')}
[10148:MainThread](2026-05-24 21:21:15,756) INFO - qlib.Initialization - [__init__.py:75] - qlib successfully initialized based on client settings.
[10148:MainThread](2026-05-24 21:21:15,756) INFO - qlib.Initialization - [__init__.py:77] - data_path={'__DEFAULT_FREQ': WindowsPath('C:/Users/60585/.qlib/qlib_data/cn_data')}
[26916:MainThread](2026-05-24 21:21:15,756) INFO - qlib.Initialization - [config.py:452] - default_conf: client.
[26916:MainThread](2026-05-24 21:21:15,760) INFO - qlib.Initialization - [__init__.py:75] - qlib successfully initialized based on client settings.
[26916:MainThread](2026-05-24 21:21:15,762) INFO - qlib.Initialization - [__init__.py:77] - data_path={'__DEFAULT_FREQ': WindowsPath('C:/Users/60585/.qlib/qlib_data/cn_data')}
[28652:MainThread](2026-05-24 21:21:15,764) INFO - qlib.Initialization - [config.py:452] - default_conf: client.
[28652:MainThread](2026-05-24 21:21:15,768) INFO - qlib.Initialization - [__init__.py:75] - qlib successfully initialized based on client settings.
[28652:MainThread](2026-05-24 21:21:15,768) INFO - qlib.Initialization - [__init__.py:77] - data_path={'__DEFAULT_FREQ': WindowsPath('C:/Users/60585/.qlib/qlib_data/cn_data')}
Gym has been unmaintained since 2022 and does not support NumPy 2.0 amongst other critical functionality.
Please upgrade to Gymnasium, the maintained drop-in replacement of Gym, or contact the authors of your software and request that they upgrade.
Users of this version of Gym should be able to simply replace 'import gym' with 'import gymnasium as gym' in the vast majority of cases.
See the migration guide at https://gymnasium.farama.org/introduction/migration_guide/ for additional information.
Gym has been unmaintained since 2022 and does not support NumPy 2.0 amongst other critical functionality.
Please upgrade to Gymnasium, the maintained drop-in replacement of Gym, or contact the authors of your software and request that they upgrade.
Users of this version of Gym should be able to simply replace 'import gym' with 'import gymnasium as gym' in the vast majority of cases.
See the migration guide at https://gymnasium.farama.org/introduction/migration_guide/ for additional information.
Gym has been unmaintained since 2022 and does not support NumPy 2.0 amongst other critical functionality.
Please upgrade to Gymnasium, the maintained drop-in replacement of Gym, or contact the authors of your software and request that they upgrade.
Users of this version of Gym should be able to simply replace 'import gym' with 'import gymnasium as gym' in the vast majority of cases.
See the migration guide at https://gymnasium.farama.org/introduction/migration_guide/ for additional information.
Gym has been unmaintained since 2022 and does not support NumPy 2.0 amongst other critical functionality.
Please upgrade to Gymnasium, the maintained drop-in replacement of Gym, or contact the authors of your software and request that they upgrade.
Users of this version of Gym should be able to simply replace 'import gym' with 'import gymnasium as gym' in the vast majority of cases.
See the migration guide at https://gymnasium.farama.org/introduction/migration_guide/ for additional information.
Gym has been unmaintained since 2022 and does not support NumPy 2.0 amongst other critical functionality.
Please upgrade to Gymnasium, the maintained drop-in replacement of Gym, or contact the authors of your software and request that they upgrade.
Users of this version of Gym should be able to simply replace 'import gym' with 'import gymnasium as gym' in the vast majority of cases.
See the migration guide at https://gymnasium.farama.org/introduction/migration_guide/ for additional information.
Gym has been unmaintained since 2022 and does not support NumPy 2.0 amongst other critical functionality.
Please upgrade to Gymnasium, the maintained drop-in replacement of Gym, or contact the authors of your software and request that they upgrade.
Users of this version of Gym should be able to simply replace 'import gym' with 'import gymnasium as gym' in the vast majority of cases.
See the migration guide at https://gymnasium.farama.org/introduction/migration_guide/ for additional information.
Gym has been unmaintained since 2022 and does not support NumPy 2.0 amongst other critical functionality.
Please upgrade to Gymnasium, the maintained drop-in replacement of Gym, or contact the authors of your software and request that they upgrade.
Users of this version of Gym should be able to simply replace 'import gym' with 'import gymnasium as gym' in the vast majority of cases.
See the migration guide at https://gymnasium.farama.org/introduction/migration_guide/ for additional information.
Gym has been unmaintained since 2022 and does not support NumPy 2.0 amongst other critical functionality.
Please upgrade to Gymnasium, the maintained drop-in replacement of Gym, or contact the authors of your software and request that they upgrade.
Users of this version of Gym should be able to simply replace 'import gym' with 'import gymnasium as gym' in the vast majority of cases.
See the migration guide at https://gymnasium.farama.org/introduction/migration_guide/ for additional information.
Gym has been unmaintained since 2022 and does not support NumPy 2.0 amongst other critical functionality.
Please upgrade to Gymnasium, the maintained drop-in replacement of Gym, or contact the authors of your software and request that they upgrade.
Users of this version of Gym should be able to simply replace 'import gym' with 'import gymnasium as gym' in the vast majority of cases.
See the migration guide at https://gymnasium.farama.org/introduction/migration_guide/ for additional information.
Gym has been unmaintained since 2022 and does not support NumPy 2.0 amongst other critical functionality.
Please upgrade to Gymnasium, the maintained drop-in replacement of Gym, or contact the authors of your software and request that they upgrade.
Users of this version of Gym should be able to simply replace 'import gym' with 'import gymnasium as gym' in the vast majority of cases.
See the migration guide at https://gymnasium.farama.org/introduction/migration_guide/ for additional information.
Gym has been unmaintained since 2022 and does not support NumPy 2.0 amongst other critical functionality.
Please upgrade to Gymnasium, the maintained drop-in replacement of Gym, or contact the authors of your software and request that they upgrade.
Users of this version of Gym should be able to simply replace 'import gym' with 'import gymnasium as gym' in the vast majority of cases.
See the migration guide at https://gymnasium.farama.org/introduction/migration_guide/ for additional information.
Gym has been unmaintained since 2022 and does not support NumPy 2.0 amongst other critical functionality.
Please upgrade to Gymnasium, the maintained drop-in replacement of Gym, or contact the authors of your software and request that they upgrade.
Users of this version of Gym should be able to simply replace 'import gym' with 'import gymnasium as gym' in the vast majority of cases.
See the migration guide at https://gymnasium.farama.org/introduction/migration_guide/ for additional information.
Gym has been unmaintained since 2022 and does not support NumPy 2.0 amongst other critical functionality.
Please upgrade to Gymnasium, the maintained drop-in replacement of Gym, or contact the authors of your software and request that they upgrade.
Users of this version of Gym should be able to simply replace 'import gym' with 'import gymnasium as gym' in the vast majority of cases.
See the migration guide at https://gymnasium.farama.org/introduction/migration_guide/ for additional information.
Gym has been unmaintained since 2022 and does not support NumPy 2.0 amongst other critical functionality.
Please upgrade to Gymnasium, the maintained drop-in replacement of Gym, or contact the authors of your software and request that they upgrade.
Users of this version of Gym should be able to simply replace 'import gym' with 'import gymnasium as gym' in the vast majority of cases.
See the migration guide at https://gymnasium.farama.org/introduction/migration_guide/ for additional information.
Gym has been unmaintained since 2022 and does not support NumPy 2.0 amongst other critical functionality.
Please upgrade to Gymnasium, the maintained drop-in replacement of Gym, or contact the authors of your software and request that they upgrade.
Users of this version of Gym should be able to simply replace 'import gym' with 'import gymnasium as gym' in the vast majority of cases.
See the migration guide at https://gymnasium.farama.org/introduction/migration_guide/ for additional information.
Gym has been unmaintained since 2022 and does not support NumPy 2.0 amongst other critical functionality.
Please upgrade to Gymnasium, the maintained drop-in replacement of Gym, or contact the authors of your software and request that they upgrade.
Users of this version of Gym should be able to simply replace 'import gym' with 'import gymnasium as gym' in the vast majority of cases.
See the migration guide at https://gymnasium.farama.org/introduction/migration_guide/ for additional information.
Gym has been unmaintained since 2022 and does not support NumPy 2.0 amongst other critical functionality.
Please upgrade to Gymnasium, the maintained drop-in replacement of Gym, or contact the authors of your software and request that they upgrade.
Users of this version of Gym should be able to simply replace 'import gym' with 'import gymnasium as gym' in the vast majority of cases.
See the migration guide at https://gymnasium.farama.org/introduction/migration_guide/ for additional information.
Gym has been unmaintained since 2022 and does not support NumPy 2.0 amongst other critical functionality.
Please upgrade to Gymnasium, the maintained drop-in replacement of Gym, or contact the authors of your software and request that they upgrade.
Users of this version of Gym should be able to simply replace 'import gym' with 'import gymnasium as gym' in the vast majority of cases.
See the migration guide at https://gymnasium.farama.org/introduction/migration_guide/ for additional information.
[35680:MainThread](2026-05-24 21:21:34,157) INFO - qlib.Initialization - [config.py:452] - default_conf: client.
[33040:MainThread](2026-05-24 21:21:34,157) INFO - qlib.Initialization - [config.py:452] - default_conf: client.
[35680:MainThread](2026-05-24 21:21:34,163) INFO - qlib.Initialization - [__init__.py:75] - qlib successfully initialized based on client settings.
[33040:MainThread](2026-05-24 21:21:34,163) INFO - qlib.Initialization - [__init__.py:75] - qlib successfully initialized based on client settings.
[35680:MainThread](2026-05-24 21:21:34,165) INFO - qlib.Initialization - [__init__.py:77] - data_path={'__DEFAULT_FREQ': WindowsPath('C:/Users/60585/.qlib/qlib_data/cn_data')}
[33040:MainThread](2026-05-24 21:21:34,165) INFO - qlib.Initialization - [__init__.py:77] - data_path={'__DEFAULT_FREQ': WindowsPath('C:/Users/60585/.qlib/qlib_data/cn_data')}
[32080:MainThread](2026-05-24 21:21:34,168) INFO - qlib.Initialization - [config.py:452] - default_conf: client.
[32080:MainThread](2026-05-24 21:21:34,173) INFO - qlib.Initialization - [__init__.py:75] - qlib successfully initialized based on client settings.
[32080:MainThread](2026-05-24 21:21:34,175) INFO - qlib.Initialization - [__init__.py:77] - data_path={'__DEFAULT_FREQ': WindowsPath('C:/Users/60585/.qlib/qlib_data/cn_data')}
[1832:MainThread](2026-05-24 21:21:34,182) INFO - qlib.Initialization - [config.py:452] - default_conf: client.
[1832:MainThread](2026-05-24 21:21:34,185) INFO - qlib.Initialization - [__init__.py:75] - qlib successfully initialized based on client settings.
[1832:MainThread](2026-05-24 21:21:34,187) INFO - qlib.Initialization - [__init__.py:77] - data_path={'__DEFAULT_FREQ': WindowsPath('C:/Users/60585/.qlib/qlib_data/cn_data')}
[5128:MainThread](2026-05-24 21:21:34,207) INFO - qlib.Initialization - [config.py:452] - default_conf: client.
[5128:MainThread](2026-05-24 21:21:34,208) INFO - qlib.Initialization - [__init__.py:75] - qlib successfully initialized based on client settings.
[5128:MainThread](2026-05-24 21:21:34,212) INFO - qlib.Initialization - [__init__.py:77] - data_path={'__DEFAULT_FREQ': WindowsPath('C:/Users/60585/.qlib/qlib_data/cn_data')}
[35240:MainThread](2026-05-24 21:21:34,221) INFO - qlib.Initialization - [config.py:452] - default_conf: client.
[35240:MainThread](2026-05-24 21:21:34,225) INFO - qlib.Initialization - [__init__.py:75] - qlib successfully initialized based on client settings.
[35240:MainThread](2026-05-24 21:21:34,225) INFO - qlib.Initialization - [__init__.py:77] - data_path={'__DEFAULT_FREQ': WindowsPath('C:/Users/60585/.qlib/qlib_data/cn_data')}
[34096:MainThread](2026-05-24 21:21:34,229) INFO - qlib.Initialization - [config.py:452] - default_conf: client.
[36784:MainThread](2026-05-24 21:21:34,233) INFO - qlib.Initialization - [config.py:452] - default_conf: client.
[34040:MainThread](2026-05-24 21:21:34,233) INFO - qlib.Initialization - [config.py:452] - default_conf: client.
[34096:MainThread](2026-05-24 21:21:34,233) INFO - qlib.Initialization - [__init__.py:75] - qlib successfully initialized based on client settings.
[34096:MainThread](2026-05-24 21:21:34,235) INFO - qlib.Initialization - [__init__.py:77] - data_path={'__DEFAULT_FREQ': WindowsPath('C:/Users/60585/.qlib/qlib_data/cn_data')}
[36784:MainThread](2026-05-24 21:21:34,239) INFO - qlib.Initialization - [__init__.py:75] - qlib successfully initialized based on client settings.
[36784:MainThread](2026-05-24 21:21:34,240) INFO - qlib.Initialization - [__init__.py:77] - data_path={'__DEFAULT_FREQ': WindowsPath('C:/Users/60585/.qlib/qlib_data/cn_data')}
[34040:MainThread](2026-05-24 21:21:34,240) INFO - qlib.Initialization - [__init__.py:75] - qlib successfully initialized based on client settings.
[17600:MainThread](2026-05-24 21:21:34,240) INFO - qlib.Initialization - [config.py:452] - default_conf: client.
[34040:MainThread](2026-05-24 21:21:34,241) INFO - qlib.Initialization - [__init__.py:77] - data_path={'__DEFAULT_FREQ': WindowsPath('C:/Users/60585/.qlib/qlib_data/cn_data')}
[17600:MainThread](2026-05-24 21:21:34,245) INFO - qlib.Initialization - [__init__.py:75] - qlib successfully initialized based on client settings.
[17600:MainThread](2026-05-24 21:21:34,245) INFO - qlib.Initialization - [__init__.py:77] - data_path={'__DEFAULT_FREQ': WindowsPath('C:/Users/60585/.qlib/qlib_data/cn_data')}
[13692:MainThread](2026-05-24 21:21:34,248) INFO - qlib.Initialization - [config.py:452] - default_conf: client.
[13692:MainThread](2026-05-24 21:21:34,251) INFO - qlib.Initialization - [__init__.py:75] - qlib successfully initialized based on client settings.
[29056:MainThread](2026-05-24 21:21:34,251) INFO - qlib.Initialization - [config.py:452] - default_conf: client.
[13692:MainThread](2026-05-24 21:21:34,253) INFO - qlib.Initialization - [__init__.py:77] - data_path={'__DEFAULT_FREQ': WindowsPath('C:/Users/60585/.qlib/qlib_data/cn_data')}
[29056:MainThread](2026-05-24 21:21:34,258) INFO - qlib.Initialization - [__init__.py:75] - qlib successfully initialized based on client settings.
[29056:MainThread](2026-05-24 21:21:34,258) INFO - qlib.Initialization - [__init__.py:77] - data_path={'__DEFAULT_FREQ': WindowsPath('C:/Users/60585/.qlib/qlib_data/cn_data')}
[34704:MainThread](2026-05-24 21:21:34,265) INFO - qlib.Initialization - [config.py:452] - default_conf: client.
[34464:MainThread](2026-05-24 21:21:34,267) INFO - qlib.Initialization - [config.py:452] - default_conf: client.
[34360:MainThread](2026-05-24 21:21:34,268) INFO - qlib.Initialization - [config.py:452] - default_conf: client.
[34704:MainThread](2026-05-24 21:21:34,270) INFO - qlib.Initialization - [__init__.py:75] - qlib successfully initialized based on client settings.
[32536:MainThread](2026-05-24 21:21:34,270) INFO - qlib.Initialization - [config.py:452] - default_conf: client.
[34704:MainThread](2026-05-24 21:21:34,272) INFO - qlib.Initialization - [__init__.py:77] - data_path={'__DEFAULT_FREQ': WindowsPath('C:/Users/60585/.qlib/qlib_data/cn_data')}
[34464:MainThread](2026-05-24 21:21:34,272) INFO - qlib.Initialization - [__init__.py:75] - qlib successfully initialized based on client settings.
[24964:MainThread](2026-05-24 21:21:34,272) INFO - qlib.Initialization - [config.py:452] - default_conf: client.
[34464:MainThread](2026-05-24 21:21:34,272) INFO - qlib.Initialization - [__init__.py:77] - data_path={'__DEFAULT_FREQ': WindowsPath('C:/Users/60585/.qlib/qlib_data/cn_data')}
[34360:MainThread](2026-05-24 21:21:34,272) INFO - qlib.Initialization - [__init__.py:75] - qlib successfully initialized based on client settings.
[34360:MainThread](2026-05-24 21:21:34,274) INFO - qlib.Initialization - [__init__.py:77] - data_path={'__DEFAULT_FREQ': WindowsPath('C:/Users/60585/.qlib/qlib_data/cn_data')}
[32716:MainThread](2026-05-24 21:21:34,274) INFO - qlib.Initialization - [config.py:452] - default_conf: client.
[32536:MainThread](2026-05-24 21:21:34,274) INFO - qlib.Initialization - [__init__.py:75] - qlib successfully initialized based on client settings.
[32536:MainThread](2026-05-24 21:21:34,276) INFO - qlib.Initialization - [__init__.py:77] - data_path={'__DEFAULT_FREQ': WindowsPath('C:/Users/60585/.qlib/qlib_data/cn_data')}
[24964:MainThread](2026-05-24 21:21:34,276) INFO - qlib.Initialization - [__init__.py:75] - qlib successfully initialized based on client settings.
[24964:MainThread](2026-05-24 21:21:34,278) INFO - qlib.Initialization - [__init__.py:77] - data_path={'__DEFAULT_FREQ': WindowsPath('C:/Users/60585/.qlib/qlib_data/cn_data')}
[32716:MainThread](2026-05-24 21:21:34,278) INFO - qlib.Initialization - [__init__.py:75] - qlib successfully initialized based on client settings.
[32716:MainThread](2026-05-24 21:21:34,278) INFO - qlib.Initialization - [__init__.py:77] - data_path={'__DEFAULT_FREQ': WindowsPath('C:/Users/60585/.qlib/qlib_data/cn_data')}
[29216:MainThread](2026-05-24 21:21:35,021) INFO - qlib.timer - [log.py:127] - Time cost: 23.324s | Loading data Done
[29216:MainThread](2026-05-24 21:21:39,159) INFO - qlib.timer - [log.py:127] - Time cost: 3.819s | RobustZScoreNorm Done
[29216:MainThread](2026-05-24 21:21:39,938) INFO - qlib.timer - [log.py:127] - Time cost: 0.775s | Fillna Done
[29216:MainThread](2026-05-24 21:21:40,426) INFO - qlib.timer - [log.py:127] - Time cost: 0.161s | DropnaLabel Done
[29216:MainThread](2026-05-24 21:21:45,258) INFO - qlib.timer - [log.py:127] - Time cost: 4.831s | CSZScoreNorm Done
[29216:MainThread](2026-05-24 21:21:45,271) INFO - qlib.timer - [log.py:127] - Time cost: 10.249s | fit & process data Done
[29216:MainThread](2026-05-24 21:21:45,271) INFO - qlib.timer - [log.py:127] - Time cost: 33.574s | Init data Done
C:\Users\60585\PycharmProjects\qibMacV2\module\model_adapter.py:206: FutureWarning: `torch.cuda.amp.GradScaler(args...)` is deprecated. Please use `torch.amp.GradScaler('cuda', args...)` instead.
  self.scaler = torch.cuda.amp.GradScaler(enabled=True)
C:\Users\60585\miniconda3\envs\quantEnv\lib\site-packages\mlflow\tracking\_tracking_service\utils.py:140: FutureWarning: Filesystem tracking backend (e.g., './mlruns') is deprecated. Please switch to a database backend (e.g., 'sqlite:///mlflow.db'). For feedback, see: https://github.com/mlflow/mlflow/issues/18534
  return FileStore(store_uri, store_uri)
[29216:MainThread](2026-05-24 21:21:49,850) INFO - qlib.workflow - [exp.py:258] - Experiment 837747670911066300 starts running ...
[29216:MainThread](2026-05-24 21:21:50,428) INFO - qlib.workflow - [recorder.py:345] - Recorder 0c27f34670b64e989e736fa144ddc213 starts running under Experiment 837747670911066300 ...
warning: in the working copy of 'module/architecture/moe_block.py', LF will be replaced by CRLF the next time Git touches it
warning: in the working copy of 'module/dataloader/sampler.py', LF will be replaced by CRLF the next time Git touches it
warning: in the working copy of 'module/model_adapter.py', LF will be replaced by CRLF the next time Git touches it
warning: in the working copy of 'work_flow.py', LF will be replaced by CRLF the next time Git touches it
C:\Users\60585\miniconda3\envs\quantEnv\lib\site-packages\torch\autograd\graph.py:825: UserWarning: Memory Efficient attention defaults to a non-deterministic algorithm. To explicitly enable determinism call torch.use_deterministic_algorithms(True, warn_only=False). (Triggered internally at C:\actions-runner\_work\pytorch\pytorch\builder\windows\pytorch\aten\src\ATen\native\transformers\cuda\attention_backward.cu:657.)
  return Variable._execution_engine.run_backward(  # Calls into the C++ engine to run the backward pass
C:\Users\60585\miniconda3\envs\quantEnv\lib\site-packages\joblib\externals\loky\backend\resource_tracker.py:359: UserWarning: resource_tracker: There appear to be 2 leaked folder objects to clean up at shutdown
  warnings.warn(
C:\Users\60585\miniconda3\envs\quantEnv\lib\site-packages\joblib\externals\loky\backend\resource_tracker.py:375: UserWarning: resource_tracker: C:\Users\60585\AppData\Local\Temp\joblib_memmapping_folder_29216_2bc4fe64dc244b68b136a72cf907b1f2_1cf8f2a9b09e485fa18097d8e84eea4f: FileNotFoundError(2, '\u7cfb\u7edf\u627e\u4e0d\u5230\u6307\u5b9a\u7684\u8def\u5f84\u3002')
  warnings.warn(f"resource_tracker: {name}: {e!r}")
C:\Users\60585\miniconda3\envs\quantEnv\lib\site-packages\joblib\externals\loky\backend\resource_tracker.py:375: UserWarning: resource_tracker: C:\Users\60585\AppData\Local\Temp\joblib_memmapping_folder_29216_d96e987f80034784b2cfbd8138108f12_4a9b9efc369a44e1a94f9b7baf620120: FileNotFoundError(2, '\u7cfb\u7edf\u627e\u4e0d\u5230\u6307\u5b9a\u7684\u8def\u5f84\u3002')
  warnings.warn(f"resource_tracker: {name}: {e!r}")
