>>> [Config:env] Applied experiment overrides
>>> [Config:env] run_setting=full135_full_daily_seed42_ndrop5
>>> [Config:planned] model: loss=mse, d_model=64, layers=2, heads=4, context_len=8, num_alphas=158, val_emb=feature_tokenizer, time_emb=on, factor_gate=on, router=learned, feat_sel=off, alibi=off, macro=external(market_state_csi300.pkl, dim=auto, shift=0, strict=True), macro_drop=0.1
>>> [Config:planned] trainer: lr=5e-05, epochs=40, batch=300, accum=1, early_stop=0, warmup=on(ratio=0.05), precision=amp_fp16, seed=42, train_stop=loss_main<=1.35, min_epochs=5, k=2
>>> [Phase 1] Training Model...
>>> [MarketState] loaded data/market_state_csi300.pkl (dates=3710, dim=102), shift=0, strict=True
>>> [Schema] Packed-label detected on train segment: total_dim=159, feature_dim=158, label_dim=1. Adapter will treat the last 1 channel(s) at the final time step as label.

================================================================================
MODEL ARCHITECTURE SUMMARY
================================================================================
QuantMoEModel(
  (feature_tokenizer): FeatureTokenizer()
  (factor_id_emb): Embedding(158, 64)
  (emb_dropout): Dropout(p=0.1, inplace=False)
  (time_embedding): RegimeAdaptiveTimeEmbedding(
    (tau_norm): LayerNorm((64,), eps=1e-05, elementwise_affine=True)
    (tau_fc1): Linear(in_features=64, out_features=32, bias=True)
    (tau_fc2): Linear(in_features=32, out_features=1, bias=True)
  )
  (factor_gate): RegimeAdaptiveFactorGate(
    (regime_norm): LayerNorm((64,), eps=1e-05, elementwise_affine=True)
    (factor_norm): LayerNorm((64,), eps=1e-05, elementwise_affine=True)
    (proj_gamma): Linear(in_features=64, out_features=64, bias=False)
    (proj_beta): Linear(in_features=64, out_features=64, bias=False)
  )
  (regime_encoder): RegimeContextEncoder(
    (encoder): Sequential(
      (0): Linear(in_features=102, out_features=128, bias=True)
      (1): Tanh()
      (2): Dropout(p=0.1, inplace=False)
      (3): Linear(in_features=128, out_features=64, bias=True)
      (4): LayerNorm((64,), eps=1e-05, elementwise_affine=True)
    )
  )
  (layers): ModuleList(
    (0-1): 2 x RegimeAdaptiveMoEBlock(
      (layer_summary_proj): Linear(in_features=128, out_features=64, bias=False)
      (router): Sequential(
        (0): Linear(in_features=128, out_features=32, bias=True)
        (1): GELU(approximate='none')
        (2): Linear(in_features=32, out_features=2, bias=True)
      )
      (time_expert): ParallelAttention(
        (mha): MultiheadAttention(
          (out_proj): NonDynamicallyQuantizableLinear(in_features=64, out_features=64, bias=False)
        )
      )
      (factor_expert): ParallelAttention(
        (mha): MultiheadAttention(
          (out_proj): NonDynamicallyQuantizableLinear(in_features=64, out_features=64, bias=False)
        )
      )
      (norm1): LayerNorm((64,), eps=1e-05, elementwise_affine=True)
      (norm2): LayerNorm((64,), eps=1e-05, elementwise_affine=True)
      (ffn): Sequential(
        (0): Linear(in_features=64, out_features=128, bias=True)
        (1): GELU(approximate='none')
        (2): Dropout(p=0.1, inplace=False)
        (3): Linear(in_features=128, out_features=64, bias=True)
        (4): Dropout(p=0.1, inplace=False)
      )
    )
  )
  (final_norm): LayerNorm((64,), eps=1e-05, elementwise_affine=True)
  (factor_pooling): AdaptivePooling(
    (attention_pool): AttentionPooling(
      (mha): MultiheadAttention(
        (out_proj): NonDynamicallyQuantizableLinear(in_features=64, out_features=64, bias=False)
      )
      (norm): LayerNorm((64,), eps=1e-05, elementwise_affine=True)
    )
  )
  (head): Linear(in_features=64, out_features=1, bias=True)
)

--------------------------------------------------------------------------------
PARAMETER STATISTICS BY MODULE
--------------------------------------------------------------------------------
Module                    Params          Trainable       %Total    
-----------------------------------------------------------------
layers                    123,972         123,972         60.8      %
regime_encoder            21,568          21,568          10.6      %
feature_tokenizer         20,224          20,224          9.9       %
factor_pooling            16,576          16,576          8.1       %
factor_id_emb             10,112          10,112          5.0       %
factor_gate               8,448           8,448           4.1       %
time_embedding            2,754           2,754           1.4       %
final_norm                128             128             0.1       %
head                      65              65              0.0       %
-----------------------------------------------------------------
TOTAL                     203,847         203,847         100.0     %

--------------------------------------------------------------------------------
DETAILED LAYER BREAKDOWN
--------------------------------------------------------------------------------
Layer Name                                         Shape                     Params      
---------------------------------------------------------------------------------------
feature_tokenizer.weight                           [158, 64]                 10,112      
feature_tokenizer.bias                             [158, 64]                 10,112      
factor_id_emb.weight                               [158, 64]                 10,112      
time_embedding.pos                                 [8, 64]                   512         
time_embedding.tau_base                            []                        1           
time_embedding.tau_norm.weight                     [64]                      64          
time_embedding.tau_norm.bias                       [64]                      64          
time_embedding.tau_fc1.weight                      [32, 64]                  2,048       
time_embedding.tau_fc1.bias                        [32]                      32          
time_embedding.tau_fc2.weight                      [1, 32]                   32          
time_embedding.tau_fc2.bias                        [1]                       1           
factor_gate.regime_norm.weight                     [64]                      64          
factor_gate.regime_norm.bias                       [64]                      64          
factor_gate.factor_norm.weight                     [64]                      64          
factor_gate.factor_norm.bias                       [64]                      64          
factor_gate.proj_gamma.weight                      [64, 64]                  4,096       
factor_gate.proj_beta.weight                       [64, 64]                  4,096       
regime_encoder.encoder.0.weight                    [128, 102]                13,056      
regime_encoder.encoder.0.bias                      [128]                     128         
regime_encoder.encoder.3.weight                    [64, 128]                 8,192       
regime_encoder.encoder.3.bias                      [64]                      64          
regime_encoder.encoder.4.weight                    [64]                      64          
regime_encoder.encoder.4.bias                      [64]                      64          
layers.0.layer_summary_proj.weight                 [64, 128]                 8,192       
layers.0.router.0.weight                           [32, 128]                 4,096       
layers.0.router.0.bias                             [32]                      32          
layers.0.router.2.weight                           [2, 32]                   64          
layers.0.router.2.bias                             [2]                       2           
layers.0.time_expert.mha.in_proj_weight            [192, 64]                 12,288      
layers.0.time_expert.mha.out_proj.weight           [64, 64]                  4,096       
layers.0.factor_expert.mha.in_proj_weight          [192, 64]                 12,288      
layers.0.factor_expert.mha.out_proj.weight         [64, 64]                  4,096       
layers.0.norm1.weight                              [64]                      64          
layers.0.norm1.bias                                [64]                      64          
layers.0.norm2.weight                              [64]                      64          
layers.0.norm2.bias                                [64]                      64          
layers.0.ffn.0.weight                              [128, 64]                 8,192       
layers.0.ffn.0.bias                                [128]                     128         
layers.0.ffn.3.weight                              [64, 128]                 8,192       
layers.0.ffn.3.bias                                [64]                      64          
layers.1.layer_summary_proj.weight                 [64, 128]                 8,192       
layers.1.router.0.weight                           [32, 128]                 4,096       
layers.1.router.0.bias                             [32]                      32          
layers.1.router.2.weight                           [2, 32]                   64          
layers.1.router.2.bias                             [2]                       2           
layers.1.time_expert.mha.in_proj_weight            [192, 64]                 12,288      
layers.1.time_expert.mha.out_proj.weight           [64, 64]                  4,096       
layers.1.factor_expert.mha.in_proj_weight          [192, 64]                 12,288      
layers.1.factor_expert.mha.out_proj.weight         [64, 64]                  4,096       
layers.1.norm1.weight                              [64]                      64          
layers.1.norm1.bias                                [64]                      64          
layers.1.norm2.weight                              [64]                      64          
layers.1.norm2.bias                                [64]                      64          
layers.1.ffn.0.weight                              [128, 64]                 8,192       
layers.1.ffn.0.bias                                [128]                     128         
layers.1.ffn.3.weight                              [64, 128]                 8,192       
layers.1.ffn.3.bias                                [64]                      64          
final_norm.weight                                  [64]                      64          
final_norm.bias                                    [64]                      64          
factor_pooling.attention_pool.query                [1, 1, 64]                64          
factor_pooling.attention_pool.mha.in_proj_weight   [192, 64]                 12,288      
factor_pooling.attention_pool.mha.out_proj.weight  [64, 64]                  4,096       
factor_pooling.attention_pool.norm.weight          [64]                      64          
factor_pooling.attention_pool.norm.bias            [64]                      64          
head.weight                                        [1, 64]                   64          
head.bias                                          [1]                       1           
================================================================================

>>> [Sanity] loss=2.585062 grad_norm=1.378e+02 score_std=3.788e-02 label_std=1.275e+00 x_last_std=1.006e+00

================================================================================
COMPLETE MODEL CONFIGURATION (Resolved)
================================================================================

--- Architecture ---
Parameter                           Value                          Description              
------------------------------------------------------------------------------------------
d_model                             64                             Hidden dimension         
n_heads                             4                              Attention heads          
n_layers                            2                              Number of layers         
d_ff                                128                            FFN dimension            
num_alphas                          158                            Number of factors (N)    
context_len                         8                              Sequence length (T)      
dropout                             0.1                            Dropout rate             
initializer_range                   0.02                           Weight init std          

--- Value Embedding ---
Parameter                           Value                          Description              
------------------------------------------------------------------------------------------
value_embedding_type                feature_tokenizer              Value embedding type     
feature_tokenizer_bias              [+] ON                         FT bias                  
feature_tokenizer_add_factor_id     [-] OFF                        FT add factor ID         
feature_tokenizer_init_std          0.02                           FT init std              

--- Loss & Training ---
Parameter                           Value                          Description              
------------------------------------------------------------------------------------------
main_loss                           mse                            Primary loss function    
loss_weights                        {'listmle': 1.0, 'mse': 1.0, 'ic': 1.0} Loss weight dict         
listmle_tau                         0.8                            ListMLE temperature      
rank_topk                           5                              RankNet top-k            
huber_delta                         1                              Huber delta              
mse_normalize                       [-] OFF                        MSE normalize flag       

--- Regime-Adaptive Time Embedding ---
Parameter                           Value                          Description              
------------------------------------------------------------------------------------------
use_regime_time_embedding           [+] ON                         Enable time embedding    
time_tau_min                        0.5                            Min tau (short memory)   
time_tau_max                        50                             Max tau (long memory)    
time_tau_init                       5                              Initial tau              
time_emb_init_std                   0.02                           Time emb init std        
time_decay_normalize                [+] ON                         Normalize decay weights  

--- Regime-Adaptive Factor Gate ---
Parameter                           Value                          Description              
------------------------------------------------------------------------------------------
use_regime_factor_gate              [+] ON                         Enable factor gate (FiLM)
factor_gate_scale                   1                              Gate scale (gamma range) 
factor_gate_shift_scale             0.2                            Gate shift scale (beta)  

--- MoE Router ---
Parameter                           Value                          Description              
------------------------------------------------------------------------------------------
router_mode                         learned                        Router mode              
router_noise                        0.01                           Logit noise std          
router_temperature                  1                              Softmax temperature      
router_z_loss_coef                  0.01                           Z-loss coefficient       
router_use_layer_summary            [+] ON                         Use layer summary token  

--- Feature Selection ---
Parameter                           Value                          Description              
------------------------------------------------------------------------------------------
use_feature_selection               [-] OFF                        Enable feature selection 
selection_reg_lambda                1e-05                          Sparsity regularization  
selection_temperature               0.1                            Gumbel temperature       
selection_noise_std                 0.5                            Selection noise std      

--- Positional Encoding ---
Parameter                           Value                          Description              
------------------------------------------------------------------------------------------
use_alibi                           [-] OFF                        Use ALiBi bias           

--- Regime Context Encoder ---
Parameter                           Value                          Description              
------------------------------------------------------------------------------------------
use_external_macro                  [+] ON                         Use external macro features
d_macro_input                       102                            Macro input dimension    
regime_macro_dropout                0.1                            Macro dropout            
regime_internal_mode                long                           Internal mode (short/long)
regime_internal_lag                 5                              Internal lag steps       
regime_internal_use_batch_stats     [-] OFF                        Use batch statistics     
regime_internal_tail_threshold      2                              Tail threshold           

--- Pooling ---
Parameter                           Value                          Description              
------------------------------------------------------------------------------------------
pooling_alpha                       0.7                            Attention vs mean weight 

--- Trainer Configuration ---
Parameter                           Value                          Description              
------------------------------------------------------------------------------------------
lr                                  5e-05                          Learning rate            
epochs                              40                             Number of epochs         
batch_size                          300                            Batch size (stocks/day)  
grad_accum_steps                    1                              Accumulate K days/step   
early_stop                          0                              Early stop patience      
train_stop_key                      loss_main                      Train stop metric key    
train_stop_threshold                1.35                           Train stop threshold     
min_epochs                          5                              Min epochs before stop   
consecutive_k                       2                              Consecutive epochs to stop
use_warmup                          [+] ON                         Enable LR warmup         
warmup_config                       5958/119160 steps              Warmup steps/ratio       
total_steps                         119160                         Total training steps     
random_seed                         42                             Random seed              
num_workers                         0                              DataLoader workers       
label_dim                           1                              Label dimension          
market_state_path                   market_state_csi300.pkl        Market state file        
market_state_shift                  0                              Market state shift       
market_state_strict                 [+] ON                         Strict market state      
================================================================================

>>> [Train] epochs=40, stop=train_threshold(loss_main<=1.35, min_epochs=5, k=2)
>>> [Warn] non-finite gradients detected (tensors=15, values=2162); optimizer step skipped and excluded from grad_norm metrics.
| Train 01 | time_embedding_norm:0.160379 | time_embedding_to_value_norm_ratio:1.285288 | time_tau:4.999458 | time_half_life:3.465360 | time_tau_std:0.000000 | time_tau_p10:4.999458 | time_tau_p90:4.999458 | time_tau_range_util:0.000000 | film_gamma_strength:0.001039 | film_beta_strength:0.000271 | factor_gate_mean:1.000014 | factor_gate_std:0.000209 | factor_gate_entropy:0.944693 | factor_gate_topk_mass_5:0.095188 | factor_gate_topk_mass_10:0.173047 | router_layer_0_time_ratio:0.502118 | router_layer_0_factor_ratio:0.497882 | router_layer_0_collapse_ratio:0.000000 | router_layer_0_entropy_norm:0.999716 | router_layer_0_logit_margin:0.022226 | expert_layer_0_time_expert_norm:3.818894 | expert_layer_0_factor_expert_norm:5.282520 | expert_layer_0_time_contrib_norm:1.917482 | expert_layer_0_factor_contrib_norm:2.629922 | expert_layer_0_contrib_norm_ratio:0.738897 | expert_layer_0_expert_cosine:-0.028558 | expert_layer_0_time_winner_ratio:0.059143 | router_layer_1_time_ratio:0.509289 | router_layer_1_factor_ratio:0.490711 | router_layer_1_collapse_ratio:0.000000 | router_layer_1_entropy_norm:0.998579 | router_layer_1_logit_margin:0.047994 | expert_layer_1_time_expert_norm:3.850163 | expert_layer_1_factor_expert_norm:4.992764 | expert_layer_1_time_contrib_norm:1.962970 | expert_layer_1_factor_contrib_norm:2.450228 | expert_layer_1_contrib_norm_ratio:0.815052 | expert_layer_1_expert_cosine:-0.015100 | expert_layer_1_time_winner_ratio:0.144797 | loss_total:1.408516 | loss_main:1.405427 | loss_listmle:4.669695 | loss_mse:1.405427 | loss_ic:-0.038812 | loss_aux:0.003089 | loss_sparsity:0.000000 | valid_ratio:1.000000 | score_std:0.043045 | label_std:1.168473 | score_label_std_ratio:0.037069 | ic_pearson_batch:0.038812 | ic_raw:0.038812 | rank_ic_batch:0.041629 | rank_ic:0.041629 | gate_entropy:0.692556 | time_ratio:0.505704 | grad_nonfinite_tensors:6.500000 | grad_nonfinite_values:593.000000 | grad_norm:14.826114 | grad_norm_other:7.434132 | grad_norm_time_embedding:8.132075 | grad_norm_factor_film:0.008534 | grad_norm_regime_encoder:0.042918 | grad_norm_router:0.110403 | grad_norm_time_expert:1.206980 | grad_norm_factor_expert:4.058203 | grad_norm_pooling_head:8.890640 | optimizer_steps:2975.000000 | grad_attempt_steps:2979.000000 | grad_skipped_steps:4.000000 | grad_nonfinite_steps:4.000000 | grad_skipped_rate:0.001343 | grad_nonfinite_rate:0.001343 | lr:0.000025 | sampler_epoch:0.000000 | sampler_num_days:2979.000000 | sampler_num_batches:2979.000000 | sampler_batch_size:300.000000 | sampler_total_source_samples:856246.000000 | sampler_total_draws:856246.000000 | sampler_unique_samples:856246.000000 | sampler_coverage_ratio:1.000000 | sampler_coverage_gap_vs_full:0.000000 | sampler_duplicate_draws:0.000000 | sampler_duplicate_rate:0.000000 | sampler_downsample_days:0.000000 | sampler_upsample_days:0.000000 | sampler_exact_days:102.000000 | sampler_short_days:2877.000000 | sampler_split_days:0.000000 | sampler_downsample_day_ratio:0.000000 | sampler_upsample_day_ratio:0.000000 | sampler_short_day_ratio:0.965760 | sampler_split_day_ratio:0.000000 | sampler_full_coverage_day_ratio:1.000000
| Valid 01 | time_embedding_norm:0.159511 | time_embedding_to_value_norm_ratio:1.252774 | time_tau:4.999458 | time_half_life:3.465360 | time_tau_std:0.000000 | time_tau_p10:4.999458 | time_tau_p90:4.999458 | time_tau_range_util:0.000000 | film_gamma_strength:0.005674 | film_beta_strength:0.001605 | factor_gate_mean:1.000222 | factor_gate_std:0.001109 | factor_gate_entropy:0.949400 | factor_gate_topk_mass_5:0.093452 | factor_gate_topk_mass_10:0.172178 | router_layer_0_time_ratio:0.520640 | router_layer_0_factor_ratio:0.479360 | router_layer_0_collapse_ratio:0.000000 | router_layer_0_entropy_norm:0.998154 | router_layer_0_logit_margin:0.082892 | expert_layer_0_time_expert_norm:3.956064 | expert_layer_0_factor_expert_norm:5.485390 | expert_layer_0_time_contrib_norm:2.059490 | expert_layer_0_factor_contrib_norm:2.629462 | expert_layer_0_contrib_norm_ratio:0.793985 | expert_layer_0_expert_cosine:-0.031857 | expert_layer_0_time_winner_ratio:0.112666 | router_layer_1_time_ratio:0.548391 | router_layer_1_factor_ratio:0.451609 | router_layer_1_collapse_ratio:0.000000 | router_layer_1_entropy_norm:0.988478 | router_layer_1_logit_margin:0.219235 | expert_layer_1_time_expert_norm:4.211574 | expert_layer_1_factor_expert_norm:5.341504 | expert_layer_1_time_contrib_norm:2.309243 | expert_layer_1_factor_contrib_norm:2.410888 | expert_layer_1_contrib_norm_ratio:0.980246 | expert_layer_1_expert_cosine:-0.013900 | expert_layer_1_time_winner_ratio:0.423424 | loss_total:0.040825 | loss_main:0.040804 | loss_listmle:4.713042 | loss_mse:0.040804 | loss_ic:-0.028866 | loss_aux:0.000021 | loss_sparsity:0.000000 | valid_ratio:1.000000 | score_std:0.076756 | label_std:0.045755 | score_label_std_ratio:1.734246 | gate_entropy:0.688514 | time_ratio:0.534515 | ic_pearson_daily:0.028875 | rank_ic_daily:0.032331 | ic_raw:0.028875 | rank_ic:0.032331
| Train 02 | time_embedding_norm:0.157648 | time_embedding_to_value_norm_ratio:1.219078 | time_tau:4.996214 | time_half_life:3.463112 | time_tau_std:0.000000 | time_tau_p10:4.996214 | time_tau_p90:4.996214 | time_tau_range_util:0.000000 | film_gamma_strength:0.013970 | film_beta_strength:0.002783 | factor_gate_mean:1.000189 | factor_gate_std:0.002707 | factor_gate_entropy:0.947197 | factor_gate_topk_mass_5:0.092654 | factor_gate_topk_mass_10:0.170104 | router_layer_0_time_ratio:0.582141 | router_layer_0_factor_ratio:0.417859 | router_layer_0_collapse_ratio:0.000000 | router_layer_0_entropy_norm:0.975541 | router_layer_0_logit_margin:0.334027 | expert_layer_0_time_expert_norm:4.438489 | expert_layer_0_factor_expert_norm:5.049378 | expert_layer_0_time_contrib_norm:2.596744 | expert_layer_0_factor_contrib_norm:2.112292 | expert_layer_0_contrib_norm_ratio:1.280467 | expert_layer_0_expert_cosine:-0.024830 | expert_layer_0_time_winner_ratio:0.700406 | router_layer_1_time_ratio:0.550553 | router_layer_1_factor_ratio:0.449447 | router_layer_1_collapse_ratio:0.000000 | router_layer_1_entropy_norm:0.978651 | router_layer_1_logit_margin:0.291565 | expert_layer_1_time_expert_norm:5.834447 | expert_layer_1_factor_expert_norm:4.581315 | expert_layer_1_time_contrib_norm:3.226249 | expert_layer_1_factor_contrib_norm:2.058398 | expert_layer_1_contrib_norm_ratio:1.685315 | expert_layer_1_expert_cosine:-0.002447 | expert_layer_1_time_winner_ratio:0.820329 | loss_total:1.384269 | loss_main:1.384252 | loss_listmle:4.667592 | loss_mse:1.384252 | loss_ic:-0.083286 | loss_aux:0.000017 | loss_sparsity:0.000000 | valid_ratio:1.000000 | score_std:0.080268 | label_std:1.168473 | score_label_std_ratio:0.069193 | ic_pearson_batch:0.083288 | ic_raw:0.083288 | rank_ic_batch:0.085213 | rank_ic:0.085213 | gate_entropy:0.677271 | time_ratio:0.566347 | grad_norm:8.688802 | grad_norm_other:3.742105 | grad_norm_time_embedding:5.211003 | grad_norm_factor_film:0.024721 | grad_norm_regime_encoder:0.198925 | grad_norm_router:0.417163 | grad_norm_time_expert:0.924775 | grad_norm_factor_expert:1.816630 | grad_norm_pooling_head:5.410208 | optimizer_steps:2979.000000 | grad_attempt_steps:2979.000000 | grad_skipped_steps:0.000000 | grad_nonfinite_steps:0.000000 | grad_skipped_rate:0.000000 | grad_nonfinite_rate:0.000000 | lr:0.000050 | sampler_epoch:1.000000 | sampler_num_days:2979.000000 | sampler_num_batches:2979.000000 | sampler_batch_size:300.000000 | sampler_total_source_samples:856246.000000 | sampler_total_draws:856246.000000 | sampler_unique_samples:856246.000000 | sampler_coverage_ratio:1.000000 | sampler_coverage_gap_vs_full:0.000000 | sampler_duplicate_draws:0.000000 | sampler_duplicate_rate:0.000000 | sampler_downsample_days:0.000000 | sampler_upsample_days:0.000000 | sampler_exact_days:102.000000 | sampler_short_days:2877.000000 | sampler_split_days:0.000000 | sampler_downsample_day_ratio:0.000000 | sampler_upsample_day_ratio:0.000000 | sampler_short_day_ratio:0.965760 | sampler_split_day_ratio:0.000000 | sampler_full_coverage_day_ratio:1.000000
| Valid 02 | time_embedding_norm:0.155170 | time_embedding_to_value_norm_ratio:1.154093 | time_tau:4.995596 | time_half_life:3.462683 | time_tau_std:0.000000 | time_tau_p10:4.995596 | time_tau_p90:4.995596 | time_tau_range_util:0.000000 | film_gamma_strength:0.022334 | film_beta_strength:0.003932 | factor_gate_mean:1.001366 | factor_gate_std:0.004365 | factor_gate_entropy:0.943117 | factor_gate_topk_mass_5:0.094596 | factor_gate_topk_mass_10:0.174428 | router_layer_0_time_ratio:0.646701 | router_layer_0_factor_ratio:0.353299 | router_layer_0_collapse_ratio:0.000000 | router_layer_0_entropy_norm:0.935425 | router_layer_0_logit_margin:0.605985 | expert_layer_0_time_expert_norm:5.637565 | expert_layer_0_factor_expert_norm:5.180906 | expert_layer_0_time_contrib_norm:3.644354 | expert_layer_0_factor_contrib_norm:1.830280 | expert_layer_0_contrib_norm_ratio:2.019773 | expert_layer_0_expert_cosine:-0.014371 | expert_layer_0_time_winner_ratio:1.000000 | router_layer_1_time_ratio:0.612723 | router_layer_1_factor_ratio:0.387277 | router_layer_1_collapse_ratio:0.000000 | router_layer_1_entropy_norm:0.951569 | router_layer_1_logit_margin:0.482285 | expert_layer_1_time_expert_norm:10.143063 | expert_layer_1_factor_expert_norm:4.254273 | expert_layer_1_time_contrib_norm:6.217835 | expert_layer_1_factor_contrib_norm:1.643348 | expert_layer_1_contrib_norm_ratio:3.911357 | expert_layer_1_expert_cosine:0.003348 | expert_layer_1_time_winner_ratio:1.000000 | loss_total:0.021783 | loss_main:0.021758 | loss_listmle:4.716390 | loss_mse:0.021758 | loss_ic:-0.049650 | loss_aux:0.000025 | loss_sparsity:0.000000 | valid_ratio:1.000000 | score_std:0.122903 | label_std:0.045755 | score_label_std_ratio:2.785800 | gate_entropy:0.653982 | time_ratio:0.629712 | ic_pearson_daily:0.049659 | rank_ic_daily:0.057508 | ic_raw:0.049659 | rank_ic:0.057508
| Train 03 | time_embedding_norm:0.153274 | time_embedding_to_value_norm_ratio:1.112124 | time_tau:4.995596 | time_half_life:3.462683 | time_tau_std:0.000000 | time_tau_p10:4.995596 | time_tau_p90:4.995596 | time_tau_range_util:0.000000 | film_gamma_strength:0.030287 | film_beta_strength:0.004129 | factor_gate_mean:1.000061 | factor_gate_std:0.006159 | factor_gate_entropy:0.947913 | factor_gate_topk_mass_5:0.094668 | factor_gate_topk_mass_10:0.170241 | router_layer_0_time_ratio:0.684733 | router_layer_0_factor_ratio:0.315267 | router_layer_0_collapse_ratio:0.000000 | router_layer_0_entropy_norm:0.894414 | router_layer_0_logit_margin:0.781198 | expert_layer_0_time_expert_norm:6.187447 | expert_layer_0_factor_expert_norm:4.828318 | expert_layer_0_time_contrib_norm:4.243122 | expert_layer_0_factor_contrib_norm:1.521244 | expert_layer_0_contrib_norm_ratio:2.881900 | expert_layer_0_expert_cosine:-0.012089 | expert_layer_0_time_winner_ratio:1.000000 | router_layer_1_time_ratio:0.577287 | router_layer_1_factor_ratio:0.422713 | router_layer_1_collapse_ratio:0.000000 | router_layer_1_entropy_norm:0.955794 | router_layer_1_logit_margin:0.435302 | expert_layer_1_time_expert_norm:10.886965 | expert_layer_1_factor_expert_norm:3.704119 | expert_layer_1_time_contrib_norm:6.310889 | expert_layer_1_factor_contrib_norm:1.562321 | expert_layer_1_contrib_norm_ratio:4.449510 | expert_layer_1_expert_cosine:0.001118 | expert_layer_1_time_winner_ratio:1.000000 | loss_total:1.378346 | loss_main:1.378328 | loss_listmle:4.665363 | loss_mse:1.378328 | loss_ic:-0.100658 | loss_aux:0.000018 | loss_sparsity:0.000000 | valid_ratio:1.000000 | score_std:0.102282 | label_std:1.168473 | score_label_std_ratio:0.088206 | ic_pearson_batch:0.100659 | ic_raw:0.100659 | rank_ic_batch:0.103616 | rank_ic:0.103616 | gate_entropy:0.641233 | time_ratio:0.631010 | grad_norm:5.740365 | grad_norm_other:2.136783 | grad_norm_time_embedding:3.836361 | grad_norm_factor_film:0.035860 | grad_norm_regime_encoder:0.240554 | grad_norm_router:0.305124 | grad_norm_time_expert:0.704979 | grad_norm_factor_expert:0.773361 | grad_norm_pooling_head:3.461296 | grad_nonfinite_tensors:1.000000 | grad_nonfinite_values:1.000000 | optimizer_steps:2977.000000 | grad_attempt_steps:2979.000000 | grad_skipped_steps:2.000000 | grad_nonfinite_steps:2.000000 | grad_skipped_rate:0.000671 | grad_nonfinite_rate:0.000671 | lr:0.000050 | sampler_epoch:2.000000 | sampler_num_days:2979.000000 | sampler_num_batches:2979.000000 | sampler_batch_size:300.000000 | sampler_total_source_samples:856246.000000 | sampler_total_draws:856246.000000 | sampler_unique_samples:856246.000000 | sampler_coverage_ratio:1.000000 | sampler_coverage_gap_vs_full:0.000000 | sampler_duplicate_draws:0.000000 | sampler_duplicate_rate:0.000000 | sampler_downsample_days:0.000000 | sampler_upsample_days:0.000000 | sampler_exact_days:102.000000 | sampler_short_days:2877.000000 | sampler_split_days:0.000000 | sampler_downsample_day_ratio:0.000000 | sampler_upsample_day_ratio:0.000000 | sampler_short_day_ratio:0.965760 | sampler_split_day_ratio:0.000000 | sampler_full_coverage_day_ratio:1.000000
| Valid 03 | time_embedding_norm:0.151455 | time_embedding_to_value_norm_ratio:1.064055 | time_tau:4.995596 | time_half_life:3.462683 | time_tau_std:0.000000 | time_tau_p10:4.995596 | time_tau_p90:4.995596 | time_tau_range_util:0.000000 | film_gamma_strength:0.035474 | film_beta_strength:0.005470 | factor_gate_mean:1.001967 | factor_gate_std:0.007272 | factor_gate_entropy:0.949243 | factor_gate_topk_mass_5:0.094592 | factor_gate_topk_mass_10:0.169012 | router_layer_0_time_ratio:0.727449 | router_layer_0_factor_ratio:0.272551 | router_layer_0_collapse_ratio:0.000000 | router_layer_0_entropy_norm:0.843099 | router_layer_0_logit_margin:0.984897 | expert_layer_0_time_expert_norm:7.157998 | expert_layer_0_factor_expert_norm:4.936484 | expert_layer_0_time_contrib_norm:5.205581 | expert_layer_0_factor_contrib_norm:1.344722 | expert_layer_0_contrib_norm_ratio:3.932185 | expert_layer_0_expert_cosine:-0.009641 | expert_layer_0_time_winner_ratio:1.000000 | router_layer_1_time_ratio:0.660653 | router_layer_1_factor_ratio:0.339347 | router_layer_1_collapse_ratio:0.000000 | router_layer_1_entropy_norm:0.901550 | router_layer_1_logit_margin:0.722632 | expert_layer_1_time_expert_norm:13.744350 | expert_layer_1_factor_expert_norm:3.730712 | expert_layer_1_time_contrib_norm:9.093954 | expert_layer_1_factor_contrib_norm:1.261042 | expert_layer_1_contrib_norm_ratio:7.722831 | expert_layer_1_expert_cosine:0.003548 | expert_layer_1_time_winner_ratio:1.000000 | loss_total:0.042244 | loss_main:0.042225 | loss_listmle:4.713144 | loss_mse:0.042225 | loss_ic:-0.047136 | loss_aux:0.000020 | loss_sparsity:0.000000 | valid_ratio:1.000000 | score_std:0.097846 | label_std:0.045755 | score_label_std_ratio:2.213745 | gate_entropy:0.604650 | time_ratio:0.694051 | ic_pearson_daily:0.047148 | rank_ic_daily:0.050554 | ic_raw:0.047148 | rank_ic:0.050554
| Train 04 | time_embedding_norm:0.148929 | time_embedding_to_value_norm_ratio:1.028575 | time_tau:4.997598 | time_half_life:3.464071 | time_tau_std:0.000113 | time_tau_p10:4.997518 | time_tau_p90:4.997684 | time_tau_range_util:0.000003 | film_gamma_strength:0.043627 | film_beta_strength:0.005577 | factor_gate_mean:0.999925 | factor_gate_std:0.008988 | factor_gate_entropy:0.949103 | factor_gate_topk_mass_5:0.091969 | factor_gate_topk_mass_10:0.166836 | router_layer_0_time_ratio:0.705029 | router_layer_0_factor_ratio:0.294971 | router_layer_0_collapse_ratio:0.000000 | router_layer_0_entropy_norm:0.866560 | router_layer_0_logit_margin:0.882274 | expert_layer_0_time_expert_norm:7.263698 | expert_layer_0_factor_expert_norm:4.675970 | expert_layer_0_time_contrib_norm:5.116686 | expert_layer_0_factor_contrib_norm:1.376218 | expert_layer_0_contrib_norm_ratio:3.867166 | expert_layer_0_expert_cosine:-0.006571 | expert_layer_0_time_winner_ratio:1.000000 | router_layer_1_time_ratio:0.617227 | router_layer_1_factor_ratio:0.382773 | router_layer_1_collapse_ratio:0.000000 | router_layer_1_entropy_norm:0.919040 | router_layer_1_logit_margin:0.615080 | expert_layer_1_time_expert_norm:14.006510 | expert_layer_1_factor_expert_norm:3.349764 | expert_layer_1_time_contrib_norm:8.671934 | expert_layer_1_factor_contrib_norm:1.275193 | expert_layer_1_contrib_norm_ratio:7.754044 | expert_layer_1_expert_cosine:0.000518 | expert_layer_1_time_winner_ratio:1.000000 | loss_total:1.373769 | loss_main:1.373752 | loss_listmle:4.664295 | loss_mse:1.373752 | loss_ic:-0.111569 | loss_aux:0.000017 | loss_sparsity:0.000000 | valid_ratio:1.000000 | score_std:0.111926 | label_std:1.168473 | score_label_std_ratio:0.096522 | ic_pearson_batch:0.111570 | ic_raw:0.111570 | rank_ic_batch:0.113594 | rank_ic:0.113594 | gate_entropy:0.618842 | time_ratio:0.661128 | grad_norm:4.695663 | grad_norm_other:1.652891 | grad_norm_time_embedding:3.387614 | grad_norm_factor_film:0.040687 | grad_norm_regime_encoder:0.245419 | grad_norm_router:0.250531 | grad_norm_time_expert:0.544579 | grad_norm_factor_expert:0.516179 | grad_norm_pooling_head:2.579932 | grad_nonfinite_tensors:1.000000 | grad_nonfinite_values:1.000000 | optimizer_steps:2978.000000 | grad_attempt_steps:2979.000000 | grad_skipped_steps:1.000000 | grad_nonfinite_steps:1.000000 | grad_skipped_rate:0.000336 | grad_nonfinite_rate:0.000336 | lr:0.000050 | sampler_epoch:3.000000 | sampler_num_days:2979.000000 | sampler_num_batches:2979.000000 | sampler_batch_size:300.000000 | sampler_total_source_samples:856246.000000 | sampler_total_draws:856246.000000 | sampler_unique_samples:856246.000000 | sampler_coverage_ratio:1.000000 | sampler_coverage_gap_vs_full:0.000000 | sampler_duplicate_draws:0.000000 | sampler_duplicate_rate:0.000000 | sampler_downsample_days:0.000000 | sampler_upsample_days:0.000000 | sampler_exact_days:102.000000 | sampler_short_days:2877.000000 | sampler_split_days:0.000000 | sampler_downsample_day_ratio:0.000000 | sampler_upsample_day_ratio:0.000000 | sampler_short_day_ratio:0.965760 | sampler_split_day_ratio:0.000000 | sampler_full_coverage_day_ratio:1.000000
| Valid 04 | time_embedding_norm:0.146545 | time_embedding_to_value_norm_ratio:0.984549 | time_tau:5.001911 | time_half_life:3.467061 | time_tau_std:0.000000 | time_tau_p10:5.001911 | time_tau_p90:5.001911 | time_tau_range_util:0.000000 | film_gamma_strength:0.049875 | film_beta_strength:0.006092 | factor_gate_mean:1.002179 | factor_gate_std:0.010339 | factor_gate_entropy:0.948759 | factor_gate_topk_mass_5:0.093651 | factor_gate_topk_mass_10:0.169064 | router_layer_0_time_ratio:0.710897 | router_layer_0_factor_ratio:0.289103 | router_layer_0_collapse_ratio:0.000000 | router_layer_0_entropy_norm:0.855652 | router_layer_0_logit_margin:0.916459 | expert_layer_0_time_expert_norm:8.074917 | expert_layer_0_factor_expert_norm:4.759338 | expert_layer_0_time_contrib_norm:5.735769 | expert_layer_0_factor_contrib_norm:1.375351 | expert_layer_0_contrib_norm_ratio:4.432749 | expert_layer_0_expert_cosine:-0.006528 | expert_layer_0_time_winner_ratio:1.000000 | router_layer_1_time_ratio:0.703914 | router_layer_1_factor_ratio:0.296086 | router_layer_1_collapse_ratio:0.000000 | router_layer_1_entropy_norm:0.851515 | router_layer_1_logit_margin:0.917578 | expert_layer_1_time_expert_norm:16.626154 | expert_layer_1_factor_expert_norm:3.330128 | expert_layer_1_time_contrib_norm:11.715778 | expert_layer_1_factor_contrib_norm:0.977616 | expert_layer_1_contrib_norm_ratio:12.938675 | expert_layer_1_expert_cosine:0.001950 | expert_layer_1_time_winner_ratio:1.000000 | loss_total:0.049677 | loss_main:0.049667 | loss_listmle:4.717678 | loss_mse:0.049667 | loss_ic:-0.054753 | loss_aux:0.000010 | loss_sparsity:0.000000 | valid_ratio:1.000000 | score_std:0.138492 | label_std:0.045755 | score_label_std_ratio:3.140006 | gate_entropy:0.591659 | time_ratio:0.707406 | ic_pearson_daily:0.054762 | rank_ic_daily:0.057621 | ic_raw:0.054762 | rank_ic:0.057621
