Gym has been unmaintained since 2022 and does not support NumPy 2.0 amongst other critical functionality.
Please upgrade to Gymnasium, the maintained drop-in replacement of Gym, or contact the authors of your software and request that they upgrade.
Users of this version of Gym should be able to simply replace 'import gym' with 'import gymnasium as gym' in the vast majority of cases.
See the migration guide at https://gymnasium.farama.org/introduction/migration_guide/ for additional information.
[22852:MainThread](2026-05-01 13:06:39,155) INFO - qlib.Initialization - [config.py:452] - default_conf: client.
[22852:MainThread](2026-05-01 13:06:39,159) INFO - qlib.Initialization - [__init__.py:75] - qlib successfully initialized based on client settings.
[22852:MainThread](2026-05-01 13:06:39,160) INFO - qlib.Initialization - [__init__.py:77] - data_path={'__DEFAULT_FREQ': WindowsPath('C:/Users/60585/.qlib/qlib_data/cn_data')}
Gym has been unmaintained since 2022 and does not support NumPy 2.0 amongst other critical functionality.
Please upgrade to Gymnasium, the maintained drop-in replacement of Gym, or contact the authors of your software and request that they upgrade.
Users of this version of Gym should be able to simply replace 'import gym' with 'import gymnasium as gym' in the vast majority of cases.
See the migration guide at https://gymnasium.farama.org/introduction/migration_guide/ for additional information.
Gym has been unmaintained since 2022 and does not support NumPy 2.0 amongst other critical functionality.
Please upgrade to Gymnasium, the maintained drop-in replacement of Gym, or contact the authors of your software and request that they upgrade.
Users of this version of Gym should be able to simply replace 'import gym' with 'import gymnasium as gym' in the vast majority of cases.
See the migration guide at https://gymnasium.farama.org/introduction/migration_guide/ for additional information.
Gym has been unmaintained since 2022 and does not support NumPy 2.0 amongst other critical functionality.
Please upgrade to Gymnasium, the maintained drop-in replacement of Gym, or contact the authors of your software and request that they upgrade.
Users of this version of Gym should be able to simply replace 'import gym' with 'import gymnasium as gym' in the vast majority of cases.
See the migration guide at https://gymnasium.farama.org/introduction/migration_guide/ for additional information.
Gym has been unmaintained since 2022 and does not support NumPy 2.0 amongst other critical functionality.
Please upgrade to Gymnasium, the maintained drop-in replacement of Gym, or contact the authors of your software and request that they upgrade.
Users of this version of Gym should be able to simply replace 'import gym' with 'import gymnasium as gym' in the vast majority of cases.
See the migration guide at https://gymnasium.farama.org/introduction/migration_guide/ for additional information.
Gym has been unmaintained since 2022 and does not support NumPy 2.0 amongst other critical functionality.
Please upgrade to Gymnasium, the maintained drop-in replacement of Gym, or contact the authors of your software and request that they upgrade.
Users of this version of Gym should be able to simply replace 'import gym' with 'import gymnasium as gym' in the vast majority of cases.
See the migration guide at https://gymnasium.farama.org/introduction/migration_guide/ for additional information.
Gym has been unmaintained since 2022 and does not support NumPy 2.0 amongst other critical functionality.
Please upgrade to Gymnasium, the maintained drop-in replacement of Gym, or contact the authors of your software and request that they upgrade.
Users of this version of Gym should be able to simply replace 'import gym' with 'import gymnasium as gym' in the vast majority of cases.
See the migration guide at https://gymnasium.farama.org/introduction/migration_guide/ for additional information.
Gym has been unmaintained since 2022 and does not support NumPy 2.0 amongst other critical functionality.
Please upgrade to Gymnasium, the maintained drop-in replacement of Gym, or contact the authors of your software and request that they upgrade.
Users of this version of Gym should be able to simply replace 'import gym' with 'import gymnasium as gym' in the vast majority of cases.
See the migration guide at https://gymnasium.farama.org/introduction/migration_guide/ for additional information.
Gym has been unmaintained since 2022 and does not support NumPy 2.0 amongst other critical functionality.
Please upgrade to Gymnasium, the maintained drop-in replacement of Gym, or contact the authors of your software and request that they upgrade.
Users of this version of Gym should be able to simply replace 'import gym' with 'import gymnasium as gym' in the vast majority of cases.
See the migration guide at https://gymnasium.farama.org/introduction/migration_guide/ for additional information.
Gym has been unmaintained since 2022 and does not support NumPy 2.0 amongst other critical functionality.
Please upgrade to Gymnasium, the maintained drop-in replacement of Gym, or contact the authors of your software and request that they upgrade.
Users of this version of Gym should be able to simply replace 'import gym' with 'import gymnasium as gym' in the vast majority of cases.
See the migration guide at https://gymnasium.farama.org/introduction/migration_guide/ for additional information.
Gym has been unmaintained since 2022 and does not support NumPy 2.0 amongst other critical functionality.
Please upgrade to Gymnasium, the maintained drop-in replacement of Gym, or contact the authors of your software and request that they upgrade.
Users of this version of Gym should be able to simply replace 'import gym' with 'import gymnasium as gym' in the vast majority of cases.
See the migration guide at https://gymnasium.farama.org/introduction/migration_guide/ for additional information.
Gym has been unmaintained since 2022 and does not support NumPy 2.0 amongst other critical functionality.
Please upgrade to Gymnasium, the maintained drop-in replacement of Gym, or contact the authors of your software and request that they upgrade.
Users of this version of Gym should be able to simply replace 'import gym' with 'import gymnasium as gym' in the vast majority of cases.
See the migration guide at https://gymnasium.farama.org/introduction/migration_guide/ for additional information.
Gym has been unmaintained since 2022 and does not support NumPy 2.0 amongst other critical functionality.
Please upgrade to Gymnasium, the maintained drop-in replacement of Gym, or contact the authors of your software and request that they upgrade.
Users of this version of Gym should be able to simply replace 'import gym' with 'import gymnasium as gym' in the vast majority of cases.
See the migration guide at https://gymnasium.farama.org/introduction/migration_guide/ for additional information.
Gym has been unmaintained since 2022 and does not support NumPy 2.0 amongst other critical functionality.
Please upgrade to Gymnasium, the maintained drop-in replacement of Gym, or contact the authors of your software and request that they upgrade.
Users of this version of Gym should be able to simply replace 'import gym' with 'import gymnasium as gym' in the vast majority of cases.
See the migration guide at https://gymnasium.farama.org/introduction/migration_guide/ for additional information.
Gym has been unmaintained since 2022 and does not support NumPy 2.0 amongst other critical functionality.
Please upgrade to Gymnasium, the maintained drop-in replacement of Gym, or contact the authors of your software and request that they upgrade.
Users of this version of Gym should be able to simply replace 'import gym' with 'import gymnasium as gym' in the vast majority of cases.
See the migration guide at https://gymnasium.farama.org/introduction/migration_guide/ for additional information.
Gym has been unmaintained since 2022 and does not support NumPy 2.0 amongst other critical functionality.
Please upgrade to Gymnasium, the maintained drop-in replacement of Gym, or contact the authors of your software and request that they upgrade.
Users of this version of Gym should be able to simply replace 'import gym' with 'import gymnasium as gym' in the vast majority of cases.
See the migration guide at https://gymnasium.farama.org/introduction/migration_guide/ for additional information.
Gym has been unmaintained since 2022 and does not support NumPy 2.0 amongst other critical functionality.
Please upgrade to Gymnasium, the maintained drop-in replacement of Gym, or contact the authors of your software and request that they upgrade.
Users of this version of Gym should be able to simply replace 'import gym' with 'import gymnasium as gym' in the vast majority of cases.
See the migration guide at https://gymnasium.farama.org/introduction/migration_guide/ for additional information.
Gym has been unmaintained since 2022 and does not support NumPy 2.0 amongst other critical functionality.
Please upgrade to Gymnasium, the maintained drop-in replacement of Gym, or contact the authors of your software and request that they upgrade.
Users of this version of Gym should be able to simply replace 'import gym' with 'import gymnasium as gym' in the vast majority of cases.
See the migration guide at https://gymnasium.farama.org/introduction/migration_guide/ for additional information.
Gym has been unmaintained since 2022 and does not support NumPy 2.0 amongst other critical functionality.
Please upgrade to Gymnasium, the maintained drop-in replacement of Gym, or contact the authors of your software and request that they upgrade.
Users of this version of Gym should be able to simply replace 'import gym' with 'import gymnasium as gym' in the vast majority of cases.
See the migration guide at https://gymnasium.farama.org/introduction/migration_guide/ for additional information.
[14384:MainThread](2026-05-01 13:06:42,942) INFO - qlib.Initialization - [config.py:452] - default_conf: client.
[14384:MainThread](2026-05-01 13:06:42,946) INFO - qlib.Initialization - [__init__.py:75] - qlib successfully initialized based on client settings.
[14384:MainThread](2026-05-01 13:06:42,946) INFO - qlib.Initialization - [__init__.py:77] - data_path={'__DEFAULT_FREQ': WindowsPath('C:/Users/60585/.qlib/qlib_data/cn_data')}
[28112:MainThread](2026-05-01 13:06:42,948) INFO - qlib.Initialization - [config.py:452] - default_conf: client.
[28112:MainThread](2026-05-01 13:06:42,953) INFO - qlib.Initialization - [__init__.py:75] - qlib successfully initialized based on client settings.
[28112:MainThread](2026-05-01 13:06:42,953) INFO - qlib.Initialization - [__init__.py:77] - data_path={'__DEFAULT_FREQ': WindowsPath('C:/Users/60585/.qlib/qlib_data/cn_data')}
[4048:MainThread](2026-05-01 13:06:42,957) INFO - qlib.Initialization - [config.py:452] - default_conf: client.
[9364:MainThread](2026-05-01 13:06:42,959) INFO - qlib.Initialization - [config.py:452] - default_conf: client.
[4048:MainThread](2026-05-01 13:06:42,961) INFO - qlib.Initialization - [__init__.py:75] - qlib successfully initialized based on client settings.
[4048:MainThread](2026-05-01 13:06:42,962) INFO - qlib.Initialization - [__init__.py:77] - data_path={'__DEFAULT_FREQ': WindowsPath('C:/Users/60585/.qlib/qlib_data/cn_data')}
[2808:MainThread](2026-05-01 13:06:42,962) INFO - qlib.Initialization - [config.py:452] - default_conf: client.
[9364:MainThread](2026-05-01 13:06:42,963) INFO - qlib.Initialization - [__init__.py:75] - qlib successfully initialized based on client settings.
[9364:MainThread](2026-05-01 13:06:42,963) INFO - qlib.Initialization - [__init__.py:77] - data_path={'__DEFAULT_FREQ': WindowsPath('C:/Users/60585/.qlib/qlib_data/cn_data')}
[6244:MainThread](2026-05-01 13:06:42,963) INFO - qlib.Initialization - [config.py:452] - default_conf: client.
[2808:MainThread](2026-05-01 13:06:42,966) INFO - qlib.Initialization - [__init__.py:75] - qlib successfully initialized based on client settings.
[2808:MainThread](2026-05-01 13:06:42,966) INFO - qlib.Initialization - [__init__.py:77] - data_path={'__DEFAULT_FREQ': WindowsPath('C:/Users/60585/.qlib/qlib_data/cn_data')}
[6244:MainThread](2026-05-01 13:06:42,967) INFO - qlib.Initialization - [__init__.py:75] - qlib successfully initialized based on client settings.
[6244:MainThread](2026-05-01 13:06:42,968) INFO - qlib.Initialization - [__init__.py:77] - data_path={'__DEFAULT_FREQ': WindowsPath('C:/Users/60585/.qlib/qlib_data/cn_data')}
[39212:MainThread](2026-05-01 13:06:42,977) INFO - qlib.Initialization - [config.py:452] - default_conf: client.
[39212:MainThread](2026-05-01 13:06:42,982) INFO - qlib.Initialization - [__init__.py:75] - qlib successfully initialized based on client settings.
[39212:MainThread](2026-05-01 13:06:42,983) INFO - qlib.Initialization - [__init__.py:77] - data_path={'__DEFAULT_FREQ': WindowsPath('C:/Users/60585/.qlib/qlib_data/cn_data')}
[23808:MainThread](2026-05-01 13:06:42,992) INFO - qlib.Initialization - [config.py:452] - default_conf: client.
[14252:MainThread](2026-05-01 13:06:42,996) INFO - qlib.Initialization - [config.py:452] - default_conf: client.
[23808:MainThread](2026-05-01 13:06:42,997) INFO - qlib.Initialization - [__init__.py:75] - qlib successfully initialized based on client settings.
[23808:MainThread](2026-05-01 13:06:42,998) INFO - qlib.Initialization - [__init__.py:77] - data_path={'__DEFAULT_FREQ': WindowsPath('C:/Users/60585/.qlib/qlib_data/cn_data')}
[14252:MainThread](2026-05-01 13:06:43,001) INFO - qlib.Initialization - [__init__.py:75] - qlib successfully initialized based on client settings.
[14252:MainThread](2026-05-01 13:06:43,001) INFO - qlib.Initialization - [__init__.py:77] - data_path={'__DEFAULT_FREQ': WindowsPath('C:/Users/60585/.qlib/qlib_data/cn_data')}
[8872:MainThread](2026-05-01 13:06:43,007) INFO - qlib.Initialization - [config.py:452] - default_conf: client.
[32916:MainThread](2026-05-01 13:06:43,010) INFO - qlib.Initialization - [config.py:452] - default_conf: client.
[35396:MainThread](2026-05-01 13:06:43,012) INFO - qlib.Initialization - [config.py:452] - default_conf: client.
[8872:MainThread](2026-05-01 13:06:43,012) INFO - qlib.Initialization - [__init__.py:75] - qlib successfully initialized based on client settings.
[8872:MainThread](2026-05-01 13:06:43,013) INFO - qlib.Initialization - [__init__.py:77] - data_path={'__DEFAULT_FREQ': WindowsPath('C:/Users/60585/.qlib/qlib_data/cn_data')}
[32916:MainThread](2026-05-01 13:06:43,014) INFO - qlib.Initialization - [__init__.py:75] - qlib successfully initialized based on client settings.
[32916:MainThread](2026-05-01 13:06:43,014) INFO - qlib.Initialization - [__init__.py:77] - data_path={'__DEFAULT_FREQ': WindowsPath('C:/Users/60585/.qlib/qlib_data/cn_data')}
[22584:MainThread](2026-05-01 13:06:43,014) INFO - qlib.Initialization - [config.py:452] - default_conf: client.
[11424:MainThread](2026-05-01 13:06:43,014) INFO - qlib.Initialization - [config.py:452] - default_conf: client.
[35396:MainThread](2026-05-01 13:06:43,016) INFO - qlib.Initialization - [__init__.py:75] - qlib successfully initialized based on client settings.
[35396:MainThread](2026-05-01 13:06:43,016) INFO - qlib.Initialization - [__init__.py:77] - data_path={'__DEFAULT_FREQ': WindowsPath('C:/Users/60585/.qlib/qlib_data/cn_data')}
[11424:MainThread](2026-05-01 13:06:43,019) INFO - qlib.Initialization - [__init__.py:75] - qlib successfully initialized based on client settings.
[11424:MainThread](2026-05-01 13:06:43,019) INFO - qlib.Initialization - [__init__.py:77] - data_path={'__DEFAULT_FREQ': WindowsPath('C:/Users/60585/.qlib/qlib_data/cn_data')}
[22584:MainThread](2026-05-01 13:06:43,020) INFO - qlib.Initialization - [__init__.py:75] - qlib successfully initialized based on client settings.
[22584:MainThread](2026-05-01 13:06:43,020) INFO - qlib.Initialization - [__init__.py:77] - data_path={'__DEFAULT_FREQ': WindowsPath('C:/Users/60585/.qlib/qlib_data/cn_data')}
[29620:MainThread](2026-05-01 13:06:43,021) INFO - qlib.Initialization - [config.py:452] - default_conf: client.
[29620:MainThread](2026-05-01 13:06:43,025) INFO - qlib.Initialization - [__init__.py:75] - qlib successfully initialized based on client settings.
[29620:MainThread](2026-05-01 13:06:43,025) INFO - qlib.Initialization - [__init__.py:77] - data_path={'__DEFAULT_FREQ': WindowsPath('C:/Users/60585/.qlib/qlib_data/cn_data')}
[25908:MainThread](2026-05-01 13:06:43,028) INFO - qlib.Initialization - [config.py:452] - default_conf: client.
[25908:MainThread](2026-05-01 13:06:43,032) INFO - qlib.Initialization - [__init__.py:75] - qlib successfully initialized based on client settings.
[25908:MainThread](2026-05-01 13:06:43,033) INFO - qlib.Initialization - [__init__.py:77] - data_path={'__DEFAULT_FREQ': WindowsPath('C:/Users/60585/.qlib/qlib_data/cn_data')}
[8084:MainThread](2026-05-01 13:06:43,039) INFO - qlib.Initialization - [config.py:452] - default_conf: client.
[8084:MainThread](2026-05-01 13:06:43,043) INFO - qlib.Initialization - [__init__.py:75] - qlib successfully initialized based on client settings.
[8084:MainThread](2026-05-01 13:06:43,044) INFO - qlib.Initialization - [__init__.py:77] - data_path={'__DEFAULT_FREQ': WindowsPath('C:/Users/60585/.qlib/qlib_data/cn_data')}
[34120:MainThread](2026-05-01 13:06:43,053) INFO - qlib.Initialization - [config.py:452] - default_conf: client.
[34120:MainThread](2026-05-01 13:06:43,058) INFO - qlib.Initialization - [__init__.py:75] - qlib successfully initialized based on client settings.
[34120:MainThread](2026-05-01 13:06:43,058) INFO - qlib.Initialization - [__init__.py:77] - data_path={'__DEFAULT_FREQ': WindowsPath('C:/Users/60585/.qlib/qlib_data/cn_data')}
Gym has been unmaintained since 2022 and does not support NumPy 2.0 amongst other critical functionality.
Please upgrade to Gymnasium, the maintained drop-in replacement of Gym, or contact the authors of your software and request that they upgrade.
Users of this version of Gym should be able to simply replace 'import gym' with 'import gymnasium as gym' in the vast majority of cases.
See the migration guide at https://gymnasium.farama.org/introduction/migration_guide/ for additional information.
Gym has been unmaintained since 2022 and does not support NumPy 2.0 amongst other critical functionality.
Please upgrade to Gymnasium, the maintained drop-in replacement of Gym, or contact the authors of your software and request that they upgrade.
Users of this version of Gym should be able to simply replace 'import gym' with 'import gymnasium as gym' in the vast majority of cases.
See the migration guide at https://gymnasium.farama.org/introduction/migration_guide/ for additional information.
Gym has been unmaintained since 2022 and does not support NumPy 2.0 amongst other critical functionality.
Please upgrade to Gymnasium, the maintained drop-in replacement of Gym, or contact the authors of your software and request that they upgrade.
Users of this version of Gym should be able to simply replace 'import gym' with 'import gymnasium as gym' in the vast majority of cases.
See the migration guide at https://gymnasium.farama.org/introduction/migration_guide/ for additional information.
Gym has been unmaintained since 2022 and does not support NumPy 2.0 amongst other critical functionality.
Please upgrade to Gymnasium, the maintained drop-in replacement of Gym, or contact the authors of your software and request that they upgrade.
Users of this version of Gym should be able to simply replace 'import gym' with 'import gymnasium as gym' in the vast majority of cases.
See the migration guide at https://gymnasium.farama.org/introduction/migration_guide/ for additional information.
Gym has been unmaintained since 2022 and does not support NumPy 2.0 amongst other critical functionality.
Please upgrade to Gymnasium, the maintained drop-in replacement of Gym, or contact the authors of your software and request that they upgrade.
Users of this version of Gym should be able to simply replace 'import gym' with 'import gymnasium as gym' in the vast majority of cases.
See the migration guide at https://gymnasium.farama.org/introduction/migration_guide/ for additional information.
Gym has been unmaintained since 2022 and does not support NumPy 2.0 amongst other critical functionality.
Please upgrade to Gymnasium, the maintained drop-in replacement of Gym, or contact the authors of your software and request that they upgrade.
Users of this version of Gym should be able to simply replace 'import gym' with 'import gymnasium as gym' in the vast majority of cases.
See the migration guide at https://gymnasium.farama.org/introduction/migration_guide/ for additional information.
Gym has been unmaintained since 2022 and does not support NumPy 2.0 amongst other critical functionality.
Please upgrade to Gymnasium, the maintained drop-in replacement of Gym, or contact the authors of your software and request that they upgrade.
Users of this version of Gym should be able to simply replace 'import gym' with 'import gymnasium as gym' in the vast majority of cases.
See the migration guide at https://gymnasium.farama.org/introduction/migration_guide/ for additional information.
Gym has been unmaintained since 2022 and does not support NumPy 2.0 amongst other critical functionality.
Please upgrade to Gymnasium, the maintained drop-in replacement of Gym, or contact the authors of your software and request that they upgrade.
Users of this version of Gym should be able to simply replace 'import gym' with 'import gymnasium as gym' in the vast majority of cases.
See the migration guide at https://gymnasium.farama.org/introduction/migration_guide/ for additional information.
Gym has been unmaintained since 2022 and does not support NumPy 2.0 amongst other critical functionality.
Please upgrade to Gymnasium, the maintained drop-in replacement of Gym, or contact the authors of your software and request that they upgrade.
Users of this version of Gym should be able to simply replace 'import gym' with 'import gymnasium as gym' in the vast majority of cases.
See the migration guide at https://gymnasium.farama.org/introduction/migration_guide/ for additional information.
Gym has been unmaintained since 2022 and does not support NumPy 2.0 amongst other critical functionality.
Please upgrade to Gymnasium, the maintained drop-in replacement of Gym, or contact the authors of your software and request that they upgrade.
Users of this version of Gym should be able to simply replace 'import gym' with 'import gymnasium as gym' in the vast majority of cases.
See the migration guide at https://gymnasium.farama.org/introduction/migration_guide/ for additional information.
Gym has been unmaintained since 2022 and does not support NumPy 2.0 amongst other critical functionality.
Please upgrade to Gymnasium, the maintained drop-in replacement of Gym, or contact the authors of your software and request that they upgrade.
Users of this version of Gym should be able to simply replace 'import gym' with 'import gymnasium as gym' in the vast majority of cases.
See the migration guide at https://gymnasium.farama.org/introduction/migration_guide/ for additional information.
Gym has been unmaintained since 2022 and does not support NumPy 2.0 amongst other critical functionality.
Please upgrade to Gymnasium, the maintained drop-in replacement of Gym, or contact the authors of your software and request that they upgrade.
Users of this version of Gym should be able to simply replace 'import gym' with 'import gymnasium as gym' in the vast majority of cases.
See the migration guide at https://gymnasium.farama.org/introduction/migration_guide/ for additional information.
Gym has been unmaintained since 2022 and does not support NumPy 2.0 amongst other critical functionality.
Please upgrade to Gymnasium, the maintained drop-in replacement of Gym, or contact the authors of your software and request that they upgrade.
Users of this version of Gym should be able to simply replace 'import gym' with 'import gymnasium as gym' in the vast majority of cases.
See the migration guide at https://gymnasium.farama.org/introduction/migration_guide/ for additional information.
Gym has been unmaintained since 2022 and does not support NumPy 2.0 amongst other critical functionality.
Please upgrade to Gymnasium, the maintained drop-in replacement of Gym, or contact the authors of your software and request that they upgrade.
Users of this version of Gym should be able to simply replace 'import gym' with 'import gymnasium as gym' in the vast majority of cases.
See the migration guide at https://gymnasium.farama.org/introduction/migration_guide/ for additional information.
Gym has been unmaintained since 2022 and does not support NumPy 2.0 amongst other critical functionality.
Please upgrade to Gymnasium, the maintained drop-in replacement of Gym, or contact the authors of your software and request that they upgrade.
Users of this version of Gym should be able to simply replace 'import gym' with 'import gymnasium as gym' in the vast majority of cases.
See the migration guide at https://gymnasium.farama.org/introduction/migration_guide/ for additional information.
Gym has been unmaintained since 2022 and does not support NumPy 2.0 amongst other critical functionality.
Please upgrade to Gymnasium, the maintained drop-in replacement of Gym, or contact the authors of your software and request that they upgrade.
Users of this version of Gym should be able to simply replace 'import gym' with 'import gymnasium as gym' in the vast majority of cases.
See the migration guide at https://gymnasium.farama.org/introduction/migration_guide/ for additional information.
Gym has been unmaintained since 2022 and does not support NumPy 2.0 amongst other critical functionality.
Please upgrade to Gymnasium, the maintained drop-in replacement of Gym, or contact the authors of your software and request that they upgrade.
Users of this version of Gym should be able to simply replace 'import gym' with 'import gymnasium as gym' in the vast majority of cases.
See the migration guide at https://gymnasium.farama.org/introduction/migration_guide/ for additional information.
Gym has been unmaintained since 2022 and does not support NumPy 2.0 amongst other critical functionality.
Please upgrade to Gymnasium, the maintained drop-in replacement of Gym, or contact the authors of your software and request that they upgrade.
Users of this version of Gym should be able to simply replace 'import gym' with 'import gymnasium as gym' in the vast majority of cases.
See the migration guide at https://gymnasium.farama.org/introduction/migration_guide/ for additional information.
[39468:MainThread](2026-05-01 13:07:00,601) INFO - qlib.Initialization - [config.py:452] - default_conf: client.
[34420:MainThread](2026-05-01 13:07:00,603) INFO - qlib.Initialization - [config.py:452] - default_conf: client.
[39468:MainThread](2026-05-01 13:07:00,606) INFO - qlib.Initialization - [__init__.py:75] - qlib successfully initialized based on client settings.
[39468:MainThread](2026-05-01 13:07:00,606) INFO - qlib.Initialization - [__init__.py:77] - data_path={'__DEFAULT_FREQ': WindowsPath('C:/Users/60585/.qlib/qlib_data/cn_data')}
[34420:MainThread](2026-05-01 13:07:00,608) INFO - qlib.Initialization - [__init__.py:75] - qlib successfully initialized based on client settings.
[34420:MainThread](2026-05-01 13:07:00,609) INFO - qlib.Initialization - [__init__.py:77] - data_path={'__DEFAULT_FREQ': WindowsPath('C:/Users/60585/.qlib/qlib_data/cn_data')}
[24416:MainThread](2026-05-01 13:07:00,616) INFO - qlib.Initialization - [config.py:452] - default_conf: client.
[24416:MainThread](2026-05-01 13:07:00,620) INFO - qlib.Initialization - [__init__.py:75] - qlib successfully initialized based on client settings.
[24416:MainThread](2026-05-01 13:07:00,621) INFO - qlib.Initialization - [__init__.py:77] - data_path={'__DEFAULT_FREQ': WindowsPath('C:/Users/60585/.qlib/qlib_data/cn_data')}
[9464:MainThread](2026-05-01 13:07:00,631) INFO - qlib.Initialization - [config.py:452] - default_conf: client.
[9464:MainThread](2026-05-01 13:07:00,636) INFO - qlib.Initialization - [__init__.py:75] - qlib successfully initialized based on client settings.
[9464:MainThread](2026-05-01 13:07:00,637) INFO - qlib.Initialization - [__init__.py:77] - data_path={'__DEFAULT_FREQ': WindowsPath('C:/Users/60585/.qlib/qlib_data/cn_data')}
[9032:MainThread](2026-05-01 13:07:00,637) INFO - qlib.Initialization - [config.py:452] - default_conf: client.
[9032:MainThread](2026-05-01 13:07:00,642) INFO - qlib.Initialization - [__init__.py:75] - qlib successfully initialized based on client settings.
[9032:MainThread](2026-05-01 13:07:00,642) INFO - qlib.Initialization - [__init__.py:77] - data_path={'__DEFAULT_FREQ': WindowsPath('C:/Users/60585/.qlib/qlib_data/cn_data')}
[1936:MainThread](2026-05-01 13:07:00,652) INFO - qlib.Initialization - [config.py:452] - default_conf: client.
[1936:MainThread](2026-05-01 13:07:00,657) INFO - qlib.Initialization - [__init__.py:75] - qlib successfully initialized based on client settings.
[1936:MainThread](2026-05-01 13:07:00,657) INFO - qlib.Initialization - [__init__.py:77] - data_path={'__DEFAULT_FREQ': WindowsPath('C:/Users/60585/.qlib/qlib_data/cn_data')}
[38948:MainThread](2026-05-01 13:07:00,665) INFO - qlib.Initialization - [config.py:452] - default_conf: client.
[38948:MainThread](2026-05-01 13:07:00,670) INFO - qlib.Initialization - [__init__.py:75] - qlib successfully initialized based on client settings.
[38948:MainThread](2026-05-01 13:07:00,670) INFO - qlib.Initialization - [__init__.py:77] - data_path={'__DEFAULT_FREQ': WindowsPath('C:/Users/60585/.qlib/qlib_data/cn_data')}
[18668:MainThread](2026-05-01 13:07:00,674) INFO - qlib.Initialization - [config.py:452] - default_conf: client.
[18668:MainThread](2026-05-01 13:07:00,678) INFO - qlib.Initialization - [__init__.py:75] - qlib successfully initialized based on client settings.
[18668:MainThread](2026-05-01 13:07:00,678) INFO - qlib.Initialization - [__init__.py:77] - data_path={'__DEFAULT_FREQ': WindowsPath('C:/Users/60585/.qlib/qlib_data/cn_data')}
[23420:MainThread](2026-05-01 13:07:00,686) INFO - qlib.Initialization - [config.py:452] - default_conf: client.
[25520:MainThread](2026-05-01 13:07:00,686) INFO - qlib.Initialization - [config.py:452] - default_conf: client.
[28648:MainThread](2026-05-01 13:07:00,687) INFO - qlib.Initialization - [config.py:452] - default_conf: client.
[23420:MainThread](2026-05-01 13:07:00,690) INFO - qlib.Initialization - [__init__.py:75] - qlib successfully initialized based on client settings.
[23420:MainThread](2026-05-01 13:07:00,690) INFO - qlib.Initialization - [__init__.py:77] - data_path={'__DEFAULT_FREQ': WindowsPath('C:/Users/60585/.qlib/qlib_data/cn_data')}
[25520:MainThread](2026-05-01 13:07:00,690) INFO - qlib.Initialization - [__init__.py:75] - qlib successfully initialized based on client settings.
[3464:MainThread](2026-05-01 13:07:00,690) INFO - qlib.Initialization - [config.py:452] - default_conf: client.
[25520:MainThread](2026-05-01 13:07:00,692) INFO - qlib.Initialization - [__init__.py:77] - data_path={'__DEFAULT_FREQ': WindowsPath('C:/Users/60585/.qlib/qlib_data/cn_data')}
[28648:MainThread](2026-05-01 13:07:00,692) INFO - qlib.Initialization - [__init__.py:75] - qlib successfully initialized based on client settings.
[28648:MainThread](2026-05-01 13:07:00,692) INFO - qlib.Initialization - [__init__.py:77] - data_path={'__DEFAULT_FREQ': WindowsPath('C:/Users/60585/.qlib/qlib_data/cn_data')}
[38688:MainThread](2026-05-01 13:07:00,693) INFO - qlib.Initialization - [config.py:452] - default_conf: client.
[3464:MainThread](2026-05-01 13:07:00,695) INFO - qlib.Initialization - [__init__.py:75] - qlib successfully initialized based on client settings.
[3464:MainThread](2026-05-01 13:07:00,696) INFO - qlib.Initialization - [__init__.py:77] - data_path={'__DEFAULT_FREQ': WindowsPath('C:/Users/60585/.qlib/qlib_data/cn_data')}
[38688:MainThread](2026-05-01 13:07:00,697) INFO - qlib.Initialization - [__init__.py:75] - qlib successfully initialized based on client settings.
[38688:MainThread](2026-05-01 13:07:00,698) INFO - qlib.Initialization - [__init__.py:77] - data_path={'__DEFAULT_FREQ': WindowsPath('C:/Users/60585/.qlib/qlib_data/cn_data')}
[29724:MainThread](2026-05-01 13:07:00,706) INFO - qlib.Initialization - [config.py:452] - default_conf: client.
[29724:MainThread](2026-05-01 13:07:00,711) INFO - qlib.Initialization - [__init__.py:75] - qlib successfully initialized based on client settings.
[29724:MainThread](2026-05-01 13:07:00,711) INFO - qlib.Initialization - [__init__.py:77] - data_path={'__DEFAULT_FREQ': WindowsPath('C:/Users/60585/.qlib/qlib_data/cn_data')}
[28056:MainThread](2026-05-01 13:07:00,713) INFO - qlib.Initialization - [config.py:452] - default_conf: client.
[25444:MainThread](2026-05-01 13:07:00,714) INFO - qlib.Initialization - [config.py:452] - default_conf: client.
[28056:MainThread](2026-05-01 13:07:00,718) INFO - qlib.Initialization - [__init__.py:75] - qlib successfully initialized based on client settings.
[33300:MainThread](2026-05-01 13:07:00,718) INFO - qlib.Initialization - [config.py:452] - default_conf: client.
[28056:MainThread](2026-05-01 13:07:00,719) INFO - qlib.Initialization - [__init__.py:77] - data_path={'__DEFAULT_FREQ': WindowsPath('C:/Users/60585/.qlib/qlib_data/cn_data')}
[25444:MainThread](2026-05-01 13:07:00,719) INFO - qlib.Initialization - [__init__.py:75] - qlib successfully initialized based on client settings.
[25444:MainThread](2026-05-01 13:07:00,719) INFO - qlib.Initialization - [__init__.py:77] - data_path={'__DEFAULT_FREQ': WindowsPath('C:/Users/60585/.qlib/qlib_data/cn_data')}
[34544:MainThread](2026-05-01 13:07:00,721) INFO - qlib.Initialization - [config.py:452] - default_conf: client.
[33300:MainThread](2026-05-01 13:07:00,723) INFO - qlib.Initialization - [__init__.py:75] - qlib successfully initialized based on client settings.
[33300:MainThread](2026-05-01 13:07:00,724) INFO - qlib.Initialization - [__init__.py:77] - data_path={'__DEFAULT_FREQ': WindowsPath('C:/Users/60585/.qlib/qlib_data/cn_data')}
[34544:MainThread](2026-05-01 13:07:00,726) INFO - qlib.Initialization - [__init__.py:75] - qlib successfully initialized based on client settings.
[34544:MainThread](2026-05-01 13:07:00,726) INFO - qlib.Initialization - [__init__.py:77] - data_path={'__DEFAULT_FREQ': WindowsPath('C:/Users/60585/.qlib/qlib_data/cn_data')}
[22852:MainThread](2026-05-01 13:07:01,471) INFO - qlib.timer - [log.py:127] - Time cost: 22.309s | Loading data Done
[22852:MainThread](2026-05-01 13:07:05,674) INFO - qlib.timer - [log.py:127] - Time cost: 3.860s | RobustZScoreNorm Done
[22852:MainThread](2026-05-01 13:07:06,449) INFO - qlib.timer - [log.py:127] - Time cost: 0.775s | Fillna Done
[22852:MainThread](2026-05-01 13:07:06,927) INFO - qlib.timer - [log.py:127] - Time cost: 0.159s | DropnaLabel Done
[22852:MainThread](2026-05-01 13:07:11,808) INFO - qlib.timer - [log.py:127] - Time cost: 4.880s | CSZScoreNorm Done
[22852:MainThread](2026-05-01 13:07:11,824) INFO - qlib.timer - [log.py:127] - Time cost: 10.354s | fit & process data Done
[22852:MainThread](2026-05-01 13:07:11,825) INFO - qlib.timer - [log.py:127] - Time cost: 32.664s | Init data Done
C:\Users\60585\PycharmProjects\qibMacV2\module\model_adapter.py:156: FutureWarning: `torch.cuda.amp.GradScaler(args...)` is deprecated. Please use `torch.amp.GradScaler('cuda', args...)` instead.
  self.scaler = torch.cuda.amp.GradScaler(enabled=True)
C:\Users\60585\miniconda3\envs\quantEnv\lib\site-packages\mlflow\tracking\_tracking_service\utils.py:140: FutureWarning: Filesystem tracking backend (e.g., './mlruns') is deprecated. Please switch to a database backend (e.g., 'sqlite:///mlflow.db'). For feedback, see: https://github.com/mlflow/mlflow/issues/18534
  return FileStore(store_uri, store_uri)
[22852:MainThread](2026-05-01 13:07:16,296) INFO - qlib.workflow - [exp.py:258] - Experiment 868729932898585167 starts running ...
[22852:MainThread](2026-05-01 13:07:16,885) INFO - qlib.workflow - [recorder.py:345] - Recorder df53e63552ad4502a5b42c92d00d6733 starts running under Experiment 868729932898585167 ...
warning: in the working copy of 'module/architecture/moe_block.py', LF will be replaced by CRLF the next time Git touches it
warning: in the working copy of 'module/model_adapter.py', LF will be replaced by CRLF the next time Git touches it
warning: in the working copy of 'module/quant_moe_model.py', LF will be replaced by CRLF the next time Git touches it
warning: in the working copy of 'module/utils/model_configuration.py', LF will be replaced by CRLF the next time Git touches it
warning: in the working copy of 'work_flow.py', LF will be replaced by CRLF the next time Git touches it
[22852:MainThread](2026-05-01 16:02:00,256) INFO - qlib.workflow - [record_temp.py:198] - Signal record 'pred.pkl' has been saved as the artifact of the Experiment 868729932898585167
Downloading artifacts:   0%|          | 0/1 [00:00<?, ?it/s]Downloading artifacts:   0%|          | 0/1 [00:00<?, ?it/s]
Downloading artifacts:   0%|          | 0/1 [00:00<?, ?it/s]Downloading artifacts: 100%|██████████| 1/1 [00:00<00:00, 161.93it/s]Downloading artifacts: 100%|██████████| 1/1 [00:00<00:00, 161.93it/s]
Downloading artifacts:   0%|          | 0/1 [00:00<?, ?it/s]Downloading artifacts:   0%|          | 0/1 [00:00<?, ?it/s]
Downloading artifacts:   0%|          | 0/1 [00:00<?, ?it/s]Downloading artifacts: 100%|██████████| 1/1 [00:00<00:00, 193.26it/s]Downloading artifacts: 100%|██████████| 1/1 [00:00<00:00, 193.26it/s]
Downloading artifacts:   0%|          | 0/1 [00:00<?, ?it/s]Downloading artifacts: 100%|██████████| 1/1 [00:00<00:00, 497.90it/s]Downloading artifacts: 100%|██████████| 1/1 [00:00<00:00, 497.90it/s]
Downloading artifacts:   0%|          | 0/1 [00:00<?, ?it/s]Downloading artifacts:   0%|          | 0/1 [00:00<?, ?it/s]
Downloading artifacts:   0%|          | 0/1 [00:00<?, ?it/s]Downloading artifacts: 100%|██████████| 1/1 [00:00<00:00, 1000.31it/s]Downloading artifacts: 100%|██████████| 1/1 [00:00<00:00, 1000.31it/s]
[22852:MainThread](2026-05-01 16:02:01,256) INFO - qlib.backtest caller - [__init__.py:93] - Create new exchange
Gym has been unmaintained since 2022 and does not support NumPy 2.0 amongst other critical functionality.
Please upgrade to Gymnasium, the maintained drop-in replacement of Gym, or contact the authors of your software and request that they upgrade.
Users of this version of Gym should be able to simply replace 'import gym' with 'import gymnasium as gym' in the vast majority of cases.
See the migration guide at https://gymnasium.farama.org/introduction/migration_guide/ for additional information.
Gym has been unmaintained since 2022 and does not support NumPy 2.0 amongst other critical functionality.
Please upgrade to Gymnasium, the maintained drop-in replacement of Gym, or contact the authors of your software and request that they upgrade.
Users of this version of Gym should be able to simply replace 'import gym' with 'import gymnasium as gym' in the vast majority of cases.
See the migration guide at https://gymnasium.farama.org/introduction/migration_guide/ for additional information.
Gym has been unmaintained since 2022 and does not support NumPy 2.0 amongst other critical functionality.
Please upgrade to Gymnasium, the maintained drop-in replacement of Gym, or contact the authors of your software and request that they upgrade.
Users of this version of Gym should be able to simply replace 'import gym' with 'import gymnasium as gym' in the vast majority of cases.
See the migration guide at https://gymnasium.farama.org/introduction/migration_guide/ for additional information.
Gym has been unmaintained since 2022 and does not support NumPy 2.0 amongst other critical functionality.
Please upgrade to Gymnasium, the maintained drop-in replacement of Gym, or contact the authors of your software and request that they upgrade.
Users of this version of Gym should be able to simply replace 'import gym' with 'import gymnasium as gym' in the vast majority of cases.
See the migration guide at https://gymnasium.farama.org/introduction/migration_guide/ for additional information.
Gym has been unmaintained since 2022 and does not support NumPy 2.0 amongst other critical functionality.
Please upgrade to Gymnasium, the maintained drop-in replacement of Gym, or contact the authors of your software and request that they upgrade.
Users of this version of Gym should be able to simply replace 'import gym' with 'import gymnasium as gym' in the vast majority of cases.
See the migration guide at https://gymnasium.farama.org/introduction/migration_guide/ for additional information.
Gym has been unmaintained since 2022 and does not support NumPy 2.0 amongst other critical functionality.
Please upgrade to Gymnasium, the maintained drop-in replacement of Gym, or contact the authors of your software and request that they upgrade.
Users of this version of Gym should be able to simply replace 'import gym' with 'import gymnasium as gym' in the vast majority of cases.
See the migration guide at https://gymnasium.farama.org/introduction/migration_guide/ for additional information.
Gym has been unmaintained since 2022 and does not support NumPy 2.0 amongst other critical functionality.
Please upgrade to Gymnasium, the maintained drop-in replacement of Gym, or contact the authors of your software and request that they upgrade.
Users of this version of Gym should be able to simply replace 'import gym' with 'import gymnasium as gym' in the vast majority of cases.
See the migration guide at https://gymnasium.farama.org/introduction/migration_guide/ for additional information.
Gym has been unmaintained since 2022 and does not support NumPy 2.0 amongst other critical functionality.
Please upgrade to Gymnasium, the maintained drop-in replacement of Gym, or contact the authors of your software and request that they upgrade.
Users of this version of Gym should be able to simply replace 'import gym' with 'import gymnasium as gym' in the vast majority of cases.
See the migration guide at https://gymnasium.farama.org/introduction/migration_guide/ for additional information.
Gym has been unmaintained since 2022 and does not support NumPy 2.0 amongst other critical functionality.
Please upgrade to Gymnasium, the maintained drop-in replacement of Gym, or contact the authors of your software and request that they upgrade.
Users of this version of Gym should be able to simply replace 'import gym' with 'import gymnasium as gym' in the vast majority of cases.
See the migration guide at https://gymnasium.farama.org/introduction/migration_guide/ for additional information.
Gym has been unmaintained since 2022 and does not support NumPy 2.0 amongst other critical functionality.
Please upgrade to Gymnasium, the maintained drop-in replacement of Gym, or contact the authors of your software and request that they upgrade.
Users of this version of Gym should be able to simply replace 'import gym' with 'import gymnasium as gym' in the vast majority of cases.
See the migration guide at https://gymnasium.farama.org/introduction/migration_guide/ for additional information.
Gym has been unmaintained since 2022 and does not support NumPy 2.0 amongst other critical functionality.
Please upgrade to Gymnasium, the maintained drop-in replacement of Gym, or contact the authors of your software and request that they upgrade.
Users of this version of Gym should be able to simply replace 'import gym' with 'import gymnasium as gym' in the vast majority of cases.
See the migration guide at https://gymnasium.farama.org/introduction/migration_guide/ for additional information.
Gym has been unmaintained since 2022 and does not support NumPy 2.0 amongst other critical functionality.
Please upgrade to Gymnasium, the maintained drop-in replacement of Gym, or contact the authors of your software and request that they upgrade.
Users of this version of Gym should be able to simply replace 'import gym' with 'import gymnasium as gym' in the vast majority of cases.
See the migration guide at https://gymnasium.farama.org/introduction/migration_guide/ for additional information.
Gym has been unmaintained since 2022 and does not support NumPy 2.0 amongst other critical functionality.
Please upgrade to Gymnasium, the maintained drop-in replacement of Gym, or contact the authors of your software and request that they upgrade.
Users of this version of Gym should be able to simply replace 'import gym' with 'import gymnasium as gym' in the vast majority of cases.
See the migration guide at https://gymnasium.farama.org/introduction/migration_guide/ for additional information.
Gym has been unmaintained since 2022 and does not support NumPy 2.0 amongst other critical functionality.
Please upgrade to Gymnasium, the maintained drop-in replacement of Gym, or contact the authors of your software and request that they upgrade.
Users of this version of Gym should be able to simply replace 'import gym' with 'import gymnasium as gym' in the vast majority of cases.
See the migration guide at https://gymnasium.farama.org/introduction/migration_guide/ for additional information.
Gym has been unmaintained since 2022 and does not support NumPy 2.0 amongst other critical functionality.
Please upgrade to Gymnasium, the maintained drop-in replacement of Gym, or contact the authors of your software and request that they upgrade.
Users of this version of Gym should be able to simply replace 'import gym' with 'import gymnasium as gym' in the vast majority of cases.
See the migration guide at https://gymnasium.farama.org/introduction/migration_guide/ for additional information.
Gym has been unmaintained since 2022 and does not support NumPy 2.0 amongst other critical functionality.
Please upgrade to Gymnasium, the maintained drop-in replacement of Gym, or contact the authors of your software and request that they upgrade.
Users of this version of Gym should be able to simply replace 'import gym' with 'import gymnasium as gym' in the vast majority of cases.
See the migration guide at https://gymnasium.farama.org/introduction/migration_guide/ for additional information.
Gym has been unmaintained since 2022 and does not support NumPy 2.0 amongst other critical functionality.
Please upgrade to Gymnasium, the maintained drop-in replacement of Gym, or contact the authors of your software and request that they upgrade.
Users of this version of Gym should be able to simply replace 'import gym' with 'import gymnasium as gym' in the vast majority of cases.
See the migration guide at https://gymnasium.farama.org/introduction/migration_guide/ for additional information.
Gym has been unmaintained since 2022 and does not support NumPy 2.0 amongst other critical functionality.
Please upgrade to Gymnasium, the maintained drop-in replacement of Gym, or contact the authors of your software and request that they upgrade.
Users of this version of Gym should be able to simply replace 'import gym' with 'import gymnasium as gym' in the vast majority of cases.
See the migration guide at https://gymnasium.farama.org/introduction/migration_guide/ for additional information.
[1652:MainThread](2026-05-01 16:02:06,722) INFO - qlib.Initialization - [config.py:452] - default_conf: client.
[22712:MainThread](2026-05-01 16:02:06,722) INFO - qlib.Initialization - [config.py:452] - default_conf: client.
[39484:MainThread](2026-05-01 16:02:06,723) INFO - qlib.Initialization - [config.py:452] - default_conf: client.
[39500:MainThread](2026-05-01 16:02:06,724) INFO - qlib.Initialization - [config.py:452] - default_conf: client.
[2908:MainThread](2026-05-01 16:02:06,725) INFO - qlib.Initialization - [config.py:452] - default_conf: client.
[5012:MainThread](2026-05-01 16:02:06,725) INFO - qlib.Initialization - [config.py:452] - default_conf: client.
[22392:MainThread](2026-05-01 16:02:06,725) INFO - qlib.Initialization - [config.py:452] - default_conf: client.
[1652:MainThread](2026-05-01 16:02:06,727) INFO - qlib.Initialization - [__init__.py:75] - qlib successfully initialized based on client settings.
[10484:MainThread](2026-05-01 16:02:06,727) INFO - qlib.Initialization - [config.py:452] - default_conf: client.
[1652:MainThread](2026-05-01 16:02:06,727) INFO - qlib.Initialization - [__init__.py:77] - data_path={'__DEFAULT_FREQ': WindowsPath('C:/Users/60585/.qlib/qlib_data/cn_data')}
[22712:MainThread](2026-05-01 16:02:06,727) INFO - qlib.Initialization - [__init__.py:75] - qlib successfully initialized based on client settings.
[22712:MainThread](2026-05-01 16:02:06,727) INFO - qlib.Initialization - [__init__.py:77] - data_path={'__DEFAULT_FREQ': WindowsPath('C:/Users/60585/.qlib/qlib_data/cn_data')}
[13084:MainThread](2026-05-01 16:02:06,727) INFO - qlib.Initialization - [config.py:452] - default_conf: client.
[39484:MainThread](2026-05-01 16:02:06,728) INFO - qlib.Initialization - [__init__.py:75] - qlib successfully initialized based on client settings.
[39916:MainThread](2026-05-01 16:02:06,728) INFO - qlib.Initialization - [config.py:452] - default_conf: client.
[26576:MainThread](2026-05-01 16:02:06,728) INFO - qlib.Initialization - [config.py:452] - default_conf: client.
[3108:MainThread](2026-05-01 16:02:06,728) INFO - qlib.Initialization - [config.py:452] - default_conf: client.
[39484:MainThread](2026-05-01 16:02:06,728) INFO - qlib.Initialization - [__init__.py:77] - data_path={'__DEFAULT_FREQ': WindowsPath('C:/Users/60585/.qlib/qlib_data/cn_data')}
[26140:MainThread](2026-05-01 16:02:06,728) INFO - qlib.Initialization - [config.py:452] - default_conf: client.
[30704:MainThread](2026-05-01 16:02:06,729) INFO - qlib.Initialization - [config.py:452] - default_conf: client.
[10396:MainThread](2026-05-01 16:02:06,729) INFO - qlib.Initialization - [config.py:452] - default_conf: client.
[39500:MainThread](2026-05-01 16:02:06,729) INFO - qlib.Initialization - [__init__.py:75] - qlib successfully initialized based on client settings.
[9652:MainThread](2026-05-01 16:02:06,729) INFO - qlib.Initialization - [config.py:452] - default_conf: client.
[2908:MainThread](2026-05-01 16:02:06,729) INFO - qlib.Initialization - [__init__.py:75] - qlib successfully initialized based on client settings.
[39500:MainThread](2026-05-01 16:02:06,729) INFO - qlib.Initialization - [__init__.py:77] - data_path={'__DEFAULT_FREQ': WindowsPath('C:/Users/60585/.qlib/qlib_data/cn_data')}
[2908:MainThread](2026-05-01 16:02:06,730) INFO - qlib.Initialization - [__init__.py:77] - data_path={'__DEFAULT_FREQ': WindowsPath('C:/Users/60585/.qlib/qlib_data/cn_data')}
[5012:MainThread](2026-05-01 16:02:06,730) INFO - qlib.Initialization - [__init__.py:75] - qlib successfully initialized based on client settings.
[22392:MainThread](2026-05-01 16:02:06,730) INFO - qlib.Initialization - [__init__.py:75] - qlib successfully initialized based on client settings.
[5012:MainThread](2026-05-01 16:02:06,730) INFO - qlib.Initialization - [__init__.py:77] - data_path={'__DEFAULT_FREQ': WindowsPath('C:/Users/60585/.qlib/qlib_data/cn_data')}
[22392:MainThread](2026-05-01 16:02:06,731) INFO - qlib.Initialization - [__init__.py:77] - data_path={'__DEFAULT_FREQ': WindowsPath('C:/Users/60585/.qlib/qlib_data/cn_data')}
[10484:MainThread](2026-05-01 16:02:06,731) INFO - qlib.Initialization - [__init__.py:75] - qlib successfully initialized based on client settings.
[10484:MainThread](2026-05-01 16:02:06,731) INFO - qlib.Initialization - [__init__.py:77] - data_path={'__DEFAULT_FREQ': WindowsPath('C:/Users/60585/.qlib/qlib_data/cn_data')}
[13084:MainThread](2026-05-01 16:02:06,732) INFO - qlib.Initialization - [__init__.py:75] - qlib successfully initialized based on client settings.
[26576:MainThread](2026-05-01 16:02:06,733) INFO - qlib.Initialization - [__init__.py:75] - qlib successfully initialized based on client settings.
[13084:MainThread](2026-05-01 16:02:06,733) INFO - qlib.Initialization - [__init__.py:77] - data_path={'__DEFAULT_FREQ': WindowsPath('C:/Users/60585/.qlib/qlib_data/cn_data')}
[3108:MainThread](2026-05-01 16:02:06,733) INFO - qlib.Initialization - [__init__.py:75] - qlib successfully initialized based on client settings.
[26464:MainThread](2026-05-01 16:02:06,733) INFO - qlib.Initialization - [config.py:452] - default_conf: client.
[26576:MainThread](2026-05-01 16:02:06,733) INFO - qlib.Initialization - [__init__.py:77] - data_path={'__DEFAULT_FREQ': WindowsPath('C:/Users/60585/.qlib/qlib_data/cn_data')}
[27144:MainThread](2026-05-01 16:02:06,733) INFO - qlib.Initialization - [config.py:452] - default_conf: client.
[39916:MainThread](2026-05-01 16:02:06,733) INFO - qlib.Initialization - [__init__.py:75] - qlib successfully initialized based on client settings.
[3108:MainThread](2026-05-01 16:02:06,733) INFO - qlib.Initialization - [__init__.py:77] - data_path={'__DEFAULT_FREQ': WindowsPath('C:/Users/60585/.qlib/qlib_data/cn_data')}
[30704:MainThread](2026-05-01 16:02:06,733) INFO - qlib.Initialization - [__init__.py:75] - qlib successfully initialized based on client settings.
[26140:MainThread](2026-05-01 16:02:06,733) INFO - qlib.Initialization - [__init__.py:75] - qlib successfully initialized based on client settings.
[39916:MainThread](2026-05-01 16:02:06,733) INFO - qlib.Initialization - [__init__.py:77] - data_path={'__DEFAULT_FREQ': WindowsPath('C:/Users/60585/.qlib/qlib_data/cn_data')}
[10396:MainThread](2026-05-01 16:02:06,733) INFO - qlib.Initialization - [__init__.py:75] - qlib successfully initialized based on client settings.
[30704:MainThread](2026-05-01 16:02:06,733) INFO - qlib.Initialization - [__init__.py:77] - data_path={'__DEFAULT_FREQ': WindowsPath('C:/Users/60585/.qlib/qlib_data/cn_data')}
[26140:MainThread](2026-05-01 16:02:06,733) INFO - qlib.Initialization - [__init__.py:77] - data_path={'__DEFAULT_FREQ': WindowsPath('C:/Users/60585/.qlib/qlib_data/cn_data')}
[10396:MainThread](2026-05-01 16:02:06,734) INFO - qlib.Initialization - [__init__.py:77] - data_path={'__DEFAULT_FREQ': WindowsPath('C:/Users/60585/.qlib/qlib_data/cn_data')}
[9652:MainThread](2026-05-01 16:02:06,734) INFO - qlib.Initialization - [__init__.py:75] - qlib successfully initialized based on client settings.
[9652:MainThread](2026-05-01 16:02:06,735) INFO - qlib.Initialization - [__init__.py:77] - data_path={'__DEFAULT_FREQ': WindowsPath('C:/Users/60585/.qlib/qlib_data/cn_data')}
[26464:MainThread](2026-05-01 16:02:06,736) INFO - qlib.Initialization - [__init__.py:75] - qlib successfully initialized based on client settings.
[26464:MainThread](2026-05-01 16:02:06,736) INFO - qlib.Initialization - [__init__.py:77] - data_path={'__DEFAULT_FREQ': WindowsPath('C:/Users/60585/.qlib/qlib_data/cn_data')}
[27144:MainThread](2026-05-01 16:02:06,736) INFO - qlib.Initialization - [__init__.py:75] - qlib successfully initialized based on client settings.
[27144:MainThread](2026-05-01 16:02:06,738) INFO - qlib.Initialization - [__init__.py:77] - data_path={'__DEFAULT_FREQ': WindowsPath('C:/Users/60585/.qlib/qlib_data/cn_data')}
[22852:MainThread](2026-05-01 16:02:16,923) WARNING - qlib.online operator - [exchange.py:219] - $close field data contains nan.
[22852:MainThread](2026-05-01 16:02:16,925) WARNING - qlib.online operator - [exchange.py:219] - $close field data contains nan.
[22852:MainThread](2026-05-01 16:02:26,819) WARNING - qlib.BaseExecutor - [executor.py:121] - `common_infra` is not set for <qlib.backtest.executor.SimulatorExecutor object at 0x000001C4513B4B50>
backtest loop:   0%|          | 0/611 [00:00<?, ?it/s]C:\Users\60585\miniconda3\envs\quantEnv\lib\site-packages\qlib\utils\index_data.py:492: RuntimeWarning: Mean of empty slice
  return np.nanmean(self.data)
backtest loop:   3%|▎         | 19/611 [00:00<00:03, 184.03it/s]backtest loop:   6%|▌         | 38/611 [00:00<00:03, 184.28it/s]backtest loop:   9%|▉         | 58/611 [00:00<00:02, 186.23it/s]backtest loop:  13%|█▎        | 77/611 [00:00<00:02, 181.23it/s]backtest loop:  16%|█▌        | 97/611 [00:00<00:02, 183.25it/s]backtest loop:  19%|█▉        | 117/611 [00:00<00:02, 186.93it/s]backtest loop:  22%|██▏       | 136/611 [00:00<00:02, 186.33it/s]backtest loop:  25%|██▌       | 155/611 [00:00<00:02, 186.43it/s]backtest loop:  28%|██▊       | 174/611 [00:01<00:03, 138.44it/s]backtest loop:  32%|███▏      | 193/611 [00:01<00:02, 149.58it/s]backtest loop:  35%|███▍      | 212/611 [00:01<00:02, 156.30it/s]backtest loop:  38%|███▊      | 232/611 [00:01<00:02, 163.35it/s]backtest loop:  41%|████      | 251/611 [00:01<00:02, 168.91it/s]backtest loop:  44%|████▍     | 271/611 [00:01<00:01, 173.04it/s]backtest loop:  48%|████▊     | 291/611 [00:01<00:01, 177.56it/s]backtest loop:  51%|█████     | 310/611 [00:01<00:01, 176.82it/s]backtest loop:  54%|█████▍    | 329/611 [00:01<00:01, 178.33it/s]backtest loop:  57%|█████▋    | 349/611 [00:02<00:01, 180.15it/s]backtest loop:  60%|██████    | 369/611 [00:02<00:01, 182.76it/s]backtest loop:  64%|██████▎   | 388/611 [00:02<00:01, 183.36it/s]backtest loop:  67%|██████▋   | 408/611 [00:02<00:01, 184.86it/s]backtest loop:  70%|███████   | 428/611 [00:02<00:00, 183.50it/s]backtest loop:  73%|███████▎  | 447/611 [00:02<00:00, 183.72it/s]backtest loop:  76%|███████▋  | 466/611 [00:02<00:00, 183.41it/s]backtest loop:  79%|███████▉  | 485/611 [00:02<00:00, 183.37it/s]backtest loop:  82%|████████▏ | 504/611 [00:02<00:00, 183.67it/s]backtest loop:  86%|████████▌ | 523/611 [00:02<00:00, 183.52it/s]backtest loop:  89%|████████▊ | 542/611 [00:03<00:00, 184.23it/s]backtest loop:  92%|█████████▏| 561/611 [00:03<00:00, 184.57it/s]backtest loop:  95%|█████████▌| 581/611 [00:03<00:00, 184.91it/s]backtest loop:  98%|█████████▊| 601/611 [00:03<00:00, 184.93it/s]backtest loop: 100%|██████████| 611/611 [00:03<00:00, 178.00it/s]
[22852:MainThread](2026-05-01 16:02:30,276) INFO - qlib.workflow - [record_temp.py:515] - Portfolio analysis record 'port_analysis_1day.pkl' has been saved as the artifact of the Experiment 868729932898585167
[22852:MainThread](2026-05-01 16:02:30,283) INFO - qlib.workflow - [record_temp.py:540] - Indicator analysis record 'indicator_analysis_1day.pkl' has been saved as the artifact of the Experiment 868729932898585167
Downloading artifacts:   0%|          | 0/1 [00:00<?, ?it/s]Downloading artifacts:   0%|          | 0/1 [00:00<?, ?it/s]
Downloading artifacts:   0%|          | 0/1 [00:00<?, ?it/s]Downloading artifacts:   0%|          | 0/1 [00:00<?, ?it/s]
Downloading artifacts:   0%|          | 0/1 [00:00<?, ?it/s]Downloading artifacts: 100%|██████████| 1/1 [00:00<?, ?it/s]Downloading artifacts: 100%|██████████| 1/1 [00:00<00:00, 826.30it/s]
Downloading artifacts:   0%|          | 0/1 [00:00<?, ?it/s]Downloading artifacts: 100%|██████████| 1/1 [00:00<00:00, 1042.84it/s]Downloading artifacts: 100%|██████████| 1/1 [00:00<00:00, 1042.84it/s]
Downloading artifacts:   0%|          | 0/1 [00:00<?, ?it/s]Downloading artifacts: 100%|██████████| 1/1 [00:00<00:00, 654.03it/s]Downloading artifacts: 100%|██████████| 1/1 [00:00<00:00, 654.03it/s]
Downloading artifacts:   0%|          | 0/1 [00:00<?, ?it/s]Downloading artifacts: 100%|██████████| 1/1 [00:00<00:00, 913.99it/s]Downloading artifacts: 100%|██████████| 1/1 [00:00<00:00, 913.99it/s]
Downloading artifacts:   0%|          | 0/1 [00:00<?, ?it/s]Downloading artifacts: 100%|██████████| 1/1 [00:00<00:00, 987.36it/s]Downloading artifacts: 100%|██████████| 1/1 [00:00<00:00, 987.36it/s]
C:\Users\60585\miniconda3\envs\quantEnv\lib\site-packages\qlib\contrib\report\analysis_position\parse_position.py:36: FutureWarning:

DataFrame.fillna with 'method' is deprecated and will raise in a future version. Use obj.ffill() or obj.bfill() instead.

C:\Users\60585\miniconda3\envs\quantEnv\lib\site-packages\qlib\contrib\report\analysis_position\risk_analysis.py:104: FutureWarning:

When grouping with a length-1 list-like, you will need to pass a length-1 tuple to get_group in a future version of pandas. Pass `(name,)` instead of `name` to silence this warning.

C:\Users\60585\miniconda3\envs\quantEnv\lib\site-packages\qlib\contrib\report\analysis_position\risk_analysis.py:104: FutureWarning:

When grouping with a length-1 list-like, you will need to pass a length-1 tuple to get_group in a future version of pandas. Pass `(name,)` instead of `name` to silence this warning.

C:\Users\60585\miniconda3\envs\quantEnv\lib\site-packages\qlib\contrib\report\analysis_position\risk_analysis.py:104: FutureWarning:

When grouping with a length-1 list-like, you will need to pass a length-1 tuple to get_group in a future version of pandas. Pass `(name,)` instead of `name` to silence this warning.

C:\Users\60585\miniconda3\envs\quantEnv\lib\site-packages\qlib\contrib\report\analysis_position\risk_analysis.py:104: FutureWarning:

When grouping with a length-1 list-like, you will need to pass a length-1 tuple to get_group in a future version of pandas. Pass `(name,)` instead of `name` to silence this warning.

C:\Users\60585\miniconda3\envs\quantEnv\lib\site-packages\qlib\contrib\report\analysis_position\parse_position.py:36: FutureWarning:

DataFrame.fillna with 'method' is deprecated and will raise in a future version. Use obj.ffill() or obj.bfill() instead.

C:\Users\60585\miniconda3\envs\quantEnv\lib\site-packages\qlib\contrib\report\analysis_model\analysis_model_performance.py:157: FutureWarning:

'M' is deprecated and will be removed in a future version, please use 'ME' instead.

Downloading artifacts:   0%|          | 0/1 [00:00<?, ?it/s]Downloading artifacts: 100%|██████████| 1/1 [00:00<00:00, 997.22it/s]Downloading artifacts: 100%|██████████| 1/1 [00:00<00:00, 997.22it/s]
Downloading artifacts:   0%|          | 0/1 [00:00<?, ?it/s]Downloading artifacts: 100%|██████████| 1/1 [00:00<00:00, 490.50it/s]Downloading artifacts: 100%|██████████| 1/1 [00:00<00:00, 490.50it/s]
Downloading artifacts:   0%|          | 0/1 [00:00<?, ?it/s]Downloading artifacts: 100%|██████████| 1/1 [00:00<00:00, 652.10it/s]Downloading artifacts: 100%|██████████| 1/1 [00:00<00:00, 652.10it/s]
Downloading artifacts:   0%|          | 0/1 [00:00<?, ?it/s]Downloading artifacts: 100%|██████████| 1/1 [00:00<00:00, 661.46it/s]Downloading artifacts: 100%|██████████| 1/1 [00:00<00:00, 661.46it/s]
Downloading artifacts:   0%|          | 0/1 [00:00<?, ?it/s]Downloading artifacts: 100%|██████████| 1/1 [00:00<00:00, 950.44it/s]Downloading artifacts: 100%|██████████| 1/1 [00:00<00:00, 950.44it/s]
Downloading artifacts:   0%|          | 0/1 [00:00<?, ?it/s]Downloading artifacts: 100%|██████████| 1/1 [00:00<00:00, 1951.75it/s]Downloading artifacts: 100%|██████████| 1/1 [00:00<00:00, 1951.75it/s]
Downloading artifacts:   0%|          | 0/1 [00:00<?, ?it/s]Downloading artifacts: 100%|██████████| 1/1 [00:00<00:00, 656.49it/s]Downloading artifacts: 100%|██████████| 1/1 [00:00<00:00, 656.49it/s]
Downloading artifacts:   0%|          | 0/1 [00:00<?, ?it/s]Downloading artifacts: 100%|██████████| 1/1 [00:00<00:00, 117.04it/s]Downloading artifacts: 100%|██████████| 1/1 [00:00<00:00, 117.04it/s]
Downloading artifacts:   0%|          | 0/1 [00:00<?, ?it/s]Downloading artifacts: 100%|██████████| 1/1 [00:00<?, ?it/s]Downloading artifacts: 100%|██████████| 1/1 [00:00<?, ?it/s]
Downloading artifacts:   0%|          | 0/1 [00:00<?, ?it/s]Downloading artifacts: 100%|██████████| 1/1 [00:00<?, ?it/s]Downloading artifacts: 100%|██████████| 1/1 [00:00<?, ?it/s]
Downloading artifacts:   0%|          | 0/1 [00:00<?, ?it/s]Downloading artifacts: 100%|██████████| 1/1 [00:00<00:00, 446.68it/s]Downloading artifacts: 100%|██████████| 1/1 [00:00<00:00, 446.68it/s]
Downloading artifacts:   0%|          | 0/1 [00:00<?, ?it/s]Downloading artifacts: 100%|██████████| 1/1 [00:00<00:00, 825.33it/s]Downloading artifacts: 100%|██████████| 1/1 [00:00<00:00, 825.33it/s]
Downloading artifacts:   0%|          | 0/1 [00:00<?, ?it/s]Downloading artifacts: 100%|██████████| 1/1 [00:00<00:00, 665.34it/s]Downloading artifacts: 100%|██████████| 1/1 [00:00<00:00, 665.34it/s]
Downloading artifacts:   0%|          | 0/1 [00:00<?, ?it/s]Downloading artifacts: 100%|██████████| 1/1 [00:00<00:00, 1924.88it/s]Downloading artifacts: 100%|██████████| 1/1 [00:00<00:00, 1924.88it/s]
Downloading artifacts:   0%|          | 0/1 [00:00<?, ?it/s]Downloading artifacts: 100%|██████████| 1/1 [00:00<00:00, 905.12it/s]Downloading artifacts: 100%|██████████| 1/1 [00:00<00:00, 905.12it/s]
Downloading artifacts:   0%|          | 0/1 [00:00<?, ?it/s]Downloading artifacts: 100%|██████████| 1/1 [00:00<00:00, 996.51it/s]Downloading artifacts: 100%|██████████| 1/1 [00:00<00:00, 996.51it/s]
Downloading artifacts:   0%|          | 0/1 [00:00<?, ?it/s]Downloading artifacts: 100%|██████████| 1/1 [00:00<00:00, 648.67it/s]Downloading artifacts: 100%|██████████| 1/1 [00:00<00:00, 648.67it/s]
Downloading artifacts:   0%|          | 0/1 [00:00<?, ?it/s]Downloading artifacts: 100%|██████████| 1/1 [00:00<00:00, 1975.65it/s]Downloading artifacts: 100%|██████████| 1/1 [00:00<00:00, 1975.65it/s]
Downloading artifacts:   0%|          | 0/1 [00:00<?, ?it/s]Downloading artifacts: 100%|██████████| 1/1 [00:00<00:00, 998.88it/s]Downloading artifacts: 100%|██████████| 1/1 [00:00<00:00, 998.88it/s]
Downloading artifacts:   0%|          | 0/1 [00:00<?, ?it/s]Downloading artifacts: 100%|██████████| 1/1 [00:00<00:00, 998.41it/s]Downloading artifacts: 100%|██████████| 1/1 [00:00<00:00, 998.41it/s]
Downloading artifacts:   0%|          | 0/1 [00:00<?, ?it/s]Downloading artifacts: 100%|██████████| 1/1 [00:00<00:00, 995.33it/s]Downloading artifacts: 100%|██████████| 1/1 [00:00<00:00, 995.33it/s]
Downloading artifacts:   0%|          | 0/1 [00:00<?, ?it/s]Downloading artifacts: 100%|██████████| 1/1 [00:00<00:00, 999.83it/s]Downloading artifacts: 100%|██████████| 1/1 [00:00<00:00, 999.83it/s]
Downloading artifacts:   0%|          | 0/1 [00:00<?, ?it/s]Downloading artifacts: 100%|██████████| 1/1 [00:00<?, ?it/s]Downloading artifacts: 100%|██████████| 1/1 [00:00<?, ?it/s]
Downloading artifacts:   0%|          | 0/1 [00:00<?, ?it/s]Downloading artifacts: 100%|██████████| 1/1 [00:00<00:00, 999.83it/s]Downloading artifacts: 100%|██████████| 1/1 [00:00<00:00, 999.83it/s]
Downloading artifacts:   0%|          | 0/1 [00:00<?, ?it/s]Downloading artifacts: 100%|██████████| 1/1 [00:00<00:00, 654.95it/s]Downloading artifacts: 100%|██████████| 1/1 [00:00<00:00, 654.95it/s]
Downloading artifacts:   0%|          | 0/1 [00:00<?, ?it/s]Downloading artifacts: 100%|██████████| 1/1 [00:00<00:00, 999.36it/s]Downloading artifacts: 100%|██████████| 1/1 [00:00<00:00, 999.36it/s]
Downloading artifacts:   0%|          | 0/1 [00:00<?, ?it/s]Downloading artifacts: 100%|██████████| 1/1 [00:00<00:00, 998.17it/s]Downloading artifacts: 100%|██████████| 1/1 [00:00<00:00, 998.17it/s]
Downloading artifacts:   0%|          | 0/1 [00:00<?, ?it/s]Downloading artifacts: 100%|██████████| 1/1 [00:00<?, ?it/s]Downloading artifacts: 100%|██████████| 1/1 [00:00<?, ?it/s]
Downloading artifacts:   0%|          | 0/1 [00:00<?, ?it/s]Downloading artifacts: 100%|██████████| 1/1 [00:00<00:00, 728.30it/s]Downloading artifacts: 100%|██████████| 1/1 [00:00<00:00, 728.30it/s]
Downloading artifacts:   0%|          | 0/1 [00:00<?, ?it/s]Downloading artifacts: 100%|██████████| 1/1 [00:00<00:00, 656.08it/s]Downloading artifacts: 100%|██████████| 1/1 [00:00<00:00, 656.08it/s]
Downloading artifacts:   0%|          | 0/1 [00:00<?, ?it/s]Downloading artifacts: 100%|██████████| 1/1 [00:00<00:00, 996.75it/s]Downloading artifacts: 100%|██████████| 1/1 [00:00<00:00, 663.87it/s]
Downloading artifacts:   0%|          | 0/1 [00:00<?, ?it/s]Downloading artifacts: 100%|██████████| 1/1 [00:00<00:00, 1000.31it/s]Downloading artifacts: 100%|██████████| 1/1 [00:00<00:00, 1000.31it/s]
Downloading artifacts:   0%|          | 0/1 [00:00<?, ?it/s]Downloading artifacts: 100%|██████████| 1/1 [00:00<?, ?it/s]Downloading artifacts: 100%|██████████| 1/1 [00:00<?, ?it/s]
Downloading artifacts:   0%|          | 0/1 [00:00<?, ?it/s]Downloading artifacts: 100%|██████████| 1/1 [00:00<?, ?it/s]Downloading artifacts: 100%|██████████| 1/1 [00:00<?, ?it/s]
Downloading artifacts:   0%|          | 0/1 [00:00<?, ?it/s]Downloading artifacts: 100%|██████████| 1/1 [00:00<00:00, 997.46it/s]Downloading artifacts: 100%|██████████| 1/1 [00:00<00:00, 997.46it/s]
Downloading artifacts:   0%|          | 0/1 [00:00<?, ?it/s]Downloading artifacts: 100%|██████████| 1/1 [00:00<00:00, 1970.08it/s]Downloading artifacts: 100%|██████████| 1/1 [00:00<00:00, 1970.08it/s]
Downloading artifacts:   0%|          | 0/1 [00:00<?, ?it/s]Downloading artifacts: 100%|██████████| 1/1 [00:00<00:00, 995.80it/s]Downloading artifacts: 100%|██████████| 1/1 [00:00<00:00, 663.55it/s]
Downloading artifacts:   0%|          | 0/1 [00:00<?, ?it/s]Downloading artifacts: 100%|██████████| 1/1 [00:00<?, ?it/s]Downloading artifacts: 100%|██████████| 1/1 [00:00<?, ?it/s]
Downloading artifacts:   0%|          | 0/1 [00:00<?, ?it/s]Downloading artifacts: 100%|██████████| 1/1 [00:00<00:00, 566.34it/s]Downloading artifacts: 100%|██████████| 1/1 [00:00<00:00, 566.34it/s]
Downloading artifacts:   0%|          | 0/1 [00:00<?, ?it/s]Downloading artifacts: 100%|██████████| 1/1 [00:00<?, ?it/s]Downloading artifacts: 100%|██████████| 1/1 [00:00<?, ?it/s]
Downloading artifacts:   0%|          | 0/1 [00:00<?, ?it/s]Downloading artifacts: 100%|██████████| 1/1 [00:00<?, ?it/s]Downloading artifacts: 100%|██████████| 1/1 [00:00<?, ?it/s]
Downloading artifacts:   0%|          | 0/1 [00:00<?, ?it/s]Downloading artifacts: 100%|██████████| 1/1 [00:00<00:00, 653.01it/s]Downloading artifacts: 100%|██████████| 1/1 [00:00<00:00, 653.01it/s]
Downloading artifacts:   0%|          | 0/1 [00:00<?, ?it/s]Downloading artifacts: 100%|██████████| 1/1 [00:00<?, ?it/s]Downloading artifacts: 100%|██████████| 1/1 [00:00<?, ?it/s]
Downloading artifacts:   0%|          | 0/1 [00:00<?, ?it/s]Downloading artifacts: 100%|██████████| 1/1 [00:00<00:00, 995.56it/s]Downloading artifacts: 100%|██████████| 1/1 [00:00<00:00, 995.56it/s]
Downloading artifacts:   0%|          | 0/1 [00:00<?, ?it/s]Downloading artifacts: 100%|██████████| 1/1 [00:00<?, ?it/s]Downloading artifacts: 100%|██████████| 1/1 [00:00<?, ?it/s]
Downloading artifacts:   0%|          | 0/1 [00:00<?, ?it/s]Downloading artifacts: 100%|██████████| 1/1 [00:00<00:00, 1395.31it/s]Downloading artifacts: 100%|██████████| 1/1 [00:00<00:00, 692.59it/s] 
Downloading artifacts:   0%|          | 0/1 [00:00<?, ?it/s]Downloading artifacts: 100%|██████████| 1/1 [00:00<00:00, 1862.48it/s]Downloading artifacts: 100%|██████████| 1/1 [00:00<00:00, 950.01it/s] 
Downloading artifacts:   0%|          | 0/1 [00:00<?, ?it/s]Downloading artifacts: 100%|██████████| 1/1 [00:00<?, ?it/s]Downloading artifacts: 100%|██████████| 1/1 [00:00<?, ?it/s]
Downloading artifacts:   0%|          | 0/1 [00:00<?, ?it/s]Downloading artifacts: 100%|██████████| 1/1 [00:00<?, ?it/s]Downloading artifacts: 100%|██████████| 1/1 [00:00<?, ?it/s]
Downloading artifacts:   0%|          | 0/1 [00:00<?, ?it/s]Downloading artifacts: 100%|██████████| 1/1 [00:00<?, ?it/s]Downloading artifacts: 100%|██████████| 1/1 [00:00<?, ?it/s]
Downloading artifacts:   0%|          | 0/1 [00:00<?, ?it/s]Downloading artifacts: 100%|██████████| 1/1 [00:00<00:00, 998.88it/s]Downloading artifacts: 100%|██████████| 1/1 [00:00<00:00, 998.88it/s]
Downloading artifacts:   0%|          | 0/1 [00:00<?, ?it/s]Downloading artifacts: 100%|██████████| 1/1 [00:00<00:00, 995.56it/s]Downloading artifacts: 100%|██████████| 1/1 [00:00<00:00, 995.56it/s]
Downloading artifacts:   0%|          | 0/1 [00:00<?, ?it/s]Downloading artifacts: 100%|██████████| 1/1 [00:00<00:00, 999.83it/s]Downloading artifacts: 100%|██████████| 1/1 [00:00<00:00, 999.83it/s]
Downloading artifacts:   0%|          | 0/1 [00:00<?, ?it/s]Downloading artifacts: 100%|██████████| 1/1 [00:00<00:00, 1000.31it/s]Downloading artifacts: 100%|██████████| 1/1 [00:00<00:00, 1000.31it/s]
Downloading artifacts:   0%|          | 0/1 [00:00<?, ?it/s]Downloading artifacts: 100%|██████████| 1/1 [00:00<00:00, 935.60it/s]Downloading artifacts: 100%|██████████| 1/1 [00:00<00:00, 935.60it/s]
Downloading artifacts:   0%|          | 0/1 [00:00<?, ?it/s]Downloading artifacts: 100%|██████████| 1/1 [00:00<00:00, 999.12it/s]Downloading artifacts: 100%|██████████| 1/1 [00:00<00:00, 999.12it/s]
Downloading artifacts:   0%|          | 0/1 [00:00<?, ?it/s]Downloading artifacts: 100%|██████████| 1/1 [00:00<00:00, 481.83it/s]Downloading artifacts: 100%|██████████| 1/1 [00:00<00:00, 481.83it/s]
Downloading artifacts:   0%|          | 0/1 [00:00<?, ?it/s]Downloading artifacts: 100%|██████████| 1/1 [00:00<00:00, 657.21it/s]Downloading artifacts: 100%|██████████| 1/1 [00:00<00:00, 657.21it/s]
Downloading artifacts:   0%|          | 0/1 [00:00<?, ?it/s]Downloading artifacts: 100%|██████████| 1/1 [00:00<00:00, 1824.40it/s]Downloading artifacts: 100%|██████████| 1/1 [00:00<00:00, 1824.40it/s]
Downloading artifacts:   0%|          | 0/1 [00:00<?, ?it/s]Downloading artifacts: 100%|██████████| 1/1 [00:00<00:00, 997.22it/s]Downloading artifacts: 100%|██████████| 1/1 [00:00<00:00, 997.22it/s]
Downloading artifacts:   0%|          | 0/1 [00:00<?, ?it/s]Downloading artifacts: 100%|██████████| 1/1 [00:00<00:00, 980.21it/s]Downloading artifacts: 100%|██████████| 1/1 [00:00<00:00, 980.21it/s]
Downloading artifacts:   0%|          | 0/1 [00:00<?, ?it/s]Downloading artifacts: 100%|██████████| 1/1 [00:00<00:00, 995.33it/s]Downloading artifacts: 100%|██████████| 1/1 [00:00<00:00, 995.33it/s]
Downloading artifacts:   0%|          | 0/1 [00:00<?, ?it/s]Downloading artifacts: 100%|██████████| 1/1 [00:00<00:00, 1503.87it/s]Downloading artifacts: 100%|██████████| 1/1 [00:00<00:00, 1503.87it/s]
Downloading artifacts:   0%|          | 0/1 [00:00<?, ?it/s]Downloading artifacts: 100%|██████████| 1/1 [00:00<00:00, 997.46it/s]Downloading artifacts: 100%|██████████| 1/1 [00:00<00:00, 997.46it/s]
Downloading artifacts:   0%|          | 0/1 [00:00<?, ?it/s]Downloading artifacts: 100%|██████████| 1/1 [00:00<00:00, 738.17it/s]Downloading artifacts: 100%|██████████| 1/1 [00:00<00:00, 738.17it/s]
[22852:MainThread](2026-05-01 16:02:49,744) INFO - qlib.timer - [log.py:127] - Time cost: 0.000s | waiting `async_log` Done
