=== Step-B clean smoke (d3cid, 1ep, 30 batches, stable TMP) Sat, Jun  6, 2026 11:48:10 PM ===
Gym has been unmaintained since 2022 and does not support NumPy 2.0 amongst other critical functionality.
Please upgrade to Gymnasium, the maintained drop-in replacement of Gym, or contact the authors of your software and request that they upgrade.
Users of this version of Gym should be able to simply replace 'import gym' with 'import gymnasium as gym' in the vast majority of cases.
See the migration guide at https://gymnasium.farama.org/introduction/migration_guide/ for additional information.
[55152:MainThread](2026-06-06 23:48:14,053) INFO - qlib.Initialization - [config.py:452] - default_conf: client.
[55152:MainThread](2026-06-06 23:48:14,055) INFO - qlib.Initialization - [__init__.py:75] - qlib successfully initialized based on client settings.
[55152:MainThread](2026-06-06 23:48:14,057) INFO - qlib.Initialization - [__init__.py:77] - data_path={'__DEFAULT_FREQ': WindowsPath('C:/Users/60585/.qlib/qlib_data/cn_data')}
[setup] arm=d3cid seed=42 out=analysis\readout_redesign\stepB_smoke\d3cid_seed42
[55152:MainThread](2026-06-06 23:49:00,046) INFO - qlib.timer - [log.py:127] - Time cost: 45.985s | Loading data Done
[55152:MainThread](2026-06-06 23:49:04,179) INFO - qlib.timer - [log.py:127] - Time cost: 3.822s | RobustZScoreNorm Done
[55152:MainThread](2026-06-06 23:49:04,957) INFO - qlib.timer - [log.py:127] - Time cost: 0.776s | Fillna Done
[55152:MainThread](2026-06-06 23:49:05,423) INFO - qlib.timer - [log.py:127] - Time cost: 0.151s | DropnaLabel Done
[55152:MainThread](2026-06-06 23:49:10,193) INFO - qlib.timer - [log.py:127] - Time cost: 4.769s | CSZScoreNorm Done
[55152:MainThread](2026-06-06 23:49:10,209) INFO - qlib.timer - [log.py:127] - Time cost: 10.163s | fit & process data Done
[55152:MainThread](2026-06-06 23:49:10,209) INFO - qlib.timer - [log.py:127] - Time cost: 56.149s | Init data Done
>>> [MarketState] loaded data/market_state_csi300.pkl (dates=3710, dim=102), shift=0, strict=True
[wire] arm=d3cid trainable params=62819 (last block + final_norm + readout + head)
[baseline] step0 valid rank_ic = 0.060973 (loaded model; d3cid step0 ~ model via one-hot-last)
[ep 1] valid_rank_ic=0.056060 (batches=30 skip=0) best=0.060973@0 [69s]
[done] arm=d3cid base=0.06097 best=0.06097@0 bonus=+0.00000 -> analysis\readout_redesign\stepB_smoke\d3cid_seed42\results.json
STEPB_SMOKE2_EXIT=0
done Sat, Jun  6, 2026 11:51:27 PM
