=== time-probe smoke seed42 Sat, Jun  6, 2026 10:05:33 PM ===
Gym has been unmaintained since 2022 and does not support NumPy 2.0 amongst other critical functionality.
Please upgrade to Gymnasium, the maintained drop-in replacement of Gym, or contact the authors of your software and request that they upgrade.
Users of this version of Gym should be able to simply replace 'import gym' with 'import gymnasium as gym' in the vast majority of cases.
See the migration guide at https://gymnasium.farama.org/introduction/migration_guide/ for additional information.
[351372:MainThread](2026-06-06 22:05:36,980) INFO - qlib.Initialization - [config.py:452] - default_conf: client.
[351372:MainThread](2026-06-06 22:05:36,986) INFO - qlib.Initialization - [__init__.py:75] - qlib successfully initialized based on client settings.
[351372:MainThread](2026-06-06 22:05:36,986) INFO - qlib.Initialization - [__init__.py:77] - data_path={'__DEFAULT_FREQ': WindowsPath('C:/Users/60585/.qlib/qlib_data/cn_data')}
[setup] seed=42 label=full_135 out=analysis\time_readout_probe\seed42
[351372:MainThread](2026-06-06 22:06:26,045) INFO - qlib.timer - [log.py:127] - Time cost: 49.055s | Loading data Done
[351372:MainThread](2026-06-06 22:06:30,494) INFO - qlib.timer - [log.py:127] - Time cost: 4.076s | RobustZScoreNorm Done
[351372:MainThread](2026-06-06 22:06:31,286) INFO - qlib.timer - [log.py:127] - Time cost: 0.792s | Fillna Done
[351372:MainThread](2026-06-06 22:06:31,827) INFO - qlib.timer - [log.py:127] - Time cost: 0.170s | DropnaLabel Done
[351372:MainThread](2026-06-06 22:06:36,790) INFO - qlib.timer - [log.py:127] - Time cost: 4.962s | CSZScoreNorm Done
[351372:MainThread](2026-06-06 22:06:36,835) INFO - qlib.timer - [log.py:127] - Time cost: 10.790s | fit & process data Done
[351372:MainThread](2026-06-06 22:06:36,835) INFO - qlib.timer - [log.py:127] - Time cost: 59.845s | Init data Done
[load] backbone from mlruns/325032212672679181/26e088e3282a4170a59a53f0fa8c8319/artifacts/model (device=cuda)
>>> [MarketState] loaded data/market_state_csi300.pkl (dates=3710, dim=102), shift=0, strict=True
[pass] cache valid h_time + model sanity ...
[sanity] model valid daily_rank_ic=0.080201 over 611 days
[pass] cache train h_time ...
[probe] train cache: 53496 samples over 186 days
[probe] T0/T-mean/T-flatten fit done
[probe] T-attn hold_ric=0.14864 attn_over_T=[0.035, 0.065, 0.026, 0.033, 0.1, 0.068, 0.164, 0.508] cross_stock_std=0.0314
[pass] eval temporal arms on valid ...
[TIME-PROBE] T0_last=0.07181 | T_mean gap=-0.00906 | T_flatten gap=-0.00008 | T_attn gap=-0.00202 | best_t=7 (last=T-1=7) | any_helps=False
[TIME-PROBE] per-timestep marginal rank_ic: [0.0618, 0.0636, 0.0624, 0.0635, 0.0635, 0.0607, 0.0635, 0.0718]
[done] wrote analysis\time_readout_probe\seed42\results.json
TIMEPROBE_SMOKE_EXIT=0
=== done Sat, Jun  6, 2026 10:08:34 PM ===
