Gym has been unmaintained since 2022 and does not support NumPy 2.0 amongst other critical functionality.
Please upgrade to Gymnasium, the maintained drop-in replacement of Gym, or contact the authors of your software and request that they upgrade.
Users of this version of Gym should be able to simply replace 'import gym' with 'import gymnasium as gym' in the vast majority of cases.
See the migration guide at https://gymnasium.farama.org/introduction/migration_guide/ for additional information.
[22236:MainThread](2026-05-04 10:12:57,771) INFO - qlib.Initialization - [config.py:452] - default_conf: client.
[22236:MainThread](2026-05-04 10:12:57,774) INFO - qlib.Initialization - [__init__.py:75] - qlib successfully initialized based on client settings.
[22236:MainThread](2026-05-04 10:12:57,775) INFO - qlib.Initialization - [__init__.py:77] - data_path={'__DEFAULT_FREQ': WindowsPath('C:/Users/60585/.qlib/qlib_data/cn_data')}
Gym has been unmaintained since 2022 and does not support NumPy 2.0 amongst other critical functionality.
Please upgrade to Gymnasium, the maintained drop-in replacement of Gym, or contact the authors of your software and request that they upgrade.
Users of this version of Gym should be able to simply replace 'import gym' with 'import gymnasium as gym' in the vast majority of cases.
See the migration guide at https://gymnasium.farama.org/introduction/migration_guide/ for additional information.
Gym has been unmaintained since 2022 and does not support NumPy 2.0 amongst other critical functionality.
Please upgrade to Gymnasium, the maintained drop-in replacement of Gym, or contact the authors of your software and request that they upgrade.
Users of this version of Gym should be able to simply replace 'import gym' with 'import gymnasium as gym' in the vast majority of cases.
See the migration guide at https://gymnasium.farama.org/introduction/migration_guide/ for additional information.
Gym has been unmaintained since 2022 and does not support NumPy 2.0 amongst other critical functionality.
Please upgrade to Gymnasium, the maintained drop-in replacement of Gym, or contact the authors of your software and request that they upgrade.
Users of this version of Gym should be able to simply replace 'import gym' with 'import gymnasium as gym' in the vast majority of cases.
See the migration guide at https://gymnasium.farama.org/introduction/migration_guide/ for additional information.
Gym has been unmaintained since 2022 and does not support NumPy 2.0 amongst other critical functionality.
Please upgrade to Gymnasium, the maintained drop-in replacement of Gym, or contact the authors of your software and request that they upgrade.
Users of this version of Gym should be able to simply replace 'import gym' with 'import gymnasium as gym' in the vast majority of cases.
See the migration guide at https://gymnasium.farama.org/introduction/migration_guide/ for additional information.
Gym has been unmaintained since 2022 and does not support NumPy 2.0 amongst other critical functionality.
Please upgrade to Gymnasium, the maintained drop-in replacement of Gym, or contact the authors of your software and request that they upgrade.
Users of this version of Gym should be able to simply replace 'import gym' with 'import gymnasium as gym' in the vast majority of cases.
See the migration guide at https://gymnasium.farama.org/introduction/migration_guide/ for additional information.
Gym has been unmaintained since 2022 and does not support NumPy 2.0 amongst other critical functionality.
Please upgrade to Gymnasium, the maintained drop-in replacement of Gym, or contact the authors of your software and request that they upgrade.
Users of this version of Gym should be able to simply replace 'import gym' with 'import gymnasium as gym' in the vast majority of cases.
See the migration guide at https://gymnasium.farama.org/introduction/migration_guide/ for additional information.
Gym has been unmaintained since 2022 and does not support NumPy 2.0 amongst other critical functionality.
Please upgrade to Gymnasium, the maintained drop-in replacement of Gym, or contact the authors of your software and request that they upgrade.
Users of this version of Gym should be able to simply replace 'import gym' with 'import gymnasium as gym' in the vast majority of cases.
See the migration guide at https://gymnasium.farama.org/introduction/migration_guide/ for additional information.
Gym has been unmaintained since 2022 and does not support NumPy 2.0 amongst other critical functionality.
Please upgrade to Gymnasium, the maintained drop-in replacement of Gym, or contact the authors of your software and request that they upgrade.
Users of this version of Gym should be able to simply replace 'import gym' with 'import gymnasium as gym' in the vast majority of cases.
See the migration guide at https://gymnasium.farama.org/introduction/migration_guide/ for additional information.
Gym has been unmaintained since 2022 and does not support NumPy 2.0 amongst other critical functionality.
Please upgrade to Gymnasium, the maintained drop-in replacement of Gym, or contact the authors of your software and request that they upgrade.
Users of this version of Gym should be able to simply replace 'import gym' with 'import gymnasium as gym' in the vast majority of cases.
See the migration guide at https://gymnasium.farama.org/introduction/migration_guide/ for additional information.
Gym has been unmaintained since 2022 and does not support NumPy 2.0 amongst other critical functionality.
Please upgrade to Gymnasium, the maintained drop-in replacement of Gym, or contact the authors of your software and request that they upgrade.
Users of this version of Gym should be able to simply replace 'import gym' with 'import gymnasium as gym' in the vast majority of cases.
See the migration guide at https://gymnasium.farama.org/introduction/migration_guide/ for additional information.
Gym has been unmaintained since 2022 and does not support NumPy 2.0 amongst other critical functionality.
Please upgrade to Gymnasium, the maintained drop-in replacement of Gym, or contact the authors of your software and request that they upgrade.
Users of this version of Gym should be able to simply replace 'import gym' with 'import gymnasium as gym' in the vast majority of cases.
See the migration guide at https://gymnasium.farama.org/introduction/migration_guide/ for additional information.
Gym has been unmaintained since 2022 and does not support NumPy 2.0 amongst other critical functionality.
Please upgrade to Gymnasium, the maintained drop-in replacement of Gym, or contact the authors of your software and request that they upgrade.
Users of this version of Gym should be able to simply replace 'import gym' with 'import gymnasium as gym' in the vast majority of cases.
See the migration guide at https://gymnasium.farama.org/introduction/migration_guide/ for additional information.
Gym has been unmaintained since 2022 and does not support NumPy 2.0 amongst other critical functionality.
Please upgrade to Gymnasium, the maintained drop-in replacement of Gym, or contact the authors of your software and request that they upgrade.
Users of this version of Gym should be able to simply replace 'import gym' with 'import gymnasium as gym' in the vast majority of cases.
See the migration guide at https://gymnasium.farama.org/introduction/migration_guide/ for additional information.
Gym has been unmaintained since 2022 and does not support NumPy 2.0 amongst other critical functionality.
Please upgrade to Gymnasium, the maintained drop-in replacement of Gym, or contact the authors of your software and request that they upgrade.
Users of this version of Gym should be able to simply replace 'import gym' with 'import gymnasium as gym' in the vast majority of cases.
See the migration guide at https://gymnasium.farama.org/introduction/migration_guide/ for additional information.
Gym has been unmaintained since 2022 and does not support NumPy 2.0 amongst other critical functionality.
Please upgrade to Gymnasium, the maintained drop-in replacement of Gym, or contact the authors of your software and request that they upgrade.
Users of this version of Gym should be able to simply replace 'import gym' with 'import gymnasium as gym' in the vast majority of cases.
See the migration guide at https://gymnasium.farama.org/introduction/migration_guide/ for additional information.
Gym has been unmaintained since 2022 and does not support NumPy 2.0 amongst other critical functionality.
Please upgrade to Gymnasium, the maintained drop-in replacement of Gym, or contact the authors of your software and request that they upgrade.
Users of this version of Gym should be able to simply replace 'import gym' with 'import gymnasium as gym' in the vast majority of cases.
See the migration guide at https://gymnasium.farama.org/introduction/migration_guide/ for additional information.
Gym has been unmaintained since 2022 and does not support NumPy 2.0 amongst other critical functionality.
Please upgrade to Gymnasium, the maintained drop-in replacement of Gym, or contact the authors of your software and request that they upgrade.
Users of this version of Gym should be able to simply replace 'import gym' with 'import gymnasium as gym' in the vast majority of cases.
See the migration guide at https://gymnasium.farama.org/introduction/migration_guide/ for additional information.
Gym has been unmaintained since 2022 and does not support NumPy 2.0 amongst other critical functionality.
Please upgrade to Gymnasium, the maintained drop-in replacement of Gym, or contact the authors of your software and request that they upgrade.
Users of this version of Gym should be able to simply replace 'import gym' with 'import gymnasium as gym' in the vast majority of cases.
See the migration guide at https://gymnasium.farama.org/introduction/migration_guide/ for additional information.
[28816:MainThread](2026-05-04 10:13:01,668) INFO - qlib.Initialization - [config.py:452] - default_conf: client.
[28816:MainThread](2026-05-04 10:13:01,673) INFO - qlib.Initialization - [__init__.py:75] - qlib successfully initialized based on client settings.
[28816:MainThread](2026-05-04 10:13:01,674) INFO - qlib.Initialization - [__init__.py:77] - data_path={'__DEFAULT_FREQ': WindowsPath('C:/Users/60585/.qlib/qlib_data/cn_data')}
[14868:MainThread](2026-05-04 10:13:01,679) INFO - qlib.Initialization - [config.py:452] - default_conf: client.
[33764:MainThread](2026-05-04 10:13:01,680) INFO - qlib.Initialization - [config.py:452] - default_conf: client.
[14868:MainThread](2026-05-04 10:13:01,684) INFO - qlib.Initialization - [__init__.py:75] - qlib successfully initialized based on client settings.
[14868:MainThread](2026-05-04 10:13:01,684) INFO - qlib.Initialization - [__init__.py:77] - data_path={'__DEFAULT_FREQ': WindowsPath('C:/Users/60585/.qlib/qlib_data/cn_data')}
[33764:MainThread](2026-05-04 10:13:01,685) INFO - qlib.Initialization - [__init__.py:75] - qlib successfully initialized based on client settings.
[33764:MainThread](2026-05-04 10:13:01,685) INFO - qlib.Initialization - [__init__.py:77] - data_path={'__DEFAULT_FREQ': WindowsPath('C:/Users/60585/.qlib/qlib_data/cn_data')}
[2516:MainThread](2026-05-04 10:13:01,711) INFO - qlib.Initialization - [config.py:452] - default_conf: client.
[19624:MainThread](2026-05-04 10:13:01,716) INFO - qlib.Initialization - [config.py:452] - default_conf: client.
[2516:MainThread](2026-05-04 10:13:01,717) INFO - qlib.Initialization - [__init__.py:75] - qlib successfully initialized based on client settings.
[2516:MainThread](2026-05-04 10:13:01,718) INFO - qlib.Initialization - [__init__.py:77] - data_path={'__DEFAULT_FREQ': WindowsPath('C:/Users/60585/.qlib/qlib_data/cn_data')}
[19624:MainThread](2026-05-04 10:13:01,720) INFO - qlib.Initialization - [__init__.py:75] - qlib successfully initialized based on client settings.
[19624:MainThread](2026-05-04 10:13:01,722) INFO - qlib.Initialization - [__init__.py:77] - data_path={'__DEFAULT_FREQ': WindowsPath('C:/Users/60585/.qlib/qlib_data/cn_data')}
[25556:MainThread](2026-05-04 10:13:01,722) INFO - qlib.Initialization - [config.py:452] - default_conf: client.
[24180:MainThread](2026-05-04 10:13:01,723) INFO - qlib.Initialization - [config.py:452] - default_conf: client.
[38460:MainThread](2026-05-04 10:13:01,723) INFO - qlib.Initialization - [config.py:452] - default_conf: client.
[25556:MainThread](2026-05-04 10:13:01,726) INFO - qlib.Initialization - [__init__.py:75] - qlib successfully initialized based on client settings.
[25556:MainThread](2026-05-04 10:13:01,727) INFO - qlib.Initialization - [__init__.py:77] - data_path={'__DEFAULT_FREQ': WindowsPath('C:/Users/60585/.qlib/qlib_data/cn_data')}
[38460:MainThread](2026-05-04 10:13:01,729) INFO - qlib.Initialization - [__init__.py:75] - qlib successfully initialized based on client settings.
[38460:MainThread](2026-05-04 10:13:01,730) INFO - qlib.Initialization - [__init__.py:77] - data_path={'__DEFAULT_FREQ': WindowsPath('C:/Users/60585/.qlib/qlib_data/cn_data')}
[24180:MainThread](2026-05-04 10:13:01,730) INFO - qlib.Initialization - [__init__.py:75] - qlib successfully initialized based on client settings.
[24180:MainThread](2026-05-04 10:13:01,730) INFO - qlib.Initialization - [__init__.py:77] - data_path={'__DEFAULT_FREQ': WindowsPath('C:/Users/60585/.qlib/qlib_data/cn_data')}
[39892:MainThread](2026-05-04 10:13:01,740) INFO - qlib.Initialization - [config.py:452] - default_conf: client.
[10016:MainThread](2026-05-04 10:13:01,743) INFO - qlib.Initialization - [config.py:452] - default_conf: client.
[39892:MainThread](2026-05-04 10:13:01,745) INFO - qlib.Initialization - [__init__.py:75] - qlib successfully initialized based on client settings.
[39892:MainThread](2026-05-04 10:13:01,745) INFO - qlib.Initialization - [__init__.py:77] - data_path={'__DEFAULT_FREQ': WindowsPath('C:/Users/60585/.qlib/qlib_data/cn_data')}
[10016:MainThread](2026-05-04 10:13:01,749) INFO - qlib.Initialization - [__init__.py:75] - qlib successfully initialized based on client settings.
[10016:MainThread](2026-05-04 10:13:01,749) INFO - qlib.Initialization - [__init__.py:77] - data_path={'__DEFAULT_FREQ': WindowsPath('C:/Users/60585/.qlib/qlib_data/cn_data')}
[17652:MainThread](2026-05-04 10:13:01,752) INFO - qlib.Initialization - [config.py:452] - default_conf: client.
[17652:MainThread](2026-05-04 10:13:01,757) INFO - qlib.Initialization - [__init__.py:75] - qlib successfully initialized based on client settings.
[17652:MainThread](2026-05-04 10:13:01,758) INFO - qlib.Initialization - [__init__.py:77] - data_path={'__DEFAULT_FREQ': WindowsPath('C:/Users/60585/.qlib/qlib_data/cn_data')}
[18696:MainThread](2026-05-04 10:13:01,759) INFO - qlib.Initialization - [config.py:452] - default_conf: client.
[10944:MainThread](2026-05-04 10:13:01,764) INFO - qlib.Initialization - [config.py:452] - default_conf: client.
[18696:MainThread](2026-05-04 10:13:01,764) INFO - qlib.Initialization - [__init__.py:75] - qlib successfully initialized based on client settings.
[18696:MainThread](2026-05-04 10:13:01,764) INFO - qlib.Initialization - [__init__.py:77] - data_path={'__DEFAULT_FREQ': WindowsPath('C:/Users/60585/.qlib/qlib_data/cn_data')}
[10944:MainThread](2026-05-04 10:13:01,768) INFO - qlib.Initialization - [__init__.py:75] - qlib successfully initialized based on client settings.
[10944:MainThread](2026-05-04 10:13:01,768) INFO - qlib.Initialization - [__init__.py:77] - data_path={'__DEFAULT_FREQ': WindowsPath('C:/Users/60585/.qlib/qlib_data/cn_data')}
[35324:MainThread](2026-05-04 10:13:01,768) INFO - qlib.Initialization - [config.py:452] - default_conf: client.
[35324:MainThread](2026-05-04 10:13:01,773) INFO - qlib.Initialization - [__init__.py:75] - qlib successfully initialized based on client settings.
[25100:MainThread](2026-05-04 10:13:01,773) INFO - qlib.Initialization - [config.py:452] - default_conf: client.
[35324:MainThread](2026-05-04 10:13:01,773) INFO - qlib.Initialization - [__init__.py:77] - data_path={'__DEFAULT_FREQ': WindowsPath('C:/Users/60585/.qlib/qlib_data/cn_data')}
[26912:MainThread](2026-05-04 10:13:01,775) INFO - qlib.Initialization - [config.py:452] - default_conf: client.
[25100:MainThread](2026-05-04 10:13:01,777) INFO - qlib.Initialization - [__init__.py:75] - qlib successfully initialized based on client settings.
[25100:MainThread](2026-05-04 10:13:01,777) INFO - qlib.Initialization - [__init__.py:77] - data_path={'__DEFAULT_FREQ': WindowsPath('C:/Users/60585/.qlib/qlib_data/cn_data')}
[26912:MainThread](2026-05-04 10:13:01,779) INFO - qlib.Initialization - [__init__.py:75] - qlib successfully initialized based on client settings.
[26912:MainThread](2026-05-04 10:13:01,779) INFO - qlib.Initialization - [__init__.py:77] - data_path={'__DEFAULT_FREQ': WindowsPath('C:/Users/60585/.qlib/qlib_data/cn_data')}
[4820:MainThread](2026-05-04 10:13:01,805) INFO - qlib.Initialization - [config.py:452] - default_conf: client.
[4820:MainThread](2026-05-04 10:13:01,810) INFO - qlib.Initialization - [__init__.py:75] - qlib successfully initialized based on client settings.
[4820:MainThread](2026-05-04 10:13:01,811) INFO - qlib.Initialization - [__init__.py:77] - data_path={'__DEFAULT_FREQ': WindowsPath('C:/Users/60585/.qlib/qlib_data/cn_data')}
[14536:MainThread](2026-05-04 10:13:01,832) INFO - qlib.Initialization - [config.py:452] - default_conf: client.
[14536:MainThread](2026-05-04 10:13:01,836) INFO - qlib.Initialization - [__init__.py:75] - qlib successfully initialized based on client settings.
[14536:MainThread](2026-05-04 10:13:01,836) INFO - qlib.Initialization - [__init__.py:77] - data_path={'__DEFAULT_FREQ': WindowsPath('C:/Users/60585/.qlib/qlib_data/cn_data')}
Gym has been unmaintained since 2022 and does not support NumPy 2.0 amongst other critical functionality.
Please upgrade to Gymnasium, the maintained drop-in replacement of Gym, or contact the authors of your software and request that they upgrade.
Users of this version of Gym should be able to simply replace 'import gym' with 'import gymnasium as gym' in the vast majority of cases.
See the migration guide at https://gymnasium.farama.org/introduction/migration_guide/ for additional information.
Gym has been unmaintained since 2022 and does not support NumPy 2.0 amongst other critical functionality.
Please upgrade to Gymnasium, the maintained drop-in replacement of Gym, or contact the authors of your software and request that they upgrade.
Users of this version of Gym should be able to simply replace 'import gym' with 'import gymnasium as gym' in the vast majority of cases.
See the migration guide at https://gymnasium.farama.org/introduction/migration_guide/ for additional information.
Gym has been unmaintained since 2022 and does not support NumPy 2.0 amongst other critical functionality.
Please upgrade to Gymnasium, the maintained drop-in replacement of Gym, or contact the authors of your software and request that they upgrade.
Users of this version of Gym should be able to simply replace 'import gym' with 'import gymnasium as gym' in the vast majority of cases.
See the migration guide at https://gymnasium.farama.org/introduction/migration_guide/ for additional information.
Gym has been unmaintained since 2022 and does not support NumPy 2.0 amongst other critical functionality.
Please upgrade to Gymnasium, the maintained drop-in replacement of Gym, or contact the authors of your software and request that they upgrade.
Users of this version of Gym should be able to simply replace 'import gym' with 'import gymnasium as gym' in the vast majority of cases.
See the migration guide at https://gymnasium.farama.org/introduction/migration_guide/ for additional information.
Gym has been unmaintained since 2022 and does not support NumPy 2.0 amongst other critical functionality.
Please upgrade to Gymnasium, the maintained drop-in replacement of Gym, or contact the authors of your software and request that they upgrade.
Users of this version of Gym should be able to simply replace 'import gym' with 'import gymnasium as gym' in the vast majority of cases.
See the migration guide at https://gymnasium.farama.org/introduction/migration_guide/ for additional information.
Gym has been unmaintained since 2022 and does not support NumPy 2.0 amongst other critical functionality.
Please upgrade to Gymnasium, the maintained drop-in replacement of Gym, or contact the authors of your software and request that they upgrade.
Users of this version of Gym should be able to simply replace 'import gym' with 'import gymnasium as gym' in the vast majority of cases.
See the migration guide at https://gymnasium.farama.org/introduction/migration_guide/ for additional information.
Gym has been unmaintained since 2022 and does not support NumPy 2.0 amongst other critical functionality.
Please upgrade to Gymnasium, the maintained drop-in replacement of Gym, or contact the authors of your software and request that they upgrade.
Users of this version of Gym should be able to simply replace 'import gym' with 'import gymnasium as gym' in the vast majority of cases.
See the migration guide at https://gymnasium.farama.org/introduction/migration_guide/ for additional information.
Gym has been unmaintained since 2022 and does not support NumPy 2.0 amongst other critical functionality.
Please upgrade to Gymnasium, the maintained drop-in replacement of Gym, or contact the authors of your software and request that they upgrade.
Users of this version of Gym should be able to simply replace 'import gym' with 'import gymnasium as gym' in the vast majority of cases.
See the migration guide at https://gymnasium.farama.org/introduction/migration_guide/ for additional information.
Gym has been unmaintained since 2022 and does not support NumPy 2.0 amongst other critical functionality.
Please upgrade to Gymnasium, the maintained drop-in replacement of Gym, or contact the authors of your software and request that they upgrade.
Users of this version of Gym should be able to simply replace 'import gym' with 'import gymnasium as gym' in the vast majority of cases.
See the migration guide at https://gymnasium.farama.org/introduction/migration_guide/ for additional information.
Gym has been unmaintained since 2022 and does not support NumPy 2.0 amongst other critical functionality.
Please upgrade to Gymnasium, the maintained drop-in replacement of Gym, or contact the authors of your software and request that they upgrade.
Users of this version of Gym should be able to simply replace 'import gym' with 'import gymnasium as gym' in the vast majority of cases.
See the migration guide at https://gymnasium.farama.org/introduction/migration_guide/ for additional information.
Gym has been unmaintained since 2022 and does not support NumPy 2.0 amongst other critical functionality.
Please upgrade to Gymnasium, the maintained drop-in replacement of Gym, or contact the authors of your software and request that they upgrade.
Users of this version of Gym should be able to simply replace 'import gym' with 'import gymnasium as gym' in the vast majority of cases.
See the migration guide at https://gymnasium.farama.org/introduction/migration_guide/ for additional information.
Gym has been unmaintained since 2022 and does not support NumPy 2.0 amongst other critical functionality.
Please upgrade to Gymnasium, the maintained drop-in replacement of Gym, or contact the authors of your software and request that they upgrade.
Users of this version of Gym should be able to simply replace 'import gym' with 'import gymnasium as gym' in the vast majority of cases.
See the migration guide at https://gymnasium.farama.org/introduction/migration_guide/ for additional information.
Gym has been unmaintained since 2022 and does not support NumPy 2.0 amongst other critical functionality.
Please upgrade to Gymnasium, the maintained drop-in replacement of Gym, or contact the authors of your software and request that they upgrade.
Users of this version of Gym should be able to simply replace 'import gym' with 'import gymnasium as gym' in the vast majority of cases.
See the migration guide at https://gymnasium.farama.org/introduction/migration_guide/ for additional information.
Gym has been unmaintained since 2022 and does not support NumPy 2.0 amongst other critical functionality.
Please upgrade to Gymnasium, the maintained drop-in replacement of Gym, or contact the authors of your software and request that they upgrade.
Users of this version of Gym should be able to simply replace 'import gym' with 'import gymnasium as gym' in the vast majority of cases.
See the migration guide at https://gymnasium.farama.org/introduction/migration_guide/ for additional information.
Gym has been unmaintained since 2022 and does not support NumPy 2.0 amongst other critical functionality.
Please upgrade to Gymnasium, the maintained drop-in replacement of Gym, or contact the authors of your software and request that they upgrade.
Users of this version of Gym should be able to simply replace 'import gym' with 'import gymnasium as gym' in the vast majority of cases.
See the migration guide at https://gymnasium.farama.org/introduction/migration_guide/ for additional information.
Gym has been unmaintained since 2022 and does not support NumPy 2.0 amongst other critical functionality.
Please upgrade to Gymnasium, the maintained drop-in replacement of Gym, or contact the authors of your software and request that they upgrade.
Users of this version of Gym should be able to simply replace 'import gym' with 'import gymnasium as gym' in the vast majority of cases.
See the migration guide at https://gymnasium.farama.org/introduction/migration_guide/ for additional information.
Gym has been unmaintained since 2022 and does not support NumPy 2.0 amongst other critical functionality.
Please upgrade to Gymnasium, the maintained drop-in replacement of Gym, or contact the authors of your software and request that they upgrade.
Users of this version of Gym should be able to simply replace 'import gym' with 'import gymnasium as gym' in the vast majority of cases.
See the migration guide at https://gymnasium.farama.org/introduction/migration_guide/ for additional information.
Gym has been unmaintained since 2022 and does not support NumPy 2.0 amongst other critical functionality.
Please upgrade to Gymnasium, the maintained drop-in replacement of Gym, or contact the authors of your software and request that they upgrade.
Users of this version of Gym should be able to simply replace 'import gym' with 'import gymnasium as gym' in the vast majority of cases.
See the migration guide at https://gymnasium.farama.org/introduction/migration_guide/ for additional information.
[18464:MainThread](2026-05-04 10:13:19,458) INFO - qlib.Initialization - [config.py:452] - default_conf: client.
[18464:MainThread](2026-05-04 10:13:19,461) INFO - qlib.Initialization - [__init__.py:75] - qlib successfully initialized based on client settings.
[18464:MainThread](2026-05-04 10:13:19,461) INFO - qlib.Initialization - [__init__.py:77] - data_path={'__DEFAULT_FREQ': WindowsPath('C:/Users/60585/.qlib/qlib_data/cn_data')}
[13892:MainThread](2026-05-04 10:13:19,467) INFO - qlib.Initialization - [config.py:452] - default_conf: client.
[13892:MainThread](2026-05-04 10:13:19,472) INFO - qlib.Initialization - [__init__.py:75] - qlib successfully initialized based on client settings.
[13892:MainThread](2026-05-04 10:13:19,472) INFO - qlib.Initialization - [__init__.py:77] - data_path={'__DEFAULT_FREQ': WindowsPath('C:/Users/60585/.qlib/qlib_data/cn_data')}
[29016:MainThread](2026-05-04 10:13:19,472) INFO - qlib.Initialization - [config.py:452] - default_conf: client.
[23508:MainThread](2026-05-04 10:13:19,472) INFO - qlib.Initialization - [config.py:452] - default_conf: client.
[27360:MainThread](2026-05-04 10:13:19,473) INFO - qlib.Initialization - [config.py:452] - default_conf: client.
[18236:MainThread](2026-05-04 10:13:19,474) INFO - qlib.Initialization - [config.py:452] - default_conf: client.
[29016:MainThread](2026-05-04 10:13:19,476) INFO - qlib.Initialization - [__init__.py:75] - qlib successfully initialized based on client settings.
[23508:MainThread](2026-05-04 10:13:19,476) INFO - qlib.Initialization - [__init__.py:75] - qlib successfully initialized based on client settings.
[23508:MainThread](2026-05-04 10:13:19,476) INFO - qlib.Initialization - [__init__.py:77] - data_path={'__DEFAULT_FREQ': WindowsPath('C:/Users/60585/.qlib/qlib_data/cn_data')}
[29016:MainThread](2026-05-04 10:13:19,476) INFO - qlib.Initialization - [__init__.py:77] - data_path={'__DEFAULT_FREQ': WindowsPath('C:/Users/60585/.qlib/qlib_data/cn_data')}
[27360:MainThread](2026-05-04 10:13:19,477) INFO - qlib.Initialization - [__init__.py:75] - qlib successfully initialized based on client settings.
[18236:MainThread](2026-05-04 10:13:19,478) INFO - qlib.Initialization - [__init__.py:75] - qlib successfully initialized based on client settings.
[27360:MainThread](2026-05-04 10:13:19,478) INFO - qlib.Initialization - [__init__.py:77] - data_path={'__DEFAULT_FREQ': WindowsPath('C:/Users/60585/.qlib/qlib_data/cn_data')}
[18236:MainThread](2026-05-04 10:13:19,478) INFO - qlib.Initialization - [__init__.py:77] - data_path={'__DEFAULT_FREQ': WindowsPath('C:/Users/60585/.qlib/qlib_data/cn_data')}
[28632:MainThread](2026-05-04 10:13:19,482) INFO - qlib.Initialization - [config.py:452] - default_conf: client.
[36524:MainThread](2026-05-04 10:13:19,483) INFO - qlib.Initialization - [config.py:452] - default_conf: client.
[28632:MainThread](2026-05-04 10:13:19,485) INFO - qlib.Initialization - [__init__.py:75] - qlib successfully initialized based on client settings.
[28632:MainThread](2026-05-04 10:13:19,486) INFO - qlib.Initialization - [__init__.py:77] - data_path={'__DEFAULT_FREQ': WindowsPath('C:/Users/60585/.qlib/qlib_data/cn_data')}
[36524:MainThread](2026-05-04 10:13:19,486) INFO - qlib.Initialization - [__init__.py:75] - qlib successfully initialized based on client settings.
[36524:MainThread](2026-05-04 10:13:19,488) INFO - qlib.Initialization - [__init__.py:77] - data_path={'__DEFAULT_FREQ': WindowsPath('C:/Users/60585/.qlib/qlib_data/cn_data')}
[25260:MainThread](2026-05-04 10:13:19,505) INFO - qlib.Initialization - [config.py:452] - default_conf: client.
[31276:MainThread](2026-05-04 10:13:19,505) INFO - qlib.Initialization - [config.py:452] - default_conf: client.
[25260:MainThread](2026-05-04 10:13:19,509) INFO - qlib.Initialization - [__init__.py:75] - qlib successfully initialized based on client settings.
[25260:MainThread](2026-05-04 10:13:19,509) INFO - qlib.Initialization - [__init__.py:77] - data_path={'__DEFAULT_FREQ': WindowsPath('C:/Users/60585/.qlib/qlib_data/cn_data')}
[31276:MainThread](2026-05-04 10:13:19,509) INFO - qlib.Initialization - [__init__.py:75] - qlib successfully initialized based on client settings.
[31276:MainThread](2026-05-04 10:13:19,511) INFO - qlib.Initialization - [__init__.py:77] - data_path={'__DEFAULT_FREQ': WindowsPath('C:/Users/60585/.qlib/qlib_data/cn_data')}
[21080:MainThread](2026-05-04 10:13:19,511) INFO - qlib.Initialization - [config.py:452] - default_conf: client.
[21080:MainThread](2026-05-04 10:13:19,516) INFO - qlib.Initialization - [__init__.py:75] - qlib successfully initialized based on client settings.
[21080:MainThread](2026-05-04 10:13:19,517) INFO - qlib.Initialization - [__init__.py:77] - data_path={'__DEFAULT_FREQ': WindowsPath('C:/Users/60585/.qlib/qlib_data/cn_data')}
[25516:MainThread](2026-05-04 10:13:19,523) INFO - qlib.Initialization - [config.py:452] - default_conf: client.
[25516:MainThread](2026-05-04 10:13:19,527) INFO - qlib.Initialization - [__init__.py:75] - qlib successfully initialized based on client settings.
[36956:MainThread](2026-05-04 10:13:19,527) INFO - qlib.Initialization - [config.py:452] - default_conf: client.
[25516:MainThread](2026-05-04 10:13:19,528) INFO - qlib.Initialization - [__init__.py:77] - data_path={'__DEFAULT_FREQ': WindowsPath('C:/Users/60585/.qlib/qlib_data/cn_data')}
[36956:MainThread](2026-05-04 10:13:19,531) INFO - qlib.Initialization - [__init__.py:75] - qlib successfully initialized based on client settings.
[36956:MainThread](2026-05-04 10:13:19,531) INFO - qlib.Initialization - [__init__.py:77] - data_path={'__DEFAULT_FREQ': WindowsPath('C:/Users/60585/.qlib/qlib_data/cn_data')}
[17212:MainThread](2026-05-04 10:13:19,533) INFO - qlib.Initialization - [config.py:452] - default_conf: client.
[14940:MainThread](2026-05-04 10:13:19,534) INFO - qlib.Initialization - [config.py:452] - default_conf: client.
[17212:MainThread](2026-05-04 10:13:19,537) INFO - qlib.Initialization - [__init__.py:75] - qlib successfully initialized based on client settings.
[17212:MainThread](2026-05-04 10:13:19,537) INFO - qlib.Initialization - [__init__.py:77] - data_path={'__DEFAULT_FREQ': WindowsPath('C:/Users/60585/.qlib/qlib_data/cn_data')}
[14940:MainThread](2026-05-04 10:13:19,539) INFO - qlib.Initialization - [__init__.py:75] - qlib successfully initialized based on client settings.
[14940:MainThread](2026-05-04 10:13:19,539) INFO - qlib.Initialization - [__init__.py:77] - data_path={'__DEFAULT_FREQ': WindowsPath('C:/Users/60585/.qlib/qlib_data/cn_data')}
[26452:MainThread](2026-05-04 10:13:19,555) INFO - qlib.Initialization - [config.py:452] - default_conf: client.
[26452:MainThread](2026-05-04 10:13:19,560) INFO - qlib.Initialization - [__init__.py:75] - qlib successfully initialized based on client settings.
[26452:MainThread](2026-05-04 10:13:19,560) INFO - qlib.Initialization - [__init__.py:77] - data_path={'__DEFAULT_FREQ': WindowsPath('C:/Users/60585/.qlib/qlib_data/cn_data')}
[14412:MainThread](2026-05-04 10:13:19,567) INFO - qlib.Initialization - [config.py:452] - default_conf: client.
[39444:MainThread](2026-05-04 10:13:19,568) INFO - qlib.Initialization - [config.py:452] - default_conf: client.
[14412:MainThread](2026-05-04 10:13:19,571) INFO - qlib.Initialization - [__init__.py:75] - qlib successfully initialized based on client settings.
[14412:MainThread](2026-05-04 10:13:19,571) INFO - qlib.Initialization - [__init__.py:77] - data_path={'__DEFAULT_FREQ': WindowsPath('C:/Users/60585/.qlib/qlib_data/cn_data')}
[39444:MainThread](2026-05-04 10:13:19,572) INFO - qlib.Initialization - [__init__.py:75] - qlib successfully initialized based on client settings.
[39444:MainThread](2026-05-04 10:13:19,573) INFO - qlib.Initialization - [__init__.py:77] - data_path={'__DEFAULT_FREQ': WindowsPath('C:/Users/60585/.qlib/qlib_data/cn_data')}
[22236:MainThread](2026-05-04 10:13:20,314) INFO - qlib.timer - [log.py:127] - Time cost: 22.536s | Loading data Done
[22236:MainThread](2026-05-04 10:13:24,496) INFO - qlib.timer - [log.py:127] - Time cost: 3.859s | RobustZScoreNorm Done
[22236:MainThread](2026-05-04 10:13:25,297) INFO - qlib.timer - [log.py:127] - Time cost: 0.801s | Fillna Done
[22236:MainThread](2026-05-04 10:13:25,801) INFO - qlib.timer - [log.py:127] - Time cost: 0.162s | DropnaLabel Done
[22236:MainThread](2026-05-04 10:13:30,658) INFO - qlib.timer - [log.py:127] - Time cost: 4.857s | CSZScoreNorm Done
[22236:MainThread](2026-05-04 10:13:30,676) INFO - qlib.timer - [log.py:127] - Time cost: 10.361s | fit & process data Done
[22236:MainThread](2026-05-04 10:13:30,676) INFO - qlib.timer - [log.py:127] - Time cost: 32.898s | Init data Done
C:\Users\60585\PycharmProjects\qibMacV2\module\model_adapter.py:156: FutureWarning: `torch.cuda.amp.GradScaler(args...)` is deprecated. Please use `torch.amp.GradScaler('cuda', args...)` instead.
  self.scaler = torch.cuda.amp.GradScaler(enabled=True)
C:\Users\60585\miniconda3\envs\quantEnv\lib\site-packages\mlflow\tracking\_tracking_service\utils.py:140: FutureWarning: Filesystem tracking backend (e.g., './mlruns') is deprecated. Please switch to a database backend (e.g., 'sqlite:///mlflow.db'). For feedback, see: https://github.com/mlflow/mlflow/issues/18534
  return FileStore(store_uri, store_uri)
[22236:MainThread](2026-05-04 10:13:35,400) WARNING - qlib.workflow - [expm.py:231] - No valid experiment found. Create a new experiment with name Official_Alignment_RST_MoE_loss-mse_d96_l2_ff288_ctx8_embft_time1_decay1_film1_fgs1.0_fsh0.2_rSum1_rModelearned_featSel0_mseNorm0_macro1_mDrop0.1_pool0.7_msmarket_state_csi300_settingcap03_d96_h4_l2_ff288_do015.
[22236:MainThread](2026-05-04 10:13:35,411) INFO - qlib.workflow - [exp.py:258] - Experiment 615207836098066466 starts running ...
[22236:MainThread](2026-05-04 10:13:36,029) INFO - qlib.workflow - [recorder.py:345] - Recorder c7ab2c63668c4e698c2043b1fbfe5826 starts running under Experiment 615207836098066466 ...
warning: in the working copy of 'module/architecture/moe_block.py', LF will be replaced by CRLF the next time Git touches it
warning: in the working copy of 'module/model_adapter.py', LF will be replaced by CRLF the next time Git touches it
warning: in the working copy of 'module/quant_moe_model.py', LF will be replaced by CRLF the next time Git touches it
warning: in the working copy of 'module/utils/model_configuration.py', LF will be replaced by CRLF the next time Git touches it
warning: in the working copy of 'work_flow.py', LF will be replaced by CRLF the next time Git touches it
[22236:MainThread](2026-05-04 18:06:05,018) INFO - qlib.workflow - [record_temp.py:198] - Signal record 'pred.pkl' has been saved as the artifact of the Experiment 615207836098066466
Downloading artifacts:   0%|          | 0/1 [00:00<?, ?it/s]Downloading artifacts:   0%|          | 0/1 [00:00<?, ?it/s]
Downloading artifacts:   0%|          | 0/1 [00:00<?, ?it/s]Downloading artifacts: 100%|██████████| 1/1 [00:00<00:00, 155.88it/s]Downloading artifacts: 100%|██████████| 1/1 [00:00<00:00, 144.46it/s]
Downloading artifacts:   0%|          | 0/1 [00:00<?, ?it/s]Downloading artifacts:   0%|          | 0/1 [00:00<?, ?it/s]
Downloading artifacts:   0%|          | 0/1 [00:00<?, ?it/s]Downloading artifacts: 100%|██████████| 1/1 [00:00<00:00, 636.27it/s]Downloading artifacts: 100%|██████████| 1/1 [00:00<00:00, 636.27it/s]
Downloading artifacts:   0%|          | 0/1 [00:00<?, ?it/s]Downloading artifacts: 100%|██████████| 1/1 [00:00<00:00, 399.19it/s]Downloading artifacts: 100%|██████████| 1/1 [00:00<00:00, 399.19it/s]
Downloading artifacts:   0%|          | 0/1 [00:00<?, ?it/s]Downloading artifacts:   0%|          | 0/1 [00:00<?, ?it/s]
Downloading artifacts:   0%|          | 0/1 [00:00<?, ?it/s]Downloading artifacts: 100%|██████████| 1/1 [00:00<00:00, 664.29it/s]Downloading artifacts: 100%|██████████| 1/1 [00:00<00:00, 664.29it/s]
[22236:MainThread](2026-05-04 18:06:06,206) INFO - qlib.backtest caller - [__init__.py:93] - Create new exchange
Gym has been unmaintained since 2022 and does not support NumPy 2.0 amongst other critical functionality.
Please upgrade to Gymnasium, the maintained drop-in replacement of Gym, or contact the authors of your software and request that they upgrade.
Users of this version of Gym should be able to simply replace 'import gym' with 'import gymnasium as gym' in the vast majority of cases.
See the migration guide at https://gymnasium.farama.org/introduction/migration_guide/ for additional information.
Gym has been unmaintained since 2022 and does not support NumPy 2.0 amongst other critical functionality.
Please upgrade to Gymnasium, the maintained drop-in replacement of Gym, or contact the authors of your software and request that they upgrade.
Users of this version of Gym should be able to simply replace 'import gym' with 'import gymnasium as gym' in the vast majority of cases.
See the migration guide at https://gymnasium.farama.org/introduction/migration_guide/ for additional information.
Gym has been unmaintained since 2022 and does not support NumPy 2.0 amongst other critical functionality.
Please upgrade to Gymnasium, the maintained drop-in replacement of Gym, or contact the authors of your software and request that they upgrade.
Users of this version of Gym should be able to simply replace 'import gym' with 'import gymnasium as gym' in the vast majority of cases.
See the migration guide at https://gymnasium.farama.org/introduction/migration_guide/ for additional information.
Gym has been unmaintained since 2022 and does not support NumPy 2.0 amongst other critical functionality.
Please upgrade to Gymnasium, the maintained drop-in replacement of Gym, or contact the authors of your software and request that they upgrade.
Users of this version of Gym should be able to simply replace 'import gym' with 'import gymnasium as gym' in the vast majority of cases.
See the migration guide at https://gymnasium.farama.org/introduction/migration_guide/ for additional information.
Gym has been unmaintained since 2022 and does not support NumPy 2.0 amongst other critical functionality.
Please upgrade to Gymnasium, the maintained drop-in replacement of Gym, or contact the authors of your software and request that they upgrade.
Users of this version of Gym should be able to simply replace 'import gym' with 'import gymnasium as gym' in the vast majority of cases.
See the migration guide at https://gymnasium.farama.org/introduction/migration_guide/ for additional information.
Gym has been unmaintained since 2022 and does not support NumPy 2.0 amongst other critical functionality.
Please upgrade to Gymnasium, the maintained drop-in replacement of Gym, or contact the authors of your software and request that they upgrade.
Users of this version of Gym should be able to simply replace 'import gym' with 'import gymnasium as gym' in the vast majority of cases.
See the migration guide at https://gymnasium.farama.org/introduction/migration_guide/ for additional information.
Gym has been unmaintained since 2022 and does not support NumPy 2.0 amongst other critical functionality.
Please upgrade to Gymnasium, the maintained drop-in replacement of Gym, or contact the authors of your software and request that they upgrade.
Users of this version of Gym should be able to simply replace 'import gym' with 'import gymnasium as gym' in the vast majority of cases.
See the migration guide at https://gymnasium.farama.org/introduction/migration_guide/ for additional information.
Gym has been unmaintained since 2022 and does not support NumPy 2.0 amongst other critical functionality.
Please upgrade to Gymnasium, the maintained drop-in replacement of Gym, or contact the authors of your software and request that they upgrade.
Users of this version of Gym should be able to simply replace 'import gym' with 'import gymnasium as gym' in the vast majority of cases.
See the migration guide at https://gymnasium.farama.org/introduction/migration_guide/ for additional information.
Gym has been unmaintained since 2022 and does not support NumPy 2.0 amongst other critical functionality.
Please upgrade to Gymnasium, the maintained drop-in replacement of Gym, or contact the authors of your software and request that they upgrade.
Users of this version of Gym should be able to simply replace 'import gym' with 'import gymnasium as gym' in the vast majority of cases.
See the migration guide at https://gymnasium.farama.org/introduction/migration_guide/ for additional information.
Gym has been unmaintained since 2022 and does not support NumPy 2.0 amongst other critical functionality.
Please upgrade to Gymnasium, the maintained drop-in replacement of Gym, or contact the authors of your software and request that they upgrade.
Users of this version of Gym should be able to simply replace 'import gym' with 'import gymnasium as gym' in the vast majority of cases.
See the migration guide at https://gymnasium.farama.org/introduction/migration_guide/ for additional information.
Gym has been unmaintained since 2022 and does not support NumPy 2.0 amongst other critical functionality.
Please upgrade to Gymnasium, the maintained drop-in replacement of Gym, or contact the authors of your software and request that they upgrade.
Users of this version of Gym should be able to simply replace 'import gym' with 'import gymnasium as gym' in the vast majority of cases.
See the migration guide at https://gymnasium.farama.org/introduction/migration_guide/ for additional information.
Gym has been unmaintained since 2022 and does not support NumPy 2.0 amongst other critical functionality.
Please upgrade to Gymnasium, the maintained drop-in replacement of Gym, or contact the authors of your software and request that they upgrade.
Users of this version of Gym should be able to simply replace 'import gym' with 'import gymnasium as gym' in the vast majority of cases.
See the migration guide at https://gymnasium.farama.org/introduction/migration_guide/ for additional information.
Gym has been unmaintained since 2022 and does not support NumPy 2.0 amongst other critical functionality.
Please upgrade to Gymnasium, the maintained drop-in replacement of Gym, or contact the authors of your software and request that they upgrade.
Users of this version of Gym should be able to simply replace 'import gym' with 'import gymnasium as gym' in the vast majority of cases.
See the migration guide at https://gymnasium.farama.org/introduction/migration_guide/ for additional information.
Gym has been unmaintained since 2022 and does not support NumPy 2.0 amongst other critical functionality.
Please upgrade to Gymnasium, the maintained drop-in replacement of Gym, or contact the authors of your software and request that they upgrade.
Users of this version of Gym should be able to simply replace 'import gym' with 'import gymnasium as gym' in the vast majority of cases.
See the migration guide at https://gymnasium.farama.org/introduction/migration_guide/ for additional information.
Gym has been unmaintained since 2022 and does not support NumPy 2.0 amongst other critical functionality.
Please upgrade to Gymnasium, the maintained drop-in replacement of Gym, or contact the authors of your software and request that they upgrade.
Users of this version of Gym should be able to simply replace 'import gym' with 'import gymnasium as gym' in the vast majority of cases.
See the migration guide at https://gymnasium.farama.org/introduction/migration_guide/ for additional information.
Gym has been unmaintained since 2022 and does not support NumPy 2.0 amongst other critical functionality.
Please upgrade to Gymnasium, the maintained drop-in replacement of Gym, or contact the authors of your software and request that they upgrade.
Users of this version of Gym should be able to simply replace 'import gym' with 'import gymnasium as gym' in the vast majority of cases.
See the migration guide at https://gymnasium.farama.org/introduction/migration_guide/ for additional information.
Gym has been unmaintained since 2022 and does not support NumPy 2.0 amongst other critical functionality.
Please upgrade to Gymnasium, the maintained drop-in replacement of Gym, or contact the authors of your software and request that they upgrade.
Users of this version of Gym should be able to simply replace 'import gym' with 'import gymnasium as gym' in the vast majority of cases.
See the migration guide at https://gymnasium.farama.org/introduction/migration_guide/ for additional information.
[12488:MainThread](2026-05-04 18:06:12,268) INFO - qlib.Initialization - [config.py:452] - default_conf: client.
[12488:MainThread](2026-05-04 18:06:12,272) INFO - qlib.Initialization - [__init__.py:75] - qlib successfully initialized based on client settings.
[12488:MainThread](2026-05-04 18:06:12,274) INFO - qlib.Initialization - [__init__.py:77] - data_path={'__DEFAULT_FREQ': WindowsPath('C:/Users/60585/.qlib/qlib_data/cn_data')}
[39588:MainThread](2026-05-04 18:06:12,277) INFO - qlib.Initialization - [config.py:452] - default_conf: client.
[25800:MainThread](2026-05-04 18:06:12,281) INFO - qlib.Initialization - [config.py:452] - default_conf: client.
[39588:MainThread](2026-05-04 18:06:12,282) INFO - qlib.Initialization - [__init__.py:75] - qlib successfully initialized based on client settings.
[39588:MainThread](2026-05-04 18:06:12,282) INFO - qlib.Initialization - [__init__.py:77] - data_path={'__DEFAULT_FREQ': WindowsPath('C:/Users/60585/.qlib/qlib_data/cn_data')}
[5404:MainThread](2026-05-04 18:06:12,282) INFO - qlib.Initialization - [config.py:452] - default_conf: client.
Gym has been unmaintained since 2022 and does not support NumPy 2.0 amongst other critical functionality.
Please upgrade to Gymnasium, the maintained drop-in replacement of Gym, or contact the authors of your software and request that they upgrade.
Users of this version of Gym should be able to simply replace 'import gym' with 'import gymnasium as gym' in the vast majority of cases.
See the migration guide at https://gymnasium.farama.org/introduction/migration_guide/ for additional information.
[25800:MainThread](2026-05-04 18:06:12,285) INFO - qlib.Initialization - [__init__.py:75] - qlib successfully initialized based on client settings.
[25800:MainThread](2026-05-04 18:06:12,286) INFO - qlib.Initialization - [__init__.py:77] - data_path={'__DEFAULT_FREQ': WindowsPath('C:/Users/60585/.qlib/qlib_data/cn_data')}
[5404:MainThread](2026-05-04 18:06:12,286) INFO - qlib.Initialization - [__init__.py:75] - qlib successfully initialized based on client settings.
[5404:MainThread](2026-05-04 18:06:12,287) INFO - qlib.Initialization - [__init__.py:77] - data_path={'__DEFAULT_FREQ': WindowsPath('C:/Users/60585/.qlib/qlib_data/cn_data')}
[31172:MainThread](2026-05-04 18:06:12,605) INFO - qlib.Initialization - [config.py:452] - default_conf: client.
[31172:MainThread](2026-05-04 18:06:12,609) INFO - qlib.Initialization - [__init__.py:75] - qlib successfully initialized based on client settings.
[31172:MainThread](2026-05-04 18:06:12,610) INFO - qlib.Initialization - [__init__.py:77] - data_path={'__DEFAULT_FREQ': WindowsPath('C:/Users/60585/.qlib/qlib_data/cn_data')}
[28364:MainThread](2026-05-04 18:06:12,625) INFO - qlib.Initialization - [config.py:452] - default_conf: client.
[22060:MainThread](2026-05-04 18:06:12,626) INFO - qlib.Initialization - [config.py:452] - default_conf: client.
[19192:MainThread](2026-05-04 18:06:12,627) INFO - qlib.Initialization - [config.py:452] - default_conf: client.
[28364:MainThread](2026-05-04 18:06:12,629) INFO - qlib.Initialization - [__init__.py:75] - qlib successfully initialized based on client settings.
[28364:MainThread](2026-05-04 18:06:12,629) INFO - qlib.Initialization - [__init__.py:77] - data_path={'__DEFAULT_FREQ': WindowsPath('C:/Users/60585/.qlib/qlib_data/cn_data')}
[22060:MainThread](2026-05-04 18:06:12,629) INFO - qlib.Initialization - [__init__.py:75] - qlib successfully initialized based on client settings.
[22060:MainThread](2026-05-04 18:06:12,629) INFO - qlib.Initialization - [__init__.py:77] - data_path={'__DEFAULT_FREQ': WindowsPath('C:/Users/60585/.qlib/qlib_data/cn_data')}
[19192:MainThread](2026-05-04 18:06:12,633) INFO - qlib.Initialization - [__init__.py:75] - qlib successfully initialized based on client settings.
[19192:MainThread](2026-05-04 18:06:12,633) INFO - qlib.Initialization - [__init__.py:77] - data_path={'__DEFAULT_FREQ': WindowsPath('C:/Users/60585/.qlib/qlib_data/cn_data')}
[34916:MainThread](2026-05-04 18:06:12,641) INFO - qlib.Initialization - [config.py:452] - default_conf: client.
[34916:MainThread](2026-05-04 18:06:12,647) INFO - qlib.Initialization - [__init__.py:75] - qlib successfully initialized based on client settings.
[34916:MainThread](2026-05-04 18:06:12,647) INFO - qlib.Initialization - [__init__.py:77] - data_path={'__DEFAULT_FREQ': WindowsPath('C:/Users/60585/.qlib/qlib_data/cn_data')}
[36296:MainThread](2026-05-04 18:06:12,647) INFO - qlib.Initialization - [config.py:452] - default_conf: client.
[36296:MainThread](2026-05-04 18:06:12,652) INFO - qlib.Initialization - [__init__.py:75] - qlib successfully initialized based on client settings.
[36296:MainThread](2026-05-04 18:06:12,652) INFO - qlib.Initialization - [__init__.py:77] - data_path={'__DEFAULT_FREQ': WindowsPath('C:/Users/60585/.qlib/qlib_data/cn_data')}
[22076:MainThread](2026-05-04 18:06:12,662) INFO - qlib.Initialization - [config.py:452] - default_conf: client.
[22076:MainThread](2026-05-04 18:06:12,667) INFO - qlib.Initialization - [__init__.py:75] - qlib successfully initialized based on client settings.
[22076:MainThread](2026-05-04 18:06:12,668) INFO - qlib.Initialization - [__init__.py:77] - data_path={'__DEFAULT_FREQ': WindowsPath('C:/Users/60585/.qlib/qlib_data/cn_data')}
[28200:MainThread](2026-05-04 18:06:12,684) INFO - qlib.Initialization - [config.py:452] - default_conf: client.
[5344:MainThread](2026-05-04 18:06:12,686) INFO - qlib.Initialization - [config.py:452] - default_conf: client.
[28200:MainThread](2026-05-04 18:06:12,689) INFO - qlib.Initialization - [__init__.py:75] - qlib successfully initialized based on client settings.
[28200:MainThread](2026-05-04 18:06:12,690) INFO - qlib.Initialization - [__init__.py:77] - data_path={'__DEFAULT_FREQ': WindowsPath('C:/Users/60585/.qlib/qlib_data/cn_data')}
[25668:MainThread](2026-05-04 18:06:12,690) INFO - qlib.Initialization - [config.py:452] - default_conf: client.
[5344:MainThread](2026-05-04 18:06:12,691) INFO - qlib.Initialization - [__init__.py:75] - qlib successfully initialized based on client settings.
[5344:MainThread](2026-05-04 18:06:12,691) INFO - qlib.Initialization - [__init__.py:77] - data_path={'__DEFAULT_FREQ': WindowsPath('C:/Users/60585/.qlib/qlib_data/cn_data')}
[25668:MainThread](2026-05-04 18:06:12,695) INFO - qlib.Initialization - [__init__.py:75] - qlib successfully initialized based on client settings.
[25668:MainThread](2026-05-04 18:06:12,696) INFO - qlib.Initialization - [__init__.py:77] - data_path={'__DEFAULT_FREQ': WindowsPath('C:/Users/60585/.qlib/qlib_data/cn_data')}
[19004:MainThread](2026-05-04 18:06:12,710) INFO - qlib.Initialization - [config.py:452] - default_conf: client.
[19004:MainThread](2026-05-04 18:06:12,716) INFO - qlib.Initialization - [__init__.py:75] - qlib successfully initialized based on client settings.
[19004:MainThread](2026-05-04 18:06:12,717) INFO - qlib.Initialization - [__init__.py:77] - data_path={'__DEFAULT_FREQ': WindowsPath('C:/Users/60585/.qlib/qlib_data/cn_data')}
[18948:MainThread](2026-05-04 18:06:12,724) INFO - qlib.Initialization - [config.py:452] - default_conf: client.
[18948:MainThread](2026-05-04 18:06:12,728) INFO - qlib.Initialization - [__init__.py:75] - qlib successfully initialized based on client settings.
[32832:MainThread](2026-05-04 18:06:12,728) INFO - qlib.Initialization - [config.py:452] - default_conf: client.
[18948:MainThread](2026-05-04 18:06:12,729) INFO - qlib.Initialization - [__init__.py:77] - data_path={'__DEFAULT_FREQ': WindowsPath('C:/Users/60585/.qlib/qlib_data/cn_data')}
[32832:MainThread](2026-05-04 18:06:12,732) INFO - qlib.Initialization - [__init__.py:75] - qlib successfully initialized based on client settings.
[32832:MainThread](2026-05-04 18:06:12,734) INFO - qlib.Initialization - [__init__.py:77] - data_path={'__DEFAULT_FREQ': WindowsPath('C:/Users/60585/.qlib/qlib_data/cn_data')}
[28156:MainThread](2026-05-04 18:06:12,846) INFO - qlib.Initialization - [config.py:452] - default_conf: client.
[28156:MainThread](2026-05-04 18:06:12,852) INFO - qlib.Initialization - [__init__.py:75] - qlib successfully initialized based on client settings.
[28156:MainThread](2026-05-04 18:06:12,853) INFO - qlib.Initialization - [__init__.py:77] - data_path={'__DEFAULT_FREQ': WindowsPath('C:/Users/60585/.qlib/qlib_data/cn_data')}
[22236:MainThread](2026-05-04 18:06:25,269) WARNING - qlib.online operator - [exchange.py:219] - $close field data contains nan.
[22236:MainThread](2026-05-04 18:06:25,270) WARNING - qlib.online operator - [exchange.py:219] - $close field data contains nan.
[22236:MainThread](2026-05-04 18:06:35,201) WARNING - qlib.BaseExecutor - [executor.py:121] - `common_infra` is not set for <qlib.backtest.executor.SimulatorExecutor object at 0x000002013F08BF10>
backtest loop:   0%|          | 0/611 [00:00<?, ?it/s]C:\Users\60585\miniconda3\envs\quantEnv\lib\site-packages\qlib\utils\index_data.py:492: RuntimeWarning: Mean of empty slice
  return np.nanmean(self.data)
backtest loop:   3%|▎         | 19/611 [00:00<00:03, 182.08it/s]backtest loop:   6%|▌         | 38/611 [00:00<00:03, 183.49it/s]backtest loop:   9%|▉         | 58/611 [00:00<00:02, 184.60it/s]backtest loop:  13%|█▎        | 77/611 [00:00<00:02, 179.04it/s]backtest loop:  16%|█▌        | 97/611 [00:00<00:02, 180.06it/s]backtest loop:  19%|█▉        | 117/611 [00:00<00:02, 182.71it/s]backtest loop:  22%|██▏       | 136/611 [00:00<00:02, 182.44it/s]backtest loop:  25%|██▌       | 155/611 [00:00<00:02, 182.14it/s]backtest loop:  28%|██▊       | 174/611 [00:01<00:03, 137.05it/s]backtest loop:  32%|███▏      | 193/611 [00:01<00:02, 148.64it/s]backtest loop:  35%|███▍      | 211/611 [00:01<00:02, 156.60it/s]backtest loop:  37%|███▋      | 229/611 [00:01<00:02, 161.95it/s]backtest loop:  41%|████      | 248/611 [00:01<00:02, 169.03it/s]backtest loop:  44%|████▎     | 267/611 [00:01<00:01, 174.08it/s]backtest loop:  47%|████▋     | 286/611 [00:01<00:01, 177.74it/s]backtest loop:  50%|█████     | 306/611 [00:01<00:01, 182.59it/s]backtest loop:  53%|█████▎    | 325/611 [00:01<00:01, 180.46it/s]backtest loop:  56%|█████▋    | 344/611 [00:01<00:01, 181.97it/s]backtest loop:  60%|█████▉    | 364/611 [00:02<00:01, 184.72it/s]backtest loop:  63%|██████▎   | 383/611 [00:02<00:01, 185.59it/s]backtest loop:  66%|██████▌   | 403/611 [00:02<00:01, 186.36it/s]backtest loop:  69%|██████▉   | 423/611 [00:02<00:01, 185.02it/s]backtest loop:  72%|███████▏  | 442/611 [00:02<00:00, 185.32it/s]backtest loop:  76%|███████▌  | 462/611 [00:02<00:00, 187.58it/s]backtest loop:  79%|███████▊  | 481/611 [00:02<00:00, 188.24it/s]backtest loop:  82%|████████▏ | 500/611 [00:02<00:00, 185.46it/s]backtest loop:  85%|████████▍ | 519/611 [00:02<00:00, 185.15it/s]backtest loop:  88%|████████▊ | 538/611 [00:03<00:00, 185.74it/s]backtest loop:  91%|█████████ | 557/611 [00:03<00:00, 185.52it/s]backtest loop:  94%|█████████▍| 576/611 [00:03<00:00, 186.19it/s]backtest loop:  98%|█████████▊| 596/611 [00:03<00:00, 185.05it/s]backtest loop: 100%|██████████| 611/611 [00:03<00:00, 178.46it/s]
[22236:MainThread](2026-05-04 18:06:38,648) INFO - qlib.workflow - [record_temp.py:515] - Portfolio analysis record 'port_analysis_1day.pkl' has been saved as the artifact of the Experiment 615207836098066466
[22236:MainThread](2026-05-04 18:06:38,654) INFO - qlib.workflow - [record_temp.py:540] - Indicator analysis record 'indicator_analysis_1day.pkl' has been saved as the artifact of the Experiment 615207836098066466
Downloading artifacts:   0%|          | 0/1 [00:00<?, ?it/s]Downloading artifacts:   0%|          | 0/1 [00:00<?, ?it/s]
Downloading artifacts:   0%|          | 0/1 [00:00<?, ?it/s]Downloading artifacts:   0%|          | 0/1 [00:00<?, ?it/s]
Downloading artifacts:   0%|          | 0/1 [00:00<?, ?it/s]Downloading artifacts: 100%|██████████| 1/1 [00:00<00:00, 1001.27it/s]Downloading artifacts: 100%|██████████| 1/1 [00:00<00:00, 1001.27it/s]
Downloading artifacts:   0%|          | 0/1 [00:00<?, ?it/s]Downloading artifacts: 100%|██████████| 1/1 [00:00<00:00, 903.56it/s]Downloading artifacts: 100%|██████████| 1/1 [00:00<00:00, 903.56it/s]
Downloading artifacts:   0%|          | 0/1 [00:00<?, ?it/s]Downloading artifacts: 100%|██████████| 1/1 [00:00<00:00, 388.51it/s]Downloading artifacts: 100%|██████████| 1/1 [00:00<00:00, 388.51it/s]
Downloading artifacts:   0%|          | 0/1 [00:00<?, ?it/s]Downloading artifacts: 100%|██████████| 1/1 [00:00<00:00, 995.09it/s]Downloading artifacts: 100%|██████████| 1/1 [00:00<00:00, 995.09it/s]
Downloading artifacts:   0%|          | 0/1 [00:00<?, ?it/s]Downloading artifacts: 100%|██████████| 1/1 [00:00<00:00, 394.87it/s]Downloading artifacts: 100%|██████████| 1/1 [00:00<00:00, 394.87it/s]
C:\Users\60585\miniconda3\envs\quantEnv\lib\site-packages\qlib\contrib\report\analysis_position\parse_position.py:36: FutureWarning:

DataFrame.fillna with 'method' is deprecated and will raise in a future version. Use obj.ffill() or obj.bfill() instead.

C:\Users\60585\miniconda3\envs\quantEnv\lib\site-packages\qlib\contrib\report\analysis_position\risk_analysis.py:104: FutureWarning:

When grouping with a length-1 list-like, you will need to pass a length-1 tuple to get_group in a future version of pandas. Pass `(name,)` instead of `name` to silence this warning.

C:\Users\60585\miniconda3\envs\quantEnv\lib\site-packages\qlib\contrib\report\analysis_position\risk_analysis.py:104: FutureWarning:

When grouping with a length-1 list-like, you will need to pass a length-1 tuple to get_group in a future version of pandas. Pass `(name,)` instead of `name` to silence this warning.

C:\Users\60585\miniconda3\envs\quantEnv\lib\site-packages\qlib\contrib\report\analysis_position\risk_analysis.py:104: FutureWarning:

When grouping with a length-1 list-like, you will need to pass a length-1 tuple to get_group in a future version of pandas. Pass `(name,)` instead of `name` to silence this warning.

C:\Users\60585\miniconda3\envs\quantEnv\lib\site-packages\qlib\contrib\report\analysis_position\risk_analysis.py:104: FutureWarning:

When grouping with a length-1 list-like, you will need to pass a length-1 tuple to get_group in a future version of pandas. Pass `(name,)` instead of `name` to silence this warning.

C:\Users\60585\miniconda3\envs\quantEnv\lib\site-packages\qlib\contrib\report\analysis_position\parse_position.py:36: FutureWarning:

DataFrame.fillna with 'method' is deprecated and will raise in a future version. Use obj.ffill() or obj.bfill() instead.

C:\Users\60585\miniconda3\envs\quantEnv\lib\site-packages\qlib\contrib\report\analysis_model\analysis_model_performance.py:157: FutureWarning:

'M' is deprecated and will be removed in a future version, please use 'ME' instead.

Downloading artifacts:   0%|          | 0/1 [00:00<?, ?it/s]Downloading artifacts: 100%|██████████| 1/1 [00:00<00:00, 649.98it/s]Downloading artifacts: 100%|██████████| 1/1 [00:00<00:00, 649.98it/s]
Downloading artifacts:   0%|          | 0/1 [00:00<?, ?it/s]Downloading artifacts: 100%|██████████| 1/1 [00:00<?, ?it/s]Downloading artifacts: 100%|██████████| 1/1 [00:00<?, ?it/s]
Downloading artifacts:   0%|          | 0/1 [00:00<?, ?it/s]Downloading artifacts: 100%|██████████| 1/1 [00:00<?, ?it/s]Downloading artifacts: 100%|██████████| 1/1 [00:00<?, ?it/s]
Downloading artifacts:   0%|          | 0/1 [00:00<?, ?it/s]Downloading artifacts: 100%|██████████| 1/1 [00:00<00:00, 995.56it/s]Downloading artifacts: 100%|██████████| 1/1 [00:00<00:00, 995.56it/s]
Downloading artifacts:   0%|          | 0/1 [00:00<?, ?it/s]Downloading artifacts: 100%|██████████| 1/1 [00:00<00:00, 422.39it/s]Downloading artifacts: 100%|██████████| 1/1 [00:00<00:00, 422.39it/s]
Downloading artifacts:   0%|          | 0/1 [00:00<?, ?it/s]Downloading artifacts: 100%|██████████| 1/1 [00:00<?, ?it/s]Downloading artifacts: 100%|██████████| 1/1 [00:00<?, ?it/s]
Downloading artifacts:   0%|          | 0/1 [00:00<?, ?it/s]Downloading artifacts: 100%|██████████| 1/1 [00:00<00:00, 665.23it/s]Downloading artifacts: 100%|██████████| 1/1 [00:00<00:00, 665.23it/s]
Downloading artifacts:   0%|          | 0/1 [00:00<?, ?it/s]Downloading artifacts: 100%|██████████| 1/1 [00:00<00:00, 84.90it/s]Downloading artifacts: 100%|██████████| 1/1 [00:00<00:00, 84.90it/s]
Downloading artifacts:   0%|          | 0/1 [00:00<?, ?it/s]Downloading artifacts: 100%|██████████| 1/1 [00:00<?, ?it/s]Downloading artifacts: 100%|██████████| 1/1 [00:00<?, ?it/s]
Downloading artifacts:   0%|          | 0/1 [00:00<?, ?it/s]Downloading artifacts: 100%|██████████| 1/1 [00:00<00:00, 999.12it/s]Downloading artifacts: 100%|██████████| 1/1 [00:00<00:00, 999.12it/s]
Downloading artifacts:   0%|          | 0/1 [00:00<?, ?it/s]Downloading artifacts: 100%|██████████| 1/1 [00:00<00:00, 651.19it/s]Downloading artifacts: 100%|██████████| 1/1 [00:00<00:00, 651.19it/s]
Downloading artifacts:   0%|          | 0/1 [00:00<?, ?it/s]Downloading artifacts: 100%|██████████| 1/1 [00:00<00:00, 922.84it/s]Downloading artifacts: 100%|██████████| 1/1 [00:00<00:00, 922.84it/s]
Downloading artifacts:   0%|          | 0/1 [00:00<?, ?it/s]Downloading artifacts: 100%|██████████| 1/1 [00:00<00:00, 995.80it/s]Downloading artifacts: 100%|██████████| 1/1 [00:00<00:00, 995.80it/s]
Downloading artifacts:   0%|          | 0/1 [00:00<?, ?it/s]Downloading artifacts: 100%|██████████| 1/1 [00:00<00:00, 942.33it/s]Downloading artifacts: 100%|██████████| 1/1 [00:00<00:00, 942.33it/s]
Downloading artifacts:   0%|          | 0/1 [00:00<?, ?it/s]Downloading artifacts: 100%|██████████| 1/1 [00:00<00:00, 997.22it/s]Downloading artifacts: 100%|██████████| 1/1 [00:00<00:00, 997.22it/s]
Downloading artifacts:   0%|          | 0/1 [00:00<?, ?it/s]Downloading artifacts: 100%|██████████| 1/1 [00:00<?, ?it/s]Downloading artifacts: 100%|██████████| 1/1 [00:00<00:00, 997.93it/s]
Downloading artifacts:   0%|          | 0/1 [00:00<?, ?it/s]Downloading artifacts: 100%|██████████| 1/1 [00:00<00:00, 997.69it/s]Downloading artifacts: 100%|██████████| 1/1 [00:00<00:00, 997.69it/s]
Downloading artifacts:   0%|          | 0/1 [00:00<?, ?it/s]Downloading artifacts: 100%|██████████| 1/1 [00:00<?, ?it/s]Downloading artifacts: 100%|██████████| 1/1 [00:00<?, ?it/s]
Downloading artifacts:   0%|          | 0/1 [00:00<?, ?it/s]Downloading artifacts: 100%|██████████| 1/1 [00:00<00:00, 999.83it/s]Downloading artifacts: 100%|██████████| 1/1 [00:00<00:00, 999.83it/s]
Downloading artifacts:   0%|          | 0/1 [00:00<?, ?it/s]Downloading artifacts: 100%|██████████| 1/1 [00:00<00:00, 665.13it/s]Downloading artifacts: 100%|██████████| 1/1 [00:00<00:00, 665.13it/s]
Downloading artifacts:   0%|          | 0/1 [00:00<?, ?it/s]Downloading artifacts: 100%|██████████| 1/1 [00:00<00:00, 999.12it/s]Downloading artifacts: 100%|██████████| 1/1 [00:00<00:00, 999.12it/s]
Downloading artifacts:   0%|          | 0/1 [00:00<?, ?it/s]Downloading artifacts: 100%|██████████| 1/1 [00:00<00:00, 895.84it/s]Downloading artifacts: 100%|██████████| 1/1 [00:00<00:00, 895.84it/s]
Downloading artifacts:   0%|          | 0/1 [00:00<?, ?it/s]Downloading artifacts: 100%|██████████| 1/1 [00:00<00:00, 1696.04it/s]Downloading artifacts: 100%|██████████| 1/1 [00:00<00:00, 1696.04it/s]
Downloading artifacts:   0%|          | 0/1 [00:00<?, ?it/s]Downloading artifacts: 100%|██████████| 1/1 [00:00<00:00, 953.90it/s]Downloading artifacts: 100%|██████████| 1/1 [00:00<00:00, 953.90it/s]
Downloading artifacts:   0%|          | 0/1 [00:00<?, ?it/s]Downloading artifacts: 100%|██████████| 1/1 [00:00<?, ?it/s]Downloading artifacts: 100%|██████████| 1/1 [00:00<?, ?it/s]
Downloading artifacts:   0%|          | 0/1 [00:00<?, ?it/s]Downloading artifacts: 100%|██████████| 1/1 [00:00<00:00, 995.80it/s]Downloading artifacts: 100%|██████████| 1/1 [00:00<00:00, 995.80it/s]
Downloading artifacts:   0%|          | 0/1 [00:00<?, ?it/s]Downloading artifacts: 100%|██████████| 1/1 [00:00<00:00, 712.11it/s]Downloading artifacts: 100%|██████████| 1/1 [00:00<00:00, 712.11it/s]
Downloading artifacts:   0%|          | 0/1 [00:00<?, ?it/s]Downloading artifacts: 100%|██████████| 1/1 [00:00<00:00, 996.27it/s]Downloading artifacts: 100%|██████████| 1/1 [00:00<00:00, 996.27it/s]
Downloading artifacts:   0%|          | 0/1 [00:00<?, ?it/s]Downloading artifacts: 100%|██████████| 1/1 [00:00<00:00, 649.27it/s]Downloading artifacts: 100%|██████████| 1/1 [00:00<00:00, 649.27it/s]
Downloading artifacts:   0%|          | 0/1 [00:00<?, ?it/s]Downloading artifacts: 100%|██████████| 1/1 [00:00<00:00, 965.54it/s]Downloading artifacts: 100%|██████████| 1/1 [00:00<00:00, 965.54it/s]
Downloading artifacts:   0%|          | 0/1 [00:00<?, ?it/s]Downloading artifacts: 100%|██████████| 1/1 [00:00<?, ?it/s]Downloading artifacts: 100%|██████████| 1/1 [00:00<?, ?it/s]
Downloading artifacts:   0%|          | 0/1 [00:00<?, ?it/s]Downloading artifacts: 100%|██████████| 1/1 [00:00<00:00, 996.27it/s]Downloading artifacts: 100%|██████████| 1/1 [00:00<00:00, 996.27it/s]
Downloading artifacts:   0%|          | 0/1 [00:00<?, ?it/s]Downloading artifacts: 100%|██████████| 1/1 [00:00<00:00, 945.94it/s]Downloading artifacts: 100%|██████████| 1/1 [00:00<00:00, 945.94it/s]
Downloading artifacts:   0%|          | 0/1 [00:00<?, ?it/s]Downloading artifacts: 100%|██████████| 1/1 [00:00<?, ?it/s]Downloading artifacts: 100%|██████████| 1/1 [00:00<?, ?it/s]
Downloading artifacts:   0%|          | 0/1 [00:00<?, ?it/s]Downloading artifacts: 100%|██████████| 1/1 [00:00<00:00, 964.43it/s]Downloading artifacts: 100%|██████████| 1/1 [00:00<00:00, 964.43it/s]
Downloading artifacts:   0%|          | 0/1 [00:00<?, ?it/s]Downloading artifacts: 100%|██████████| 1/1 [00:00<?, ?it/s]Downloading artifacts: 100%|██████████| 1/1 [00:00<?, ?it/s]
Downloading artifacts:   0%|          | 0/1 [00:00<?, ?it/s]Downloading artifacts: 100%|██████████| 1/1 [00:00<00:00, 999.36it/s]Downloading artifacts: 100%|██████████| 1/1 [00:00<00:00, 999.36it/s]
Downloading artifacts:   0%|          | 0/1 [00:00<?, ?it/s]Downloading artifacts: 100%|██████████| 1/1 [00:00<00:00, 653.62it/s]Downloading artifacts: 100%|██████████| 1/1 [00:00<00:00, 653.62it/s]
Downloading artifacts:   0%|          | 0/1 [00:00<?, ?it/s]Downloading artifacts: 100%|██████████| 1/1 [00:00<00:00, 999.12it/s]Downloading artifacts: 100%|██████████| 1/1 [00:00<00:00, 999.12it/s]
Downloading artifacts:   0%|          | 0/1 [00:00<?, ?it/s]Downloading artifacts: 100%|██████████| 1/1 [00:00<?, ?it/s]Downloading artifacts: 100%|██████████| 1/1 [00:00<?, ?it/s]
Downloading artifacts:   0%|          | 0/1 [00:00<?, ?it/s]Downloading artifacts: 100%|██████████| 1/1 [00:00<00:00, 797.09it/s]Downloading artifacts: 100%|██████████| 1/1 [00:00<00:00, 797.09it/s]
Downloading artifacts:   0%|          | 0/1 [00:00<?, ?it/s]Downloading artifacts: 100%|██████████| 1/1 [00:00<00:00, 996.51it/s]Downloading artifacts: 100%|██████████| 1/1 [00:00<00:00, 996.51it/s]
Downloading artifacts:   0%|          | 0/1 [00:00<?, ?it/s]Downloading artifacts: 100%|██████████| 1/1 [00:00<00:00, 663.97it/s]Downloading artifacts: 100%|██████████| 1/1 [00:00<00:00, 663.97it/s]
Downloading artifacts:   0%|          | 0/1 [00:00<?, ?it/s]Downloading artifacts: 100%|██████████| 1/1 [00:00<00:00, 1869.95it/s]Downloading artifacts: 100%|██████████| 1/1 [00:00<00:00, 1869.95it/s]
Downloading artifacts:   0%|          | 0/1 [00:00<?, ?it/s]Downloading artifacts: 100%|██████████| 1/1 [00:00<00:00, 277.47it/s]Downloading artifacts: 100%|██████████| 1/1 [00:00<00:00, 277.47it/s]
Downloading artifacts:   0%|          | 0/1 [00:00<?, ?it/s]Downloading artifacts: 100%|██████████| 1/1 [00:00<00:00, 1000.31it/s]Downloading artifacts: 100%|██████████| 1/1 [00:00<00:00, 1000.31it/s]
Downloading artifacts:   0%|          | 0/1 [00:00<?, ?it/s]Downloading artifacts: 100%|██████████| 1/1 [00:00<00:00, 238.41it/s]Downloading artifacts: 100%|██████████| 1/1 [00:00<00:00, 238.41it/s]
Downloading artifacts:   0%|          | 0/1 [00:00<?, ?it/s]Downloading artifacts: 100%|██████████| 1/1 [00:00<00:00, 1693.98it/s]Downloading artifacts: 100%|██████████| 1/1 [00:00<00:00, 1693.98it/s]
Downloading artifacts:   0%|          | 0/1 [00:00<?, ?it/s]Downloading artifacts: 100%|██████████| 1/1 [00:00<00:00, 661.88it/s]Downloading artifacts: 100%|██████████| 1/1 [00:00<00:00, 661.88it/s]
Downloading artifacts:   0%|          | 0/1 [00:00<?, ?it/s]Downloading artifacts: 100%|██████████| 1/1 [00:00<00:00, 878.02it/s]Downloading artifacts: 100%|██████████| 1/1 [00:00<00:00, 878.02it/s]
Downloading artifacts:   0%|          | 0/1 [00:00<?, ?it/s]Downloading artifacts: 100%|██████████| 1/1 [00:00<00:00, 209.21it/s]Downloading artifacts: 100%|██████████| 1/1 [00:00<00:00, 209.21it/s]
Downloading artifacts:   0%|          | 0/1 [00:00<?, ?it/s]Downloading artifacts: 100%|██████████| 1/1 [00:00<?, ?it/s]Downloading artifacts: 100%|██████████| 1/1 [00:00<?, ?it/s]
Downloading artifacts:   0%|          | 0/1 [00:00<?, ?it/s]Downloading artifacts: 100%|██████████| 1/1 [00:00<00:00, 396.92it/s]Downloading artifacts: 100%|██████████| 1/1 [00:00<00:00, 396.92it/s]
Downloading artifacts:   0%|          | 0/1 [00:00<?, ?it/s]Downloading artifacts: 100%|██████████| 1/1 [00:00<?, ?it/s]Downloading artifacts: 100%|██████████| 1/1 [00:00<?, ?it/s]
Downloading artifacts:   0%|          | 0/1 [00:00<?, ?it/s]Downloading artifacts: 100%|██████████| 1/1 [00:00<?, ?it/s]Downloading artifacts: 100%|██████████| 1/1 [00:00<00:00, 994.38it/s]
Downloading artifacts:   0%|          | 0/1 [00:00<?, ?it/s]Downloading artifacts: 100%|██████████| 1/1 [00:00<00:00, 995.33it/s]Downloading artifacts: 100%|██████████| 1/1 [00:00<00:00, 498.61it/s]
Downloading artifacts:   0%|          | 0/1 [00:00<?, ?it/s]Downloading artifacts: 100%|██████████| 1/1 [00:00<00:00, 622.39it/s]Downloading artifacts: 100%|██████████| 1/1 [00:00<00:00, 622.39it/s]
Downloading artifacts:   0%|          | 0/1 [00:00<?, ?it/s]Downloading artifacts: 100%|██████████| 1/1 [00:00<00:00, 993.91it/s]Downloading artifacts: 100%|██████████| 1/1 [00:00<00:00, 993.91it/s]
Downloading artifacts:   0%|          | 0/1 [00:00<?, ?it/s]Downloading artifacts: 100%|██████████| 1/1 [00:00<00:00, 996.75it/s]Downloading artifacts: 100%|██████████| 1/1 [00:00<00:00, 996.75it/s]
Downloading artifacts:   0%|          | 0/1 [00:00<?, ?it/s]Downloading artifacts: 100%|██████████| 1/1 [00:00<00:00, 933.94it/s]Downloading artifacts: 100%|██████████| 1/1 [00:00<00:00, 933.94it/s]
Downloading artifacts:   0%|          | 0/1 [00:00<?, ?it/s]Downloading artifacts: 100%|██████████| 1/1 [00:00<00:00, 242.81it/s]Downloading artifacts: 100%|██████████| 1/1 [00:00<00:00, 210.71it/s]
Downloading artifacts:   0%|          | 0/1 [00:00<?, ?it/s]Downloading artifacts: 100%|██████████| 1/1 [00:00<00:00, 659.79it/s]Downloading artifacts: 100%|██████████| 1/1 [00:00<00:00, 659.79it/s]
Downloading artifacts:   0%|          | 0/1 [00:00<?, ?it/s]Downloading artifacts: 100%|██████████| 1/1 [00:00<00:00, 1000.07it/s]Downloading artifacts: 100%|██████████| 1/1 [00:00<00:00, 1000.07it/s]
Downloading artifacts:   0%|          | 0/1 [00:00<?, ?it/s]Downloading artifacts: 100%|██████████| 1/1 [00:00<00:00, 936.44it/s]Downloading artifacts: 100%|██████████| 1/1 [00:00<00:00, 936.44it/s]
Downloading artifacts:   0%|          | 0/1 [00:00<?, ?it/s]Downloading artifacts: 100%|██████████| 1/1 [00:00<00:00, 999.36it/s]Downloading artifacts: 100%|██████████| 1/1 [00:00<00:00, 999.36it/s]
[22236:MainThread](2026-05-04 18:06:59,678) INFO - qlib.timer - [log.py:127] - Time cost: 0.000s | waiting `async_log` Done
