Gym has been unmaintained since 2022 and does not support NumPy 2.0 amongst other critical functionality.
Please upgrade to Gymnasium, the maintained drop-in replacement of Gym, or contact the authors of your software and request that they upgrade.
Users of this version of Gym should be able to simply replace 'import gym' with 'import gymnasium as gym' in the vast majority of cases.
See the migration guide at https://gymnasium.farama.org/introduction/migration_guide/ for additional information.
[38748:MainThread](2026-05-26 23:39:35,283) INFO - qlib.Initialization - [config.py:452] - default_conf: client.
[38748:MainThread](2026-05-26 23:39:35,283) INFO - qlib.Initialization - [__init__.py:75] - qlib successfully initialized based on client settings.
[38748:MainThread](2026-05-26 23:39:35,290) INFO - qlib.Initialization - [__init__.py:77] - data_path={'__DEFAULT_FREQ': WindowsPath('C:/Users/60585/.qlib/qlib_data/cn_data')}
Gym has been unmaintained since 2022 and does not support NumPy 2.0 amongst other critical functionality.
Please upgrade to Gymnasium, the maintained drop-in replacement of Gym, or contact the authors of your software and request that they upgrade.
Users of this version of Gym should be able to simply replace 'import gym' with 'import gymnasium as gym' in the vast majority of cases.
See the migration guide at https://gymnasium.farama.org/introduction/migration_guide/ for additional information.
Gym has been unmaintained since 2022 and does not support NumPy 2.0 amongst other critical functionality.
Please upgrade to Gymnasium, the maintained drop-in replacement of Gym, or contact the authors of your software and request that they upgrade.
Users of this version of Gym should be able to simply replace 'import gym' with 'import gymnasium as gym' in the vast majority of cases.
See the migration guide at https://gymnasium.farama.org/introduction/migration_guide/ for additional information.
Gym has been unmaintained since 2022 and does not support NumPy 2.0 amongst other critical functionality.
Please upgrade to Gymnasium, the maintained drop-in replacement of Gym, or contact the authors of your software and request that they upgrade.
Users of this version of Gym should be able to simply replace 'import gym' with 'import gymnasium as gym' in the vast majority of cases.
See the migration guide at https://gymnasium.farama.org/introduction/migration_guide/ for additional information.
Gym has been unmaintained since 2022 and does not support NumPy 2.0 amongst other critical functionality.
Please upgrade to Gymnasium, the maintained drop-in replacement of Gym, or contact the authors of your software and request that they upgrade.
Users of this version of Gym should be able to simply replace 'import gym' with 'import gymnasium as gym' in the vast majority of cases.
See the migration guide at https://gymnasium.farama.org/introduction/migration_guide/ for additional information.
Gym has been unmaintained since 2022 and does not support NumPy 2.0 amongst other critical functionality.
Please upgrade to Gymnasium, the maintained drop-in replacement of Gym, or contact the authors of your software and request that they upgrade.
Users of this version of Gym should be able to simply replace 'import gym' with 'import gymnasium as gym' in the vast majority of cases.
See the migration guide at https://gymnasium.farama.org/introduction/migration_guide/ for additional information.
Gym has been unmaintained since 2022 and does not support NumPy 2.0 amongst other critical functionality.
Please upgrade to Gymnasium, the maintained drop-in replacement of Gym, or contact the authors of your software and request that they upgrade.
Users of this version of Gym should be able to simply replace 'import gym' with 'import gymnasium as gym' in the vast majority of cases.
See the migration guide at https://gymnasium.farama.org/introduction/migration_guide/ for additional information.
Gym has been unmaintained since 2022 and does not support NumPy 2.0 amongst other critical functionality.
Please upgrade to Gymnasium, the maintained drop-in replacement of Gym, or contact the authors of your software and request that they upgrade.
Users of this version of Gym should be able to simply replace 'import gym' with 'import gymnasium as gym' in the vast majority of cases.
See the migration guide at https://gymnasium.farama.org/introduction/migration_guide/ for additional information.
Gym has been unmaintained since 2022 and does not support NumPy 2.0 amongst other critical functionality.
Please upgrade to Gymnasium, the maintained drop-in replacement of Gym, or contact the authors of your software and request that they upgrade.
Users of this version of Gym should be able to simply replace 'import gym' with 'import gymnasium as gym' in the vast majority of cases.
See the migration guide at https://gymnasium.farama.org/introduction/migration_guide/ for additional information.
Gym has been unmaintained since 2022 and does not support NumPy 2.0 amongst other critical functionality.
Please upgrade to Gymnasium, the maintained drop-in replacement of Gym, or contact the authors of your software and request that they upgrade.
Users of this version of Gym should be able to simply replace 'import gym' with 'import gymnasium as gym' in the vast majority of cases.
See the migration guide at https://gymnasium.farama.org/introduction/migration_guide/ for additional information.
Gym has been unmaintained since 2022 and does not support NumPy 2.0 amongst other critical functionality.
Please upgrade to Gymnasium, the maintained drop-in replacement of Gym, or contact the authors of your software and request that they upgrade.
Users of this version of Gym should be able to simply replace 'import gym' with 'import gymnasium as gym' in the vast majority of cases.
See the migration guide at https://gymnasium.farama.org/introduction/migration_guide/ for additional information.
Gym has been unmaintained since 2022 and does not support NumPy 2.0 amongst other critical functionality.
Please upgrade to Gymnasium, the maintained drop-in replacement of Gym, or contact the authors of your software and request that they upgrade.
Users of this version of Gym should be able to simply replace 'import gym' with 'import gymnasium as gym' in the vast majority of cases.
See the migration guide at https://gymnasium.farama.org/introduction/migration_guide/ for additional information.
Gym has been unmaintained since 2022 and does not support NumPy 2.0 amongst other critical functionality.
Please upgrade to Gymnasium, the maintained drop-in replacement of Gym, or contact the authors of your software and request that they upgrade.
Users of this version of Gym should be able to simply replace 'import gym' with 'import gymnasium as gym' in the vast majority of cases.
See the migration guide at https://gymnasium.farama.org/introduction/migration_guide/ for additional information.
Gym has been unmaintained since 2022 and does not support NumPy 2.0 amongst other critical functionality.
Please upgrade to Gymnasium, the maintained drop-in replacement of Gym, or contact the authors of your software and request that they upgrade.
Users of this version of Gym should be able to simply replace 'import gym' with 'import gymnasium as gym' in the vast majority of cases.
See the migration guide at https://gymnasium.farama.org/introduction/migration_guide/ for additional information.
Gym has been unmaintained since 2022 and does not support NumPy 2.0 amongst other critical functionality.
Please upgrade to Gymnasium, the maintained drop-in replacement of Gym, or contact the authors of your software and request that they upgrade.
Users of this version of Gym should be able to simply replace 'import gym' with 'import gymnasium as gym' in the vast majority of cases.
See the migration guide at https://gymnasium.farama.org/introduction/migration_guide/ for additional information.
Gym has been unmaintained since 2022 and does not support NumPy 2.0 amongst other critical functionality.
Please upgrade to Gymnasium, the maintained drop-in replacement of Gym, or contact the authors of your software and request that they upgrade.
Users of this version of Gym should be able to simply replace 'import gym' with 'import gymnasium as gym' in the vast majority of cases.
See the migration guide at https://gymnasium.farama.org/introduction/migration_guide/ for additional information.
Gym has been unmaintained since 2022 and does not support NumPy 2.0 amongst other critical functionality.
Please upgrade to Gymnasium, the maintained drop-in replacement of Gym, or contact the authors of your software and request that they upgrade.
Users of this version of Gym should be able to simply replace 'import gym' with 'import gymnasium as gym' in the vast majority of cases.
See the migration guide at https://gymnasium.farama.org/introduction/migration_guide/ for additional information.
Gym has been unmaintained since 2022 and does not support NumPy 2.0 amongst other critical functionality.
Please upgrade to Gymnasium, the maintained drop-in replacement of Gym, or contact the authors of your software and request that they upgrade.
Users of this version of Gym should be able to simply replace 'import gym' with 'import gymnasium as gym' in the vast majority of cases.
See the migration guide at https://gymnasium.farama.org/introduction/migration_guide/ for additional information.
Gym has been unmaintained since 2022 and does not support NumPy 2.0 amongst other critical functionality.
Please upgrade to Gymnasium, the maintained drop-in replacement of Gym, or contact the authors of your software and request that they upgrade.
Users of this version of Gym should be able to simply replace 'import gym' with 'import gymnasium as gym' in the vast majority of cases.
See the migration guide at https://gymnasium.farama.org/introduction/migration_guide/ for additional information.
[29580:MainThread](2026-05-26 23:39:39,392) INFO - qlib.Initialization - [config.py:452] - default_conf: client.
[29580:MainThread](2026-05-26 23:39:39,394) INFO - qlib.Initialization - [__init__.py:75] - qlib successfully initialized based on client settings.
[29580:MainThread](2026-05-26 23:39:39,399) INFO - qlib.Initialization - [__init__.py:77] - data_path={'__DEFAULT_FREQ': WindowsPath('C:/Users/60585/.qlib/qlib_data/cn_data')}
[35092:MainThread](2026-05-26 23:39:39,399) INFO - qlib.Initialization - [config.py:452] - default_conf: client.
[37968:MainThread](2026-05-26 23:39:39,402) INFO - qlib.Initialization - [config.py:452] - default_conf: client.
[35092:MainThread](2026-05-26 23:39:39,404) INFO - qlib.Initialization - [__init__.py:75] - qlib successfully initialized based on client settings.
[35092:MainThread](2026-05-26 23:39:39,405) INFO - qlib.Initialization - [__init__.py:77] - data_path={'__DEFAULT_FREQ': WindowsPath('C:/Users/60585/.qlib/qlib_data/cn_data')}
[37968:MainThread](2026-05-26 23:39:39,407) INFO - qlib.Initialization - [__init__.py:75] - qlib successfully initialized based on client settings.
[37968:MainThread](2026-05-26 23:39:39,407) INFO - qlib.Initialization - [__init__.py:77] - data_path={'__DEFAULT_FREQ': WindowsPath('C:/Users/60585/.qlib/qlib_data/cn_data')}
[7608:MainThread](2026-05-26 23:39:39,423) INFO - qlib.Initialization - [config.py:452] - default_conf: client.
[7608:MainThread](2026-05-26 23:39:39,428) INFO - qlib.Initialization - [__init__.py:75] - qlib successfully initialized based on client settings.
[7608:MainThread](2026-05-26 23:39:39,428) INFO - qlib.Initialization - [__init__.py:77] - data_path={'__DEFAULT_FREQ': WindowsPath('C:/Users/60585/.qlib/qlib_data/cn_data')}
[39876:MainThread](2026-05-26 23:39:39,434) INFO - qlib.Initialization - [config.py:452] - default_conf: client.
[28240:MainThread](2026-05-26 23:39:39,436) INFO - qlib.Initialization - [config.py:452] - default_conf: client.
[39876:MainThread](2026-05-26 23:39:39,437) INFO - qlib.Initialization - [__init__.py:75] - qlib successfully initialized based on client settings.
[39876:MainThread](2026-05-26 23:39:39,439) INFO - qlib.Initialization - [__init__.py:77] - data_path={'__DEFAULT_FREQ': WindowsPath('C:/Users/60585/.qlib/qlib_data/cn_data')}
[28240:MainThread](2026-05-26 23:39:39,442) INFO - qlib.Initialization - [__init__.py:75] - qlib successfully initialized based on client settings.
[28240:MainThread](2026-05-26 23:39:39,442) INFO - qlib.Initialization - [__init__.py:77] - data_path={'__DEFAULT_FREQ': WindowsPath('C:/Users/60585/.qlib/qlib_data/cn_data')}
[21296:MainThread](2026-05-26 23:39:39,442) INFO - qlib.Initialization - [config.py:452] - default_conf: client.
[21296:MainThread](2026-05-26 23:39:39,446) INFO - qlib.Initialization - [__init__.py:75] - qlib successfully initialized based on client settings.
[21296:MainThread](2026-05-26 23:39:39,446) INFO - qlib.Initialization - [__init__.py:77] - data_path={'__DEFAULT_FREQ': WindowsPath('C:/Users/60585/.qlib/qlib_data/cn_data')}
[29620:MainThread](2026-05-26 23:39:39,446) INFO - qlib.Initialization - [config.py:452] - default_conf: client.
[29620:MainThread](2026-05-26 23:39:39,451) INFO - qlib.Initialization - [__init__.py:75] - qlib successfully initialized based on client settings.
[29620:MainThread](2026-05-26 23:39:39,453) INFO - qlib.Initialization - [__init__.py:77] - data_path={'__DEFAULT_FREQ': WindowsPath('C:/Users/60585/.qlib/qlib_data/cn_data')}
[34184:MainThread](2026-05-26 23:39:39,461) INFO - qlib.Initialization - [config.py:452] - default_conf: client.
[34184:MainThread](2026-05-26 23:39:39,464) INFO - qlib.Initialization - [__init__.py:75] - qlib successfully initialized based on client settings.
[34184:MainThread](2026-05-26 23:39:39,464) INFO - qlib.Initialization - [__init__.py:77] - data_path={'__DEFAULT_FREQ': WindowsPath('C:/Users/60585/.qlib/qlib_data/cn_data')}
[7988:MainThread](2026-05-26 23:39:39,471) INFO - qlib.Initialization - [config.py:452] - default_conf: client.
[7988:MainThread](2026-05-26 23:39:39,477) INFO - qlib.Initialization - [__init__.py:75] - qlib successfully initialized based on client settings.
[7988:MainThread](2026-05-26 23:39:39,477) INFO - qlib.Initialization - [__init__.py:77] - data_path={'__DEFAULT_FREQ': WindowsPath('C:/Users/60585/.qlib/qlib_data/cn_data')}
[20260:MainThread](2026-05-26 23:39:39,479) INFO - qlib.Initialization - [config.py:452] - default_conf: client.
[16016:MainThread](2026-05-26 23:39:39,485) INFO - qlib.Initialization - [config.py:452] - default_conf: client.
[20260:MainThread](2026-05-26 23:39:39,487) INFO - qlib.Initialization - [__init__.py:75] - qlib successfully initialized based on client settings.
[36744:MainThread](2026-05-26 23:39:39,487) INFO - qlib.Initialization - [config.py:452] - default_conf: client.
[34220:MainThread](2026-05-26 23:39:39,487) INFO - qlib.Initialization - [config.py:452] - default_conf: client.
[20260:MainThread](2026-05-26 23:39:39,487) INFO - qlib.Initialization - [__init__.py:77] - data_path={'__DEFAULT_FREQ': WindowsPath('C:/Users/60585/.qlib/qlib_data/cn_data')}
[15632:MainThread](2026-05-26 23:39:39,489) INFO - qlib.Initialization - [config.py:452] - default_conf: client.
[16016:MainThread](2026-05-26 23:39:39,490) INFO - qlib.Initialization - [__init__.py:75] - qlib successfully initialized based on client settings.
[36744:MainThread](2026-05-26 23:39:39,490) INFO - qlib.Initialization - [__init__.py:75] - qlib successfully initialized based on client settings.
[37348:MainThread](2026-05-26 23:39:39,490) INFO - qlib.Initialization - [config.py:452] - default_conf: client.
[16016:MainThread](2026-05-26 23:39:39,490) INFO - qlib.Initialization - [__init__.py:77] - data_path={'__DEFAULT_FREQ': WindowsPath('C:/Users/60585/.qlib/qlib_data/cn_data')}
[36744:MainThread](2026-05-26 23:39:39,490) INFO - qlib.Initialization - [__init__.py:77] - data_path={'__DEFAULT_FREQ': WindowsPath('C:/Users/60585/.qlib/qlib_data/cn_data')}
[34220:MainThread](2026-05-26 23:39:39,490) INFO - qlib.Initialization - [__init__.py:75] - qlib successfully initialized based on client settings.
[34220:MainThread](2026-05-26 23:39:39,490) INFO - qlib.Initialization - [__init__.py:77] - data_path={'__DEFAULT_FREQ': WindowsPath('C:/Users/60585/.qlib/qlib_data/cn_data')}
[15632:MainThread](2026-05-26 23:39:39,490) INFO - qlib.Initialization - [__init__.py:75] - qlib successfully initialized based on client settings.
[15632:MainThread](2026-05-26 23:39:39,493) INFO - qlib.Initialization - [__init__.py:77] - data_path={'__DEFAULT_FREQ': WindowsPath('C:/Users/60585/.qlib/qlib_data/cn_data')}
[37348:MainThread](2026-05-26 23:39:39,495) INFO - qlib.Initialization - [__init__.py:75] - qlib successfully initialized based on client settings.
[37348:MainThread](2026-05-26 23:39:39,495) INFO - qlib.Initialization - [__init__.py:77] - data_path={'__DEFAULT_FREQ': WindowsPath('C:/Users/60585/.qlib/qlib_data/cn_data')}
[33036:MainThread](2026-05-26 23:39:39,495) INFO - qlib.Initialization - [config.py:452] - default_conf: client.
[33036:MainThread](2026-05-26 23:39:39,501) INFO - qlib.Initialization - [__init__.py:75] - qlib successfully initialized based on client settings.
[34120:MainThread](2026-05-26 23:39:39,501) INFO - qlib.Initialization - [config.py:452] - default_conf: client.
[33036:MainThread](2026-05-26 23:39:39,502) INFO - qlib.Initialization - [__init__.py:77] - data_path={'__DEFAULT_FREQ': WindowsPath('C:/Users/60585/.qlib/qlib_data/cn_data')}
[34120:MainThread](2026-05-26 23:39:39,507) INFO - qlib.Initialization - [__init__.py:75] - qlib successfully initialized based on client settings.
[34120:MainThread](2026-05-26 23:39:39,509) INFO - qlib.Initialization - [__init__.py:77] - data_path={'__DEFAULT_FREQ': WindowsPath('C:/Users/60585/.qlib/qlib_data/cn_data')}
Gym has been unmaintained since 2022 and does not support NumPy 2.0 amongst other critical functionality.
Please upgrade to Gymnasium, the maintained drop-in replacement of Gym, or contact the authors of your software and request that they upgrade.
Users of this version of Gym should be able to simply replace 'import gym' with 'import gymnasium as gym' in the vast majority of cases.
See the migration guide at https://gymnasium.farama.org/introduction/migration_guide/ for additional information.
Gym has been unmaintained since 2022 and does not support NumPy 2.0 amongst other critical functionality.
Please upgrade to Gymnasium, the maintained drop-in replacement of Gym, or contact the authors of your software and request that they upgrade.
Users of this version of Gym should be able to simply replace 'import gym' with 'import gymnasium as gym' in the vast majority of cases.
See the migration guide at https://gymnasium.farama.org/introduction/migration_guide/ for additional information.
Gym has been unmaintained since 2022 and does not support NumPy 2.0 amongst other critical functionality.
Please upgrade to Gymnasium, the maintained drop-in replacement of Gym, or contact the authors of your software and request that they upgrade.
Users of this version of Gym should be able to simply replace 'import gym' with 'import gymnasium as gym' in the vast majority of cases.
See the migration guide at https://gymnasium.farama.org/introduction/migration_guide/ for additional information.
Gym has been unmaintained since 2022 and does not support NumPy 2.0 amongst other critical functionality.
Please upgrade to Gymnasium, the maintained drop-in replacement of Gym, or contact the authors of your software and request that they upgrade.
Users of this version of Gym should be able to simply replace 'import gym' with 'import gymnasium as gym' in the vast majority of cases.
See the migration guide at https://gymnasium.farama.org/introduction/migration_guide/ for additional information.
Gym has been unmaintained since 2022 and does not support NumPy 2.0 amongst other critical functionality.
Please upgrade to Gymnasium, the maintained drop-in replacement of Gym, or contact the authors of your software and request that they upgrade.
Users of this version of Gym should be able to simply replace 'import gym' with 'import gymnasium as gym' in the vast majority of cases.
See the migration guide at https://gymnasium.farama.org/introduction/migration_guide/ for additional information.
Gym has been unmaintained since 2022 and does not support NumPy 2.0 amongst other critical functionality.
Please upgrade to Gymnasium, the maintained drop-in replacement of Gym, or contact the authors of your software and request that they upgrade.
Users of this version of Gym should be able to simply replace 'import gym' with 'import gymnasium as gym' in the vast majority of cases.
See the migration guide at https://gymnasium.farama.org/introduction/migration_guide/ for additional information.
Gym has been unmaintained since 2022 and does not support NumPy 2.0 amongst other critical functionality.
Please upgrade to Gymnasium, the maintained drop-in replacement of Gym, or contact the authors of your software and request that they upgrade.
Users of this version of Gym should be able to simply replace 'import gym' with 'import gymnasium as gym' in the vast majority of cases.
See the migration guide at https://gymnasium.farama.org/introduction/migration_guide/ for additional information.
Gym has been unmaintained since 2022 and does not support NumPy 2.0 amongst other critical functionality.
Please upgrade to Gymnasium, the maintained drop-in replacement of Gym, or contact the authors of your software and request that they upgrade.
Users of this version of Gym should be able to simply replace 'import gym' with 'import gymnasium as gym' in the vast majority of cases.
See the migration guide at https://gymnasium.farama.org/introduction/migration_guide/ for additional information.
Gym has been unmaintained since 2022 and does not support NumPy 2.0 amongst other critical functionality.
Please upgrade to Gymnasium, the maintained drop-in replacement of Gym, or contact the authors of your software and request that they upgrade.
Users of this version of Gym should be able to simply replace 'import gym' with 'import gymnasium as gym' in the vast majority of cases.
See the migration guide at https://gymnasium.farama.org/introduction/migration_guide/ for additional information.
Gym has been unmaintained since 2022 and does not support NumPy 2.0 amongst other critical functionality.
Please upgrade to Gymnasium, the maintained drop-in replacement of Gym, or contact the authors of your software and request that they upgrade.
Users of this version of Gym should be able to simply replace 'import gym' with 'import gymnasium as gym' in the vast majority of cases.
See the migration guide at https://gymnasium.farama.org/introduction/migration_guide/ for additional information.
Gym has been unmaintained since 2022 and does not support NumPy 2.0 amongst other critical functionality.
Please upgrade to Gymnasium, the maintained drop-in replacement of Gym, or contact the authors of your software and request that they upgrade.
Users of this version of Gym should be able to simply replace 'import gym' with 'import gymnasium as gym' in the vast majority of cases.
See the migration guide at https://gymnasium.farama.org/introduction/migration_guide/ for additional information.
Gym has been unmaintained since 2022 and does not support NumPy 2.0 amongst other critical functionality.
Please upgrade to Gymnasium, the maintained drop-in replacement of Gym, or contact the authors of your software and request that they upgrade.
Users of this version of Gym should be able to simply replace 'import gym' with 'import gymnasium as gym' in the vast majority of cases.
See the migration guide at https://gymnasium.farama.org/introduction/migration_guide/ for additional information.
Gym has been unmaintained since 2022 and does not support NumPy 2.0 amongst other critical functionality.
Please upgrade to Gymnasium, the maintained drop-in replacement of Gym, or contact the authors of your software and request that they upgrade.
Users of this version of Gym should be able to simply replace 'import gym' with 'import gymnasium as gym' in the vast majority of cases.
See the migration guide at https://gymnasium.farama.org/introduction/migration_guide/ for additional information.
Gym has been unmaintained since 2022 and does not support NumPy 2.0 amongst other critical functionality.
Please upgrade to Gymnasium, the maintained drop-in replacement of Gym, or contact the authors of your software and request that they upgrade.
Users of this version of Gym should be able to simply replace 'import gym' with 'import gymnasium as gym' in the vast majority of cases.
See the migration guide at https://gymnasium.farama.org/introduction/migration_guide/ for additional information.
Gym has been unmaintained since 2022 and does not support NumPy 2.0 amongst other critical functionality.
Please upgrade to Gymnasium, the maintained drop-in replacement of Gym, or contact the authors of your software and request that they upgrade.
Users of this version of Gym should be able to simply replace 'import gym' with 'import gymnasium as gym' in the vast majority of cases.
See the migration guide at https://gymnasium.farama.org/introduction/migration_guide/ for additional information.
Gym has been unmaintained since 2022 and does not support NumPy 2.0 amongst other critical functionality.
Please upgrade to Gymnasium, the maintained drop-in replacement of Gym, or contact the authors of your software and request that they upgrade.
Users of this version of Gym should be able to simply replace 'import gym' with 'import gymnasium as gym' in the vast majority of cases.
See the migration guide at https://gymnasium.farama.org/introduction/migration_guide/ for additional information.
Gym has been unmaintained since 2022 and does not support NumPy 2.0 amongst other critical functionality.
Please upgrade to Gymnasium, the maintained drop-in replacement of Gym, or contact the authors of your software and request that they upgrade.
Users of this version of Gym should be able to simply replace 'import gym' with 'import gymnasium as gym' in the vast majority of cases.
See the migration guide at https://gymnasium.farama.org/introduction/migration_guide/ for additional information.
Gym has been unmaintained since 2022 and does not support NumPy 2.0 amongst other critical functionality.
Please upgrade to Gymnasium, the maintained drop-in replacement of Gym, or contact the authors of your software and request that they upgrade.
Users of this version of Gym should be able to simply replace 'import gym' with 'import gymnasium as gym' in the vast majority of cases.
See the migration guide at https://gymnasium.farama.org/introduction/migration_guide/ for additional information.
[39480:MainThread](2026-05-26 23:39:55,890) INFO - qlib.Initialization - [config.py:452] - default_conf: client.
[39480:MainThread](2026-05-26 23:39:55,897) INFO - qlib.Initialization - [__init__.py:75] - qlib successfully initialized based on client settings.
[39480:MainThread](2026-05-26 23:39:55,897) INFO - qlib.Initialization - [__init__.py:77] - data_path={'__DEFAULT_FREQ': WindowsPath('C:/Users/60585/.qlib/qlib_data/cn_data')}
[26116:MainThread](2026-05-26 23:39:55,899) INFO - qlib.Initialization - [config.py:452] - default_conf: client.
[38200:MainThread](2026-05-26 23:39:55,902) INFO - qlib.Initialization - [config.py:452] - default_conf: client.
[26116:MainThread](2026-05-26 23:39:55,906) INFO - qlib.Initialization - [__init__.py:75] - qlib successfully initialized based on client settings.
[26116:MainThread](2026-05-26 23:39:55,906) INFO - qlib.Initialization - [__init__.py:77] - data_path={'__DEFAULT_FREQ': WindowsPath('C:/Users/60585/.qlib/qlib_data/cn_data')}
[38200:MainThread](2026-05-26 23:39:55,907) INFO - qlib.Initialization - [__init__.py:75] - qlib successfully initialized based on client settings.
[14256:MainThread](2026-05-26 23:39:55,907) INFO - qlib.Initialization - [config.py:452] - default_conf: client.
[38200:MainThread](2026-05-26 23:39:55,907) INFO - qlib.Initialization - [__init__.py:77] - data_path={'__DEFAULT_FREQ': WindowsPath('C:/Users/60585/.qlib/qlib_data/cn_data')}
[30916:MainThread](2026-05-26 23:39:55,913) INFO - qlib.Initialization - [config.py:452] - default_conf: client.
[14256:MainThread](2026-05-26 23:39:55,913) INFO - qlib.Initialization - [__init__.py:75] - qlib successfully initialized based on client settings.
[14256:MainThread](2026-05-26 23:39:55,915) INFO - qlib.Initialization - [__init__.py:77] - data_path={'__DEFAULT_FREQ': WindowsPath('C:/Users/60585/.qlib/qlib_data/cn_data')}
[30916:MainThread](2026-05-26 23:39:55,918) INFO - qlib.Initialization - [__init__.py:75] - qlib successfully initialized based on client settings.
[30916:MainThread](2026-05-26 23:39:55,919) INFO - qlib.Initialization - [__init__.py:77] - data_path={'__DEFAULT_FREQ': WindowsPath('C:/Users/60585/.qlib/qlib_data/cn_data')}
[31812:MainThread](2026-05-26 23:39:55,945) INFO - qlib.Initialization - [config.py:452] - default_conf: client.
[11356:MainThread](2026-05-26 23:39:55,945) INFO - qlib.Initialization - [config.py:452] - default_conf: client.
[35512:MainThread](2026-05-26 23:39:55,945) INFO - qlib.Initialization - [config.py:452] - default_conf: client.
[11964:MainThread](2026-05-26 23:39:55,948) INFO - qlib.Initialization - [config.py:452] - default_conf: client.
[7760:MainThread](2026-05-26 23:39:55,948) INFO - qlib.Initialization - [config.py:452] - default_conf: client.
[18512:MainThread](2026-05-26 23:39:55,950) INFO - qlib.Initialization - [config.py:452] - default_conf: client.
[11356:MainThread](2026-05-26 23:39:55,952) INFO - qlib.Initialization - [__init__.py:75] - qlib successfully initialized based on client settings.
[31812:MainThread](2026-05-26 23:39:55,952) INFO - qlib.Initialization - [__init__.py:75] - qlib successfully initialized based on client settings.
[11356:MainThread](2026-05-26 23:39:55,952) INFO - qlib.Initialization - [__init__.py:77] - data_path={'__DEFAULT_FREQ': WindowsPath('C:/Users/60585/.qlib/qlib_data/cn_data')}
[35512:MainThread](2026-05-26 23:39:55,952) INFO - qlib.Initialization - [__init__.py:75] - qlib successfully initialized based on client settings.
[31812:MainThread](2026-05-26 23:39:55,952) INFO - qlib.Initialization - [__init__.py:77] - data_path={'__DEFAULT_FREQ': WindowsPath('C:/Users/60585/.qlib/qlib_data/cn_data')}
[11964:MainThread](2026-05-26 23:39:55,952) INFO - qlib.Initialization - [__init__.py:75] - qlib successfully initialized based on client settings.
[35512:MainThread](2026-05-26 23:39:55,952) INFO - qlib.Initialization - [__init__.py:77] - data_path={'__DEFAULT_FREQ': WindowsPath('C:/Users/60585/.qlib/qlib_data/cn_data')}
[11964:MainThread](2026-05-26 23:39:55,952) INFO - qlib.Initialization - [__init__.py:77] - data_path={'__DEFAULT_FREQ': WindowsPath('C:/Users/60585/.qlib/qlib_data/cn_data')}
[7760:MainThread](2026-05-26 23:39:55,952) INFO - qlib.Initialization - [__init__.py:75] - qlib successfully initialized based on client settings.
[18512:MainThread](2026-05-26 23:39:55,954) INFO - qlib.Initialization - [__init__.py:75] - qlib successfully initialized based on client settings.
[7760:MainThread](2026-05-26 23:39:55,954) INFO - qlib.Initialization - [__init__.py:77] - data_path={'__DEFAULT_FREQ': WindowsPath('C:/Users/60585/.qlib/qlib_data/cn_data')}
[18512:MainThread](2026-05-26 23:39:55,954) INFO - qlib.Initialization - [__init__.py:77] - data_path={'__DEFAULT_FREQ': WindowsPath('C:/Users/60585/.qlib/qlib_data/cn_data')}
[3124:MainThread](2026-05-26 23:39:55,956) INFO - qlib.Initialization - [config.py:452] - default_conf: client.
[3124:MainThread](2026-05-26 23:39:55,963) INFO - qlib.Initialization - [__init__.py:75] - qlib successfully initialized based on client settings.
[3124:MainThread](2026-05-26 23:39:55,963) INFO - qlib.Initialization - [__init__.py:77] - data_path={'__DEFAULT_FREQ': WindowsPath('C:/Users/60585/.qlib/qlib_data/cn_data')}
[30408:MainThread](2026-05-26 23:39:55,968) INFO - qlib.Initialization - [config.py:452] - default_conf: client.
[36528:MainThread](2026-05-26 23:39:55,970) INFO - qlib.Initialization - [config.py:452] - default_conf: client.
[30408:MainThread](2026-05-26 23:39:55,972) INFO - qlib.Initialization - [__init__.py:75] - qlib successfully initialized based on client settings.
[30408:MainThread](2026-05-26 23:39:55,974) INFO - qlib.Initialization - [__init__.py:77] - data_path={'__DEFAULT_FREQ': WindowsPath('C:/Users/60585/.qlib/qlib_data/cn_data')}
[36528:MainThread](2026-05-26 23:39:55,974) INFO - qlib.Initialization - [__init__.py:75] - qlib successfully initialized based on client settings.
[36528:MainThread](2026-05-26 23:39:55,976) INFO - qlib.Initialization - [__init__.py:77] - data_path={'__DEFAULT_FREQ': WindowsPath('C:/Users/60585/.qlib/qlib_data/cn_data')}
[18668:MainThread](2026-05-26 23:39:55,982) INFO - qlib.Initialization - [config.py:452] - default_conf: client.
[18668:MainThread](2026-05-26 23:39:55,986) INFO - qlib.Initialization - [__init__.py:75] - qlib successfully initialized based on client settings.
[18668:MainThread](2026-05-26 23:39:55,986) INFO - qlib.Initialization - [__init__.py:77] - data_path={'__DEFAULT_FREQ': WindowsPath('C:/Users/60585/.qlib/qlib_data/cn_data')}
[36192:MainThread](2026-05-26 23:39:55,992) INFO - qlib.Initialization - [config.py:452] - default_conf: client.
[33556:MainThread](2026-05-26 23:39:55,996) INFO - qlib.Initialization - [config.py:452] - default_conf: client.
[36192:MainThread](2026-05-26 23:39:55,997) INFO - qlib.Initialization - [__init__.py:75] - qlib successfully initialized based on client settings.
[36192:MainThread](2026-05-26 23:39:55,997) INFO - qlib.Initialization - [__init__.py:77] - data_path={'__DEFAULT_FREQ': WindowsPath('C:/Users/60585/.qlib/qlib_data/cn_data')}
[33556:MainThread](2026-05-26 23:39:56,001) INFO - qlib.Initialization - [__init__.py:75] - qlib successfully initialized based on client settings.
[33556:MainThread](2026-05-26 23:39:56,002) INFO - qlib.Initialization - [__init__.py:77] - data_path={'__DEFAULT_FREQ': WindowsPath('C:/Users/60585/.qlib/qlib_data/cn_data')}
[39208:MainThread](2026-05-26 23:39:56,002) INFO - qlib.Initialization - [config.py:452] - default_conf: client.
[39208:MainThread](2026-05-26 23:39:56,006) INFO - qlib.Initialization - [__init__.py:75] - qlib successfully initialized based on client settings.
[39208:MainThread](2026-05-26 23:39:56,007) INFO - qlib.Initialization - [__init__.py:77] - data_path={'__DEFAULT_FREQ': WindowsPath('C:/Users/60585/.qlib/qlib_data/cn_data')}
[38748:MainThread](2026-05-26 23:39:56,772) INFO - qlib.timer - [log.py:127] - Time cost: 21.482s | Loading data Done
[38748:MainThread](2026-05-26 23:40:00,935) INFO - qlib.timer - [log.py:127] - Time cost: 3.861s | RobustZScoreNorm Done
[38748:MainThread](2026-05-26 23:40:01,708) INFO - qlib.timer - [log.py:127] - Time cost: 0.773s | Fillna Done
[38748:MainThread](2026-05-26 23:40:02,190) INFO - qlib.timer - [log.py:127] - Time cost: 0.155s | DropnaLabel Done
[38748:MainThread](2026-05-26 23:40:07,040) INFO - qlib.timer - [log.py:127] - Time cost: 4.850s | CSZScoreNorm Done
[38748:MainThread](2026-05-26 23:40:07,059) INFO - qlib.timer - [log.py:127] - Time cost: 10.288s | fit & process data Done
[38748:MainThread](2026-05-26 23:40:07,059) INFO - qlib.timer - [log.py:127] - Time cost: 31.769s | Init data Done
C:\Users\60585\PycharmProjects\qibMacV2\module\model_adapter.py:206: FutureWarning: `torch.cuda.amp.GradScaler(args...)` is deprecated. Please use `torch.amp.GradScaler('cuda', args...)` instead.
  self.scaler = torch.cuda.amp.GradScaler(enabled=True)
C:\Users\60585\miniconda3\envs\quantEnv\lib\site-packages\mlflow\tracking\_tracking_service\utils.py:140: FutureWarning: Filesystem tracking backend (e.g., './mlruns') is deprecated. Please switch to a database backend (e.g., 'sqlite:///mlflow.db'). For feedback, see: https://github.com/mlflow/mlflow/issues/18534
  return FileStore(store_uri, store_uri)
[38748:MainThread](2026-05-26 23:40:11,279) WARNING - qlib.workflow - [expm.py:231] - No valid experiment found. Create a new experiment with name Official_Alignment_RST_MoE_loss-mse_d64_l2_ff128_ctx8_embft_time1_decay1_film1_fgs1.0_fsh0.2_rSum1_rModelearned_featSel0_mseNorm0_macro1_mDrop0.1_pool0.7_msmarket_state_csi300_settingtau_scale_50.
[38748:MainThread](2026-05-26 23:40:11,307) INFO - qlib.workflow - [exp.py:258] - Experiment 329550521121782932 starts running ...
[38748:MainThread](2026-05-26 23:40:11,827) INFO - qlib.workflow - [recorder.py:345] - Recorder d96fd2289b7b414bb4a16d0f0ea935d6 starts running under Experiment 329550521121782932 ...
warning: in the working copy of 'module/architecture/moe_block.py', LF will be replaced by CRLF the next time Git touches it
warning: in the working copy of 'module/dataloader/sampler.py', LF will be replaced by CRLF the next time Git touches it
warning: in the working copy of 'module/model_adapter.py', LF will be replaced by CRLF the next time Git touches it
warning: in the working copy of 'work_flow.py', LF will be replaced by CRLF the next time Git touches it
C:\Users\60585\miniconda3\envs\quantEnv\lib\site-packages\torch\autograd\graph.py:825: UserWarning: Memory Efficient attention defaults to a non-deterministic algorithm. To explicitly enable determinism call torch.use_deterministic_algorithms(True, warn_only=False). (Triggered internally at C:\actions-runner\_work\pytorch\pytorch\builder\windows\pytorch\aten\src\ATen\native\transformers\cuda\attention_backward.cu:657.)
  return Variable._execution_engine.run_backward(  # Calls into the C++ engine to run the backward pass
[38748:MainThread](2026-05-27 07:55:13,344) INFO - qlib.workflow - [record_temp.py:198] - Signal record 'pred.pkl' has been saved as the artifact of the Experiment 329550521121782932
Downloading artifacts:   0%|          | 0/1 [00:00<?, ?it/s]Downloading artifacts:   0%|          | 0/1 [00:00<?, ?it/s]
Downloading artifacts:   0%|          | 0/1 [00:00<?, ?it/s]Downloading artifacts: 100%|██████████| 1/1 [00:00<00:00, 141.47it/s]Downloading artifacts: 100%|██████████| 1/1 [00:00<00:00, 141.47it/s]
Downloading artifacts:   0%|          | 0/1 [00:00<?, ?it/s]Downloading artifacts:   0%|          | 0/1 [00:00<?, ?it/s]
Downloading artifacts:   0%|          | 0/1 [00:00<?, ?it/s]Downloading artifacts: 100%|██████████| 1/1 [00:00<00:00, 493.04it/s]Downloading artifacts: 100%|██████████| 1/1 [00:00<00:00, 493.04it/s]
Downloading artifacts:   0%|          | 0/1 [00:00<?, ?it/s]Downloading artifacts: 100%|██████████| 1/1 [00:00<?, ?it/s]Downloading artifacts: 100%|██████████| 1/1 [00:00<?, ?it/s]
Downloading artifacts:   0%|          | 0/1 [00:00<?, ?it/s]Downloading artifacts:   0%|          | 0/1 [00:00<?, ?it/s]
Downloading artifacts:   0%|          | 0/1 [00:00<?, ?it/s]Downloading artifacts: 100%|██████████| 1/1 [00:00<00:00, 408.84it/s]Downloading artifacts: 100%|██████████| 1/1 [00:00<00:00, 408.84it/s]
[38748:MainThread](2026-05-27 07:55:14,780) INFO - qlib.backtest caller - [__init__.py:93] - Create new exchange
Gym has been unmaintained since 2022 and does not support NumPy 2.0 amongst other critical functionality.
Please upgrade to Gymnasium, the maintained drop-in replacement of Gym, or contact the authors of your software and request that they upgrade.
Users of this version of Gym should be able to simply replace 'import gym' with 'import gymnasium as gym' in the vast majority of cases.
See the migration guide at https://gymnasium.farama.org/introduction/migration_guide/ for additional information.
Gym has been unmaintained since 2022 and does not support NumPy 2.0 amongst other critical functionality.
Please upgrade to Gymnasium, the maintained drop-in replacement of Gym, or contact the authors of your software and request that they upgrade.
Users of this version of Gym should be able to simply replace 'import gym' with 'import gymnasium as gym' in the vast majority of cases.
See the migration guide at https://gymnasium.farama.org/introduction/migration_guide/ for additional information.
Gym has been unmaintained since 2022 and does not support NumPy 2.0 amongst other critical functionality.
Please upgrade to Gymnasium, the maintained drop-in replacement of Gym, or contact the authors of your software and request that they upgrade.
Users of this version of Gym should be able to simply replace 'import gym' with 'import gymnasium as gym' in the vast majority of cases.
See the migration guide at https://gymnasium.farama.org/introduction/migration_guide/ for additional information.
Gym has been unmaintained since 2022 and does not support NumPy 2.0 amongst other critical functionality.
Please upgrade to Gymnasium, the maintained drop-in replacement of Gym, or contact the authors of your software and request that they upgrade.
Users of this version of Gym should be able to simply replace 'import gym' with 'import gymnasium as gym' in the vast majority of cases.
See the migration guide at https://gymnasium.farama.org/introduction/migration_guide/ for additional information.
Gym has been unmaintained since 2022 and does not support NumPy 2.0 amongst other critical functionality.
Please upgrade to Gymnasium, the maintained drop-in replacement of Gym, or contact the authors of your software and request that they upgrade.
Users of this version of Gym should be able to simply replace 'import gym' with 'import gymnasium as gym' in the vast majority of cases.
See the migration guide at https://gymnasium.farama.org/introduction/migration_guide/ for additional information.
Gym has been unmaintained since 2022 and does not support NumPy 2.0 amongst other critical functionality.
Please upgrade to Gymnasium, the maintained drop-in replacement of Gym, or contact the authors of your software and request that they upgrade.
Users of this version of Gym should be able to simply replace 'import gym' with 'import gymnasium as gym' in the vast majority of cases.
See the migration guide at https://gymnasium.farama.org/introduction/migration_guide/ for additional information.
Gym has been unmaintained since 2022 and does not support NumPy 2.0 amongst other critical functionality.
Please upgrade to Gymnasium, the maintained drop-in replacement of Gym, or contact the authors of your software and request that they upgrade.
Users of this version of Gym should be able to simply replace 'import gym' with 'import gymnasium as gym' in the vast majority of cases.
See the migration guide at https://gymnasium.farama.org/introduction/migration_guide/ for additional information.
Gym has been unmaintained since 2022 and does not support NumPy 2.0 amongst other critical functionality.
Please upgrade to Gymnasium, the maintained drop-in replacement of Gym, or contact the authors of your software and request that they upgrade.
Users of this version of Gym should be able to simply replace 'import gym' with 'import gymnasium as gym' in the vast majority of cases.
See the migration guide at https://gymnasium.farama.org/introduction/migration_guide/ for additional information.
Gym has been unmaintained since 2022 and does not support NumPy 2.0 amongst other critical functionality.
Please upgrade to Gymnasium, the maintained drop-in replacement of Gym, or contact the authors of your software and request that they upgrade.
Users of this version of Gym should be able to simply replace 'import gym' with 'import gymnasium as gym' in the vast majority of cases.
See the migration guide at https://gymnasium.farama.org/introduction/migration_guide/ for additional information.
Gym has been unmaintained since 2022 and does not support NumPy 2.0 amongst other critical functionality.
Please upgrade to Gymnasium, the maintained drop-in replacement of Gym, or contact the authors of your software and request that they upgrade.
Users of this version of Gym should be able to simply replace 'import gym' with 'import gymnasium as gym' in the vast majority of cases.
See the migration guide at https://gymnasium.farama.org/introduction/migration_guide/ for additional information.
Gym has been unmaintained since 2022 and does not support NumPy 2.0 amongst other critical functionality.
Please upgrade to Gymnasium, the maintained drop-in replacement of Gym, or contact the authors of your software and request that they upgrade.
Users of this version of Gym should be able to simply replace 'import gym' with 'import gymnasium as gym' in the vast majority of cases.
See the migration guide at https://gymnasium.farama.org/introduction/migration_guide/ for additional information.
Gym has been unmaintained since 2022 and does not support NumPy 2.0 amongst other critical functionality.
Please upgrade to Gymnasium, the maintained drop-in replacement of Gym, or contact the authors of your software and request that they upgrade.
Users of this version of Gym should be able to simply replace 'import gym' with 'import gymnasium as gym' in the vast majority of cases.
See the migration guide at https://gymnasium.farama.org/introduction/migration_guide/ for additional information.
Gym has been unmaintained since 2022 and does not support NumPy 2.0 amongst other critical functionality.
Please upgrade to Gymnasium, the maintained drop-in replacement of Gym, or contact the authors of your software and request that they upgrade.
Users of this version of Gym should be able to simply replace 'import gym' with 'import gymnasium as gym' in the vast majority of cases.
See the migration guide at https://gymnasium.farama.org/introduction/migration_guide/ for additional information.
Gym has been unmaintained since 2022 and does not support NumPy 2.0 amongst other critical functionality.
Please upgrade to Gymnasium, the maintained drop-in replacement of Gym, or contact the authors of your software and request that they upgrade.
Users of this version of Gym should be able to simply replace 'import gym' with 'import gymnasium as gym' in the vast majority of cases.
See the migration guide at https://gymnasium.farama.org/introduction/migration_guide/ for additional information.
Gym has been unmaintained since 2022 and does not support NumPy 2.0 amongst other critical functionality.
Please upgrade to Gymnasium, the maintained drop-in replacement of Gym, or contact the authors of your software and request that they upgrade.
Users of this version of Gym should be able to simply replace 'import gym' with 'import gymnasium as gym' in the vast majority of cases.
See the migration guide at https://gymnasium.farama.org/introduction/migration_guide/ for additional information.
Gym has been unmaintained since 2022 and does not support NumPy 2.0 amongst other critical functionality.
Please upgrade to Gymnasium, the maintained drop-in replacement of Gym, or contact the authors of your software and request that they upgrade.
Users of this version of Gym should be able to simply replace 'import gym' with 'import gymnasium as gym' in the vast majority of cases.
See the migration guide at https://gymnasium.farama.org/introduction/migration_guide/ for additional information.
Gym has been unmaintained since 2022 and does not support NumPy 2.0 amongst other critical functionality.
Please upgrade to Gymnasium, the maintained drop-in replacement of Gym, or contact the authors of your software and request that they upgrade.
Users of this version of Gym should be able to simply replace 'import gym' with 'import gymnasium as gym' in the vast majority of cases.
See the migration guide at https://gymnasium.farama.org/introduction/migration_guide/ for additional information.
Gym has been unmaintained since 2022 and does not support NumPy 2.0 amongst other critical functionality.
Please upgrade to Gymnasium, the maintained drop-in replacement of Gym, or contact the authors of your software and request that they upgrade.
Users of this version of Gym should be able to simply replace 'import gym' with 'import gymnasium as gym' in the vast majority of cases.
See the migration guide at https://gymnasium.farama.org/introduction/migration_guide/ for additional information.
[21612:MainThread](2026-05-27 07:55:19,162) INFO - qlib.Initialization - [config.py:452] - default_conf: client.
[7096:MainThread](2026-05-27 07:55:19,164) INFO - qlib.Initialization - [config.py:452] - default_conf: client.
[37060:MainThread](2026-05-27 07:55:19,164) INFO - qlib.Initialization - [config.py:452] - default_conf: client.
[28660:MainThread](2026-05-27 07:55:19,164) INFO - qlib.Initialization - [config.py:452] - default_conf: client.
[21144:MainThread](2026-05-27 07:55:19,164) INFO - qlib.Initialization - [config.py:452] - default_conf: client.
[20148:MainThread](2026-05-27 07:55:19,164) INFO - qlib.Initialization - [config.py:452] - default_conf: client.
[38248:MainThread](2026-05-27 07:55:19,164) INFO - qlib.Initialization - [config.py:452] - default_conf: client.
[21612:MainThread](2026-05-27 07:55:19,168) INFO - qlib.Initialization - [__init__.py:75] - qlib successfully initialized based on client settings.
[7096:MainThread](2026-05-27 07:55:19,168) INFO - qlib.Initialization - [__init__.py:75] - qlib successfully initialized based on client settings.
[7096:MainThread](2026-05-27 07:55:19,168) INFO - qlib.Initialization - [__init__.py:77] - data_path={'__DEFAULT_FREQ': WindowsPath('C:/Users/60585/.qlib/qlib_data/cn_data')}
[21612:MainThread](2026-05-27 07:55:19,168) INFO - qlib.Initialization - [__init__.py:77] - data_path={'__DEFAULT_FREQ': WindowsPath('C:/Users/60585/.qlib/qlib_data/cn_data')}
[34612:MainThread](2026-05-27 07:55:19,168) INFO - qlib.Initialization - [config.py:452] - default_conf: client.
[37060:MainThread](2026-05-27 07:55:19,168) INFO - qlib.Initialization - [__init__.py:75] - qlib successfully initialized based on client settings.
[28660:MainThread](2026-05-27 07:55:19,168) INFO - qlib.Initialization - [__init__.py:75] - qlib successfully initialized based on client settings.
[17616:MainThread](2026-05-27 07:55:19,168) INFO - qlib.Initialization - [config.py:452] - default_conf: client.
[39736:MainThread](2026-05-27 07:55:19,168) INFO - qlib.Initialization - [config.py:452] - default_conf: client.
[26196:MainThread](2026-05-27 07:55:19,168) INFO - qlib.Initialization - [config.py:452] - default_conf: client.
[11960:MainThread](2026-05-27 07:55:19,168) INFO - qlib.Initialization - [config.py:452] - default_conf: client.
[37060:MainThread](2026-05-27 07:55:19,168) INFO - qlib.Initialization - [__init__.py:77] - data_path={'__DEFAULT_FREQ': WindowsPath('C:/Users/60585/.qlib/qlib_data/cn_data')}
[28660:MainThread](2026-05-27 07:55:19,168) INFO - qlib.Initialization - [__init__.py:77] - data_path={'__DEFAULT_FREQ': WindowsPath('C:/Users/60585/.qlib/qlib_data/cn_data')}
[21144:MainThread](2026-05-27 07:55:19,168) INFO - qlib.Initialization - [__init__.py:77] - data_path={'__DEFAULT_FREQ': WindowsPath('C:/Users/60585/.qlib/qlib_data/cn_data')}
[20148:MainThread](2026-05-27 07:55:19,168) INFO - qlib.Initialization - [__init__.py:75] - qlib successfully initialized based on client settings.
[38248:MainThread](2026-05-27 07:55:19,168) INFO - qlib.Initialization - [__init__.py:75] - qlib successfully initialized based on client settings.
[20148:MainThread](2026-05-27 07:55:19,168) INFO - qlib.Initialization - [__init__.py:77] - data_path={'__DEFAULT_FREQ': WindowsPath('C:/Users/60585/.qlib/qlib_data/cn_data')}
[38940:MainThread](2026-05-27 07:55:19,168) INFO - qlib.Initialization - [config.py:452] - default_conf: client.
[38248:MainThread](2026-05-27 07:55:19,168) INFO - qlib.Initialization - [__init__.py:77] - data_path={'__DEFAULT_FREQ': WindowsPath('C:/Users/60585/.qlib/qlib_data/cn_data')}
[37368:MainThread](2026-05-27 07:55:19,168) INFO - qlib.Initialization - [config.py:452] - default_conf: client.
[34612:MainThread](2026-05-27 07:55:19,168) INFO - qlib.Initialization - [__init__.py:75] - qlib successfully initialized based on client settings.
[27920:MainThread](2026-05-27 07:55:19,168) INFO - qlib.Initialization - [config.py:452] - default_conf: client.
[38404:MainThread](2026-05-27 07:55:19,168) INFO - qlib.Initialization - [config.py:452] - default_conf: client.
[34612:MainThread](2026-05-27 07:55:19,168) INFO - qlib.Initialization - [__init__.py:77] - data_path={'__DEFAULT_FREQ': WindowsPath('C:/Users/60585/.qlib/qlib_data/cn_data')}
[11960:MainThread](2026-05-27 07:55:19,168) INFO - qlib.Initialization - [__init__.py:75] - qlib successfully initialized based on client settings.
[39736:MainThread](2026-05-27 07:55:19,168) INFO - qlib.Initialization - [__init__.py:75] - qlib successfully initialized based on client settings.
[17616:MainThread](2026-05-27 07:55:19,168) INFO - qlib.Initialization - [__init__.py:75] - qlib successfully initialized based on client settings.
[11960:MainThread](2026-05-27 07:55:19,168) INFO - qlib.Initialization - [__init__.py:77] - data_path={'__DEFAULT_FREQ': WindowsPath('C:/Users/60585/.qlib/qlib_data/cn_data')}
[38940:MainThread](2026-05-27 07:55:19,168) INFO - qlib.Initialization - [__init__.py:75] - qlib successfully initialized based on client settings.
[39736:MainThread](2026-05-27 07:55:19,168) INFO - qlib.Initialization - [__init__.py:77] - data_path={'__DEFAULT_FREQ': WindowsPath('C:/Users/60585/.qlib/qlib_data/cn_data')}
[26196:MainThread](2026-05-27 07:55:19,168) INFO - qlib.Initialization - [__init__.py:75] - qlib successfully initialized based on client settings.
[17616:MainThread](2026-05-27 07:55:19,168) INFO - qlib.Initialization - [__init__.py:77] - data_path={'__DEFAULT_FREQ': WindowsPath('C:/Users/60585/.qlib/qlib_data/cn_data')}
[38940:MainThread](2026-05-27 07:55:19,168) INFO - qlib.Initialization - [__init__.py:77] - data_path={'__DEFAULT_FREQ': WindowsPath('C:/Users/60585/.qlib/qlib_data/cn_data')}
[39332:MainThread](2026-05-27 07:55:19,168) INFO - qlib.Initialization - [config.py:452] - default_conf: client.
[26196:MainThread](2026-05-27 07:55:19,168) INFO - qlib.Initialization - [__init__.py:77] - data_path={'__DEFAULT_FREQ': WindowsPath('C:/Users/60585/.qlib/qlib_data/cn_data')}
[27920:MainThread](2026-05-27 07:55:19,168) INFO - qlib.Initialization - [__init__.py:75] - qlib successfully initialized based on client settings.
[37368:MainThread](2026-05-27 07:55:19,168) INFO - qlib.Initialization - [__init__.py:75] - qlib successfully initialized based on client settings.
[38404:MainThread](2026-05-27 07:55:19,168) INFO - qlib.Initialization - [__init__.py:75] - qlib successfully initialized based on client settings.
[27920:MainThread](2026-05-27 07:55:19,168) INFO - qlib.Initialization - [__init__.py:77] - data_path={'__DEFAULT_FREQ': WindowsPath('C:/Users/60585/.qlib/qlib_data/cn_data')}
[37368:MainThread](2026-05-27 07:55:19,168) INFO - qlib.Initialization - [__init__.py:77] - data_path={'__DEFAULT_FREQ': WindowsPath('C:/Users/60585/.qlib/qlib_data/cn_data')}
[38404:MainThread](2026-05-27 07:55:19,168) INFO - qlib.Initialization - [__init__.py:77] - data_path={'__DEFAULT_FREQ': WindowsPath('C:/Users/60585/.qlib/qlib_data/cn_data')}
[36900:MainThread](2026-05-27 07:55:19,178) INFO - qlib.Initialization - [config.py:452] - default_conf: client.
[39332:MainThread](2026-05-27 07:55:19,178) INFO - qlib.Initialization - [__init__.py:75] - qlib successfully initialized based on client settings.
[39332:MainThread](2026-05-27 07:55:19,178) INFO - qlib.Initialization - [__init__.py:77] - data_path={'__DEFAULT_FREQ': WindowsPath('C:/Users/60585/.qlib/qlib_data/cn_data')}
[36900:MainThread](2026-05-27 07:55:19,180) INFO - qlib.Initialization - [__init__.py:75] - qlib successfully initialized based on client settings.
[36900:MainThread](2026-05-27 07:55:19,180) INFO - qlib.Initialization - [__init__.py:77] - data_path={'__DEFAULT_FREQ': WindowsPath('C:/Users/60585/.qlib/qlib_data/cn_data')}
[38748:MainThread](2026-05-27 07:55:32,671) WARNING - qlib.online operator - [exchange.py:219] - $close field data contains nan.
[38748:MainThread](2026-05-27 07:55:32,671) WARNING - qlib.online operator - [exchange.py:219] - $close field data contains nan.
[38748:MainThread](2026-05-27 07:55:42,443) WARNING - qlib.BaseExecutor - [executor.py:121] - `common_infra` is not set for <qlib.backtest.executor.SimulatorExecutor object at 0x000001FA794C5D80>
backtest loop:   0%|          | 0/611 [00:00<?, ?it/s]C:\Users\60585\miniconda3\envs\quantEnv\lib\site-packages\qlib\utils\index_data.py:492: RuntimeWarning: Mean of empty slice
  return np.nanmean(self.data)
backtest loop:   3%|▎         | 20/611 [00:00<00:03, 184.34it/s]backtest loop:   7%|▋         | 40/611 [00:00<00:03, 187.90it/s]backtest loop:  10%|▉         | 59/611 [00:00<00:02, 185.82it/s]backtest loop:  13%|█▎        | 78/611 [00:00<00:02, 182.05it/s]backtest loop:  16%|█▌        | 97/611 [00:00<00:02, 183.59it/s]backtest loop:  19%|█▉        | 117/611 [00:00<00:02, 186.09it/s]backtest loop:  22%|██▏       | 136/611 [00:00<00:02, 186.70it/s]backtest loop:  25%|██▌       | 155/611 [00:00<00:02, 185.53it/s]backtest loop:  28%|██▊       | 174/611 [00:01<00:03, 139.93it/s]backtest loop:  31%|███▏      | 192/611 [00:01<00:02, 148.03it/s]backtest loop:  35%|███▍      | 212/611 [00:01<00:02, 156.51it/s]backtest loop:  38%|███▊      | 232/611 [00:01<00:02, 166.03it/s]backtest loop:  41%|████      | 251/611 [00:01<00:02, 171.26it/s]backtest loop:  44%|████▍     | 271/611 [00:01<00:01, 177.20it/s]backtest loop:  48%|████▊     | 291/611 [00:01<00:01, 179.33it/s]backtest loop:  51%|█████     | 310/611 [00:01<00:01, 180.73it/s]backtest loop:  54%|█████▍    | 329/611 [00:01<00:01, 182.94it/s]backtest loop:  57%|█████▋    | 349/611 [00:01<00:01, 182.82it/s]backtest loop:  60%|██████    | 369/611 [00:02<00:01, 185.00it/s]backtest loop:  64%|██████▍   | 390/611 [00:02<00:01, 187.73it/s]backtest loop:  67%|██████▋   | 409/611 [00:02<00:01, 186.69it/s]backtest loop:  70%|███████   | 428/611 [00:02<00:00, 187.63it/s]backtest loop:  73%|███████▎  | 447/611 [00:02<00:00, 185.55it/s]backtest loop:  76%|███████▋  | 467/611 [00:02<00:00, 184.29it/s]backtest loop:  80%|███████▉  | 487/611 [00:02<00:00, 185.99it/s]backtest loop:  83%|████████▎ | 507/611 [00:02<00:00, 189.70it/s]backtest loop:  86%|████████▋ | 527/611 [00:02<00:00, 186.06it/s]backtest loop:  90%|████████▉ | 548/611 [00:03<00:00, 186.70it/s]backtest loop:  93%|█████████▎| 568/611 [00:03<00:00, 187.85it/s]backtest loop:  96%|█████████▌| 587/611 [00:03<00:00, 188.42it/s]backtest loop:  99%|█████████▉| 606/611 [00:03<00:00, 188.83it/s]backtest loop: 100%|██████████| 611/611 [00:03<00:00, 179.89it/s]
[38748:MainThread](2026-05-27 07:55:45,857) INFO - qlib.workflow - [record_temp.py:515] - Portfolio analysis record 'port_analysis_1day.pkl' has been saved as the artifact of the Experiment 329550521121782932
[38748:MainThread](2026-05-27 07:55:45,864) INFO - qlib.workflow - [record_temp.py:540] - Indicator analysis record 'indicator_analysis_1day.pkl' has been saved as the artifact of the Experiment 329550521121782932
Downloading artifacts:   0%|          | 0/1 [00:00<?, ?it/s]Downloading artifacts:   0%|          | 0/1 [00:00<?, ?it/s]
Downloading artifacts:   0%|          | 0/1 [00:00<?, ?it/s]Downloading artifacts:   0%|          | 0/1 [00:00<?, ?it/s]
Downloading artifacts:   0%|          | 0/1 [00:00<?, ?it/s]Downloading artifacts: 100%|██████████| 1/1 [00:00<?, ?it/s]Downloading artifacts: 100%|██████████| 1/1 [00:00<00:00, 1000.07it/s]
Downloading artifacts:   0%|          | 0/1 [00:00<?, ?it/s]Downloading artifacts: 100%|██████████| 1/1 [00:00<?, ?it/s]Downloading artifacts: 100%|██████████| 1/1 [00:00<?, ?it/s]
Downloading artifacts:   0%|          | 0/1 [00:00<?, ?it/s]Downloading artifacts: 100%|██████████| 1/1 [00:00<00:00, 137.49it/s]Downloading artifacts: 100%|██████████| 1/1 [00:00<00:00, 137.49it/s]
Downloading artifacts:   0%|          | 0/1 [00:00<?, ?it/s]Downloading artifacts: 100%|██████████| 1/1 [00:00<?, ?it/s]Downloading artifacts: 100%|██████████| 1/1 [00:00<?, ?it/s]
Downloading artifacts:   0%|          | 0/1 [00:00<?, ?it/s]Downloading artifacts: 100%|██████████| 1/1 [00:00<00:00, 653.52it/s]Downloading artifacts: 100%|██████████| 1/1 [00:00<00:00, 653.52it/s]
C:\Users\60585\miniconda3\envs\quantEnv\lib\site-packages\qlib\contrib\report\analysis_position\parse_position.py:36: FutureWarning:

DataFrame.fillna with 'method' is deprecated and will raise in a future version. Use obj.ffill() or obj.bfill() instead.

C:\Users\60585\miniconda3\envs\quantEnv\lib\site-packages\qlib\contrib\report\analysis_position\risk_analysis.py:104: FutureWarning:

When grouping with a length-1 list-like, you will need to pass a length-1 tuple to get_group in a future version of pandas. Pass `(name,)` instead of `name` to silence this warning.

C:\Users\60585\miniconda3\envs\quantEnv\lib\site-packages\qlib\contrib\report\analysis_position\risk_analysis.py:104: FutureWarning:

When grouping with a length-1 list-like, you will need to pass a length-1 tuple to get_group in a future version of pandas. Pass `(name,)` instead of `name` to silence this warning.

C:\Users\60585\miniconda3\envs\quantEnv\lib\site-packages\qlib\contrib\report\analysis_position\risk_analysis.py:104: FutureWarning:

When grouping with a length-1 list-like, you will need to pass a length-1 tuple to get_group in a future version of pandas. Pass `(name,)` instead of `name` to silence this warning.

C:\Users\60585\miniconda3\envs\quantEnv\lib\site-packages\qlib\contrib\report\analysis_position\risk_analysis.py:104: FutureWarning:

When grouping with a length-1 list-like, you will need to pass a length-1 tuple to get_group in a future version of pandas. Pass `(name,)` instead of `name` to silence this warning.

C:\Users\60585\miniconda3\envs\quantEnv\lib\site-packages\qlib\contrib\report\analysis_position\parse_position.py:36: FutureWarning:

DataFrame.fillna with 'method' is deprecated and will raise in a future version. Use obj.ffill() or obj.bfill() instead.

C:\Users\60585\miniconda3\envs\quantEnv\lib\site-packages\qlib\contrib\report\analysis_model\analysis_model_performance.py:157: FutureWarning:

'M' is deprecated and will be removed in a future version, please use 'ME' instead.

Downloading artifacts:   0%|          | 0/1 [00:00<?, ?it/s]Downloading artifacts: 100%|██████████| 1/1 [00:00<?, ?it/s]Downloading artifacts: 100%|██████████| 1/1 [00:00<?, ?it/s]
Downloading artifacts:   0%|          | 0/1 [00:00<?, ?it/s]Downloading artifacts: 100%|██████████| 1/1 [00:00<?, ?it/s]Downloading artifacts: 100%|██████████| 1/1 [00:00<?, ?it/s]
Downloading artifacts:   0%|          | 0/1 [00:00<?, ?it/s]Downloading artifacts: 100%|██████████| 1/1 [00:00<?, ?it/s]Downloading artifacts: 100%|██████████| 1/1 [00:00<?, ?it/s]
Downloading artifacts:   0%|          | 0/1 [00:00<?, ?it/s]Downloading artifacts: 100%|██████████| 1/1 [00:00<?, ?it/s]Downloading artifacts: 100%|██████████| 1/1 [00:00<?, ?it/s]
Downloading artifacts:   0%|          | 0/1 [00:00<?, ?it/s]Downloading artifacts: 100%|██████████| 1/1 [00:00<?, ?it/s]Downloading artifacts: 100%|██████████| 1/1 [00:00<?, ?it/s]
Downloading artifacts:   0%|          | 0/1 [00:00<?, ?it/s]Downloading artifacts: 100%|██████████| 1/1 [00:00<00:00, 993.68it/s]Downloading artifacts: 100%|██████████| 1/1 [00:00<00:00, 993.68it/s]
Downloading artifacts:   0%|          | 0/1 [00:00<?, ?it/s]Downloading artifacts: 100%|██████████| 1/1 [00:00<00:00, 999.83it/s]Downloading artifacts: 100%|██████████| 1/1 [00:00<00:00, 999.83it/s]
Downloading artifacts:   0%|          | 0/1 [00:00<?, ?it/s]Downloading artifacts: 100%|██████████| 1/1 [00:00<00:00, 61.86it/s]Downloading artifacts: 100%|██████████| 1/1 [00:00<00:00, 61.86it/s]
Downloading artifacts:   0%|          | 0/1 [00:00<?, ?it/s]Downloading artifacts: 100%|██████████| 1/1 [00:00<00:00, 1000.31it/s]Downloading artifacts: 100%|██████████| 1/1 [00:00<00:00, 1000.31it/s]
Downloading artifacts:   0%|          | 0/1 [00:00<?, ?it/s]Downloading artifacts: 100%|██████████| 1/1 [00:00<?, ?it/s]Downloading artifacts: 100%|██████████| 1/1 [00:00<?, ?it/s]
Downloading artifacts:   0%|          | 0/1 [00:00<?, ?it/s]Downloading artifacts: 100%|██████████| 1/1 [00:00<00:00, 487.20it/s]Downloading artifacts: 100%|██████████| 1/1 [00:00<00:00, 487.20it/s]
Downloading artifacts:   0%|          | 0/1 [00:00<?, ?it/s]Downloading artifacts: 100%|██████████| 1/1 [00:00<00:00, 242.53it/s]Downloading artifacts: 100%|██████████| 1/1 [00:00<00:00, 242.53it/s]
Downloading artifacts:   0%|          | 0/1 [00:00<?, ?it/s]Downloading artifacts: 100%|██████████| 1/1 [00:00<00:00, 399.19it/s]Downloading artifacts: 100%|██████████| 1/1 [00:00<00:00, 399.19it/s]
Downloading artifacts:   0%|          | 0/1 [00:00<?, ?it/s]Downloading artifacts: 100%|██████████| 1/1 [00:00<?, ?it/s]Downloading artifacts: 100%|██████████| 1/1 [00:00<?, ?it/s]
Downloading artifacts:   0%|          | 0/1 [00:00<?, ?it/s]Downloading artifacts: 100%|██████████| 1/1 [00:00<?, ?it/s]Downloading artifacts: 100%|██████████| 1/1 [00:00<00:00, 498.85it/s]
Downloading artifacts:   0%|          | 0/1 [00:00<?, ?it/s]Downloading artifacts: 100%|██████████| 1/1 [00:00<?, ?it/s]Downloading artifacts: 100%|██████████| 1/1 [00:00<?, ?it/s]
Downloading artifacts:   0%|          | 0/1 [00:00<?, ?it/s]Downloading artifacts: 100%|██████████| 1/1 [00:00<00:00, 1000.31it/s]Downloading artifacts: 100%|██████████| 1/1 [00:00<00:00, 1000.31it/s]
Downloading artifacts:   0%|          | 0/1 [00:00<?, ?it/s]Downloading artifacts: 100%|██████████| 1/1 [00:00<?, ?it/s]Downloading artifacts: 100%|██████████| 1/1 [00:00<?, ?it/s]
Downloading artifacts:   0%|          | 0/1 [00:00<?, ?it/s]Downloading artifacts: 100%|██████████| 1/1 [00:00<?, ?it/s]Downloading artifacts: 100%|██████████| 1/1 [00:00<?, ?it/s]
Downloading artifacts:   0%|          | 0/1 [00:00<?, ?it/s]Downloading artifacts: 100%|██████████| 1/1 [00:00<?, ?it/s]Downloading artifacts: 100%|██████████| 1/1 [00:00<?, ?it/s]
Downloading artifacts:   0%|          | 0/1 [00:00<?, ?it/s]Downloading artifacts: 100%|██████████| 1/1 [00:00<?, ?it/s]Downloading artifacts: 100%|██████████| 1/1 [00:00<?, ?it/s]
Downloading artifacts:   0%|          | 0/1 [00:00<?, ?it/s]Downloading artifacts: 100%|██████████| 1/1 [00:00<?, ?it/s]Downloading artifacts: 100%|██████████| 1/1 [00:00<?, ?it/s]
Downloading artifacts:   0%|          | 0/1 [00:00<?, ?it/s]Downloading artifacts: 100%|██████████| 1/1 [00:00<?, ?it/s]Downloading artifacts: 100%|██████████| 1/1 [00:00<?, ?it/s]
Downloading artifacts:   0%|          | 0/1 [00:00<?, ?it/s]Downloading artifacts: 100%|██████████| 1/1 [00:00<00:00, 122.36it/s]Downloading artifacts: 100%|██████████| 1/1 [00:00<00:00, 122.36it/s]
Downloading artifacts:   0%|          | 0/1 [00:00<?, ?it/s]Downloading artifacts: 100%|██████████| 1/1 [00:00<?, ?it/s]Downloading artifacts: 100%|██████████| 1/1 [00:00<?, ?it/s]
Downloading artifacts:   0%|          | 0/1 [00:00<?, ?it/s]Downloading artifacts: 100%|██████████| 1/1 [00:00<?, ?it/s]Downloading artifacts: 100%|██████████| 1/1 [00:00<?, ?it/s]
Downloading artifacts:   0%|          | 0/1 [00:00<?, ?it/s]Downloading artifacts: 100%|██████████| 1/1 [00:00<00:00, 270.74it/s]Downloading artifacts: 100%|██████████| 1/1 [00:00<00:00, 270.74it/s]
Downloading artifacts:   0%|          | 0/1 [00:00<?, ?it/s]Downloading artifacts: 100%|██████████| 1/1 [00:00<?, ?it/s]Downloading artifacts: 100%|██████████| 1/1 [00:00<?, ?it/s]
Downloading artifacts:   0%|          | 0/1 [00:00<?, ?it/s]Downloading artifacts: 100%|██████████| 1/1 [00:00<?, ?it/s]Downloading artifacts: 100%|██████████| 1/1 [00:00<00:00, 188.67it/s]
Downloading artifacts:   0%|          | 0/1 [00:00<?, ?it/s]Downloading artifacts: 100%|██████████| 1/1 [00:00<00:00, 499.50it/s]Downloading artifacts: 100%|██████████| 1/1 [00:00<00:00, 499.50it/s]
Downloading artifacts:   0%|          | 0/1 [00:00<?, ?it/s]Downloading artifacts: 100%|██████████| 1/1 [00:00<?, ?it/s]Downloading artifacts: 100%|██████████| 1/1 [00:00<?, ?it/s]
Downloading artifacts:   0%|          | 0/1 [00:00<?, ?it/s]Downloading artifacts: 100%|██████████| 1/1 [00:00<00:00, 198.52it/s]Downloading artifacts: 100%|██████████| 1/1 [00:00<00:00, 198.52it/s]
Downloading artifacts:   0%|          | 0/1 [00:00<?, ?it/s]Downloading artifacts: 100%|██████████| 1/1 [00:00<00:00, 199.61it/s]Downloading artifacts: 100%|██████████| 1/1 [00:00<00:00, 199.61it/s]
Downloading artifacts:   0%|          | 0/1 [00:00<?, ?it/s]Downloading artifacts: 100%|██████████| 1/1 [00:00<?, ?it/s]Downloading artifacts: 100%|██████████| 1/1 [00:00<?, ?it/s]
Downloading artifacts:   0%|          | 0/1 [00:00<?, ?it/s]Downloading artifacts: 100%|██████████| 1/1 [00:00<00:00, 662.82it/s]Downloading artifacts: 100%|██████████| 1/1 [00:00<00:00, 662.82it/s]
Downloading artifacts:   0%|          | 0/1 [00:00<?, ?it/s]Downloading artifacts: 100%|██████████| 1/1 [00:00<?, ?it/s]Downloading artifacts: 100%|██████████| 1/1 [00:00<?, ?it/s]
Downloading artifacts:   0%|          | 0/1 [00:00<?, ?it/s]Downloading artifacts: 100%|██████████| 1/1 [00:00<?, ?it/s]Downloading artifacts: 100%|██████████| 1/1 [00:00<?, ?it/s]
Downloading artifacts:   0%|          | 0/1 [00:00<?, ?it/s]Downloading artifacts: 100%|██████████| 1/1 [00:00<?, ?it/s]Downloading artifacts: 100%|██████████| 1/1 [00:00<00:00, 218.61it/s]
Downloading artifacts:   0%|          | 0/1 [00:00<?, ?it/s]Downloading artifacts: 100%|██████████| 1/1 [00:00<?, ?it/s]Downloading artifacts: 100%|██████████| 1/1 [00:00<00:00, 665.34it/s]
Downloading artifacts:   0%|          | 0/1 [00:00<?, ?it/s]Downloading artifacts: 100%|██████████| 1/1 [00:00<00:00, 157.00it/s]Downloading artifacts: 100%|██████████| 1/1 [00:00<00:00, 157.00it/s]
Downloading artifacts:   0%|          | 0/1 [00:00<?, ?it/s]Downloading artifacts: 100%|██████████| 1/1 [00:00<?, ?it/s]Downloading artifacts: 100%|██████████| 1/1 [00:00<?, ?it/s]
Downloading artifacts:   0%|          | 0/1 [00:00<?, ?it/s]Downloading artifacts: 100%|██████████| 1/1 [00:00<?, ?it/s]Downloading artifacts: 100%|██████████| 1/1 [00:00<?, ?it/s]
Downloading artifacts:   0%|          | 0/1 [00:00<?, ?it/s]Downloading artifacts: 100%|██████████| 1/1 [00:00<?, ?it/s]Downloading artifacts: 100%|██████████| 1/1 [00:00<?, ?it/s]
Downloading artifacts:   0%|          | 0/1 [00:00<?, ?it/s]Downloading artifacts: 100%|██████████| 1/1 [00:00<?, ?it/s]Downloading artifacts: 100%|██████████| 1/1 [00:00<?, ?it/s]
Downloading artifacts:   0%|          | 0/1 [00:00<?, ?it/s]Downloading artifacts: 100%|██████████| 1/1 [00:00<00:00, 992.73it/s]Downloading artifacts: 100%|██████████| 1/1 [00:00<00:00, 992.73it/s]
Downloading artifacts:   0%|          | 0/1 [00:00<?, ?it/s]Downloading artifacts: 100%|██████████| 1/1 [00:00<?, ?it/s]Downloading artifacts: 100%|██████████| 1/1 [00:00<?, ?it/s]
Downloading artifacts:   0%|          | 0/1 [00:00<?, ?it/s]Downloading artifacts: 100%|██████████| 1/1 [00:00<?, ?it/s]Downloading artifacts: 100%|██████████| 1/1 [00:00<?, ?it/s]
Downloading artifacts:   0%|          | 0/1 [00:00<?, ?it/s]Downloading artifacts: 100%|██████████| 1/1 [00:00<?, ?it/s]Downloading artifacts: 100%|██████████| 1/1 [00:00<?, ?it/s]
Downloading artifacts:   0%|          | 0/1 [00:00<?, ?it/s]Downloading artifacts: 100%|██████████| 1/1 [00:00<?, ?it/s]Downloading artifacts: 100%|██████████| 1/1 [00:00<?, ?it/s]
Downloading artifacts:   0%|          | 0/1 [00:00<?, ?it/s]Downloading artifacts: 100%|██████████| 1/1 [00:00<?, ?it/s]Downloading artifacts: 100%|██████████| 1/1 [00:00<?, ?it/s]
Downloading artifacts:   0%|          | 0/1 [00:00<?, ?it/s]Downloading artifacts: 100%|██████████| 1/1 [00:00<00:00, 263.56it/s]Downloading artifacts: 100%|██████████| 1/1 [00:00<00:00, 263.56it/s]
Downloading artifacts:   0%|          | 0/1 [00:00<?, ?it/s]Downloading artifacts: 100%|██████████| 1/1 [00:00<?, ?it/s]Downloading artifacts: 100%|██████████| 1/1 [00:00<?, ?it/s]
Downloading artifacts:   0%|          | 0/1 [00:00<?, ?it/s]Downloading artifacts: 100%|██████████| 1/1 [00:00<00:00, 96.16it/s]Downloading artifacts: 100%|██████████| 1/1 [00:00<00:00, 96.16it/s]
Downloading artifacts:   0%|          | 0/1 [00:00<?, ?it/s]Downloading artifacts: 100%|██████████| 1/1 [00:00<?, ?it/s]Downloading artifacts: 100%|██████████| 1/1 [00:00<?, ?it/s]
Downloading artifacts:   0%|          | 0/1 [00:00<?, ?it/s]Downloading artifacts: 100%|██████████| 1/1 [00:00<00:00, 533.49it/s]Downloading artifacts: 100%|██████████| 1/1 [00:00<00:00, 533.49it/s]
Downloading artifacts:   0%|          | 0/1 [00:00<?, ?it/s]Downloading artifacts: 100%|██████████| 1/1 [00:00<?, ?it/s]Downloading artifacts: 100%|██████████| 1/1 [00:00<?, ?it/s]
Downloading artifacts:   0%|          | 0/1 [00:00<?, ?it/s]Downloading artifacts: 100%|██████████| 1/1 [00:00<?, ?it/s]Downloading artifacts: 100%|██████████| 1/1 [00:00<?, ?it/s]
Downloading artifacts:   0%|          | 0/1 [00:00<?, ?it/s]Downloading artifacts: 100%|██████████| 1/1 [00:00<00:00, 225.78it/s]Downloading artifacts: 100%|██████████| 1/1 [00:00<00:00, 225.78it/s]
Downloading artifacts:   0%|          | 0/1 [00:00<?, ?it/s]Downloading artifacts: 100%|██████████| 1/1 [00:00<?, ?it/s]Downloading artifacts: 100%|██████████| 1/1 [00:00<?, ?it/s]
Downloading artifacts:   0%|          | 0/1 [00:00<?, ?it/s]Downloading artifacts: 100%|██████████| 1/1 [00:00<00:00, 197.28it/s]Downloading artifacts: 100%|██████████| 1/1 [00:00<00:00, 197.28it/s]
Downloading artifacts:   0%|          | 0/1 [00:00<?, ?it/s]Downloading artifacts: 100%|██████████| 1/1 [00:00<00:00, 236.62it/s]Downloading artifacts: 100%|██████████| 1/1 [00:00<00:00, 236.62it/s]
Downloading artifacts:   0%|          | 0/1 [00:00<?, ?it/s]Downloading artifacts: 100%|██████████| 1/1 [00:00<00:00, 84.78it/s]Downloading artifacts: 100%|██████████| 1/1 [00:00<00:00, 84.78it/s]
Downloading artifacts:   0%|          | 0/1 [00:00<?, ?it/s]Downloading artifacts: 100%|██████████| 1/1 [00:00<00:00, 2736.01it/s]Downloading artifacts: 100%|██████████| 1/1 [00:00<00:00, 2736.01it/s]
Downloading artifacts:   0%|          | 0/1 [00:00<?, ?it/s]Downloading artifacts: 100%|██████████| 1/1 [00:00<00:00, 74.46it/s]Downloading artifacts: 100%|██████████| 1/1 [00:00<00:00, 74.46it/s]
Downloading artifacts:   0%|          | 0/1 [00:00<?, ?it/s]Downloading artifacts: 100%|██████████| 1/1 [00:00<?, ?it/s]Downloading artifacts: 100%|██████████| 1/1 [00:00<?, ?it/s]
Downloading artifacts:   0%|          | 0/1 [00:00<?, ?it/s]Downloading artifacts: 100%|██████████| 1/1 [00:00<00:00, 327.73it/s]Downloading artifacts: 100%|██████████| 1/1 [00:00<00:00, 327.73it/s]
Downloading artifacts:   0%|          | 0/1 [00:00<?, ?it/s]Downloading artifacts: 100%|██████████| 1/1 [00:00<00:00, 1583.35it/s]Downloading artifacts: 100%|██████████| 1/1 [00:00<00:00, 1583.35it/s]
Downloading artifacts:   0%|          | 0/1 [00:00<?, ?it/s]Downloading artifacts: 100%|██████████| 1/1 [00:00<00:00, 173.93it/s]Downloading artifacts: 100%|██████████| 1/1 [00:00<00:00, 173.93it/s]
Downloading artifacts:   0%|          | 0/1 [00:00<?, ?it/s]Downloading artifacts: 100%|██████████| 1/1 [00:00<?, ?it/s]Downloading artifacts: 100%|██████████| 1/1 [00:00<?, ?it/s]
Downloading artifacts:   0%|          | 0/1 [00:00<?, ?it/s]Downloading artifacts: 100%|██████████| 1/1 [00:00<00:00, 146.73it/s]Downloading artifacts: 100%|██████████| 1/1 [00:00<00:00, 146.73it/s]
Downloading artifacts:   0%|          | 0/1 [00:00<?, ?it/s]Downloading artifacts: 100%|██████████| 1/1 [00:00<?, ?it/s]Downloading artifacts: 100%|██████████| 1/1 [00:00<?, ?it/s]
Downloading artifacts:   0%|          | 0/1 [00:00<?, ?it/s]Downloading artifacts: 100%|██████████| 1/1 [00:00<?, ?it/s]Downloading artifacts: 100%|██████████| 1/1 [00:00<?, ?it/s]
Downloading artifacts:   0%|          | 0/1 [00:00<?, ?it/s]Downloading artifacts: 100%|██████████| 1/1 [00:00<?, ?it/s]Downloading artifacts: 100%|██████████| 1/1 [00:00<?, ?it/s]
Downloading artifacts:   0%|          | 0/1 [00:00<?, ?it/s]Downloading artifacts: 100%|██████████| 1/1 [00:00<00:00, 289.04it/s]Downloading artifacts: 100%|██████████| 1/1 [00:00<00:00, 289.04it/s]
Downloading artifacts:   0%|          | 0/1 [00:00<?, ?it/s]Downloading artifacts: 100%|██████████| 1/1 [00:00<?, ?it/s]Downloading artifacts: 100%|██████████| 1/1 [00:00<?, ?it/s]
Downloading artifacts:   0%|          | 0/1 [00:00<?, ?it/s]Downloading artifacts: 100%|██████████| 1/1 [00:00<?, ?it/s]Downloading artifacts: 100%|██████████| 1/1 [00:00<?, ?it/s]
Downloading artifacts:   0%|          | 0/1 [00:00<?, ?it/s]Downloading artifacts: 100%|██████████| 1/1 [00:00<00:00, 242.95it/s]Downloading artifacts: 100%|██████████| 1/1 [00:00<00:00, 242.95it/s]
Downloading artifacts:   0%|          | 0/1 [00:00<?, ?it/s]Downloading artifacts: 100%|██████████| 1/1 [00:00<00:00, 282.86it/s]Downloading artifacts: 100%|██████████| 1/1 [00:00<00:00, 282.86it/s]
Downloading artifacts:   0%|          | 0/1 [00:00<?, ?it/s]Downloading artifacts: 100%|██████████| 1/1 [00:00<?, ?it/s]Downloading artifacts: 100%|██████████| 1/1 [00:00<?, ?it/s]
Downloading artifacts:   0%|          | 0/1 [00:00<?, ?it/s]Downloading artifacts: 100%|██████████| 1/1 [00:00<?, ?it/s]Downloading artifacts: 100%|██████████| 1/1 [00:00<?, ?it/s]
Downloading artifacts:   0%|          | 0/1 [00:00<?, ?it/s]Downloading artifacts: 100%|██████████| 1/1 [00:00<?, ?it/s]Downloading artifacts: 100%|██████████| 1/1 [00:00<?, ?it/s]
Downloading artifacts:   0%|          | 0/1 [00:00<?, ?it/s]Downloading artifacts: 100%|██████████| 1/1 [00:00<?, ?it/s]Downloading artifacts: 100%|██████████| 1/1 [00:00<?, ?it/s]
[38748:MainThread](2026-05-27 07:58:47,234) INFO - qlib.timer - [log.py:127] - Time cost: 0.001s | waiting `async_log` Done
