==== WEEKEND 001/002 matrix (seeds 42 43 44) start Fri, Jun 12, 2026  8:22:27 PM ====

======== STAGE A: h1_dropext (001) ========

#### h1_dropext seed 42 attempt 1/3 start Fri, Jun 12, 2026  8:22:27 PM ####
h1_dropext_seed42_attempt1_EXIT=0 Sat, Jun 13, 2026  2:30:43 AM
h1_dropext_seed42_FINAL_EXIT=0 Sat, Jun 13, 2026  2:30:43 AM

#### h1_dropext seed 43 attempt 1/3 start Sat, Jun 13, 2026  2:30:43 AM ####
h1_dropext_seed43_attempt1_EXIT=0 Sat, Jun 13, 2026  8:39:57 AM
h1_dropext_seed43_FINAL_EXIT=0 Sat, Jun 13, 2026  8:39:57 AM

#### h1_dropext seed 44 attempt 1/3 start Sat, Jun 13, 2026  8:39:57 AM ####
h1_dropext_seed44_attempt1_EXIT=0 Sat, Jun 13, 2026  2:49:36 PM
h1_dropext_seed44_FINAL_EXIT=0 Sat, Jun 13, 2026  2:49:36 PM
# Weekend matrix vs g012 anchor — h1_dropext (25ep, scale=0.5, anchor settings)

Anchor (n=3): rank_ic 0.08163/0.07500/0.07857 (mean 0.07840). Kill: paired ΔRankIC < +0.003. 001 extra kill: valid score_std collapse >30%. 002 extra kill: stock_ratio<0.05 or attention degenerate (entropy_norm>0.999 uniform-collapse / self_frac>0.95).


## h1_dropext vs anchor (paired by seed)
| seed | metric | anchor | variant | Δ |
|---|---|---:|---:|---:|
| 42 | rank_ic | 0.08163 | 0.06568 | -0.01594 |
| 42 | ir | 1.53606 | 1.27846 | -0.25760 |
| 42 | maxdd | -0.06634 | -0.06058 | +0.00576 |
| 42 | ppd | 0.00210 | 0.00204 | -0.00006 |
| 42 | mechanism | — | score_std=0.1879 (anchor 0.2085, -10%) | |
| 43 | rank_ic | 0.07500 | 0.06304 | -0.01196 |
| 43 | ir | 2.08932 | 1.08661 | -1.00271 |
| 43 | maxdd | -0.08020 | -0.05094 | +0.02925 |
| 43 | ppd | 0.00194 | 0.00092 | -0.00101 |
| 43 | mechanism | — | score_std=0.1917 (anchor 0.2039, -6%) | |
| 44 | rank_ic | 0.07857 | 0.06568 | -0.01289 |
| 44 | ir | 1.62313 | 0.86827 | -0.75486 |
| 44 | maxdd | -0.08045 | -0.08221 | -0.00176 |
| 44 | ppd | 0.00348 | 0.00659 | +0.00312 |
| 44 | mechanism | — | score_std=0.2076 (anchor 0.2139, -3%) | |

**h1_dropext paired ΔRankIC = -0.01360 ± 0.00208 (n=3); seeds ≥+0.003: 0/3** → KILL line fires

_Cards: h-20260610-001 / h-20260610-002. n=3 PASS only escalates to n≥6 + HC kill-check._

[done] wrote analysis\weekend_001_002\RESULT_h1_dropext.md

======== STAGE B: h2_stockexp (002) ========

#### h2_stockexp seed 42 attempt 1/3 start Sat, Jun 13, 2026  2:49:37 PM ####
h2_stockexp_seed42_attempt1_EXIT=0 Sat, Jun 13, 2026 10:13:27 PM
h2_stockexp_seed42_FINAL_EXIT=0 Sat, Jun 13, 2026 10:13:27 PM

#### h2_stockexp seed 43 attempt 1/3 start Sat, Jun 13, 2026 10:13:27 PM ####
h2_stockexp_seed43_attempt1_EXIT=0 Sun, Jun 14, 2026  5:09:56 AM
h2_stockexp_seed43_FINAL_EXIT=0 Sun, Jun 14, 2026  5:09:56 AM

#### h2_stockexp seed 44 attempt 1/3 start Sun, Jun 14, 2026  5:09:56 AM ####
h2_stockexp_seed44_attempt1_EXIT=127 Sun, Jun 14, 2026  5:10:41 AM

#### h2_stockexp seed 44 attempt 2/3 start Sun, Jun 14, 2026  5:11:11 AM ####
h2_stockexp_seed44_attempt2_EXIT=0 Sun, Jun 14, 2026 12:07:40 PM
h2_stockexp_seed44_FINAL_EXIT=0 Sun, Jun 14, 2026 12:07:40 PM
[warn] 2 runs share run_setting='h2_stockexp_seed44_scale05'; using newest
# Weekend matrix vs g012 anchor — h2_stockexp (25ep, scale=0.5, anchor settings)

Anchor (n=3): rank_ic 0.08163/0.07500/0.07857 (mean 0.07840). Kill: paired ΔRankIC < +0.003. 001 extra kill: valid score_std collapse >30%. 002 extra kill: stock_ratio<0.05 or attention degenerate (entropy_norm>0.999 uniform-collapse / self_frac>0.95).


## h2_stockexp vs anchor (paired by seed)
| seed | metric | anchor | variant | Δ |
|---|---|---:|---:|---:|
| 42 | rank_ic | 0.08163 | 0.07817 | -0.00346 |
| 42 | ir | 1.53606 | -0.03671 | -1.57277 |
| 42 | maxdd | -0.06634 | -0.33691 | -0.27058 |
| 42 | ppd | 0.00210 | 0.00425 | +0.00214 |
| 42 | mechanism | — | stock_ratio=0.3874; router_no_stock_delta=0.0110; router_stock_advantage=-0.0535; expert_cosine_ts=0.1276; expert_cosine_fs=0.0663; stock_attn_entropy_norm=1.0000; stock_attn_self_frac=0.0033 | |
| 43 | rank_ic | 0.07500 | 0.07676 | +0.00176 |
| 43 | ir | 2.08932 | 1.65416 | -0.43516 |
| 43 | maxdd | -0.08020 | -0.08085 | -0.00065 |
| 43 | ppd | 0.00194 | 0.00683 | +0.00489 |
| 43 | mechanism | — | stock_ratio=0.4033; router_no_stock_delta=0.0182; router_stock_advantage=-0.0482; expert_cosine_ts=-0.0988; expert_cosine_fs=-0.0354; stock_attn_entropy_norm=1.0000; stock_attn_self_frac=0.0033 | |
| 44 | rank_ic | 0.07857 | 0.07840 | -0.00017 |
| 44 | ir | 1.62313 | 1.46274 | -0.16039 |
| 44 | maxdd | -0.08045 | -0.12712 | -0.04667 |
| 44 | ppd | 0.00348 | 0.00922 | +0.00574 |
| 44 | mechanism | — | stock_ratio=0.3674; router_no_stock_delta=0.0133; router_stock_advantage=-0.0626; expert_cosine_ts=-0.3775; expert_cosine_fs=-0.1020; stock_attn_entropy_norm=1.0000; stock_attn_self_frac=0.0033 | |

**h2_stockexp paired ΔRankIC = -0.00062 ± 0.00264 (n=3); seeds ≥+0.003: 0/3** → KILL line fires

_Cards: h-20260610-001 / h-20260610-002. n=3 PASS only escalates to n≥6 + HC kill-check._

[done] wrote analysis\weekend_001_002\RESULT_h2_stockexp.md

======== STAGE C: h12_combo (001+002) ========

#### h12_combo seed 42 attempt 1/3 start Sun, Jun 14, 2026 12:07:41 PM ####
h12_combo_seed42_attempt1_EXIT=127 Sun, Jun 14, 2026 12:08:28 PM

#### h12_combo seed 42 attempt 2/3 start Sun, Jun 14, 2026 12:08:58 PM ####
h12_combo_seed42_attempt2_EXIT=0 Sun, Jun 14, 2026  7:05:25 PM
h12_combo_seed42_FINAL_EXIT=0 Sun, Jun 14, 2026  7:05:25 PM

#### h12_combo seed 43 attempt 1/3 start Sun, Jun 14, 2026  7:05:25 PM ####
h12_combo_seed43_attempt1_EXIT=0 Mon, Jun 15, 2026  2:23:47 AM
h12_combo_seed43_FINAL_EXIT=0 Mon, Jun 15, 2026  2:23:47 AM

#### h12_combo seed 44 attempt 1/3 start Mon, Jun 15, 2026  2:23:47 AM ####
h12_combo_seed44_attempt1_EXIT=0 Mon, Jun 15, 2026 10:15:47 AM
h12_combo_seed44_FINAL_EXIT=0 Mon, Jun 15, 2026 10:15:47 AM
[warn] 2 runs share run_setting='h12_combo_seed42_scale05'; using newest
# Weekend matrix vs g012 anchor — h12_combo (25ep, scale=0.5, anchor settings)

Anchor (n=3): rank_ic 0.08163/0.07500/0.07857 (mean 0.07840). Kill: paired ΔRankIC < +0.003. 001 extra kill: valid score_std collapse >30%. 002 extra kill: stock_ratio<0.05 or attention degenerate (entropy_norm>0.999 uniform-collapse / self_frac>0.95).


## h12_combo vs anchor (paired by seed)
| seed | metric | anchor | variant | Δ |
|---|---|---:|---:|---:|
| 42 | rank_ic | 0.08163 | 0.07773 | -0.00390 |
| 42 | ir | 1.53606 | 1.75589 | +0.21983 |
| 42 | maxdd | -0.06634 | -0.08821 | -0.02187 |
| 42 | ppd | 0.00210 | 0.00163 | -0.00048 |
| 42 | mechanism | — | score_std=0.2047 (anchor 0.2085, -2%); stock_ratio=0.4532; router_no_stock_delta=0.0185 | |
| 43 | rank_ic | 0.07500 | 0.06936 | -0.00563 |
| 43 | ir | 2.08932 | 1.51444 | -0.57488 |
| 43 | maxdd | -0.08020 | -0.08772 | -0.00752 |
| 43 | ppd | 0.00194 | 0.00146 | -0.00047 |
| 43 | mechanism | — | score_std=0.1948 (anchor 0.2039, -4%); stock_ratio=0.4876; router_no_stock_delta=0.0074 | |
| 44 | rank_ic | 0.07857 | 0.06874 | -0.00983 |
| 44 | ir | 1.62313 | 1.44490 | -0.17823 |
| 44 | maxdd | -0.08045 | -0.10738 | -0.02693 |
| 44 | ppd | 0.00348 | 0.00146 | -0.00202 |
| 44 | mechanism | — | score_std=0.1911 (anchor 0.2139, -11%); stock_ratio=0.4086; router_no_stock_delta=0.0092 | |

**h12_combo paired ΔRankIC = -0.00645 ± 0.00305 (n=3); seeds ≥+0.003: 0/3** → KILL line fires

_Cards: h-20260610-001 / h-20260610-002. n=3 PASS only escalates to n≥6 + HC kill-check._

[done] wrote analysis\weekend_001_002\RESULT_h12_combo.md
[warn] 2 runs share run_setting='h2_stockexp_seed44_scale05'; using newest
[warn] 2 runs share run_setting='h12_combo_seed42_scale05'; using newest
# Weekend matrix vs g012 anchor — h1_dropext + h2_stockexp + h12_combo (25ep, scale=0.5, anchor settings)

Anchor (n=3): rank_ic 0.08163/0.07500/0.07857 (mean 0.07840). Kill: paired ΔRankIC < +0.003. 001 extra kill: valid score_std collapse >30%. 002 extra kill: stock_ratio<0.05 or attention degenerate (entropy_norm>0.999 uniform-collapse / self_frac>0.95).


## h1_dropext vs anchor (paired by seed)
| seed | metric | anchor | variant | Δ |
|---|---|---:|---:|---:|
| 42 | rank_ic | 0.08163 | 0.06568 | -0.01594 |
| 42 | ir | 1.53606 | 1.27846 | -0.25760 |
| 42 | maxdd | -0.06634 | -0.06058 | +0.00576 |
| 42 | ppd | 0.00210 | 0.00204 | -0.00006 |
| 42 | mechanism | — | score_std=0.1879 (anchor 0.2085, -10%) | |
| 43 | rank_ic | 0.07500 | 0.06304 | -0.01196 |
| 43 | ir | 2.08932 | 1.08661 | -1.00271 |
| 43 | maxdd | -0.08020 | -0.05094 | +0.02925 |
| 43 | ppd | 0.00194 | 0.00092 | -0.00101 |
| 43 | mechanism | — | score_std=0.1917 (anchor 0.2039, -6%) | |
| 44 | rank_ic | 0.07857 | 0.06568 | -0.01289 |
| 44 | ir | 1.62313 | 0.86827 | -0.75486 |
| 44 | maxdd | -0.08045 | -0.08221 | -0.00176 |
| 44 | ppd | 0.00348 | 0.00659 | +0.00312 |
| 44 | mechanism | — | score_std=0.2076 (anchor 0.2139, -3%) | |

**h1_dropext paired ΔRankIC = -0.01360 ± 0.00208 (n=3); seeds ≥+0.003: 0/3** → KILL line fires

## h2_stockexp vs anchor (paired by seed)
| seed | metric | anchor | variant | Δ |
|---|---|---:|---:|---:|
| 42 | rank_ic | 0.08163 | 0.07817 | -0.00346 |
| 42 | ir | 1.53606 | -0.03671 | -1.57277 |
| 42 | maxdd | -0.06634 | -0.33691 | -0.27058 |
| 42 | ppd | 0.00210 | 0.00425 | +0.00214 |
| 42 | mechanism | — | stock_ratio=0.3874; router_no_stock_delta=0.0110; router_stock_advantage=-0.0535; expert_cosine_ts=0.1276; expert_cosine_fs=0.0663; stock_attn_entropy_norm=1.0000; stock_attn_self_frac=0.0033 | |
| 43 | rank_ic | 0.07500 | 0.07676 | +0.00176 |
| 43 | ir | 2.08932 | 1.65416 | -0.43516 |
| 43 | maxdd | -0.08020 | -0.08085 | -0.00065 |
| 43 | ppd | 0.00194 | 0.00683 | +0.00489 |
| 43 | mechanism | — | stock_ratio=0.4033; router_no_stock_delta=0.0182; router_stock_advantage=-0.0482; expert_cosine_ts=-0.0988; expert_cosine_fs=-0.0354; stock_attn_entropy_norm=1.0000; stock_attn_self_frac=0.0033 | |
| 44 | rank_ic | 0.07857 | 0.07840 | -0.00017 |
| 44 | ir | 1.62313 | 1.46274 | -0.16039 |
| 44 | maxdd | -0.08045 | -0.12712 | -0.04667 |
| 44 | ppd | 0.00348 | 0.00922 | +0.00574 |
| 44 | mechanism | — | stock_ratio=0.3674; router_no_stock_delta=0.0133; router_stock_advantage=-0.0626; expert_cosine_ts=-0.3775; expert_cosine_fs=-0.1020; stock_attn_entropy_norm=1.0000; stock_attn_self_frac=0.0033 | |

**h2_stockexp paired ΔRankIC = -0.00062 ± 0.00264 (n=3); seeds ≥+0.003: 0/3** → KILL line fires

## h12_combo vs anchor (paired by seed)
| seed | metric | anchor | variant | Δ |
|---|---|---:|---:|---:|
| 42 | rank_ic | 0.08163 | 0.07773 | -0.00390 |
| 42 | ir | 1.53606 | 1.75589 | +0.21983 |
| 42 | maxdd | -0.06634 | -0.08821 | -0.02187 |
| 42 | ppd | 0.00210 | 0.00163 | -0.00048 |
| 42 | mechanism | — | score_std=0.2047 (anchor 0.2085, -2%); stock_ratio=0.4532; router_no_stock_delta=0.0185 | |
| 43 | rank_ic | 0.07500 | 0.06936 | -0.00563 |
| 43 | ir | 2.08932 | 1.51444 | -0.57488 |
| 43 | maxdd | -0.08020 | -0.08772 | -0.00752 |
| 43 | ppd | 0.00194 | 0.00146 | -0.00047 |
| 43 | mechanism | — | score_std=0.1948 (anchor 0.2039, -4%); stock_ratio=0.4876; router_no_stock_delta=0.0074 | |
| 44 | rank_ic | 0.07857 | 0.06874 | -0.00983 |
| 44 | ir | 1.62313 | 1.44490 | -0.17823 |
| 44 | maxdd | -0.08045 | -0.10738 | -0.02693 |
| 44 | ppd | 0.00348 | 0.00146 | -0.00202 |
| 44 | mechanism | — | score_std=0.1911 (anchor 0.2139, -11%); stock_ratio=0.4086; router_no_stock_delta=0.0092 | |

**h12_combo paired ΔRankIC = -0.00645 ± 0.00305 (n=3); seeds ≥+0.003: 0/3** → KILL line fires

## Interaction read (additivity)
- Δ(001)=-0.01360, Δ(002)=-0.00062, Δ(001+002)=-0.00645, additive-expectation=-0.01422 (combo−additive = +0.00777)

_Cards: h-20260610-001 / h-20260610-002. n=3 PASS only escalates to n≥6 + HC kill-check._

[done] wrote analysis\weekend_001_002\RESULT_all.md
==== WEEKEND matrix done Mon, Jun 15, 2026 10:15:49 AM ====
