Gym has been unmaintained since 2022 and does not support NumPy 2.0 amongst other critical functionality.
Please upgrade to Gymnasium, the maintained drop-in replacement of Gym, or contact the authors of your software and request that they upgrade.
Users of this version of Gym should be able to simply replace 'import gym' with 'import gymnasium as gym' in the vast majority of cases.
See the migration guide at https://gymnasium.farama.org/introduction/migration_guide/ for additional information.
[35472:MainThread](2026-05-30 21:53:59,725) INFO - qlib.Initialization - [config.py:452] - default_conf: client.
[35472:MainThread](2026-05-30 21:53:59,741) INFO - qlib.Initialization - [__init__.py:75] - qlib successfully initialized based on client settings.
[35472:MainThread](2026-05-30 21:53:59,741) INFO - qlib.Initialization - [__init__.py:77] - data_path={'__DEFAULT_FREQ': WindowsPath('C:/Users/60585/.qlib/qlib_data/cn_data')}
Gym has been unmaintained since 2022 and does not support NumPy 2.0 amongst other critical functionality.
Please upgrade to Gymnasium, the maintained drop-in replacement of Gym, or contact the authors of your software and request that they upgrade.
Users of this version of Gym should be able to simply replace 'import gym' with 'import gymnasium as gym' in the vast majority of cases.
See the migration guide at https://gymnasium.farama.org/introduction/migration_guide/ for additional information.
Gym has been unmaintained since 2022 and does not support NumPy 2.0 amongst other critical functionality.
Please upgrade to Gymnasium, the maintained drop-in replacement of Gym, or contact the authors of your software and request that they upgrade.
Users of this version of Gym should be able to simply replace 'import gym' with 'import gymnasium as gym' in the vast majority of cases.
See the migration guide at https://gymnasium.farama.org/introduction/migration_guide/ for additional information.
Gym has been unmaintained since 2022 and does not support NumPy 2.0 amongst other critical functionality.
Please upgrade to Gymnasium, the maintained drop-in replacement of Gym, or contact the authors of your software and request that they upgrade.
Users of this version of Gym should be able to simply replace 'import gym' with 'import gymnasium as gym' in the vast majority of cases.
See the migration guide at https://gymnasium.farama.org/introduction/migration_guide/ for additional information.
Gym has been unmaintained since 2022 and does not support NumPy 2.0 amongst other critical functionality.
Please upgrade to Gymnasium, the maintained drop-in replacement of Gym, or contact the authors of your software and request that they upgrade.
Users of this version of Gym should be able to simply replace 'import gym' with 'import gymnasium as gym' in the vast majority of cases.
See the migration guide at https://gymnasium.farama.org/introduction/migration_guide/ for additional information.
Gym has been unmaintained since 2022 and does not support NumPy 2.0 amongst other critical functionality.
Please upgrade to Gymnasium, the maintained drop-in replacement of Gym, or contact the authors of your software and request that they upgrade.
Users of this version of Gym should be able to simply replace 'import gym' with 'import gymnasium as gym' in the vast majority of cases.
See the migration guide at https://gymnasium.farama.org/introduction/migration_guide/ for additional information.
Gym has been unmaintained since 2022 and does not support NumPy 2.0 amongst other critical functionality.
Please upgrade to Gymnasium, the maintained drop-in replacement of Gym, or contact the authors of your software and request that they upgrade.
Users of this version of Gym should be able to simply replace 'import gym' with 'import gymnasium as gym' in the vast majority of cases.
See the migration guide at https://gymnasium.farama.org/introduction/migration_guide/ for additional information.
Gym has been unmaintained since 2022 and does not support NumPy 2.0 amongst other critical functionality.
Please upgrade to Gymnasium, the maintained drop-in replacement of Gym, or contact the authors of your software and request that they upgrade.
Users of this version of Gym should be able to simply replace 'import gym' with 'import gymnasium as gym' in the vast majority of cases.
See the migration guide at https://gymnasium.farama.org/introduction/migration_guide/ for additional information.
Gym has been unmaintained since 2022 and does not support NumPy 2.0 amongst other critical functionality.
Please upgrade to Gymnasium, the maintained drop-in replacement of Gym, or contact the authors of your software and request that they upgrade.
Users of this version of Gym should be able to simply replace 'import gym' with 'import gymnasium as gym' in the vast majority of cases.
See the migration guide at https://gymnasium.farama.org/introduction/migration_guide/ for additional information.
Gym has been unmaintained since 2022 and does not support NumPy 2.0 amongst other critical functionality.
Please upgrade to Gymnasium, the maintained drop-in replacement of Gym, or contact the authors of your software and request that they upgrade.
Users of this version of Gym should be able to simply replace 'import gym' with 'import gymnasium as gym' in the vast majority of cases.
See the migration guide at https://gymnasium.farama.org/introduction/migration_guide/ for additional information.
Gym has been unmaintained since 2022 and does not support NumPy 2.0 amongst other critical functionality.
Please upgrade to Gymnasium, the maintained drop-in replacement of Gym, or contact the authors of your software and request that they upgrade.
Users of this version of Gym should be able to simply replace 'import gym' with 'import gymnasium as gym' in the vast majority of cases.
See the migration guide at https://gymnasium.farama.org/introduction/migration_guide/ for additional information.
Gym has been unmaintained since 2022 and does not support NumPy 2.0 amongst other critical functionality.
Please upgrade to Gymnasium, the maintained drop-in replacement of Gym, or contact the authors of your software and request that they upgrade.
Users of this version of Gym should be able to simply replace 'import gym' with 'import gymnasium as gym' in the vast majority of cases.
See the migration guide at https://gymnasium.farama.org/introduction/migration_guide/ for additional information.
Gym has been unmaintained since 2022 and does not support NumPy 2.0 amongst other critical functionality.
Please upgrade to Gymnasium, the maintained drop-in replacement of Gym, or contact the authors of your software and request that they upgrade.
Users of this version of Gym should be able to simply replace 'import gym' with 'import gymnasium as gym' in the vast majority of cases.
See the migration guide at https://gymnasium.farama.org/introduction/migration_guide/ for additional information.
Gym has been unmaintained since 2022 and does not support NumPy 2.0 amongst other critical functionality.
Please upgrade to Gymnasium, the maintained drop-in replacement of Gym, or contact the authors of your software and request that they upgrade.
Users of this version of Gym should be able to simply replace 'import gym' with 'import gymnasium as gym' in the vast majority of cases.
See the migration guide at https://gymnasium.farama.org/introduction/migration_guide/ for additional information.
Gym has been unmaintained since 2022 and does not support NumPy 2.0 amongst other critical functionality.
Please upgrade to Gymnasium, the maintained drop-in replacement of Gym, or contact the authors of your software and request that they upgrade.
Users of this version of Gym should be able to simply replace 'import gym' with 'import gymnasium as gym' in the vast majority of cases.
See the migration guide at https://gymnasium.farama.org/introduction/migration_guide/ for additional information.
Gym has been unmaintained since 2022 and does not support NumPy 2.0 amongst other critical functionality.
Please upgrade to Gymnasium, the maintained drop-in replacement of Gym, or contact the authors of your software and request that they upgrade.
Users of this version of Gym should be able to simply replace 'import gym' with 'import gymnasium as gym' in the vast majority of cases.
See the migration guide at https://gymnasium.farama.org/introduction/migration_guide/ for additional information.
Gym has been unmaintained since 2022 and does not support NumPy 2.0 amongst other critical functionality.
Please upgrade to Gymnasium, the maintained drop-in replacement of Gym, or contact the authors of your software and request that they upgrade.
Users of this version of Gym should be able to simply replace 'import gym' with 'import gymnasium as gym' in the vast majority of cases.
See the migration guide at https://gymnasium.farama.org/introduction/migration_guide/ for additional information.
Gym has been unmaintained since 2022 and does not support NumPy 2.0 amongst other critical functionality.
Please upgrade to Gymnasium, the maintained drop-in replacement of Gym, or contact the authors of your software and request that they upgrade.
Users of this version of Gym should be able to simply replace 'import gym' with 'import gymnasium as gym' in the vast majority of cases.
See the migration guide at https://gymnasium.farama.org/introduction/migration_guide/ for additional information.
Gym has been unmaintained since 2022 and does not support NumPy 2.0 amongst other critical functionality.
Please upgrade to Gymnasium, the maintained drop-in replacement of Gym, or contact the authors of your software and request that they upgrade.
Users of this version of Gym should be able to simply replace 'import gym' with 'import gymnasium as gym' in the vast majority of cases.
See the migration guide at https://gymnasium.farama.org/introduction/migration_guide/ for additional information.
[30060:MainThread](2026-05-30 21:54:03,767) INFO - qlib.Initialization - [config.py:452] - default_conf: client.
[30060:MainThread](2026-05-30 21:54:03,771) INFO - qlib.Initialization - [__init__.py:75] - qlib successfully initialized based on client settings.
[30060:MainThread](2026-05-30 21:54:03,771) INFO - qlib.Initialization - [__init__.py:77] - data_path={'__DEFAULT_FREQ': WindowsPath('C:/Users/60585/.qlib/qlib_data/cn_data')}
[30164:MainThread](2026-05-30 21:54:03,790) INFO - qlib.Initialization - [config.py:452] - default_conf: client.
[30164:MainThread](2026-05-30 21:54:03,794) INFO - qlib.Initialization - [__init__.py:75] - qlib successfully initialized based on client settings.
[30164:MainThread](2026-05-30 21:54:03,794) INFO - qlib.Initialization - [__init__.py:77] - data_path={'__DEFAULT_FREQ': WindowsPath('C:/Users/60585/.qlib/qlib_data/cn_data')}
[23348:MainThread](2026-05-30 21:54:03,798) INFO - qlib.Initialization - [config.py:452] - default_conf: client.
[23348:MainThread](2026-05-30 21:54:03,801) INFO - qlib.Initialization - [__init__.py:75] - qlib successfully initialized based on client settings.
[23348:MainThread](2026-05-30 21:54:03,801) INFO - qlib.Initialization - [__init__.py:77] - data_path={'__DEFAULT_FREQ': WindowsPath('C:/Users/60585/.qlib/qlib_data/cn_data')}
[29132:MainThread](2026-05-30 21:54:03,809) INFO - qlib.Initialization - [config.py:452] - default_conf: client.
[24756:MainThread](2026-05-30 21:54:03,811) INFO - qlib.Initialization - [config.py:452] - default_conf: client.
[29132:MainThread](2026-05-30 21:54:03,814) INFO - qlib.Initialization - [__init__.py:75] - qlib successfully initialized based on client settings.
[28124:MainThread](2026-05-30 21:54:03,814) INFO - qlib.Initialization - [config.py:452] - default_conf: client.
[29132:MainThread](2026-05-30 21:54:03,815) INFO - qlib.Initialization - [__init__.py:77] - data_path={'__DEFAULT_FREQ': WindowsPath('C:/Users/60585/.qlib/qlib_data/cn_data')}
[24756:MainThread](2026-05-30 21:54:03,816) INFO - qlib.Initialization - [__init__.py:75] - qlib successfully initialized based on client settings.
[24756:MainThread](2026-05-30 21:54:03,816) INFO - qlib.Initialization - [__init__.py:77] - data_path={'__DEFAULT_FREQ': WindowsPath('C:/Users/60585/.qlib/qlib_data/cn_data')}
[28124:MainThread](2026-05-30 21:54:03,818) INFO - qlib.Initialization - [__init__.py:75] - qlib successfully initialized based on client settings.
[28124:MainThread](2026-05-30 21:54:03,818) INFO - qlib.Initialization - [__init__.py:77] - data_path={'__DEFAULT_FREQ': WindowsPath('C:/Users/60585/.qlib/qlib_data/cn_data')}
[22008:MainThread](2026-05-30 21:54:03,820) INFO - qlib.Initialization - [config.py:452] - default_conf: client.
[22008:MainThread](2026-05-30 21:54:03,825) INFO - qlib.Initialization - [__init__.py:75] - qlib successfully initialized based on client settings.
[22008:MainThread](2026-05-30 21:54:03,827) INFO - qlib.Initialization - [__init__.py:77] - data_path={'__DEFAULT_FREQ': WindowsPath('C:/Users/60585/.qlib/qlib_data/cn_data')}
[43188:MainThread](2026-05-30 21:54:03,830) INFO - qlib.Initialization - [config.py:452] - default_conf: client.
[38684:MainThread](2026-05-30 21:54:03,832) INFO - qlib.Initialization - [config.py:452] - default_conf: client.
[43188:MainThread](2026-05-30 21:54:03,834) INFO - qlib.Initialization - [__init__.py:75] - qlib successfully initialized based on client settings.
[43188:MainThread](2026-05-30 21:54:03,834) INFO - qlib.Initialization - [__init__.py:77] - data_path={'__DEFAULT_FREQ': WindowsPath('C:/Users/60585/.qlib/qlib_data/cn_data')}
[38684:MainThread](2026-05-30 21:54:03,838) INFO - qlib.Initialization - [__init__.py:75] - qlib successfully initialized based on client settings.
[38684:MainThread](2026-05-30 21:54:03,838) INFO - qlib.Initialization - [__init__.py:77] - data_path={'__DEFAULT_FREQ': WindowsPath('C:/Users/60585/.qlib/qlib_data/cn_data')}
[27692:MainThread](2026-05-30 21:54:03,838) INFO - qlib.Initialization - [config.py:452] - default_conf: client.
[39380:MainThread](2026-05-30 21:54:03,840) INFO - qlib.Initialization - [config.py:452] - default_conf: client.
[27692:MainThread](2026-05-30 21:54:03,840) INFO - qlib.Initialization - [__init__.py:75] - qlib successfully initialized based on client settings.
[27692:MainThread](2026-05-30 21:54:03,840) INFO - qlib.Initialization - [__init__.py:77] - data_path={'__DEFAULT_FREQ': WindowsPath('C:/Users/60585/.qlib/qlib_data/cn_data')}
[39380:MainThread](2026-05-30 21:54:03,840) INFO - qlib.Initialization - [__init__.py:75] - qlib successfully initialized based on client settings.
[39380:MainThread](2026-05-30 21:54:03,846) INFO - qlib.Initialization - [__init__.py:77] - data_path={'__DEFAULT_FREQ': WindowsPath('C:/Users/60585/.qlib/qlib_data/cn_data')}
[41264:MainThread](2026-05-30 21:54:03,853) INFO - qlib.Initialization - [config.py:452] - default_conf: client.
[23324:MainThread](2026-05-30 21:54:03,857) INFO - qlib.Initialization - [config.py:452] - default_conf: client.
[43848:MainThread](2026-05-30 21:54:03,857) INFO - qlib.Initialization - [config.py:452] - default_conf: client.
[41264:MainThread](2026-05-30 21:54:03,859) INFO - qlib.Initialization - [__init__.py:75] - qlib successfully initialized based on client settings.
[41264:MainThread](2026-05-30 21:54:03,859) INFO - qlib.Initialization - [__init__.py:77] - data_path={'__DEFAULT_FREQ': WindowsPath('C:/Users/60585/.qlib/qlib_data/cn_data')}
[4972:MainThread](2026-05-30 21:54:03,859) INFO - qlib.Initialization - [config.py:452] - default_conf: client.
[39916:MainThread](2026-05-30 21:54:03,859) INFO - qlib.Initialization - [config.py:452] - default_conf: client.
[23324:MainThread](2026-05-30 21:54:03,862) INFO - qlib.Initialization - [__init__.py:75] - qlib successfully initialized based on client settings.
[43848:MainThread](2026-05-30 21:54:03,862) INFO - qlib.Initialization - [__init__.py:75] - qlib successfully initialized based on client settings.
[39728:MainThread](2026-05-30 21:54:03,862) INFO - qlib.Initialization - [config.py:452] - default_conf: client.
[23324:MainThread](2026-05-30 21:54:03,862) INFO - qlib.Initialization - [__init__.py:77] - data_path={'__DEFAULT_FREQ': WindowsPath('C:/Users/60585/.qlib/qlib_data/cn_data')}
[43848:MainThread](2026-05-30 21:54:03,862) INFO - qlib.Initialization - [__init__.py:77] - data_path={'__DEFAULT_FREQ': WindowsPath('C:/Users/60585/.qlib/qlib_data/cn_data')}
[4972:MainThread](2026-05-30 21:54:03,864) INFO - qlib.Initialization - [__init__.py:75] - qlib successfully initialized based on client settings.
[4972:MainThread](2026-05-30 21:54:03,864) INFO - qlib.Initialization - [__init__.py:77] - data_path={'__DEFAULT_FREQ': WindowsPath('C:/Users/60585/.qlib/qlib_data/cn_data')}
[39916:MainThread](2026-05-30 21:54:03,864) INFO - qlib.Initialization - [__init__.py:75] - qlib successfully initialized based on client settings.
[39916:MainThread](2026-05-30 21:54:03,864) INFO - qlib.Initialization - [__init__.py:77] - data_path={'__DEFAULT_FREQ': WindowsPath('C:/Users/60585/.qlib/qlib_data/cn_data')}
[39728:MainThread](2026-05-30 21:54:03,866) INFO - qlib.Initialization - [__init__.py:75] - qlib successfully initialized based on client settings.
[39728:MainThread](2026-05-30 21:54:03,866) INFO - qlib.Initialization - [__init__.py:77] - data_path={'__DEFAULT_FREQ': WindowsPath('C:/Users/60585/.qlib/qlib_data/cn_data')}
[17520:MainThread](2026-05-30 21:54:03,900) INFO - qlib.Initialization - [config.py:452] - default_conf: client.
[17520:MainThread](2026-05-30 21:54:03,907) INFO - qlib.Initialization - [__init__.py:75] - qlib successfully initialized based on client settings.
[17520:MainThread](2026-05-30 21:54:03,907) INFO - qlib.Initialization - [__init__.py:77] - data_path={'__DEFAULT_FREQ': WindowsPath('C:/Users/60585/.qlib/qlib_data/cn_data')}
Gym has been unmaintained since 2022 and does not support NumPy 2.0 amongst other critical functionality.
Please upgrade to Gymnasium, the maintained drop-in replacement of Gym, or contact the authors of your software and request that they upgrade.
Users of this version of Gym should be able to simply replace 'import gym' with 'import gymnasium as gym' in the vast majority of cases.
See the migration guide at https://gymnasium.farama.org/introduction/migration_guide/ for additional information.
Gym has been unmaintained since 2022 and does not support NumPy 2.0 amongst other critical functionality.
Please upgrade to Gymnasium, the maintained drop-in replacement of Gym, or contact the authors of your software and request that they upgrade.
Users of this version of Gym should be able to simply replace 'import gym' with 'import gymnasium as gym' in the vast majority of cases.
See the migration guide at https://gymnasium.farama.org/introduction/migration_guide/ for additional information.
Gym has been unmaintained since 2022 and does not support NumPy 2.0 amongst other critical functionality.
Please upgrade to Gymnasium, the maintained drop-in replacement of Gym, or contact the authors of your software and request that they upgrade.
Users of this version of Gym should be able to simply replace 'import gym' with 'import gymnasium as gym' in the vast majority of cases.
See the migration guide at https://gymnasium.farama.org/introduction/migration_guide/ for additional information.
Gym has been unmaintained since 2022 and does not support NumPy 2.0 amongst other critical functionality.
Please upgrade to Gymnasium, the maintained drop-in replacement of Gym, or contact the authors of your software and request that they upgrade.
Users of this version of Gym should be able to simply replace 'import gym' with 'import gymnasium as gym' in the vast majority of cases.
See the migration guide at https://gymnasium.farama.org/introduction/migration_guide/ for additional information.
Gym has been unmaintained since 2022 and does not support NumPy 2.0 amongst other critical functionality.
Please upgrade to Gymnasium, the maintained drop-in replacement of Gym, or contact the authors of your software and request that they upgrade.
Users of this version of Gym should be able to simply replace 'import gym' with 'import gymnasium as gym' in the vast majority of cases.
See the migration guide at https://gymnasium.farama.org/introduction/migration_guide/ for additional information.
Gym has been unmaintained since 2022 and does not support NumPy 2.0 amongst other critical functionality.
Please upgrade to Gymnasium, the maintained drop-in replacement of Gym, or contact the authors of your software and request that they upgrade.
Users of this version of Gym should be able to simply replace 'import gym' with 'import gymnasium as gym' in the vast majority of cases.
See the migration guide at https://gymnasium.farama.org/introduction/migration_guide/ for additional information.
Gym has been unmaintained since 2022 and does not support NumPy 2.0 amongst other critical functionality.
Please upgrade to Gymnasium, the maintained drop-in replacement of Gym, or contact the authors of your software and request that they upgrade.
Users of this version of Gym should be able to simply replace 'import gym' with 'import gymnasium as gym' in the vast majority of cases.
See the migration guide at https://gymnasium.farama.org/introduction/migration_guide/ for additional information.
Gym has been unmaintained since 2022 and does not support NumPy 2.0 amongst other critical functionality.
Please upgrade to Gymnasium, the maintained drop-in replacement of Gym, or contact the authors of your software and request that they upgrade.
Users of this version of Gym should be able to simply replace 'import gym' with 'import gymnasium as gym' in the vast majority of cases.
See the migration guide at https://gymnasium.farama.org/introduction/migration_guide/ for additional information.
Gym has been unmaintained since 2022 and does not support NumPy 2.0 amongst other critical functionality.
Please upgrade to Gymnasium, the maintained drop-in replacement of Gym, or contact the authors of your software and request that they upgrade.
Users of this version of Gym should be able to simply replace 'import gym' with 'import gymnasium as gym' in the vast majority of cases.
See the migration guide at https://gymnasium.farama.org/introduction/migration_guide/ for additional information.
Gym has been unmaintained since 2022 and does not support NumPy 2.0 amongst other critical functionality.
Please upgrade to Gymnasium, the maintained drop-in replacement of Gym, or contact the authors of your software and request that they upgrade.
Users of this version of Gym should be able to simply replace 'import gym' with 'import gymnasium as gym' in the vast majority of cases.
See the migration guide at https://gymnasium.farama.org/introduction/migration_guide/ for additional information.
Gym has been unmaintained since 2022 and does not support NumPy 2.0 amongst other critical functionality.
Please upgrade to Gymnasium, the maintained drop-in replacement of Gym, or contact the authors of your software and request that they upgrade.
Users of this version of Gym should be able to simply replace 'import gym' with 'import gymnasium as gym' in the vast majority of cases.
See the migration guide at https://gymnasium.farama.org/introduction/migration_guide/ for additional information.
Gym has been unmaintained since 2022 and does not support NumPy 2.0 amongst other critical functionality.
Please upgrade to Gymnasium, the maintained drop-in replacement of Gym, or contact the authors of your software and request that they upgrade.
Users of this version of Gym should be able to simply replace 'import gym' with 'import gymnasium as gym' in the vast majority of cases.
See the migration guide at https://gymnasium.farama.org/introduction/migration_guide/ for additional information.
Gym has been unmaintained since 2022 and does not support NumPy 2.0 amongst other critical functionality.
Please upgrade to Gymnasium, the maintained drop-in replacement of Gym, or contact the authors of your software and request that they upgrade.
Users of this version of Gym should be able to simply replace 'import gym' with 'import gymnasium as gym' in the vast majority of cases.
See the migration guide at https://gymnasium.farama.org/introduction/migration_guide/ for additional information.
Gym has been unmaintained since 2022 and does not support NumPy 2.0 amongst other critical functionality.
Please upgrade to Gymnasium, the maintained drop-in replacement of Gym, or contact the authors of your software and request that they upgrade.
Users of this version of Gym should be able to simply replace 'import gym' with 'import gymnasium as gym' in the vast majority of cases.
See the migration guide at https://gymnasium.farama.org/introduction/migration_guide/ for additional information.
Gym has been unmaintained since 2022 and does not support NumPy 2.0 amongst other critical functionality.
Please upgrade to Gymnasium, the maintained drop-in replacement of Gym, or contact the authors of your software and request that they upgrade.
Users of this version of Gym should be able to simply replace 'import gym' with 'import gymnasium as gym' in the vast majority of cases.
See the migration guide at https://gymnasium.farama.org/introduction/migration_guide/ for additional information.
Gym has been unmaintained since 2022 and does not support NumPy 2.0 amongst other critical functionality.
Please upgrade to Gymnasium, the maintained drop-in replacement of Gym, or contact the authors of your software and request that they upgrade.
Users of this version of Gym should be able to simply replace 'import gym' with 'import gymnasium as gym' in the vast majority of cases.
See the migration guide at https://gymnasium.farama.org/introduction/migration_guide/ for additional information.
Gym has been unmaintained since 2022 and does not support NumPy 2.0 amongst other critical functionality.
Please upgrade to Gymnasium, the maintained drop-in replacement of Gym, or contact the authors of your software and request that they upgrade.
Users of this version of Gym should be able to simply replace 'import gym' with 'import gymnasium as gym' in the vast majority of cases.
See the migration guide at https://gymnasium.farama.org/introduction/migration_guide/ for additional information.
Gym has been unmaintained since 2022 and does not support NumPy 2.0 amongst other critical functionality.
Please upgrade to Gymnasium, the maintained drop-in replacement of Gym, or contact the authors of your software and request that they upgrade.
Users of this version of Gym should be able to simply replace 'import gym' with 'import gymnasium as gym' in the vast majority of cases.
See the migration guide at https://gymnasium.farama.org/introduction/migration_guide/ for additional information.
[37492:MainThread](2026-05-30 21:54:21,993) INFO - qlib.Initialization - [config.py:452] - default_conf: client.
[37492:MainThread](2026-05-30 21:54:21,997) INFO - qlib.Initialization - [__init__.py:75] - qlib successfully initialized based on client settings.
[37492:MainThread](2026-05-30 21:54:21,997) INFO - qlib.Initialization - [__init__.py:77] - data_path={'__DEFAULT_FREQ': WindowsPath('C:/Users/60585/.qlib/qlib_data/cn_data')}
[11248:MainThread](2026-05-30 21:54:22,018) INFO - qlib.Initialization - [config.py:452] - default_conf: client.
[11248:MainThread](2026-05-30 21:54:22,024) INFO - qlib.Initialization - [__init__.py:75] - qlib successfully initialized based on client settings.
[11248:MainThread](2026-05-30 21:54:22,024) INFO - qlib.Initialization - [__init__.py:77] - data_path={'__DEFAULT_FREQ': WindowsPath('C:/Users/60585/.qlib/qlib_data/cn_data')}
[42176:MainThread](2026-05-30 21:54:22,027) INFO - qlib.Initialization - [config.py:452] - default_conf: client.
[7824:MainThread](2026-05-30 21:54:22,030) INFO - qlib.Initialization - [config.py:452] - default_conf: client.
[30684:MainThread](2026-05-30 21:54:22,033) INFO - qlib.Initialization - [config.py:452] - default_conf: client.
[42176:MainThread](2026-05-30 21:54:22,033) INFO - qlib.Initialization - [__init__.py:75] - qlib successfully initialized based on client settings.
[42176:MainThread](2026-05-30 21:54:22,033) INFO - qlib.Initialization - [__init__.py:77] - data_path={'__DEFAULT_FREQ': WindowsPath('C:/Users/60585/.qlib/qlib_data/cn_data')}
[7824:MainThread](2026-05-30 21:54:22,036) INFO - qlib.Initialization - [__init__.py:75] - qlib successfully initialized based on client settings.
[7824:MainThread](2026-05-30 21:54:22,036) INFO - qlib.Initialization - [__init__.py:77] - data_path={'__DEFAULT_FREQ': WindowsPath('C:/Users/60585/.qlib/qlib_data/cn_data')}
[30684:MainThread](2026-05-30 21:54:22,036) INFO - qlib.Initialization - [__init__.py:75] - qlib successfully initialized based on client settings.
[30684:MainThread](2026-05-30 21:54:22,036) INFO - qlib.Initialization - [__init__.py:77] - data_path={'__DEFAULT_FREQ': WindowsPath('C:/Users/60585/.qlib/qlib_data/cn_data')}
[19200:MainThread](2026-05-30 21:54:22,048) INFO - qlib.Initialization - [config.py:452] - default_conf: client.
[19200:MainThread](2026-05-30 21:54:22,054) INFO - qlib.Initialization - [__init__.py:75] - qlib successfully initialized based on client settings.
[19200:MainThread](2026-05-30 21:54:22,054) INFO - qlib.Initialization - [__init__.py:77] - data_path={'__DEFAULT_FREQ': WindowsPath('C:/Users/60585/.qlib/qlib_data/cn_data')}
[43336:MainThread](2026-05-30 21:54:22,054) INFO - qlib.Initialization - [config.py:452] - default_conf: client.
[808:MainThread](2026-05-30 21:54:22,056) INFO - qlib.Initialization - [config.py:452] - default_conf: client.
[40256:MainThread](2026-05-30 21:54:22,058) INFO - qlib.Initialization - [config.py:452] - default_conf: client.
[43336:MainThread](2026-05-30 21:54:22,060) INFO - qlib.Initialization - [__init__.py:75] - qlib successfully initialized based on client settings.
[43336:MainThread](2026-05-30 21:54:22,060) INFO - qlib.Initialization - [__init__.py:77] - data_path={'__DEFAULT_FREQ': WindowsPath('C:/Users/60585/.qlib/qlib_data/cn_data')}
[808:MainThread](2026-05-30 21:54:22,060) INFO - qlib.Initialization - [__init__.py:75] - qlib successfully initialized based on client settings.
[808:MainThread](2026-05-30 21:54:22,062) INFO - qlib.Initialization - [__init__.py:77] - data_path={'__DEFAULT_FREQ': WindowsPath('C:/Users/60585/.qlib/qlib_data/cn_data')}
[40256:MainThread](2026-05-30 21:54:22,062) INFO - qlib.Initialization - [__init__.py:75] - qlib successfully initialized based on client settings.
[40256:MainThread](2026-05-30 21:54:22,062) INFO - qlib.Initialization - [__init__.py:77] - data_path={'__DEFAULT_FREQ': WindowsPath('C:/Users/60585/.qlib/qlib_data/cn_data')}
[24700:MainThread](2026-05-30 21:54:22,072) INFO - qlib.Initialization - [config.py:452] - default_conf: client.
[37740:MainThread](2026-05-30 21:54:22,074) INFO - qlib.Initialization - [config.py:452] - default_conf: client.
[36152:MainThread](2026-05-30 21:54:22,076) INFO - qlib.Initialization - [config.py:452] - default_conf: client.
[24700:MainThread](2026-05-30 21:54:22,077) INFO - qlib.Initialization - [__init__.py:75] - qlib successfully initialized based on client settings.
[11860:MainThread](2026-05-30 21:54:22,077) INFO - qlib.Initialization - [config.py:452] - default_conf: client.
[24700:MainThread](2026-05-30 21:54:22,078) INFO - qlib.Initialization - [__init__.py:77] - data_path={'__DEFAULT_FREQ': WindowsPath('C:/Users/60585/.qlib/qlib_data/cn_data')}
[37740:MainThread](2026-05-30 21:54:22,079) INFO - qlib.Initialization - [__init__.py:75] - qlib successfully initialized based on client settings.
[37740:MainThread](2026-05-30 21:54:22,079) INFO - qlib.Initialization - [__init__.py:77] - data_path={'__DEFAULT_FREQ': WindowsPath('C:/Users/60585/.qlib/qlib_data/cn_data')}
[36152:MainThread](2026-05-30 21:54:22,080) INFO - qlib.Initialization - [__init__.py:75] - qlib successfully initialized based on client settings.
[36152:MainThread](2026-05-30 21:54:22,080) INFO - qlib.Initialization - [__init__.py:77] - data_path={'__DEFAULT_FREQ': WindowsPath('C:/Users/60585/.qlib/qlib_data/cn_data')}
[11860:MainThread](2026-05-30 21:54:22,081) INFO - qlib.Initialization - [__init__.py:75] - qlib successfully initialized based on client settings.
[11860:MainThread](2026-05-30 21:54:22,081) INFO - qlib.Initialization - [__init__.py:77] - data_path={'__DEFAULT_FREQ': WindowsPath('C:/Users/60585/.qlib/qlib_data/cn_data')}
[29444:MainThread](2026-05-30 21:54:22,103) INFO - qlib.Initialization - [config.py:452] - default_conf: client.
[37404:MainThread](2026-05-30 21:54:22,105) INFO - qlib.Initialization - [config.py:452] - default_conf: client.
[29444:MainThread](2026-05-30 21:54:22,107) INFO - qlib.Initialization - [__init__.py:75] - qlib successfully initialized based on client settings.
[29444:MainThread](2026-05-30 21:54:22,107) INFO - qlib.Initialization - [__init__.py:77] - data_path={'__DEFAULT_FREQ': WindowsPath('C:/Users/60585/.qlib/qlib_data/cn_data')}
[39204:MainThread](2026-05-30 21:54:22,107) INFO - qlib.Initialization - [config.py:452] - default_conf: client.
[37404:MainThread](2026-05-30 21:54:22,107) INFO - qlib.Initialization - [__init__.py:75] - qlib successfully initialized based on client settings.
[37404:MainThread](2026-05-30 21:54:22,107) INFO - qlib.Initialization - [__init__.py:77] - data_path={'__DEFAULT_FREQ': WindowsPath('C:/Users/60585/.qlib/qlib_data/cn_data')}
[39204:MainThread](2026-05-30 21:54:22,112) INFO - qlib.Initialization - [__init__.py:75] - qlib successfully initialized based on client settings.
[39204:MainThread](2026-05-30 21:54:22,112) INFO - qlib.Initialization - [__init__.py:77] - data_path={'__DEFAULT_FREQ': WindowsPath('C:/Users/60585/.qlib/qlib_data/cn_data')}
[42216:MainThread](2026-05-30 21:54:22,130) INFO - qlib.Initialization - [config.py:452] - default_conf: client.
[31236:MainThread](2026-05-30 21:54:22,132) INFO - qlib.Initialization - [config.py:452] - default_conf: client.
[42216:MainThread](2026-05-30 21:54:22,135) INFO - qlib.Initialization - [__init__.py:75] - qlib successfully initialized based on client settings.
[42216:MainThread](2026-05-30 21:54:22,135) INFO - qlib.Initialization - [__init__.py:77] - data_path={'__DEFAULT_FREQ': WindowsPath('C:/Users/60585/.qlib/qlib_data/cn_data')}
[31236:MainThread](2026-05-30 21:54:22,137) INFO - qlib.Initialization - [__init__.py:75] - qlib successfully initialized based on client settings.
[31236:MainThread](2026-05-30 21:54:22,139) INFO - qlib.Initialization - [__init__.py:77] - data_path={'__DEFAULT_FREQ': WindowsPath('C:/Users/60585/.qlib/qlib_data/cn_data')}
[35472:MainThread](2026-05-30 21:54:22,894) INFO - qlib.timer - [log.py:127] - Time cost: 23.152s | Loading data Done
[35472:MainThread](2026-05-30 21:54:27,007) INFO - qlib.timer - [log.py:127] - Time cost: 3.817s | RobustZScoreNorm Done
[35472:MainThread](2026-05-30 21:54:27,772) INFO - qlib.timer - [log.py:127] - Time cost: 0.766s | Fillna Done
[35472:MainThread](2026-05-30 21:54:28,242) INFO - qlib.timer - [log.py:127] - Time cost: 0.154s | DropnaLabel Done
[35472:MainThread](2026-05-30 21:54:33,145) INFO - qlib.timer - [log.py:127] - Time cost: 4.904s | CSZScoreNorm Done
[35472:MainThread](2026-05-30 21:54:33,161) INFO - qlib.timer - [log.py:127] - Time cost: 10.265s | fit & process data Done
[35472:MainThread](2026-05-30 21:54:33,161) INFO - qlib.timer - [log.py:127] - Time cost: 33.420s | Init data Done
C:\Users\60585\PycharmProjects\qibMacV2\module\model_adapter.py:206: FutureWarning: `torch.cuda.amp.GradScaler(args...)` is deprecated. Please use `torch.amp.GradScaler('cuda', args...)` instead.
  self.scaler = torch.cuda.amp.GradScaler(enabled=True)
C:\Users\60585\miniconda3\envs\quantEnv\lib\site-packages\mlflow\tracking\_tracking_service\utils.py:140: FutureWarning: Filesystem tracking backend (e.g., './mlruns') is deprecated. Please switch to a database backend (e.g., 'sqlite:///mlflow.db'). For feedback, see: https://github.com/mlflow/mlflow/issues/18534
  return FileStore(store_uri, store_uri)
[35472:MainThread](2026-05-30 21:54:37,573) INFO - qlib.workflow - [exp.py:258] - Experiment 690786402904200180 starts running ...
[35472:MainThread](2026-05-30 21:54:38,102) INFO - qlib.workflow - [recorder.py:345] - Recorder 537a582167d94a2e9ada53e155ef83d1 starts running under Experiment 690786402904200180 ...
warning: in the working copy of 'module/architecture/moe_block.py', LF will be replaced by CRLF the next time Git touches it
warning: in the working copy of 'module/dataloader/sampler.py', LF will be replaced by CRLF the next time Git touches it
warning: in the working copy of 'module/model_adapter.py', LF will be replaced by CRLF the next time Git touches it
warning: in the working copy of 'work_flow.py', LF will be replaced by CRLF the next time Git touches it
C:\Users\60585\miniconda3\envs\quantEnv\lib\site-packages\torch\autograd\graph.py:825: UserWarning: Memory Efficient attention defaults to a non-deterministic algorithm. To explicitly enable determinism call torch.use_deterministic_algorithms(True, warn_only=False). (Triggered internally at C:\actions-runner\_work\pytorch\pytorch\builder\windows\pytorch\aten\src\ATen\native\transformers\cuda\attention_backward.cu:657.)
  return Variable._execution_engine.run_backward(  # Calls into the C++ engine to run the backward pass
