Gym has been unmaintained since 2022 and does not support NumPy 2.0 amongst other critical functionality.
Please upgrade to Gymnasium, the maintained drop-in replacement of Gym, or contact the authors of your software and request that they upgrade.
Users of this version of Gym should be able to simply replace 'import gym' with 'import gymnasium as gym' in the vast majority of cases.
See the migration guide at https://gymnasium.farama.org/introduction/migration_guide/ for additional information.
[13072:MainThread](2026-05-06 03:28:07,364) INFO - qlib.Initialization - [config.py:452] - default_conf: client.
[13072:MainThread](2026-05-06 03:28:07,366) INFO - qlib.Initialization - [__init__.py:75] - qlib successfully initialized based on client settings.
[13072:MainThread](2026-05-06 03:28:07,369) INFO - qlib.Initialization - [__init__.py:77] - data_path={'__DEFAULT_FREQ': WindowsPath('C:/Users/60585/.qlib/qlib_data/cn_data')}
Gym has been unmaintained since 2022 and does not support NumPy 2.0 amongst other critical functionality.
Please upgrade to Gymnasium, the maintained drop-in replacement of Gym, or contact the authors of your software and request that they upgrade.
Users of this version of Gym should be able to simply replace 'import gym' with 'import gymnasium as gym' in the vast majority of cases.
See the migration guide at https://gymnasium.farama.org/introduction/migration_guide/ for additional information.
Gym has been unmaintained since 2022 and does not support NumPy 2.0 amongst other critical functionality.
Please upgrade to Gymnasium, the maintained drop-in replacement of Gym, or contact the authors of your software and request that they upgrade.
Users of this version of Gym should be able to simply replace 'import gym' with 'import gymnasium as gym' in the vast majority of cases.
See the migration guide at https://gymnasium.farama.org/introduction/migration_guide/ for additional information.
Gym has been unmaintained since 2022 and does not support NumPy 2.0 amongst other critical functionality.
Please upgrade to Gymnasium, the maintained drop-in replacement of Gym, or contact the authors of your software and request that they upgrade.
Users of this version of Gym should be able to simply replace 'import gym' with 'import gymnasium as gym' in the vast majority of cases.
See the migration guide at https://gymnasium.farama.org/introduction/migration_guide/ for additional information.
Gym has been unmaintained since 2022 and does not support NumPy 2.0 amongst other critical functionality.
Please upgrade to Gymnasium, the maintained drop-in replacement of Gym, or contact the authors of your software and request that they upgrade.
Users of this version of Gym should be able to simply replace 'import gym' with 'import gymnasium as gym' in the vast majority of cases.
See the migration guide at https://gymnasium.farama.org/introduction/migration_guide/ for additional information.
Gym has been unmaintained since 2022 and does not support NumPy 2.0 amongst other critical functionality.
Please upgrade to Gymnasium, the maintained drop-in replacement of Gym, or contact the authors of your software and request that they upgrade.
Users of this version of Gym should be able to simply replace 'import gym' with 'import gymnasium as gym' in the vast majority of cases.
See the migration guide at https://gymnasium.farama.org/introduction/migration_guide/ for additional information.
Gym has been unmaintained since 2022 and does not support NumPy 2.0 amongst other critical functionality.
Please upgrade to Gymnasium, the maintained drop-in replacement of Gym, or contact the authors of your software and request that they upgrade.
Users of this version of Gym should be able to simply replace 'import gym' with 'import gymnasium as gym' in the vast majority of cases.
See the migration guide at https://gymnasium.farama.org/introduction/migration_guide/ for additional information.
Gym has been unmaintained since 2022 and does not support NumPy 2.0 amongst other critical functionality.
Please upgrade to Gymnasium, the maintained drop-in replacement of Gym, or contact the authors of your software and request that they upgrade.
Users of this version of Gym should be able to simply replace 'import gym' with 'import gymnasium as gym' in the vast majority of cases.
See the migration guide at https://gymnasium.farama.org/introduction/migration_guide/ for additional information.
Gym has been unmaintained since 2022 and does not support NumPy 2.0 amongst other critical functionality.
Please upgrade to Gymnasium, the maintained drop-in replacement of Gym, or contact the authors of your software and request that they upgrade.
Users of this version of Gym should be able to simply replace 'import gym' with 'import gymnasium as gym' in the vast majority of cases.
See the migration guide at https://gymnasium.farama.org/introduction/migration_guide/ for additional information.
Gym has been unmaintained since 2022 and does not support NumPy 2.0 amongst other critical functionality.
Please upgrade to Gymnasium, the maintained drop-in replacement of Gym, or contact the authors of your software and request that they upgrade.
Users of this version of Gym should be able to simply replace 'import gym' with 'import gymnasium as gym' in the vast majority of cases.
See the migration guide at https://gymnasium.farama.org/introduction/migration_guide/ for additional information.
Gym has been unmaintained since 2022 and does not support NumPy 2.0 amongst other critical functionality.
Please upgrade to Gymnasium, the maintained drop-in replacement of Gym, or contact the authors of your software and request that they upgrade.
Users of this version of Gym should be able to simply replace 'import gym' with 'import gymnasium as gym' in the vast majority of cases.
See the migration guide at https://gymnasium.farama.org/introduction/migration_guide/ for additional information.
Gym has been unmaintained since 2022 and does not support NumPy 2.0 amongst other critical functionality.
Please upgrade to Gymnasium, the maintained drop-in replacement of Gym, or contact the authors of your software and request that they upgrade.
Users of this version of Gym should be able to simply replace 'import gym' with 'import gymnasium as gym' in the vast majority of cases.
See the migration guide at https://gymnasium.farama.org/introduction/migration_guide/ for additional information.
Gym has been unmaintained since 2022 and does not support NumPy 2.0 amongst other critical functionality.
Please upgrade to Gymnasium, the maintained drop-in replacement of Gym, or contact the authors of your software and request that they upgrade.
Users of this version of Gym should be able to simply replace 'import gym' with 'import gymnasium as gym' in the vast majority of cases.
See the migration guide at https://gymnasium.farama.org/introduction/migration_guide/ for additional information.
Gym has been unmaintained since 2022 and does not support NumPy 2.0 amongst other critical functionality.
Please upgrade to Gymnasium, the maintained drop-in replacement of Gym, or contact the authors of your software and request that they upgrade.
Users of this version of Gym should be able to simply replace 'import gym' with 'import gymnasium as gym' in the vast majority of cases.
See the migration guide at https://gymnasium.farama.org/introduction/migration_guide/ for additional information.
Gym has been unmaintained since 2022 and does not support NumPy 2.0 amongst other critical functionality.
Please upgrade to Gymnasium, the maintained drop-in replacement of Gym, or contact the authors of your software and request that they upgrade.
Users of this version of Gym should be able to simply replace 'import gym' with 'import gymnasium as gym' in the vast majority of cases.
See the migration guide at https://gymnasium.farama.org/introduction/migration_guide/ for additional information.
Gym has been unmaintained since 2022 and does not support NumPy 2.0 amongst other critical functionality.
Please upgrade to Gymnasium, the maintained drop-in replacement of Gym, or contact the authors of your software and request that they upgrade.
Users of this version of Gym should be able to simply replace 'import gym' with 'import gymnasium as gym' in the vast majority of cases.
See the migration guide at https://gymnasium.farama.org/introduction/migration_guide/ for additional information.
Gym has been unmaintained since 2022 and does not support NumPy 2.0 amongst other critical functionality.
Please upgrade to Gymnasium, the maintained drop-in replacement of Gym, or contact the authors of your software and request that they upgrade.
Users of this version of Gym should be able to simply replace 'import gym' with 'import gymnasium as gym' in the vast majority of cases.
See the migration guide at https://gymnasium.farama.org/introduction/migration_guide/ for additional information.
Gym has been unmaintained since 2022 and does not support NumPy 2.0 amongst other critical functionality.
Please upgrade to Gymnasium, the maintained drop-in replacement of Gym, or contact the authors of your software and request that they upgrade.
Users of this version of Gym should be able to simply replace 'import gym' with 'import gymnasium as gym' in the vast majority of cases.
See the migration guide at https://gymnasium.farama.org/introduction/migration_guide/ for additional information.
Gym has been unmaintained since 2022 and does not support NumPy 2.0 amongst other critical functionality.
Please upgrade to Gymnasium, the maintained drop-in replacement of Gym, or contact the authors of your software and request that they upgrade.
Users of this version of Gym should be able to simply replace 'import gym' with 'import gymnasium as gym' in the vast majority of cases.
See the migration guide at https://gymnasium.farama.org/introduction/migration_guide/ for additional information.
[12480:MainThread](2026-05-06 03:28:11,159) INFO - qlib.Initialization - [config.py:452] - default_conf: client.
[12480:MainThread](2026-05-06 03:28:11,163) INFO - qlib.Initialization - [__init__.py:75] - qlib successfully initialized based on client settings.
[12480:MainThread](2026-05-06 03:28:11,163) INFO - qlib.Initialization - [__init__.py:77] - data_path={'__DEFAULT_FREQ': WindowsPath('C:/Users/60585/.qlib/qlib_data/cn_data')}
[32700:MainThread](2026-05-06 03:28:11,194) INFO - qlib.Initialization - [config.py:452] - default_conf: client.
[25620:MainThread](2026-05-06 03:28:11,197) INFO - qlib.Initialization - [config.py:452] - default_conf: client.
[32700:MainThread](2026-05-06 03:28:11,198) INFO - qlib.Initialization - [__init__.py:75] - qlib successfully initialized based on client settings.
[32700:MainThread](2026-05-06 03:28:11,199) INFO - qlib.Initialization - [__init__.py:77] - data_path={'__DEFAULT_FREQ': WindowsPath('C:/Users/60585/.qlib/qlib_data/cn_data')}
[25620:MainThread](2026-05-06 03:28:11,202) INFO - qlib.Initialization - [__init__.py:75] - qlib successfully initialized based on client settings.
[25620:MainThread](2026-05-06 03:28:11,203) INFO - qlib.Initialization - [__init__.py:77] - data_path={'__DEFAULT_FREQ': WindowsPath('C:/Users/60585/.qlib/qlib_data/cn_data')}
[35712:MainThread](2026-05-06 03:28:11,233) INFO - qlib.Initialization - [config.py:452] - default_conf: client.
[35712:MainThread](2026-05-06 03:28:11,238) INFO - qlib.Initialization - [__init__.py:75] - qlib successfully initialized based on client settings.
[35712:MainThread](2026-05-06 03:28:11,239) INFO - qlib.Initialization - [__init__.py:77] - data_path={'__DEFAULT_FREQ': WindowsPath('C:/Users/60585/.qlib/qlib_data/cn_data')}
[19740:MainThread](2026-05-06 03:28:11,245) INFO - qlib.Initialization - [config.py:452] - default_conf: client.
[19740:MainThread](2026-05-06 03:28:11,249) INFO - qlib.Initialization - [__init__.py:75] - qlib successfully initialized based on client settings.
[19740:MainThread](2026-05-06 03:28:11,250) INFO - qlib.Initialization - [__init__.py:77] - data_path={'__DEFAULT_FREQ': WindowsPath('C:/Users/60585/.qlib/qlib_data/cn_data')}
[37480:MainThread](2026-05-06 03:28:11,255) INFO - qlib.Initialization - [config.py:452] - default_conf: client.
[36772:MainThread](2026-05-06 03:28:11,256) INFO - qlib.Initialization - [config.py:452] - default_conf: client.
[37480:MainThread](2026-05-06 03:28:11,259) INFO - qlib.Initialization - [__init__.py:75] - qlib successfully initialized based on client settings.
[37480:MainThread](2026-05-06 03:28:11,259) INFO - qlib.Initialization - [__init__.py:77] - data_path={'__DEFAULT_FREQ': WindowsPath('C:/Users/60585/.qlib/qlib_data/cn_data')}
[36772:MainThread](2026-05-06 03:28:11,261) INFO - qlib.Initialization - [__init__.py:75] - qlib successfully initialized based on client settings.
[36772:MainThread](2026-05-06 03:28:11,262) INFO - qlib.Initialization - [__init__.py:77] - data_path={'__DEFAULT_FREQ': WindowsPath('C:/Users/60585/.qlib/qlib_data/cn_data')}
[20080:MainThread](2026-05-06 03:28:11,264) INFO - qlib.Initialization - [config.py:452] - default_conf: client.
[2920:MainThread](2026-05-06 03:28:11,264) INFO - qlib.Initialization - [config.py:452] - default_conf: client.
[22380:MainThread](2026-05-06 03:28:11,264) INFO - qlib.Initialization - [config.py:452] - default_conf: client.
[39172:MainThread](2026-05-06 03:28:11,268) INFO - qlib.Initialization - [config.py:452] - default_conf: client.
[20080:MainThread](2026-05-06 03:28:11,268) INFO - qlib.Initialization - [__init__.py:75] - qlib successfully initialized based on client settings.
[20080:MainThread](2026-05-06 03:28:11,268) INFO - qlib.Initialization - [__init__.py:77] - data_path={'__DEFAULT_FREQ': WindowsPath('C:/Users/60585/.qlib/qlib_data/cn_data')}
[2920:MainThread](2026-05-06 03:28:11,270) INFO - qlib.Initialization - [__init__.py:75] - qlib successfully initialized based on client settings.
[22380:MainThread](2026-05-06 03:28:11,270) INFO - qlib.Initialization - [__init__.py:75] - qlib successfully initialized based on client settings.
[2920:MainThread](2026-05-06 03:28:11,270) INFO - qlib.Initialization - [__init__.py:77] - data_path={'__DEFAULT_FREQ': WindowsPath('C:/Users/60585/.qlib/qlib_data/cn_data')}
[22380:MainThread](2026-05-06 03:28:11,271) INFO - qlib.Initialization - [__init__.py:77] - data_path={'__DEFAULT_FREQ': WindowsPath('C:/Users/60585/.qlib/qlib_data/cn_data')}
[39172:MainThread](2026-05-06 03:28:11,272) INFO - qlib.Initialization - [__init__.py:75] - qlib successfully initialized based on client settings.
[39172:MainThread](2026-05-06 03:28:11,273) INFO - qlib.Initialization - [__init__.py:77] - data_path={'__DEFAULT_FREQ': WindowsPath('C:/Users/60585/.qlib/qlib_data/cn_data')}
[38008:MainThread](2026-05-06 03:28:11,280) INFO - qlib.Initialization - [config.py:452] - default_conf: client.
[25564:MainThread](2026-05-06 03:28:11,283) INFO - qlib.Initialization - [config.py:452] - default_conf: client.
[38008:MainThread](2026-05-06 03:28:11,284) INFO - qlib.Initialization - [__init__.py:75] - qlib successfully initialized based on client settings.
[38008:MainThread](2026-05-06 03:28:11,285) INFO - qlib.Initialization - [__init__.py:77] - data_path={'__DEFAULT_FREQ': WindowsPath('C:/Users/60585/.qlib/qlib_data/cn_data')}
[16624:MainThread](2026-05-06 03:28:11,286) INFO - qlib.Initialization - [config.py:452] - default_conf: client.
[32264:MainThread](2026-05-06 03:28:11,287) INFO - qlib.Initialization - [config.py:452] - default_conf: client.
[25564:MainThread](2026-05-06 03:28:11,288) INFO - qlib.Initialization - [__init__.py:75] - qlib successfully initialized based on client settings.
[25564:MainThread](2026-05-06 03:28:11,289) INFO - qlib.Initialization - [__init__.py:77] - data_path={'__DEFAULT_FREQ': WindowsPath('C:/Users/60585/.qlib/qlib_data/cn_data')}
[16624:MainThread](2026-05-06 03:28:11,290) INFO - qlib.Initialization - [__init__.py:75] - qlib successfully initialized based on client settings.
[16624:MainThread](2026-05-06 03:28:11,291) INFO - qlib.Initialization - [__init__.py:77] - data_path={'__DEFAULT_FREQ': WindowsPath('C:/Users/60585/.qlib/qlib_data/cn_data')}
[32264:MainThread](2026-05-06 03:28:11,292) INFO - qlib.Initialization - [__init__.py:75] - qlib successfully initialized based on client settings.
[32264:MainThread](2026-05-06 03:28:11,293) INFO - qlib.Initialization - [__init__.py:77] - data_path={'__DEFAULT_FREQ': WindowsPath('C:/Users/60585/.qlib/qlib_data/cn_data')}
[25096:MainThread](2026-05-06 03:28:11,301) INFO - qlib.Initialization - [config.py:452] - default_conf: client.
[25096:MainThread](2026-05-06 03:28:11,306) INFO - qlib.Initialization - [__init__.py:75] - qlib successfully initialized based on client settings.
[25096:MainThread](2026-05-06 03:28:11,306) INFO - qlib.Initialization - [__init__.py:77] - data_path={'__DEFAULT_FREQ': WindowsPath('C:/Users/60585/.qlib/qlib_data/cn_data')}
[17324:MainThread](2026-05-06 03:28:11,312) INFO - qlib.Initialization - [config.py:452] - default_conf: client.
[17324:MainThread](2026-05-06 03:28:11,317) INFO - qlib.Initialization - [__init__.py:75] - qlib successfully initialized based on client settings.
[17324:MainThread](2026-05-06 03:28:11,318) INFO - qlib.Initialization - [__init__.py:77] - data_path={'__DEFAULT_FREQ': WindowsPath('C:/Users/60585/.qlib/qlib_data/cn_data')}
[2520:MainThread](2026-05-06 03:28:11,328) INFO - qlib.Initialization - [config.py:452] - default_conf: client.
[2520:MainThread](2026-05-06 03:28:11,333) INFO - qlib.Initialization - [__init__.py:75] - qlib successfully initialized based on client settings.
[2520:MainThread](2026-05-06 03:28:11,333) INFO - qlib.Initialization - [__init__.py:77] - data_path={'__DEFAULT_FREQ': WindowsPath('C:/Users/60585/.qlib/qlib_data/cn_data')}
Gym has been unmaintained since 2022 and does not support NumPy 2.0 amongst other critical functionality.
Please upgrade to Gymnasium, the maintained drop-in replacement of Gym, or contact the authors of your software and request that they upgrade.
Users of this version of Gym should be able to simply replace 'import gym' with 'import gymnasium as gym' in the vast majority of cases.
See the migration guide at https://gymnasium.farama.org/introduction/migration_guide/ for additional information.
Gym has been unmaintained since 2022 and does not support NumPy 2.0 amongst other critical functionality.
Please upgrade to Gymnasium, the maintained drop-in replacement of Gym, or contact the authors of your software and request that they upgrade.
Users of this version of Gym should be able to simply replace 'import gym' with 'import gymnasium as gym' in the vast majority of cases.
See the migration guide at https://gymnasium.farama.org/introduction/migration_guide/ for additional information.
Gym has been unmaintained since 2022 and does not support NumPy 2.0 amongst other critical functionality.
Please upgrade to Gymnasium, the maintained drop-in replacement of Gym, or contact the authors of your software and request that they upgrade.
Users of this version of Gym should be able to simply replace 'import gym' with 'import gymnasium as gym' in the vast majority of cases.
See the migration guide at https://gymnasium.farama.org/introduction/migration_guide/ for additional information.
Gym has been unmaintained since 2022 and does not support NumPy 2.0 amongst other critical functionality.
Please upgrade to Gymnasium, the maintained drop-in replacement of Gym, or contact the authors of your software and request that they upgrade.
Users of this version of Gym should be able to simply replace 'import gym' with 'import gymnasium as gym' in the vast majority of cases.
See the migration guide at https://gymnasium.farama.org/introduction/migration_guide/ for additional information.
Gym has been unmaintained since 2022 and does not support NumPy 2.0 amongst other critical functionality.
Please upgrade to Gymnasium, the maintained drop-in replacement of Gym, or contact the authors of your software and request that they upgrade.
Users of this version of Gym should be able to simply replace 'import gym' with 'import gymnasium as gym' in the vast majority of cases.
See the migration guide at https://gymnasium.farama.org/introduction/migration_guide/ for additional information.
Gym has been unmaintained since 2022 and does not support NumPy 2.0 amongst other critical functionality.
Please upgrade to Gymnasium, the maintained drop-in replacement of Gym, or contact the authors of your software and request that they upgrade.
Users of this version of Gym should be able to simply replace 'import gym' with 'import gymnasium as gym' in the vast majority of cases.
See the migration guide at https://gymnasium.farama.org/introduction/migration_guide/ for additional information.
Gym has been unmaintained since 2022 and does not support NumPy 2.0 amongst other critical functionality.
Please upgrade to Gymnasium, the maintained drop-in replacement of Gym, or contact the authors of your software and request that they upgrade.
Users of this version of Gym should be able to simply replace 'import gym' with 'import gymnasium as gym' in the vast majority of cases.
See the migration guide at https://gymnasium.farama.org/introduction/migration_guide/ for additional information.
Gym has been unmaintained since 2022 and does not support NumPy 2.0 amongst other critical functionality.
Please upgrade to Gymnasium, the maintained drop-in replacement of Gym, or contact the authors of your software and request that they upgrade.
Users of this version of Gym should be able to simply replace 'import gym' with 'import gymnasium as gym' in the vast majority of cases.
See the migration guide at https://gymnasium.farama.org/introduction/migration_guide/ for additional information.
Gym has been unmaintained since 2022 and does not support NumPy 2.0 amongst other critical functionality.
Please upgrade to Gymnasium, the maintained drop-in replacement of Gym, or contact the authors of your software and request that they upgrade.
Users of this version of Gym should be able to simply replace 'import gym' with 'import gymnasium as gym' in the vast majority of cases.
See the migration guide at https://gymnasium.farama.org/introduction/migration_guide/ for additional information.
Gym has been unmaintained since 2022 and does not support NumPy 2.0 amongst other critical functionality.
Please upgrade to Gymnasium, the maintained drop-in replacement of Gym, or contact the authors of your software and request that they upgrade.
Users of this version of Gym should be able to simply replace 'import gym' with 'import gymnasium as gym' in the vast majority of cases.
See the migration guide at https://gymnasium.farama.org/introduction/migration_guide/ for additional information.
Gym has been unmaintained since 2022 and does not support NumPy 2.0 amongst other critical functionality.
Please upgrade to Gymnasium, the maintained drop-in replacement of Gym, or contact the authors of your software and request that they upgrade.
Users of this version of Gym should be able to simply replace 'import gym' with 'import gymnasium as gym' in the vast majority of cases.
See the migration guide at https://gymnasium.farama.org/introduction/migration_guide/ for additional information.
Gym has been unmaintained since 2022 and does not support NumPy 2.0 amongst other critical functionality.
Please upgrade to Gymnasium, the maintained drop-in replacement of Gym, or contact the authors of your software and request that they upgrade.
Users of this version of Gym should be able to simply replace 'import gym' with 'import gymnasium as gym' in the vast majority of cases.
See the migration guide at https://gymnasium.farama.org/introduction/migration_guide/ for additional information.
Gym has been unmaintained since 2022 and does not support NumPy 2.0 amongst other critical functionality.
Please upgrade to Gymnasium, the maintained drop-in replacement of Gym, or contact the authors of your software and request that they upgrade.
Users of this version of Gym should be able to simply replace 'import gym' with 'import gymnasium as gym' in the vast majority of cases.
See the migration guide at https://gymnasium.farama.org/introduction/migration_guide/ for additional information.
Gym has been unmaintained since 2022 and does not support NumPy 2.0 amongst other critical functionality.
Please upgrade to Gymnasium, the maintained drop-in replacement of Gym, or contact the authors of your software and request that they upgrade.
Users of this version of Gym should be able to simply replace 'import gym' with 'import gymnasium as gym' in the vast majority of cases.
See the migration guide at https://gymnasium.farama.org/introduction/migration_guide/ for additional information.
Gym has been unmaintained since 2022 and does not support NumPy 2.0 amongst other critical functionality.
Please upgrade to Gymnasium, the maintained drop-in replacement of Gym, or contact the authors of your software and request that they upgrade.
Users of this version of Gym should be able to simply replace 'import gym' with 'import gymnasium as gym' in the vast majority of cases.
See the migration guide at https://gymnasium.farama.org/introduction/migration_guide/ for additional information.
Gym has been unmaintained since 2022 and does not support NumPy 2.0 amongst other critical functionality.
Please upgrade to Gymnasium, the maintained drop-in replacement of Gym, or contact the authors of your software and request that they upgrade.
Users of this version of Gym should be able to simply replace 'import gym' with 'import gymnasium as gym' in the vast majority of cases.
See the migration guide at https://gymnasium.farama.org/introduction/migration_guide/ for additional information.
Gym has been unmaintained since 2022 and does not support NumPy 2.0 amongst other critical functionality.
Please upgrade to Gymnasium, the maintained drop-in replacement of Gym, or contact the authors of your software and request that they upgrade.
Users of this version of Gym should be able to simply replace 'import gym' with 'import gymnasium as gym' in the vast majority of cases.
See the migration guide at https://gymnasium.farama.org/introduction/migration_guide/ for additional information.
Gym has been unmaintained since 2022 and does not support NumPy 2.0 amongst other critical functionality.
Please upgrade to Gymnasium, the maintained drop-in replacement of Gym, or contact the authors of your software and request that they upgrade.
Users of this version of Gym should be able to simply replace 'import gym' with 'import gymnasium as gym' in the vast majority of cases.
See the migration guide at https://gymnasium.farama.org/introduction/migration_guide/ for additional information.
[36628:MainThread](2026-05-06 03:28:28,951) INFO - qlib.Initialization - [config.py:452] - default_conf: client.
[36628:MainThread](2026-05-06 03:28:28,955) INFO - qlib.Initialization - [__init__.py:75] - qlib successfully initialized based on client settings.
[36628:MainThread](2026-05-06 03:28:28,956) INFO - qlib.Initialization - [__init__.py:77] - data_path={'__DEFAULT_FREQ': WindowsPath('C:/Users/60585/.qlib/qlib_data/cn_data')}
[28024:MainThread](2026-05-06 03:28:28,956) INFO - qlib.Initialization - [config.py:452] - default_conf: client.
[28024:MainThread](2026-05-06 03:28:28,961) INFO - qlib.Initialization - [__init__.py:75] - qlib successfully initialized based on client settings.
[28024:MainThread](2026-05-06 03:28:28,961) INFO - qlib.Initialization - [__init__.py:77] - data_path={'__DEFAULT_FREQ': WindowsPath('C:/Users/60585/.qlib/qlib_data/cn_data')}
[33412:MainThread](2026-05-06 03:28:28,974) INFO - qlib.Initialization - [config.py:452] - default_conf: client.
[33412:MainThread](2026-05-06 03:28:28,978) INFO - qlib.Initialization - [__init__.py:75] - qlib successfully initialized based on client settings.
[33412:MainThread](2026-05-06 03:28:28,979) INFO - qlib.Initialization - [__init__.py:77] - data_path={'__DEFAULT_FREQ': WindowsPath('C:/Users/60585/.qlib/qlib_data/cn_data')}
[17672:MainThread](2026-05-06 03:28:28,998) INFO - qlib.Initialization - [config.py:452] - default_conf: client.
[32520:MainThread](2026-05-06 03:28:28,999) INFO - qlib.Initialization - [config.py:452] - default_conf: client.
[28348:MainThread](2026-05-06 03:28:29,002) INFO - qlib.Initialization - [config.py:452] - default_conf: client.
[17672:MainThread](2026-05-06 03:28:29,002) INFO - qlib.Initialization - [__init__.py:75] - qlib successfully initialized based on client settings.
[17672:MainThread](2026-05-06 03:28:29,003) INFO - qlib.Initialization - [__init__.py:77] - data_path={'__DEFAULT_FREQ': WindowsPath('C:/Users/60585/.qlib/qlib_data/cn_data')}
[32520:MainThread](2026-05-06 03:28:29,003) INFO - qlib.Initialization - [__init__.py:75] - qlib successfully initialized based on client settings.
[32520:MainThread](2026-05-06 03:28:29,003) INFO - qlib.Initialization - [__init__.py:77] - data_path={'__DEFAULT_FREQ': WindowsPath('C:/Users/60585/.qlib/qlib_data/cn_data')}
[28348:MainThread](2026-05-06 03:28:29,007) INFO - qlib.Initialization - [__init__.py:75] - qlib successfully initialized based on client settings.
[28348:MainThread](2026-05-06 03:28:29,007) INFO - qlib.Initialization - [__init__.py:77] - data_path={'__DEFAULT_FREQ': WindowsPath('C:/Users/60585/.qlib/qlib_data/cn_data')}
[32048:MainThread](2026-05-06 03:28:29,009) INFO - qlib.Initialization - [config.py:452] - default_conf: client.
[9508:MainThread](2026-05-06 03:28:29,009) INFO - qlib.Initialization - [config.py:452] - default_conf: client.
[29684:MainThread](2026-05-06 03:28:29,013) INFO - qlib.Initialization - [config.py:452] - default_conf: client.
[32048:MainThread](2026-05-06 03:28:29,014) INFO - qlib.Initialization - [__init__.py:75] - qlib successfully initialized based on client settings.
[9508:MainThread](2026-05-06 03:28:29,014) INFO - qlib.Initialization - [__init__.py:75] - qlib successfully initialized based on client settings.
[32048:MainThread](2026-05-06 03:28:29,014) INFO - qlib.Initialization - [__init__.py:77] - data_path={'__DEFAULT_FREQ': WindowsPath('C:/Users/60585/.qlib/qlib_data/cn_data')}
[9508:MainThread](2026-05-06 03:28:29,014) INFO - qlib.Initialization - [__init__.py:77] - data_path={'__DEFAULT_FREQ': WindowsPath('C:/Users/60585/.qlib/qlib_data/cn_data')}
[1516:MainThread](2026-05-06 03:28:29,014) INFO - qlib.Initialization - [config.py:452] - default_conf: client.
[12056:MainThread](2026-05-06 03:28:29,017) INFO - qlib.Initialization - [config.py:452] - default_conf: client.
[29684:MainThread](2026-05-06 03:28:29,018) INFO - qlib.Initialization - [__init__.py:75] - qlib successfully initialized based on client settings.
[29684:MainThread](2026-05-06 03:28:29,019) INFO - qlib.Initialization - [__init__.py:77] - data_path={'__DEFAULT_FREQ': WindowsPath('C:/Users/60585/.qlib/qlib_data/cn_data')}
[38716:MainThread](2026-05-06 03:28:29,019) INFO - qlib.Initialization - [config.py:452] - default_conf: client.
[1516:MainThread](2026-05-06 03:28:29,019) INFO - qlib.Initialization - [__init__.py:75] - qlib successfully initialized based on client settings.
[1516:MainThread](2026-05-06 03:28:29,020) INFO - qlib.Initialization - [__init__.py:77] - data_path={'__DEFAULT_FREQ': WindowsPath('C:/Users/60585/.qlib/qlib_data/cn_data')}
[12056:MainThread](2026-05-06 03:28:29,020) INFO - qlib.Initialization - [__init__.py:75] - qlib successfully initialized based on client settings.
[23260:MainThread](2026-05-06 03:28:29,021) INFO - qlib.Initialization - [config.py:452] - default_conf: client.
[12056:MainThread](2026-05-06 03:28:29,021) INFO - qlib.Initialization - [__init__.py:77] - data_path={'__DEFAULT_FREQ': WindowsPath('C:/Users/60585/.qlib/qlib_data/cn_data')}
[38716:MainThread](2026-05-06 03:28:29,023) INFO - qlib.Initialization - [__init__.py:75] - qlib successfully initialized based on client settings.
[38716:MainThread](2026-05-06 03:28:29,023) INFO - qlib.Initialization - [__init__.py:77] - data_path={'__DEFAULT_FREQ': WindowsPath('C:/Users/60585/.qlib/qlib_data/cn_data')}
[23260:MainThread](2026-05-06 03:28:29,025) INFO - qlib.Initialization - [__init__.py:75] - qlib successfully initialized based on client settings.
[23260:MainThread](2026-05-06 03:28:29,025) INFO - qlib.Initialization - [__init__.py:77] - data_path={'__DEFAULT_FREQ': WindowsPath('C:/Users/60585/.qlib/qlib_data/cn_data')}
[27800:MainThread](2026-05-06 03:28:29,026) INFO - qlib.Initialization - [config.py:452] - default_conf: client.
[27800:MainThread](2026-05-06 03:28:29,030) INFO - qlib.Initialization - [__init__.py:75] - qlib successfully initialized based on client settings.
[27800:MainThread](2026-05-06 03:28:29,031) INFO - qlib.Initialization - [__init__.py:77] - data_path={'__DEFAULT_FREQ': WindowsPath('C:/Users/60585/.qlib/qlib_data/cn_data')}
[22872:MainThread](2026-05-06 03:28:29,032) INFO - qlib.Initialization - [config.py:452] - default_conf: client.
[30168:MainThread](2026-05-06 03:28:29,032) INFO - qlib.Initialization - [config.py:452] - default_conf: client.
[33796:MainThread](2026-05-06 03:28:29,035) INFO - qlib.Initialization - [config.py:452] - default_conf: client.
[22872:MainThread](2026-05-06 03:28:29,036) INFO - qlib.Initialization - [__init__.py:75] - qlib successfully initialized based on client settings.
[22872:MainThread](2026-05-06 03:28:29,036) INFO - qlib.Initialization - [__init__.py:77] - data_path={'__DEFAULT_FREQ': WindowsPath('C:/Users/60585/.qlib/qlib_data/cn_data')}
[30168:MainThread](2026-05-06 03:28:29,036) INFO - qlib.Initialization - [__init__.py:75] - qlib successfully initialized based on client settings.
[21712:MainThread](2026-05-06 03:28:29,036) INFO - qlib.Initialization - [config.py:452] - default_conf: client.
[30168:MainThread](2026-05-06 03:28:29,037) INFO - qlib.Initialization - [__init__.py:77] - data_path={'__DEFAULT_FREQ': WindowsPath('C:/Users/60585/.qlib/qlib_data/cn_data')}
[33796:MainThread](2026-05-06 03:28:29,040) INFO - qlib.Initialization - [__init__.py:75] - qlib successfully initialized based on client settings.
[33796:MainThread](2026-05-06 03:28:29,040) INFO - qlib.Initialization - [__init__.py:77] - data_path={'__DEFAULT_FREQ': WindowsPath('C:/Users/60585/.qlib/qlib_data/cn_data')}
[21712:MainThread](2026-05-06 03:28:29,042) INFO - qlib.Initialization - [__init__.py:75] - qlib successfully initialized based on client settings.
[21712:MainThread](2026-05-06 03:28:29,042) INFO - qlib.Initialization - [__init__.py:77] - data_path={'__DEFAULT_FREQ': WindowsPath('C:/Users/60585/.qlib/qlib_data/cn_data')}
[13072:MainThread](2026-05-06 03:28:29,839) INFO - qlib.timer - [log.py:127] - Time cost: 22.468s | Loading data Done
[13072:MainThread](2026-05-06 03:28:34,092) INFO - qlib.timer - [log.py:127] - Time cost: 3.924s | RobustZScoreNorm Done
[13072:MainThread](2026-05-06 03:28:34,874) INFO - qlib.timer - [log.py:127] - Time cost: 0.782s | Fillna Done
[13072:MainThread](2026-05-06 03:28:35,349) INFO - qlib.timer - [log.py:127] - Time cost: 0.158s | DropnaLabel Done
[13072:MainThread](2026-05-06 03:28:40,282) INFO - qlib.timer - [log.py:127] - Time cost: 4.933s | CSZScoreNorm Done
[13072:MainThread](2026-05-06 03:28:40,299) INFO - qlib.timer - [log.py:127] - Time cost: 10.460s | fit & process data Done
[13072:MainThread](2026-05-06 03:28:40,300) INFO - qlib.timer - [log.py:127] - Time cost: 32.929s | Init data Done
C:\Users\60585\PycharmProjects\qibMacV2\module\model_adapter.py:156: FutureWarning: `torch.cuda.amp.GradScaler(args...)` is deprecated. Please use `torch.amp.GradScaler('cuda', args...)` instead.
  self.scaler = torch.cuda.amp.GradScaler(enabled=True)
C:\Users\60585\miniconda3\envs\quantEnv\lib\site-packages\mlflow\tracking\_tracking_service\utils.py:140: FutureWarning: Filesystem tracking backend (e.g., './mlruns') is deprecated. Please switch to a database backend (e.g., 'sqlite:///mlflow.db'). For feedback, see: https://github.com/mlflow/mlflow/issues/18534
  return FileStore(store_uri, store_uri)
[13072:MainThread](2026-05-06 03:28:45,501) WARNING - qlib.workflow - [expm.py:231] - No valid experiment found. Create a new experiment with name Official_Alignment_RST_MoE_loss-mse_d96_l3_ff384_ctx8_embft_time1_decay1_film1_fgs1.0_fsh0.2_rSum1_rModelearned_featSel0_mseNorm0_macro1_mDrop0.1_pool0.7_msmarket_state_csi300_settingcap08_d96_h4_l3_ff384_do020.
[13072:MainThread](2026-05-06 03:28:45,515) INFO - qlib.workflow - [exp.py:258] - Experiment 411410311063862859 starts running ...
[13072:MainThread](2026-05-06 03:28:46,111) INFO - qlib.workflow - [recorder.py:345] - Recorder 70284acffede4790a6e1e92187865625 starts running under Experiment 411410311063862859 ...
warning: in the working copy of 'module/architecture/moe_block.py', LF will be replaced by CRLF the next time Git touches it
warning: in the working copy of 'module/model_adapter.py', LF will be replaced by CRLF the next time Git touches it
warning: in the working copy of 'module/quant_moe_model.py', LF will be replaced by CRLF the next time Git touches it
warning: in the working copy of 'module/utils/model_configuration.py', LF will be replaced by CRLF the next time Git touches it
warning: in the working copy of 'work_flow.py', LF will be replaced by CRLF the next time Git touches it
[13072:MainThread](2026-05-06 21:39:04,564) INFO - qlib.timer - [log.py:127] - Time cost: 0.000s | waiting `async_log` Done
[13072:MainThread](2026-05-06 21:39:04,570) ERROR - qlib.workflow - [utils.py:41] - An exception has been raised[RuntimeError: CUDA error: out of memory
CUDA kernel errors might be asynchronously reported at some other API call, so the stacktrace below might be incorrect.
For debugging consider passing CUDA_LAUNCH_BLOCKING=1
Compile with `TORCH_USE_CUDA_DSA` to enable device-side assertions.
].
  File "C:\Users\60585\PycharmProjects\qibMacV2\work_flow.py", line 2610, in <module>
    model.fit(dataset)
  File "C:\Users\60585\PycharmProjects\qibMacV2\module\model_adapter.py", line 1901, in fit
    tr = self._run_epoch(
  File "C:\Users\60585\PycharmProjects\qibMacV2\module\model_adapter.py", line 1511, in _run_epoch
    self.scaler.scale(loss_to_backprop).backward()
  File "C:\Users\60585\miniconda3\envs\quantEnv\lib\site-packages\torch\_tensor.py", line 581, in backward
    torch.autograd.backward(
  File "C:\Users\60585\miniconda3\envs\quantEnv\lib\site-packages\torch\autograd\__init__.py", line 347, in backward
    _engine_run_backward(
  File "C:\Users\60585\miniconda3\envs\quantEnv\lib\site-packages\torch\autograd\graph.py", line 825, in _engine_run_backward
    return Variable._execution_engine.run_backward(  # Calls into the C++ engine to run the backward pass
