Gym has been unmaintained since 2022 and does not support NumPy 2.0 amongst other critical functionality.
Please upgrade to Gymnasium, the maintained drop-in replacement of Gym, or contact the authors of your software and request that they upgrade.
Users of this version of Gym should be able to simply replace 'import gym' with 'import gymnasium as gym' in the vast majority of cases.
See the migration guide at https://gymnasium.farama.org/introduction/migration_guide/ for additional information.
[28632:MainThread](2026-05-08 16:47:55,643) INFO - qlib.Initialization - [config.py:452] - default_conf: client.
[28632:MainThread](2026-05-08 16:47:55,646) INFO - qlib.Initialization - [__init__.py:75] - qlib successfully initialized based on client settings.
[28632:MainThread](2026-05-08 16:47:55,646) INFO - qlib.Initialization - [__init__.py:77] - data_path={'__DEFAULT_FREQ': WindowsPath('C:/Users/60585/.qlib/qlib_data/cn_data')}
Gym has been unmaintained since 2022 and does not support NumPy 2.0 amongst other critical functionality.
Please upgrade to Gymnasium, the maintained drop-in replacement of Gym, or contact the authors of your software and request that they upgrade.
Users of this version of Gym should be able to simply replace 'import gym' with 'import gymnasium as gym' in the vast majority of cases.
See the migration guide at https://gymnasium.farama.org/introduction/migration_guide/ for additional information.
Gym has been unmaintained since 2022 and does not support NumPy 2.0 amongst other critical functionality.
Please upgrade to Gymnasium, the maintained drop-in replacement of Gym, or contact the authors of your software and request that they upgrade.
Users of this version of Gym should be able to simply replace 'import gym' with 'import gymnasium as gym' in the vast majority of cases.
See the migration guide at https://gymnasium.farama.org/introduction/migration_guide/ for additional information.
Gym has been unmaintained since 2022 and does not support NumPy 2.0 amongst other critical functionality.
Please upgrade to Gymnasium, the maintained drop-in replacement of Gym, or contact the authors of your software and request that they upgrade.
Users of this version of Gym should be able to simply replace 'import gym' with 'import gymnasium as gym' in the vast majority of cases.
See the migration guide at https://gymnasium.farama.org/introduction/migration_guide/ for additional information.
Gym has been unmaintained since 2022 and does not support NumPy 2.0 amongst other critical functionality.
Please upgrade to Gymnasium, the maintained drop-in replacement of Gym, or contact the authors of your software and request that they upgrade.
Users of this version of Gym should be able to simply replace 'import gym' with 'import gymnasium as gym' in the vast majority of cases.
See the migration guide at https://gymnasium.farama.org/introduction/migration_guide/ for additional information.
Gym has been unmaintained since 2022 and does not support NumPy 2.0 amongst other critical functionality.
Please upgrade to Gymnasium, the maintained drop-in replacement of Gym, or contact the authors of your software and request that they upgrade.
Users of this version of Gym should be able to simply replace 'import gym' with 'import gymnasium as gym' in the vast majority of cases.
See the migration guide at https://gymnasium.farama.org/introduction/migration_guide/ for additional information.
Gym has been unmaintained since 2022 and does not support NumPy 2.0 amongst other critical functionality.
Please upgrade to Gymnasium, the maintained drop-in replacement of Gym, or contact the authors of your software and request that they upgrade.
Users of this version of Gym should be able to simply replace 'import gym' with 'import gymnasium as gym' in the vast majority of cases.
See the migration guide at https://gymnasium.farama.org/introduction/migration_guide/ for additional information.
Gym has been unmaintained since 2022 and does not support NumPy 2.0 amongst other critical functionality.
Please upgrade to Gymnasium, the maintained drop-in replacement of Gym, or contact the authors of your software and request that they upgrade.
Users of this version of Gym should be able to simply replace 'import gym' with 'import gymnasium as gym' in the vast majority of cases.
See the migration guide at https://gymnasium.farama.org/introduction/migration_guide/ for additional information.
Gym has been unmaintained since 2022 and does not support NumPy 2.0 amongst other critical functionality.
Please upgrade to Gymnasium, the maintained drop-in replacement of Gym, or contact the authors of your software and request that they upgrade.
Users of this version of Gym should be able to simply replace 'import gym' with 'import gymnasium as gym' in the vast majority of cases.
See the migration guide at https://gymnasium.farama.org/introduction/migration_guide/ for additional information.
Gym has been unmaintained since 2022 and does not support NumPy 2.0 amongst other critical functionality.
Please upgrade to Gymnasium, the maintained drop-in replacement of Gym, or contact the authors of your software and request that they upgrade.
Users of this version of Gym should be able to simply replace 'import gym' with 'import gymnasium as gym' in the vast majority of cases.
See the migration guide at https://gymnasium.farama.org/introduction/migration_guide/ for additional information.
Gym has been unmaintained since 2022 and does not support NumPy 2.0 amongst other critical functionality.
Please upgrade to Gymnasium, the maintained drop-in replacement of Gym, or contact the authors of your software and request that they upgrade.
Users of this version of Gym should be able to simply replace 'import gym' with 'import gymnasium as gym' in the vast majority of cases.
See the migration guide at https://gymnasium.farama.org/introduction/migration_guide/ for additional information.
Gym has been unmaintained since 2022 and does not support NumPy 2.0 amongst other critical functionality.
Please upgrade to Gymnasium, the maintained drop-in replacement of Gym, or contact the authors of your software and request that they upgrade.
Users of this version of Gym should be able to simply replace 'import gym' with 'import gymnasium as gym' in the vast majority of cases.
See the migration guide at https://gymnasium.farama.org/introduction/migration_guide/ for additional information.
Gym has been unmaintained since 2022 and does not support NumPy 2.0 amongst other critical functionality.
Please upgrade to Gymnasium, the maintained drop-in replacement of Gym, or contact the authors of your software and request that they upgrade.
Users of this version of Gym should be able to simply replace 'import gym' with 'import gymnasium as gym' in the vast majority of cases.
See the migration guide at https://gymnasium.farama.org/introduction/migration_guide/ for additional information.
Gym has been unmaintained since 2022 and does not support NumPy 2.0 amongst other critical functionality.
Please upgrade to Gymnasium, the maintained drop-in replacement of Gym, or contact the authors of your software and request that they upgrade.
Users of this version of Gym should be able to simply replace 'import gym' with 'import gymnasium as gym' in the vast majority of cases.
See the migration guide at https://gymnasium.farama.org/introduction/migration_guide/ for additional information.
Gym has been unmaintained since 2022 and does not support NumPy 2.0 amongst other critical functionality.
Please upgrade to Gymnasium, the maintained drop-in replacement of Gym, or contact the authors of your software and request that they upgrade.
Users of this version of Gym should be able to simply replace 'import gym' with 'import gymnasium as gym' in the vast majority of cases.
See the migration guide at https://gymnasium.farama.org/introduction/migration_guide/ for additional information.
Gym has been unmaintained since 2022 and does not support NumPy 2.0 amongst other critical functionality.
Please upgrade to Gymnasium, the maintained drop-in replacement of Gym, or contact the authors of your software and request that they upgrade.
Users of this version of Gym should be able to simply replace 'import gym' with 'import gymnasium as gym' in the vast majority of cases.
See the migration guide at https://gymnasium.farama.org/introduction/migration_guide/ for additional information.
Gym has been unmaintained since 2022 and does not support NumPy 2.0 amongst other critical functionality.
Please upgrade to Gymnasium, the maintained drop-in replacement of Gym, or contact the authors of your software and request that they upgrade.
Users of this version of Gym should be able to simply replace 'import gym' with 'import gymnasium as gym' in the vast majority of cases.
See the migration guide at https://gymnasium.farama.org/introduction/migration_guide/ for additional information.
Gym has been unmaintained since 2022 and does not support NumPy 2.0 amongst other critical functionality.
Please upgrade to Gymnasium, the maintained drop-in replacement of Gym, or contact the authors of your software and request that they upgrade.
Users of this version of Gym should be able to simply replace 'import gym' with 'import gymnasium as gym' in the vast majority of cases.
See the migration guide at https://gymnasium.farama.org/introduction/migration_guide/ for additional information.
Gym has been unmaintained since 2022 and does not support NumPy 2.0 amongst other critical functionality.
Please upgrade to Gymnasium, the maintained drop-in replacement of Gym, or contact the authors of your software and request that they upgrade.
Users of this version of Gym should be able to simply replace 'import gym' with 'import gymnasium as gym' in the vast majority of cases.
See the migration guide at https://gymnasium.farama.org/introduction/migration_guide/ for additional information.
[7684:MainThread](2026-05-08 16:47:59,655) INFO - qlib.Initialization - [config.py:452] - default_conf: client.
[37252:MainThread](2026-05-08 16:47:59,656) INFO - qlib.Initialization - [config.py:452] - default_conf: client.
[7684:MainThread](2026-05-08 16:47:59,659) INFO - qlib.Initialization - [__init__.py:75] - qlib successfully initialized based on client settings.
[7684:MainThread](2026-05-08 16:47:59,660) INFO - qlib.Initialization - [__init__.py:77] - data_path={'__DEFAULT_FREQ': WindowsPath('C:/Users/60585/.qlib/qlib_data/cn_data')}
[37252:MainThread](2026-05-08 16:47:59,660) INFO - qlib.Initialization - [__init__.py:75] - qlib successfully initialized based on client settings.
[37252:MainThread](2026-05-08 16:47:59,660) INFO - qlib.Initialization - [__init__.py:77] - data_path={'__DEFAULT_FREQ': WindowsPath('C:/Users/60585/.qlib/qlib_data/cn_data')}
[1384:MainThread](2026-05-08 16:47:59,679) INFO - qlib.Initialization - [config.py:452] - default_conf: client.
[1384:MainThread](2026-05-08 16:47:59,684) INFO - qlib.Initialization - [__init__.py:75] - qlib successfully initialized based on client settings.
[1384:MainThread](2026-05-08 16:47:59,685) INFO - qlib.Initialization - [__init__.py:77] - data_path={'__DEFAULT_FREQ': WindowsPath('C:/Users/60585/.qlib/qlib_data/cn_data')}
[13828:MainThread](2026-05-08 16:47:59,688) INFO - qlib.Initialization - [config.py:452] - default_conf: client.
[35692:MainThread](2026-05-08 16:47:59,691) INFO - qlib.Initialization - [config.py:452] - default_conf: client.
[31632:MainThread](2026-05-08 16:47:59,692) INFO - qlib.Initialization - [config.py:452] - default_conf: client.
[13828:MainThread](2026-05-08 16:47:59,692) INFO - qlib.Initialization - [__init__.py:75] - qlib successfully initialized based on client settings.
[13828:MainThread](2026-05-08 16:47:59,693) INFO - qlib.Initialization - [__init__.py:77] - data_path={'__DEFAULT_FREQ': WindowsPath('C:/Users/60585/.qlib/qlib_data/cn_data')}
[21984:MainThread](2026-05-08 16:47:59,693) INFO - qlib.Initialization - [config.py:452] - default_conf: client.
[21864:MainThread](2026-05-08 16:47:59,695) INFO - qlib.Initialization - [config.py:452] - default_conf: client.
[35692:MainThread](2026-05-08 16:47:59,695) INFO - qlib.Initialization - [__init__.py:75] - qlib successfully initialized based on client settings.
[31632:MainThread](2026-05-08 16:47:59,695) INFO - qlib.Initialization - [__init__.py:75] - qlib successfully initialized based on client settings.
[35692:MainThread](2026-05-08 16:47:59,697) INFO - qlib.Initialization - [__init__.py:77] - data_path={'__DEFAULT_FREQ': WindowsPath('C:/Users/60585/.qlib/qlib_data/cn_data')}
[21984:MainThread](2026-05-08 16:47:59,697) INFO - qlib.Initialization - [__init__.py:75] - qlib successfully initialized based on client settings.
[31632:MainThread](2026-05-08 16:47:59,697) INFO - qlib.Initialization - [__init__.py:77] - data_path={'__DEFAULT_FREQ': WindowsPath('C:/Users/60585/.qlib/qlib_data/cn_data')}
[38144:MainThread](2026-05-08 16:47:59,697) INFO - qlib.Initialization - [config.py:452] - default_conf: client.
[21984:MainThread](2026-05-08 16:47:59,697) INFO - qlib.Initialization - [__init__.py:77] - data_path={'__DEFAULT_FREQ': WindowsPath('C:/Users/60585/.qlib/qlib_data/cn_data')}
[1840:MainThread](2026-05-08 16:47:59,698) INFO - qlib.Initialization - [config.py:452] - default_conf: client.
[20248:MainThread](2026-05-08 16:47:59,698) INFO - qlib.Initialization - [config.py:452] - default_conf: client.
[21864:MainThread](2026-05-08 16:47:59,699) INFO - qlib.Initialization - [__init__.py:75] - qlib successfully initialized based on client settings.
[21864:MainThread](2026-05-08 16:47:59,700) INFO - qlib.Initialization - [__init__.py:77] - data_path={'__DEFAULT_FREQ': WindowsPath('C:/Users/60585/.qlib/qlib_data/cn_data')}
[28316:MainThread](2026-05-08 16:47:59,700) INFO - qlib.Initialization - [config.py:452] - default_conf: client.
[38144:MainThread](2026-05-08 16:47:59,701) INFO - qlib.Initialization - [__init__.py:75] - qlib successfully initialized based on client settings.
[1840:MainThread](2026-05-08 16:47:59,701) INFO - qlib.Initialization - [__init__.py:75] - qlib successfully initialized based on client settings.
[38144:MainThread](2026-05-08 16:47:59,701) INFO - qlib.Initialization - [__init__.py:77] - data_path={'__DEFAULT_FREQ': WindowsPath('C:/Users/60585/.qlib/qlib_data/cn_data')}
[1840:MainThread](2026-05-08 16:47:59,702) INFO - qlib.Initialization - [__init__.py:77] - data_path={'__DEFAULT_FREQ': WindowsPath('C:/Users/60585/.qlib/qlib_data/cn_data')}
[27628:MainThread](2026-05-08 16:47:59,702) INFO - qlib.Initialization - [config.py:452] - default_conf: client.
[20248:MainThread](2026-05-08 16:47:59,702) INFO - qlib.Initialization - [__init__.py:75] - qlib successfully initialized based on client settings.
[20248:MainThread](2026-05-08 16:47:59,702) INFO - qlib.Initialization - [__init__.py:77] - data_path={'__DEFAULT_FREQ': WindowsPath('C:/Users/60585/.qlib/qlib_data/cn_data')}
[28316:MainThread](2026-05-08 16:47:59,705) INFO - qlib.Initialization - [__init__.py:75] - qlib successfully initialized based on client settings.
[28316:MainThread](2026-05-08 16:47:59,705) INFO - qlib.Initialization - [__init__.py:77] - data_path={'__DEFAULT_FREQ': WindowsPath('C:/Users/60585/.qlib/qlib_data/cn_data')}
[27628:MainThread](2026-05-08 16:47:59,706) INFO - qlib.Initialization - [__init__.py:75] - qlib successfully initialized based on client settings.
[38584:MainThread](2026-05-08 16:47:59,706) INFO - qlib.Initialization - [config.py:452] - default_conf: client.
[27628:MainThread](2026-05-08 16:47:59,707) INFO - qlib.Initialization - [__init__.py:77] - data_path={'__DEFAULT_FREQ': WindowsPath('C:/Users/60585/.qlib/qlib_data/cn_data')}
[38584:MainThread](2026-05-08 16:47:59,711) INFO - qlib.Initialization - [__init__.py:75] - qlib successfully initialized based on client settings.
[38584:MainThread](2026-05-08 16:47:59,711) INFO - qlib.Initialization - [__init__.py:77] - data_path={'__DEFAULT_FREQ': WindowsPath('C:/Users/60585/.qlib/qlib_data/cn_data')}
[23296:MainThread](2026-05-08 16:47:59,719) INFO - qlib.Initialization - [config.py:452] - default_conf: client.
[23296:MainThread](2026-05-08 16:47:59,723) INFO - qlib.Initialization - [__init__.py:75] - qlib successfully initialized based on client settings.
[23296:MainThread](2026-05-08 16:47:59,724) INFO - qlib.Initialization - [__init__.py:77] - data_path={'__DEFAULT_FREQ': WindowsPath('C:/Users/60585/.qlib/qlib_data/cn_data')}
[30296:MainThread](2026-05-08 16:47:59,742) INFO - qlib.Initialization - [config.py:452] - default_conf: client.
[30296:MainThread](2026-05-08 16:47:59,745) INFO - qlib.Initialization - [__init__.py:75] - qlib successfully initialized based on client settings.
[30296:MainThread](2026-05-08 16:47:59,746) INFO - qlib.Initialization - [__init__.py:77] - data_path={'__DEFAULT_FREQ': WindowsPath('C:/Users/60585/.qlib/qlib_data/cn_data')}
[16480:MainThread](2026-05-08 16:47:59,757) INFO - qlib.Initialization - [config.py:452] - default_conf: client.
[16480:MainThread](2026-05-08 16:47:59,761) INFO - qlib.Initialization - [__init__.py:75] - qlib successfully initialized based on client settings.
[16480:MainThread](2026-05-08 16:47:59,762) INFO - qlib.Initialization - [__init__.py:77] - data_path={'__DEFAULT_FREQ': WindowsPath('C:/Users/60585/.qlib/qlib_data/cn_data')}
[11780:MainThread](2026-05-08 16:47:59,764) INFO - qlib.Initialization - [config.py:452] - default_conf: client.
[11780:MainThread](2026-05-08 16:47:59,767) INFO - qlib.Initialization - [__init__.py:75] - qlib successfully initialized based on client settings.
[11780:MainThread](2026-05-08 16:47:59,769) INFO - qlib.Initialization - [__init__.py:77] - data_path={'__DEFAULT_FREQ': WindowsPath('C:/Users/60585/.qlib/qlib_data/cn_data')}
Gym has been unmaintained since 2022 and does not support NumPy 2.0 amongst other critical functionality.
Please upgrade to Gymnasium, the maintained drop-in replacement of Gym, or contact the authors of your software and request that they upgrade.
Users of this version of Gym should be able to simply replace 'import gym' with 'import gymnasium as gym' in the vast majority of cases.
See the migration guide at https://gymnasium.farama.org/introduction/migration_guide/ for additional information.
Gym has been unmaintained since 2022 and does not support NumPy 2.0 amongst other critical functionality.
Please upgrade to Gymnasium, the maintained drop-in replacement of Gym, or contact the authors of your software and request that they upgrade.
Users of this version of Gym should be able to simply replace 'import gym' with 'import gymnasium as gym' in the vast majority of cases.
See the migration guide at https://gymnasium.farama.org/introduction/migration_guide/ for additional information.
Gym has been unmaintained since 2022 and does not support NumPy 2.0 amongst other critical functionality.
Please upgrade to Gymnasium, the maintained drop-in replacement of Gym, or contact the authors of your software and request that they upgrade.
Users of this version of Gym should be able to simply replace 'import gym' with 'import gymnasium as gym' in the vast majority of cases.
See the migration guide at https://gymnasium.farama.org/introduction/migration_guide/ for additional information.
Gym has been unmaintained since 2022 and does not support NumPy 2.0 amongst other critical functionality.
Please upgrade to Gymnasium, the maintained drop-in replacement of Gym, or contact the authors of your software and request that they upgrade.
Users of this version of Gym should be able to simply replace 'import gym' with 'import gymnasium as gym' in the vast majority of cases.
See the migration guide at https://gymnasium.farama.org/introduction/migration_guide/ for additional information.
Gym has been unmaintained since 2022 and does not support NumPy 2.0 amongst other critical functionality.
Please upgrade to Gymnasium, the maintained drop-in replacement of Gym, or contact the authors of your software and request that they upgrade.
Users of this version of Gym should be able to simply replace 'import gym' with 'import gymnasium as gym' in the vast majority of cases.
See the migration guide at https://gymnasium.farama.org/introduction/migration_guide/ for additional information.
Gym has been unmaintained since 2022 and does not support NumPy 2.0 amongst other critical functionality.
Please upgrade to Gymnasium, the maintained drop-in replacement of Gym, or contact the authors of your software and request that they upgrade.
Users of this version of Gym should be able to simply replace 'import gym' with 'import gymnasium as gym' in the vast majority of cases.
See the migration guide at https://gymnasium.farama.org/introduction/migration_guide/ for additional information.
Gym has been unmaintained since 2022 and does not support NumPy 2.0 amongst other critical functionality.
Please upgrade to Gymnasium, the maintained drop-in replacement of Gym, or contact the authors of your software and request that they upgrade.
Users of this version of Gym should be able to simply replace 'import gym' with 'import gymnasium as gym' in the vast majority of cases.
See the migration guide at https://gymnasium.farama.org/introduction/migration_guide/ for additional information.
Gym has been unmaintained since 2022 and does not support NumPy 2.0 amongst other critical functionality.
Please upgrade to Gymnasium, the maintained drop-in replacement of Gym, or contact the authors of your software and request that they upgrade.
Users of this version of Gym should be able to simply replace 'import gym' with 'import gymnasium as gym' in the vast majority of cases.
See the migration guide at https://gymnasium.farama.org/introduction/migration_guide/ for additional information.
Gym has been unmaintained since 2022 and does not support NumPy 2.0 amongst other critical functionality.
Please upgrade to Gymnasium, the maintained drop-in replacement of Gym, or contact the authors of your software and request that they upgrade.
Users of this version of Gym should be able to simply replace 'import gym' with 'import gymnasium as gym' in the vast majority of cases.
See the migration guide at https://gymnasium.farama.org/introduction/migration_guide/ for additional information.
Gym has been unmaintained since 2022 and does not support NumPy 2.0 amongst other critical functionality.
Please upgrade to Gymnasium, the maintained drop-in replacement of Gym, or contact the authors of your software and request that they upgrade.
Users of this version of Gym should be able to simply replace 'import gym' with 'import gymnasium as gym' in the vast majority of cases.
See the migration guide at https://gymnasium.farama.org/introduction/migration_guide/ for additional information.
Gym has been unmaintained since 2022 and does not support NumPy 2.0 amongst other critical functionality.
Please upgrade to Gymnasium, the maintained drop-in replacement of Gym, or contact the authors of your software and request that they upgrade.
Users of this version of Gym should be able to simply replace 'import gym' with 'import gymnasium as gym' in the vast majority of cases.
See the migration guide at https://gymnasium.farama.org/introduction/migration_guide/ for additional information.
Gym has been unmaintained since 2022 and does not support NumPy 2.0 amongst other critical functionality.
Please upgrade to Gymnasium, the maintained drop-in replacement of Gym, or contact the authors of your software and request that they upgrade.
Users of this version of Gym should be able to simply replace 'import gym' with 'import gymnasium as gym' in the vast majority of cases.
See the migration guide at https://gymnasium.farama.org/introduction/migration_guide/ for additional information.
Gym has been unmaintained since 2022 and does not support NumPy 2.0 amongst other critical functionality.
Please upgrade to Gymnasium, the maintained drop-in replacement of Gym, or contact the authors of your software and request that they upgrade.
Users of this version of Gym should be able to simply replace 'import gym' with 'import gymnasium as gym' in the vast majority of cases.
See the migration guide at https://gymnasium.farama.org/introduction/migration_guide/ for additional information.
Gym has been unmaintained since 2022 and does not support NumPy 2.0 amongst other critical functionality.
Please upgrade to Gymnasium, the maintained drop-in replacement of Gym, or contact the authors of your software and request that they upgrade.
Users of this version of Gym should be able to simply replace 'import gym' with 'import gymnasium as gym' in the vast majority of cases.
See the migration guide at https://gymnasium.farama.org/introduction/migration_guide/ for additional information.
Gym has been unmaintained since 2022 and does not support NumPy 2.0 amongst other critical functionality.
Please upgrade to Gymnasium, the maintained drop-in replacement of Gym, or contact the authors of your software and request that they upgrade.
Users of this version of Gym should be able to simply replace 'import gym' with 'import gymnasium as gym' in the vast majority of cases.
See the migration guide at https://gymnasium.farama.org/introduction/migration_guide/ for additional information.
Gym has been unmaintained since 2022 and does not support NumPy 2.0 amongst other critical functionality.
Please upgrade to Gymnasium, the maintained drop-in replacement of Gym, or contact the authors of your software and request that they upgrade.
Users of this version of Gym should be able to simply replace 'import gym' with 'import gymnasium as gym' in the vast majority of cases.
See the migration guide at https://gymnasium.farama.org/introduction/migration_guide/ for additional information.
Gym has been unmaintained since 2022 and does not support NumPy 2.0 amongst other critical functionality.
Please upgrade to Gymnasium, the maintained drop-in replacement of Gym, or contact the authors of your software and request that they upgrade.
Users of this version of Gym should be able to simply replace 'import gym' with 'import gymnasium as gym' in the vast majority of cases.
See the migration guide at https://gymnasium.farama.org/introduction/migration_guide/ for additional information.
Gym has been unmaintained since 2022 and does not support NumPy 2.0 amongst other critical functionality.
Please upgrade to Gymnasium, the maintained drop-in replacement of Gym, or contact the authors of your software and request that they upgrade.
Users of this version of Gym should be able to simply replace 'import gym' with 'import gymnasium as gym' in the vast majority of cases.
See the migration guide at https://gymnasium.farama.org/introduction/migration_guide/ for additional information.
[11088:MainThread](2026-05-08 16:48:17,666) INFO - qlib.Initialization - [config.py:452] - default_conf: client.
[4224:MainThread](2026-05-08 16:48:17,669) INFO - qlib.Initialization - [config.py:452] - default_conf: client.
[9120:MainThread](2026-05-08 16:48:17,669) INFO - qlib.Initialization - [config.py:452] - default_conf: client.
[11088:MainThread](2026-05-08 16:48:17,669) INFO - qlib.Initialization - [__init__.py:75] - qlib successfully initialized based on client settings.
[11088:MainThread](2026-05-08 16:48:17,671) INFO - qlib.Initialization - [__init__.py:77] - data_path={'__DEFAULT_FREQ': WindowsPath('C:/Users/60585/.qlib/qlib_data/cn_data')}
[4224:MainThread](2026-05-08 16:48:17,673) INFO - qlib.Initialization - [__init__.py:75] - qlib successfully initialized based on client settings.
[4224:MainThread](2026-05-08 16:48:17,673) INFO - qlib.Initialization - [__init__.py:77] - data_path={'__DEFAULT_FREQ': WindowsPath('C:/Users/60585/.qlib/qlib_data/cn_data')}
[9120:MainThread](2026-05-08 16:48:17,673) INFO - qlib.Initialization - [__init__.py:75] - qlib successfully initialized based on client settings.
[9120:MainThread](2026-05-08 16:48:17,674) INFO - qlib.Initialization - [__init__.py:77] - data_path={'__DEFAULT_FREQ': WindowsPath('C:/Users/60585/.qlib/qlib_data/cn_data')}
[14528:MainThread](2026-05-08 16:48:17,711) INFO - qlib.Initialization - [config.py:452] - default_conf: client.
[14528:MainThread](2026-05-08 16:48:17,716) INFO - qlib.Initialization - [__init__.py:75] - qlib successfully initialized based on client settings.
[14528:MainThread](2026-05-08 16:48:17,716) INFO - qlib.Initialization - [__init__.py:77] - data_path={'__DEFAULT_FREQ': WindowsPath('C:/Users/60585/.qlib/qlib_data/cn_data')}
[2892:MainThread](2026-05-08 16:48:17,731) INFO - qlib.Initialization - [config.py:452] - default_conf: client.
[39864:MainThread](2026-05-08 16:48:17,733) INFO - qlib.Initialization - [config.py:452] - default_conf: client.
[2892:MainThread](2026-05-08 16:48:17,736) INFO - qlib.Initialization - [__init__.py:75] - qlib successfully initialized based on client settings.
[2892:MainThread](2026-05-08 16:48:17,736) INFO - qlib.Initialization - [__init__.py:77] - data_path={'__DEFAULT_FREQ': WindowsPath('C:/Users/60585/.qlib/qlib_data/cn_data')}
[39864:MainThread](2026-05-08 16:48:17,738) INFO - qlib.Initialization - [__init__.py:75] - qlib successfully initialized based on client settings.
[39864:MainThread](2026-05-08 16:48:17,738) INFO - qlib.Initialization - [__init__.py:77] - data_path={'__DEFAULT_FREQ': WindowsPath('C:/Users/60585/.qlib/qlib_data/cn_data')}
[23532:MainThread](2026-05-08 16:48:17,752) INFO - qlib.Initialization - [config.py:452] - default_conf: client.
[23532:MainThread](2026-05-08 16:48:17,756) INFO - qlib.Initialization - [__init__.py:75] - qlib successfully initialized based on client settings.
[23532:MainThread](2026-05-08 16:48:17,756) INFO - qlib.Initialization - [__init__.py:77] - data_path={'__DEFAULT_FREQ': WindowsPath('C:/Users/60585/.qlib/qlib_data/cn_data')}
[22212:MainThread](2026-05-08 16:48:17,762) INFO - qlib.Initialization - [config.py:452] - default_conf: client.
[25100:MainThread](2026-05-08 16:48:17,765) INFO - qlib.Initialization - [config.py:452] - default_conf: client.
[16096:MainThread](2026-05-08 16:48:17,766) INFO - qlib.Initialization - [config.py:452] - default_conf: client.
[22212:MainThread](2026-05-08 16:48:17,767) INFO - qlib.Initialization - [__init__.py:75] - qlib successfully initialized based on client settings.
[22212:MainThread](2026-05-08 16:48:17,768) INFO - qlib.Initialization - [__init__.py:77] - data_path={'__DEFAULT_FREQ': WindowsPath('C:/Users/60585/.qlib/qlib_data/cn_data')}
[32060:MainThread](2026-05-08 16:48:17,768) INFO - qlib.Initialization - [config.py:452] - default_conf: client.
[25100:MainThread](2026-05-08 16:48:17,769) INFO - qlib.Initialization - [__init__.py:75] - qlib successfully initialized based on client settings.
[25100:MainThread](2026-05-08 16:48:17,770) INFO - qlib.Initialization - [__init__.py:77] - data_path={'__DEFAULT_FREQ': WindowsPath('C:/Users/60585/.qlib/qlib_data/cn_data')}
[16096:MainThread](2026-05-08 16:48:17,770) INFO - qlib.Initialization - [__init__.py:75] - qlib successfully initialized based on client settings.
[19564:MainThread](2026-05-08 16:48:17,770) INFO - qlib.Initialization - [config.py:452] - default_conf: client.
[16096:MainThread](2026-05-08 16:48:17,771) INFO - qlib.Initialization - [__init__.py:77] - data_path={'__DEFAULT_FREQ': WindowsPath('C:/Users/60585/.qlib/qlib_data/cn_data')}
[32060:MainThread](2026-05-08 16:48:17,772) INFO - qlib.Initialization - [__init__.py:75] - qlib successfully initialized based on client settings.
[32060:MainThread](2026-05-08 16:48:17,772) INFO - qlib.Initialization - [__init__.py:77] - data_path={'__DEFAULT_FREQ': WindowsPath('C:/Users/60585/.qlib/qlib_data/cn_data')}
[19564:MainThread](2026-05-08 16:48:17,775) INFO - qlib.Initialization - [__init__.py:75] - qlib successfully initialized based on client settings.
[19564:MainThread](2026-05-08 16:48:17,775) INFO - qlib.Initialization - [__init__.py:77] - data_path={'__DEFAULT_FREQ': WindowsPath('C:/Users/60585/.qlib/qlib_data/cn_data')}
[20724:MainThread](2026-05-08 16:48:17,796) INFO - qlib.Initialization - [config.py:452] - default_conf: client.
[23176:MainThread](2026-05-08 16:48:17,796) INFO - qlib.Initialization - [config.py:452] - default_conf: client.
[38860:MainThread](2026-05-08 16:48:17,797) INFO - qlib.Initialization - [config.py:452] - default_conf: client.
[11236:MainThread](2026-05-08 16:48:17,798) INFO - qlib.Initialization - [config.py:452] - default_conf: client.
[20724:MainThread](2026-05-08 16:48:17,801) INFO - qlib.Initialization - [__init__.py:75] - qlib successfully initialized based on client settings.
[20724:MainThread](2026-05-08 16:48:17,801) INFO - qlib.Initialization - [__init__.py:77] - data_path={'__DEFAULT_FREQ': WindowsPath('C:/Users/60585/.qlib/qlib_data/cn_data')}
[38860:MainThread](2026-05-08 16:48:17,801) INFO - qlib.Initialization - [__init__.py:75] - qlib successfully initialized based on client settings.
[23176:MainThread](2026-05-08 16:48:17,801) INFO - qlib.Initialization - [__init__.py:75] - qlib successfully initialized based on client settings.
[11236:MainThread](2026-05-08 16:48:17,801) INFO - qlib.Initialization - [__init__.py:75] - qlib successfully initialized based on client settings.
[38860:MainThread](2026-05-08 16:48:17,801) INFO - qlib.Initialization - [__init__.py:77] - data_path={'__DEFAULT_FREQ': WindowsPath('C:/Users/60585/.qlib/qlib_data/cn_data')}
[23176:MainThread](2026-05-08 16:48:17,801) INFO - qlib.Initialization - [__init__.py:77] - data_path={'__DEFAULT_FREQ': WindowsPath('C:/Users/60585/.qlib/qlib_data/cn_data')}
[11236:MainThread](2026-05-08 16:48:17,802) INFO - qlib.Initialization - [__init__.py:77] - data_path={'__DEFAULT_FREQ': WindowsPath('C:/Users/60585/.qlib/qlib_data/cn_data')}
[26884:MainThread](2026-05-08 16:48:17,856) INFO - qlib.Initialization - [config.py:452] - default_conf: client.
[26884:MainThread](2026-05-08 16:48:17,862) INFO - qlib.Initialization - [__init__.py:75] - qlib successfully initialized based on client settings.
[26884:MainThread](2026-05-08 16:48:17,862) INFO - qlib.Initialization - [__init__.py:77] - data_path={'__DEFAULT_FREQ': WindowsPath('C:/Users/60585/.qlib/qlib_data/cn_data')}
[7236:MainThread](2026-05-08 16:48:17,885) INFO - qlib.Initialization - [config.py:452] - default_conf: client.
[7236:MainThread](2026-05-08 16:48:17,890) INFO - qlib.Initialization - [__init__.py:75] - qlib successfully initialized based on client settings.
[7236:MainThread](2026-05-08 16:48:17,890) INFO - qlib.Initialization - [__init__.py:77] - data_path={'__DEFAULT_FREQ': WindowsPath('C:/Users/60585/.qlib/qlib_data/cn_data')}
[28632:MainThread](2026-05-08 16:48:18,549) INFO - qlib.timer - [log.py:127] - Time cost: 22.899s | Loading data Done
[28632:MainThread](2026-05-08 16:48:22,765) INFO - qlib.timer - [log.py:127] - Time cost: 3.903s | RobustZScoreNorm Done
[28632:MainThread](2026-05-08 16:48:23,554) INFO - qlib.timer - [log.py:127] - Time cost: 0.789s | Fillna Done
[28632:MainThread](2026-05-08 16:48:24,044) INFO - qlib.timer - [log.py:127] - Time cost: 0.167s | DropnaLabel Done
[28632:MainThread](2026-05-08 16:48:29,016) INFO - qlib.timer - [log.py:127] - Time cost: 4.972s | CSZScoreNorm Done
[28632:MainThread](2026-05-08 16:48:29,034) INFO - qlib.timer - [log.py:127] - Time cost: 10.485s | fit & process data Done
[28632:MainThread](2026-05-08 16:48:29,034) INFO - qlib.timer - [log.py:127] - Time cost: 33.385s | Init data Done
C:\Users\60585\PycharmProjects\qibMacV2\module\model_adapter.py:156: FutureWarning: `torch.cuda.amp.GradScaler(args...)` is deprecated. Please use `torch.amp.GradScaler('cuda', args...)` instead.
  self.scaler = torch.cuda.amp.GradScaler(enabled=True)
C:\Users\60585\miniconda3\envs\quantEnv\lib\site-packages\mlflow\tracking\_tracking_service\utils.py:140: FutureWarning: Filesystem tracking backend (e.g., './mlruns') is deprecated. Please switch to a database backend (e.g., 'sqlite:///mlflow.db'). For feedback, see: https://github.com/mlflow/mlflow/issues/18534
  return FileStore(store_uri, store_uri)
[28632:MainThread](2026-05-08 16:48:33,131) WARNING - qlib.workflow - [expm.py:231] - No valid experiment found. Create a new experiment with name Official_Alignment_RST_MoE_loss-mse_d80_l2_ff320_ctx8_embft_time1_decay1_film1_fgs1.0_fsh0.2_rSum1_rModelearned_featSel0_mseNorm0_macro1_mDrop0.1_pool0.7_msmarket_state_csi300_settingcap02_d80_h4_l2_ff320_do015_seed44.
[28632:MainThread](2026-05-08 16:48:33,149) INFO - qlib.workflow - [exp.py:258] - Experiment 652638798351033261 starts running ...
[28632:MainThread](2026-05-08 16:48:33,696) INFO - qlib.workflow - [recorder.py:345] - Recorder 43095c52aa014efb916f1d36cb48bb12 starts running under Experiment 652638798351033261 ...
warning: in the working copy of 'module/architecture/moe_block.py', LF will be replaced by CRLF the next time Git touches it
warning: in the working copy of 'module/model_adapter.py', LF will be replaced by CRLF the next time Git touches it
warning: in the working copy of 'module/quant_moe_model.py', LF will be replaced by CRLF the next time Git touches it
warning: in the working copy of 'module/utils/model_configuration.py', LF will be replaced by CRLF the next time Git touches it
warning: in the working copy of 'work_flow.py', LF will be replaced by CRLF the next time Git touches it
[28632:MainThread](2026-05-09 11:05:23,018) INFO - qlib.workflow - [record_temp.py:198] - Signal record 'pred.pkl' has been saved as the artifact of the Experiment 652638798351033261
Downloading artifacts:   0%|          | 0/1 [00:00<?, ?it/s]Downloading artifacts:   0%|          | 0/1 [00:00<?, ?it/s]
Downloading artifacts:   0%|          | 0/1 [00:00<?, ?it/s]Downloading artifacts: 100%|██████████| 1/1 [00:00<00:00, 282.37it/s]Downloading artifacts: 100%|██████████| 1/1 [00:00<00:00, 282.37it/s]
Downloading artifacts:   0%|          | 0/1 [00:00<?, ?it/s]Downloading artifacts:   0%|          | 0/1 [00:00<?, ?it/s]
Downloading artifacts:   0%|          | 0/1 [00:00<?, ?it/s]Downloading artifacts: 100%|██████████| 1/1 [00:00<00:00, 277.53it/s]Downloading artifacts: 100%|██████████| 1/1 [00:00<00:00, 277.53it/s]
Downloading artifacts:   0%|          | 0/1 [00:00<?, ?it/s]Downloading artifacts: 100%|██████████| 1/1 [00:00<00:00, 438.28it/s]Downloading artifacts: 100%|██████████| 1/1 [00:00<00:00, 438.28it/s]
Downloading artifacts:   0%|          | 0/1 [00:00<?, ?it/s]Downloading artifacts:   0%|          | 0/1 [00:00<?, ?it/s]
Downloading artifacts:   0%|          | 0/1 [00:00<?, ?it/s]Downloading artifacts: 100%|██████████| 1/1 [00:00<00:00, 279.45it/s]Downloading artifacts: 100%|██████████| 1/1 [00:00<00:00, 279.45it/s]
[28632:MainThread](2026-05-09 11:05:25,759) INFO - qlib.backtest caller - [__init__.py:93] - Create new exchange
Gym has been unmaintained since 2022 and does not support NumPy 2.0 amongst other critical functionality.
Please upgrade to Gymnasium, the maintained drop-in replacement of Gym, or contact the authors of your software and request that they upgrade.
Users of this version of Gym should be able to simply replace 'import gym' with 'import gymnasium as gym' in the vast majority of cases.
See the migration guide at https://gymnasium.farama.org/introduction/migration_guide/ for additional information.
Gym has been unmaintained since 2022 and does not support NumPy 2.0 amongst other critical functionality.
Please upgrade to Gymnasium, the maintained drop-in replacement of Gym, or contact the authors of your software and request that they upgrade.
Users of this version of Gym should be able to simply replace 'import gym' with 'import gymnasium as gym' in the vast majority of cases.
See the migration guide at https://gymnasium.farama.org/introduction/migration_guide/ for additional information.
Gym has been unmaintained since 2022 and does not support NumPy 2.0 amongst other critical functionality.
Please upgrade to Gymnasium, the maintained drop-in replacement of Gym, or contact the authors of your software and request that they upgrade.
Users of this version of Gym should be able to simply replace 'import gym' with 'import gymnasium as gym' in the vast majority of cases.
See the migration guide at https://gymnasium.farama.org/introduction/migration_guide/ for additional information.
Gym has been unmaintained since 2022 and does not support NumPy 2.0 amongst other critical functionality.
Please upgrade to Gymnasium, the maintained drop-in replacement of Gym, or contact the authors of your software and request that they upgrade.
Users of this version of Gym should be able to simply replace 'import gym' with 'import gymnasium as gym' in the vast majority of cases.
See the migration guide at https://gymnasium.farama.org/introduction/migration_guide/ for additional information.
Gym has been unmaintained since 2022 and does not support NumPy 2.0 amongst other critical functionality.
Please upgrade to Gymnasium, the maintained drop-in replacement of Gym, or contact the authors of your software and request that they upgrade.
Users of this version of Gym should be able to simply replace 'import gym' with 'import gymnasium as gym' in the vast majority of cases.
See the migration guide at https://gymnasium.farama.org/introduction/migration_guide/ for additional information.
Gym has been unmaintained since 2022 and does not support NumPy 2.0 amongst other critical functionality.
Please upgrade to Gymnasium, the maintained drop-in replacement of Gym, or contact the authors of your software and request that they upgrade.
Users of this version of Gym should be able to simply replace 'import gym' with 'import gymnasium as gym' in the vast majority of cases.
See the migration guide at https://gymnasium.farama.org/introduction/migration_guide/ for additional information.
Gym has been unmaintained since 2022 and does not support NumPy 2.0 amongst other critical functionality.
Please upgrade to Gymnasium, the maintained drop-in replacement of Gym, or contact the authors of your software and request that they upgrade.
Users of this version of Gym should be able to simply replace 'import gym' with 'import gymnasium as gym' in the vast majority of cases.
See the migration guide at https://gymnasium.farama.org/introduction/migration_guide/ for additional information.
Gym has been unmaintained since 2022 and does not support NumPy 2.0 amongst other critical functionality.
Please upgrade to Gymnasium, the maintained drop-in replacement of Gym, or contact the authors of your software and request that they upgrade.
Users of this version of Gym should be able to simply replace 'import gym' with 'import gymnasium as gym' in the vast majority of cases.
See the migration guide at https://gymnasium.farama.org/introduction/migration_guide/ for additional information.
Gym has been unmaintained since 2022 and does not support NumPy 2.0 amongst other critical functionality.
Please upgrade to Gymnasium, the maintained drop-in replacement of Gym, or contact the authors of your software and request that they upgrade.
Users of this version of Gym should be able to simply replace 'import gym' with 'import gymnasium as gym' in the vast majority of cases.
See the migration guide at https://gymnasium.farama.org/introduction/migration_guide/ for additional information.
Gym has been unmaintained since 2022 and does not support NumPy 2.0 amongst other critical functionality.
Please upgrade to Gymnasium, the maintained drop-in replacement of Gym, or contact the authors of your software and request that they upgrade.
Users of this version of Gym should be able to simply replace 'import gym' with 'import gymnasium as gym' in the vast majority of cases.
See the migration guide at https://gymnasium.farama.org/introduction/migration_guide/ for additional information.
Gym has been unmaintained since 2022 and does not support NumPy 2.0 amongst other critical functionality.
Please upgrade to Gymnasium, the maintained drop-in replacement of Gym, or contact the authors of your software and request that they upgrade.
Users of this version of Gym should be able to simply replace 'import gym' with 'import gymnasium as gym' in the vast majority of cases.
See the migration guide at https://gymnasium.farama.org/introduction/migration_guide/ for additional information.
Gym has been unmaintained since 2022 and does not support NumPy 2.0 amongst other critical functionality.
Please upgrade to Gymnasium, the maintained drop-in replacement of Gym, or contact the authors of your software and request that they upgrade.
Users of this version of Gym should be able to simply replace 'import gym' with 'import gymnasium as gym' in the vast majority of cases.
See the migration guide at https://gymnasium.farama.org/introduction/migration_guide/ for additional information.
[7840:MainThread](2026-05-09 11:05:36,115) INFO - qlib.Initialization - [config.py:452] - default_conf: client.
[39152:MainThread](2026-05-09 11:05:36,118) INFO - qlib.Initialization - [config.py:452] - default_conf: client.
[7840:MainThread](2026-05-09 11:05:36,126) INFO - qlib.Initialization - [__init__.py:75] - qlib successfully initialized based on client settings.
[7840:MainThread](2026-05-09 11:05:36,127) INFO - qlib.Initialization - [__init__.py:77] - data_path={'__DEFAULT_FREQ': WindowsPath('C:/Users/60585/.qlib/qlib_data/cn_data')}
[39152:MainThread](2026-05-09 11:05:36,129) INFO - qlib.Initialization - [__init__.py:75] - qlib successfully initialized based on client settings.
[39152:MainThread](2026-05-09 11:05:36,129) INFO - qlib.Initialization - [__init__.py:77] - data_path={'__DEFAULT_FREQ': WindowsPath('C:/Users/60585/.qlib/qlib_data/cn_data')}
Gym has been unmaintained since 2022 and does not support NumPy 2.0 amongst other critical functionality.
Please upgrade to Gymnasium, the maintained drop-in replacement of Gym, or contact the authors of your software and request that they upgrade.
Users of this version of Gym should be able to simply replace 'import gym' with 'import gymnasium as gym' in the vast majority of cases.
See the migration guide at https://gymnasium.farama.org/introduction/migration_guide/ for additional information.
Gym has been unmaintained since 2022 and does not support NumPy 2.0 amongst other critical functionality.
Please upgrade to Gymnasium, the maintained drop-in replacement of Gym, or contact the authors of your software and request that they upgrade.
Users of this version of Gym should be able to simply replace 'import gym' with 'import gymnasium as gym' in the vast majority of cases.
See the migration guide at https://gymnasium.farama.org/introduction/migration_guide/ for additional information.
Gym has been unmaintained since 2022 and does not support NumPy 2.0 amongst other critical functionality.
Please upgrade to Gymnasium, the maintained drop-in replacement of Gym, or contact the authors of your software and request that they upgrade.
Users of this version of Gym should be able to simply replace 'import gym' with 'import gymnasium as gym' in the vast majority of cases.
See the migration guide at https://gymnasium.farama.org/introduction/migration_guide/ for additional information.
[14688:MainThread](2026-05-09 11:05:36,153) INFO - qlib.Initialization - [config.py:452] - default_conf: client.
[14688:MainThread](2026-05-09 11:05:36,166) INFO - qlib.Initialization - [__init__.py:75] - qlib successfully initialized based on client settings.
[14688:MainThread](2026-05-09 11:05:36,167) INFO - qlib.Initialization - [__init__.py:77] - data_path={'__DEFAULT_FREQ': WindowsPath('C:/Users/60585/.qlib/qlib_data/cn_data')}
[40768:MainThread](2026-05-09 11:05:36,170) INFO - qlib.Initialization - [config.py:452] - default_conf: client.
[40768:MainThread](2026-05-09 11:05:36,179) INFO - qlib.Initialization - [__init__.py:75] - qlib successfully initialized based on client settings.
[40768:MainThread](2026-05-09 11:05:36,180) INFO - qlib.Initialization - [__init__.py:77] - data_path={'__DEFAULT_FREQ': WindowsPath('C:/Users/60585/.qlib/qlib_data/cn_data')}
[41760:MainThread](2026-05-09 11:05:36,186) INFO - qlib.Initialization - [config.py:452] - default_conf: client.
[41324:MainThread](2026-05-09 11:05:36,192) INFO - qlib.Initialization - [config.py:452] - default_conf: client.
[41760:MainThread](2026-05-09 11:05:36,196) INFO - qlib.Initialization - [__init__.py:75] - qlib successfully initialized based on client settings.
[41760:MainThread](2026-05-09 11:05:36,197) INFO - qlib.Initialization - [__init__.py:77] - data_path={'__DEFAULT_FREQ': WindowsPath('C:/Users/60585/.qlib/qlib_data/cn_data')}
[41324:MainThread](2026-05-09 11:05:36,206) INFO - qlib.Initialization - [__init__.py:75] - qlib successfully initialized based on client settings.
[41324:MainThread](2026-05-09 11:05:36,207) INFO - qlib.Initialization - [__init__.py:77] - data_path={'__DEFAULT_FREQ': WindowsPath('C:/Users/60585/.qlib/qlib_data/cn_data')}
Gym has been unmaintained since 2022 and does not support NumPy 2.0 amongst other critical functionality.
Please upgrade to Gymnasium, the maintained drop-in replacement of Gym, or contact the authors of your software and request that they upgrade.
Users of this version of Gym should be able to simply replace 'import gym' with 'import gymnasium as gym' in the vast majority of cases.
See the migration guide at https://gymnasium.farama.org/introduction/migration_guide/ for additional information.
[33240:MainThread](2026-05-09 11:05:36,329) INFO - qlib.Initialization - [config.py:452] - default_conf: client.
[33240:MainThread](2026-05-09 11:05:36,342) INFO - qlib.Initialization - [__init__.py:75] - qlib successfully initialized based on client settings.
[33240:MainThread](2026-05-09 11:05:36,343) INFO - qlib.Initialization - [__init__.py:77] - data_path={'__DEFAULT_FREQ': WindowsPath('C:/Users/60585/.qlib/qlib_data/cn_data')}
Gym has been unmaintained since 2022 and does not support NumPy 2.0 amongst other critical functionality.
Please upgrade to Gymnasium, the maintained drop-in replacement of Gym, or contact the authors of your software and request that they upgrade.
Users of this version of Gym should be able to simply replace 'import gym' with 'import gymnasium as gym' in the vast majority of cases.
See the migration guide at https://gymnasium.farama.org/introduction/migration_guide/ for additional information.
[34832:MainThread](2026-05-09 11:05:36,446) INFO - qlib.Initialization - [config.py:452] - default_conf: client.
[34832:MainThread](2026-05-09 11:05:36,454) INFO - qlib.Initialization - [__init__.py:75] - qlib successfully initialized based on client settings.
[34832:MainThread](2026-05-09 11:05:36,454) INFO - qlib.Initialization - [__init__.py:77] - data_path={'__DEFAULT_FREQ': WindowsPath('C:/Users/60585/.qlib/qlib_data/cn_data')}
Gym has been unmaintained since 2022 and does not support NumPy 2.0 amongst other critical functionality.
Please upgrade to Gymnasium, the maintained drop-in replacement of Gym, or contact the authors of your software and request that they upgrade.
Users of this version of Gym should be able to simply replace 'import gym' with 'import gymnasium as gym' in the vast majority of cases.
See the migration guide at https://gymnasium.farama.org/introduction/migration_guide/ for additional information.
[40296:MainThread](2026-05-09 11:05:36,934) INFO - qlib.Initialization - [config.py:452] - default_conf: client.
[40296:MainThread](2026-05-09 11:05:36,948) INFO - qlib.Initialization - [__init__.py:75] - qlib successfully initialized based on client settings.
[40296:MainThread](2026-05-09 11:05:36,948) INFO - qlib.Initialization - [__init__.py:77] - data_path={'__DEFAULT_FREQ': WindowsPath('C:/Users/60585/.qlib/qlib_data/cn_data')}
[40624:MainThread](2026-05-09 11:05:37,016) INFO - qlib.Initialization - [config.py:452] - default_conf: client.
[40624:MainThread](2026-05-09 11:05:37,029) INFO - qlib.Initialization - [__init__.py:75] - qlib successfully initialized based on client settings.
[40624:MainThread](2026-05-09 11:05:37,031) INFO - qlib.Initialization - [__init__.py:77] - data_path={'__DEFAULT_FREQ': WindowsPath('C:/Users/60585/.qlib/qlib_data/cn_data')}
[41300:MainThread](2026-05-09 11:05:37,043) INFO - qlib.Initialization - [config.py:452] - default_conf: client.
[41300:MainThread](2026-05-09 11:05:37,054) INFO - qlib.Initialization - [__init__.py:75] - qlib successfully initialized based on client settings.
[41300:MainThread](2026-05-09 11:05:37,054) INFO - qlib.Initialization - [__init__.py:77] - data_path={'__DEFAULT_FREQ': WindowsPath('C:/Users/60585/.qlib/qlib_data/cn_data')}
[8264:MainThread](2026-05-09 11:05:37,055) INFO - qlib.Initialization - [config.py:452] - default_conf: client.
[8264:MainThread](2026-05-09 11:05:37,066) INFO - qlib.Initialization - [__init__.py:75] - qlib successfully initialized based on client settings.
[8264:MainThread](2026-05-09 11:05:37,067) INFO - qlib.Initialization - [__init__.py:77] - data_path={'__DEFAULT_FREQ': WindowsPath('C:/Users/60585/.qlib/qlib_data/cn_data')}
[36488:MainThread](2026-05-09 11:05:37,537) INFO - qlib.Initialization - [config.py:452] - default_conf: client.
[36488:MainThread](2026-05-09 11:05:37,551) INFO - qlib.Initialization - [__init__.py:75] - qlib successfully initialized based on client settings.
[36488:MainThread](2026-05-09 11:05:37,553) INFO - qlib.Initialization - [__init__.py:77] - data_path={'__DEFAULT_FREQ': WindowsPath('C:/Users/60585/.qlib/qlib_data/cn_data')}
[39544:MainThread](2026-05-09 11:05:37,554) INFO - qlib.Initialization - [config.py:452] - default_conf: client.
[39544:MainThread](2026-05-09 11:05:37,566) INFO - qlib.Initialization - [__init__.py:75] - qlib successfully initialized based on client settings.
[39544:MainThread](2026-05-09 11:05:37,568) INFO - qlib.Initialization - [__init__.py:77] - data_path={'__DEFAULT_FREQ': WindowsPath('C:/Users/60585/.qlib/qlib_data/cn_data')}
[25736:MainThread](2026-05-09 11:05:37,581) INFO - qlib.Initialization - [config.py:452] - default_conf: client.
[25736:MainThread](2026-05-09 11:05:37,600) INFO - qlib.Initialization - [__init__.py:75] - qlib successfully initialized based on client settings.
[25736:MainThread](2026-05-09 11:05:37,600) INFO - qlib.Initialization - [__init__.py:77] - data_path={'__DEFAULT_FREQ': WindowsPath('C:/Users/60585/.qlib/qlib_data/cn_data')}
[11944:MainThread](2026-05-09 11:05:37,703) INFO - qlib.Initialization - [config.py:452] - default_conf: client.
[11944:MainThread](2026-05-09 11:05:37,725) INFO - qlib.Initialization - [__init__.py:75] - qlib successfully initialized based on client settings.
[11944:MainThread](2026-05-09 11:05:37,726) INFO - qlib.Initialization - [__init__.py:77] - data_path={'__DEFAULT_FREQ': WindowsPath('C:/Users/60585/.qlib/qlib_data/cn_data')}
[41512:MainThread](2026-05-09 11:05:37,982) INFO - qlib.Initialization - [config.py:452] - default_conf: client.
[41512:MainThread](2026-05-09 11:05:38,002) INFO - qlib.Initialization - [__init__.py:75] - qlib successfully initialized based on client settings.
[41512:MainThread](2026-05-09 11:05:38,006) INFO - qlib.Initialization - [__init__.py:77] - data_path={'__DEFAULT_FREQ': WindowsPath('C:/Users/60585/.qlib/qlib_data/cn_data')}
[28352:MainThread](2026-05-09 11:05:38,035) INFO - qlib.Initialization - [config.py:452] - default_conf: client.
[28352:MainThread](2026-05-09 11:05:38,055) INFO - qlib.Initialization - [__init__.py:75] - qlib successfully initialized based on client settings.
[28352:MainThread](2026-05-09 11:05:38,056) INFO - qlib.Initialization - [__init__.py:77] - data_path={'__DEFAULT_FREQ': WindowsPath('C:/Users/60585/.qlib/qlib_data/cn_data')}
[28632:MainThread](2026-05-09 11:05:56,571) WARNING - qlib.online operator - [exchange.py:219] - $close field data contains nan.
[28632:MainThread](2026-05-09 11:05:56,574) WARNING - qlib.online operator - [exchange.py:219] - $close field data contains nan.
[28632:MainThread](2026-05-09 11:06:25,446) WARNING - qlib.BaseExecutor - [executor.py:121] - `common_infra` is not set for <qlib.backtest.executor.SimulatorExecutor object at 0x000001FBD1130820>
backtest loop:   0%|          | 0/611 [00:00<?, ?it/s]C:\Users\60585\miniconda3\envs\quantEnv\lib\site-packages\qlib\utils\index_data.py:492: RuntimeWarning: Mean of empty slice
  return np.nanmean(self.data)
backtest loop:   1%|▏         | 8/611 [00:00<00:08, 74.51it/s]backtest loop:   3%|▎         | 16/611 [00:00<00:16, 37.15it/s]backtest loop:   4%|▍         | 23/611 [00:00<00:12, 45.49it/s]backtest loop:   5%|▌         | 32/611 [00:00<00:10, 56.41it/s]backtest loop:   6%|▋         | 39/611 [00:00<00:09, 59.26it/s]backtest loop:   8%|▊         | 47/611 [00:00<00:08, 65.10it/s]backtest loop:   9%|▉         | 55/611 [00:00<00:08, 65.38it/s]backtest loop:  10%|█         | 63/611 [00:01<00:08, 65.51it/s]backtest loop:  11%|█▏        | 70/611 [00:01<00:08, 65.11it/s]backtest loop:  13%|█▎        | 77/611 [00:01<00:08, 64.46it/s]backtest loop:  14%|█▍        | 85/611 [00:01<00:07, 67.92it/s]backtest loop:  15%|█▌        | 92/611 [00:01<00:07, 65.23it/s]backtest loop:  16%|█▋        | 100/611 [00:01<00:07, 68.10it/s]backtest loop:  18%|█▊        | 107/611 [00:01<00:07, 66.67it/s]backtest loop:  19%|█▉        | 115/611 [00:01<00:07, 69.88it/s]backtest loop:  20%|██        | 123/611 [00:01<00:07, 68.08it/s]backtest loop:  21%|██▏       | 131/611 [00:02<00:07, 66.74it/s]backtest loop:  23%|██▎       | 139/611 [00:02<00:06, 69.70it/s]backtest loop:  24%|██▍       | 147/611 [00:02<00:06, 68.64it/s]backtest loop:  25%|██▌       | 154/611 [00:02<00:06, 67.17it/s]backtest loop:  26%|██▋       | 161/611 [00:02<00:06, 66.27it/s]backtest loop:  28%|██▊       | 169/611 [00:02<00:06, 68.10it/s]backtest loop:  29%|██▉       | 176/611 [00:02<00:06, 66.41it/s]backtest loop:  30%|███       | 184/611 [00:02<00:06, 69.93it/s]backtest loop:  31%|███▏      | 192/611 [00:02<00:06, 68.38it/s]backtest loop:  33%|███▎      | 200/611 [00:03<00:06, 67.91it/s]backtest loop:  34%|███▍      | 207/611 [00:03<00:06, 66.74it/s]backtest loop:  35%|███▌      | 215/611 [00:03<00:05, 69.80it/s]backtest loop:  36%|███▋      | 223/611 [00:03<00:05, 69.05it/s]backtest loop:  38%|███▊      | 232/611 [00:03<00:05, 69.83it/s]backtest loop:  39%|███▉      | 241/611 [00:03<00:05, 70.31it/s]backtest loop:  41%|████      | 249/611 [00:03<00:05, 71.81it/s]backtest loop:  42%|████▏     | 257/611 [00:03<00:05, 70.42it/s]backtest loop:  43%|████▎     | 265/611 [00:03<00:04, 72.73it/s]backtest loop:  45%|████▍     | 273/611 [00:04<00:04, 71.28it/s]backtest loop:  46%|████▌     | 281/611 [00:04<00:04, 70.80it/s]backtest loop:  47%|████▋     | 289/611 [00:04<00:04, 73.09it/s]backtest loop:  49%|████▊     | 297/611 [00:04<00:04, 72.72it/s]backtest loop:  50%|████▉     | 305/611 [00:04<00:04, 71.60it/s]backtest loop:  51%|█████     | 313/611 [00:04<00:04, 70.74it/s]backtest loop:  53%|█████▎    | 321/611 [00:04<00:04, 69.83it/s]backtest loop:  54%|█████▍    | 329/611 [00:04<00:04, 67.61it/s]backtest loop:  55%|█████▌    | 337/611 [00:05<00:03, 70.44it/s]backtest loop:  56%|█████▋    | 345/611 [00:05<00:03, 70.02it/s]backtest loop:  58%|█████▊    | 353/611 [00:05<00:03, 71.93it/s]backtest loop:  59%|█████▉    | 361/611 [00:05<00:03, 70.34it/s]backtest loop:  60%|██████    | 369/611 [00:05<00:03, 68.90it/s]backtest loop:  62%|██████▏   | 377/611 [00:05<00:03, 71.65it/s]backtest loop:  63%|██████▎   | 385/611 [00:05<00:03, 69.87it/s]backtest loop:  64%|██████▍   | 393/611 [00:05<00:03, 68.59it/s]backtest loop:  65%|██████▌   | 400/611 [00:05<00:03, 68.48it/s]backtest loop:  67%|██████▋   | 408/611 [00:06<00:03, 66.65it/s]backtest loop:  68%|██████▊   | 416/611 [00:06<00:02, 69.43it/s]backtest loop:  69%|██████▉   | 423/611 [00:06<00:02, 67.60it/s]backtest loop:  71%|███████   | 431/611 [00:06<00:02, 67.18it/s]backtest loop:  72%|███████▏  | 439/611 [00:06<00:02, 70.27it/s]backtest loop:  73%|███████▎  | 447/611 [00:06<00:02, 68.33it/s]backtest loop:  74%|███████▍  | 454/611 [00:06<00:02, 66.81it/s]backtest loop:  76%|███████▌  | 462/611 [00:06<00:02, 70.13it/s]backtest loop:  77%|███████▋  | 470/611 [00:06<00:02, 68.63it/s]backtest loop:  78%|███████▊  | 477/611 [00:07<00:02, 65.55it/s]backtest loop:  79%|███████▉  | 485/611 [00:07<00:01, 69.29it/s]backtest loop:  81%|████████  | 492/611 [00:07<00:01, 67.87it/s]backtest loop:  82%|████████▏ | 500/611 [00:07<00:01, 71.14it/s]backtest loop:  83%|████████▎ | 508/611 [00:07<00:01, 70.14it/s]backtest loop:  85%|████████▍ | 517/611 [00:07<00:01, 70.37it/s]backtest loop:  86%|████████▌ | 526/611 [00:07<00:01, 73.83it/s]backtest loop:  87%|████████▋ | 534/611 [00:07<00:01, 72.10it/s]backtest loop:  89%|████████▊ | 542/611 [00:07<00:00, 70.51it/s]backtest loop:  90%|█████████ | 550/611 [00:08<00:00, 72.43it/s]backtest loop:  91%|█████████▏| 558/611 [00:08<00:00, 69.76it/s]backtest loop:  93%|█████████▎| 566/611 [00:08<00:00, 69.06it/s]backtest loop:  94%|█████████▍| 575/611 [00:08<00:00, 73.09it/s]backtest loop:  95%|█████████▌| 583/611 [00:08<00:00, 71.43it/s]backtest loop:  97%|█████████▋| 591/611 [00:08<00:00, 70.32it/s]backtest loop:  98%|█████████▊| 599/611 [00:08<00:00, 72.73it/s]backtest loop:  99%|█████████▉| 607/611 [00:08<00:00, 70.97it/s]backtest loop: 100%|██████████| 611/611 [00:08<00:00, 68.35it/s]
[28632:MainThread](2026-05-09 11:06:34,430) INFO - qlib.workflow - [record_temp.py:515] - Portfolio analysis record 'port_analysis_1day.pkl' has been saved as the artifact of the Experiment 652638798351033261
[28632:MainThread](2026-05-09 11:06:34,437) INFO - qlib.workflow - [record_temp.py:540] - Indicator analysis record 'indicator_analysis_1day.pkl' has been saved as the artifact of the Experiment 652638798351033261
Downloading artifacts:   0%|          | 0/1 [00:00<?, ?it/s]Downloading artifacts:   0%|          | 0/1 [00:00<?, ?it/s]
Downloading artifacts:   0%|          | 0/1 [00:00<?, ?it/s]Downloading artifacts:   0%|          | 0/1 [00:00<?, ?it/s]
Downloading artifacts:   0%|          | 0/1 [00:00<?, ?it/s]Downloading artifacts: 100%|██████████| 1/1 [00:00<00:00, 1000.07it/s]Downloading artifacts: 100%|██████████| 1/1 [00:00<00:00, 499.92it/s] 
Downloading artifacts:   0%|          | 0/1 [00:00<?, ?it/s]Downloading artifacts: 100%|██████████| 1/1 [00:00<00:00, 665.87it/s]Downloading artifacts: 100%|██████████| 1/1 [00:00<00:00, 665.87it/s]
Downloading artifacts:   0%|          | 0/1 [00:00<?, ?it/s]Downloading artifacts: 100%|██████████| 1/1 [00:00<00:00, 262.87it/s]Downloading artifacts: 100%|██████████| 1/1 [00:00<00:00, 262.87it/s]
Downloading artifacts:   0%|          | 0/1 [00:00<?, ?it/s]Downloading artifacts: 100%|██████████| 1/1 [00:00<00:00, 398.89it/s]Downloading artifacts: 100%|██████████| 1/1 [00:00<00:00, 398.89it/s]
Downloading artifacts:   0%|          | 0/1 [00:00<?, ?it/s]Downloading artifacts: 100%|██████████| 1/1 [00:00<00:00, 296.48it/s]Downloading artifacts: 100%|██████████| 1/1 [00:00<00:00, 296.48it/s]
C:\Users\60585\miniconda3\envs\quantEnv\lib\site-packages\qlib\contrib\report\analysis_position\parse_position.py:36: FutureWarning:

DataFrame.fillna with 'method' is deprecated and will raise in a future version. Use obj.ffill() or obj.bfill() instead.

C:\Users\60585\miniconda3\envs\quantEnv\lib\site-packages\qlib\contrib\report\analysis_position\risk_analysis.py:104: FutureWarning:

When grouping with a length-1 list-like, you will need to pass a length-1 tuple to get_group in a future version of pandas. Pass `(name,)` instead of `name` to silence this warning.

C:\Users\60585\miniconda3\envs\quantEnv\lib\site-packages\qlib\contrib\report\analysis_position\risk_analysis.py:104: FutureWarning:

When grouping with a length-1 list-like, you will need to pass a length-1 tuple to get_group in a future version of pandas. Pass `(name,)` instead of `name` to silence this warning.

C:\Users\60585\miniconda3\envs\quantEnv\lib\site-packages\qlib\contrib\report\analysis_position\risk_analysis.py:104: FutureWarning:

When grouping with a length-1 list-like, you will need to pass a length-1 tuple to get_group in a future version of pandas. Pass `(name,)` instead of `name` to silence this warning.

C:\Users\60585\miniconda3\envs\quantEnv\lib\site-packages\qlib\contrib\report\analysis_position\risk_analysis.py:104: FutureWarning:

When grouping with a length-1 list-like, you will need to pass a length-1 tuple to get_group in a future version of pandas. Pass `(name,)` instead of `name` to silence this warning.

C:\Users\60585\miniconda3\envs\quantEnv\lib\site-packages\qlib\contrib\report\analysis_position\parse_position.py:36: FutureWarning:

DataFrame.fillna with 'method' is deprecated and will raise in a future version. Use obj.ffill() or obj.bfill() instead.

C:\Users\60585\miniconda3\envs\quantEnv\lib\site-packages\qlib\contrib\report\analysis_model\analysis_model_performance.py:157: FutureWarning:

'M' is deprecated and will be removed in a future version, please use 'ME' instead.

Downloading artifacts:   0%|          | 0/1 [00:00<?, ?it/s]Downloading artifacts: 100%|██████████| 1/1 [00:00<00:00, 663.03it/s]Downloading artifacts: 100%|██████████| 1/1 [00:00<00:00, 663.03it/s]
Downloading artifacts:   0%|          | 0/1 [00:00<?, ?it/s]Downloading artifacts: 100%|██████████| 1/1 [00:00<00:00, 627.98it/s]Downloading artifacts: 100%|██████████| 1/1 [00:00<00:00, 627.98it/s]
Downloading artifacts:   0%|          | 0/1 [00:00<?, ?it/s]Downloading artifacts: 100%|██████████| 1/1 [00:00<00:00, 435.91it/s]Downloading artifacts: 100%|██████████| 1/1 [00:00<00:00, 435.91it/s]
Downloading artifacts:   0%|          | 0/1 [00:00<?, ?it/s]Downloading artifacts: 100%|██████████| 1/1 [00:00<00:00, 664.50it/s]Downloading artifacts: 100%|██████████| 1/1 [00:00<00:00, 664.50it/s]
Downloading artifacts:   0%|          | 0/1 [00:00<?, ?it/s]Downloading artifacts: 100%|██████████| 1/1 [00:00<00:00, 665.34it/s]Downloading artifacts: 100%|██████████| 1/1 [00:00<00:00, 665.34it/s]
Downloading artifacts:   0%|          | 0/1 [00:00<?, ?it/s]Downloading artifacts: 100%|██████████| 1/1 [00:00<?, ?it/s]Downloading artifacts: 100%|██████████| 1/1 [00:00<?, ?it/s]
Downloading artifacts:   0%|          | 0/1 [00:00<?, ?it/s]Downloading artifacts: 100%|██████████| 1/1 [00:00<00:00, 996.98it/s]Downloading artifacts: 100%|██████████| 1/1 [00:00<00:00, 996.98it/s]
Downloading artifacts:   0%|          | 0/1 [00:00<?, ?it/s]Downloading artifacts: 100%|██████████| 1/1 [00:00<00:00, 69.99it/s]Downloading artifacts: 100%|██████████| 1/1 [00:00<00:00, 69.99it/s]
Downloading artifacts:   0%|          | 0/1 [00:00<?, ?it/s]Downloading artifacts: 100%|██████████| 1/1 [00:00<00:00, 1000.07it/s]Downloading artifacts: 100%|██████████| 1/1 [00:00<00:00, 1000.07it/s]
Downloading artifacts:   0%|          | 0/1 [00:00<?, ?it/s]Downloading artifacts: 100%|██████████| 1/1 [00:00<00:00, 1000.07it/s]Downloading artifacts: 100%|██████████| 1/1 [00:00<00:00, 1000.07it/s]
Downloading artifacts:   0%|          | 0/1 [00:00<?, ?it/s]Downloading artifacts: 100%|██████████| 1/1 [00:00<00:00, 285.04it/s]Downloading artifacts: 100%|██████████| 1/1 [00:00<00:00, 285.04it/s]
Downloading artifacts:   0%|          | 0/1 [00:00<?, ?it/s]Downloading artifacts: 100%|██████████| 1/1 [00:00<00:00, 311.15it/s]Downloading artifacts: 100%|██████████| 1/1 [00:00<00:00, 311.15it/s]
Downloading artifacts:   0%|          | 0/1 [00:00<?, ?it/s]Downloading artifacts: 100%|██████████| 1/1 [00:00<00:00, 997.46it/s]Downloading artifacts: 100%|██████████| 1/1 [00:00<00:00, 997.46it/s]
Downloading artifacts:   0%|          | 0/1 [00:00<?, ?it/s]Downloading artifacts: 100%|██████████| 1/1 [00:00<00:00, 399.12it/s]Downloading artifacts: 100%|██████████| 1/1 [00:00<00:00, 399.12it/s]
Downloading artifacts:   0%|          | 0/1 [00:00<?, ?it/s]Downloading artifacts: 100%|██████████| 1/1 [00:00<00:00, 665.02it/s]Downloading artifacts: 100%|██████████| 1/1 [00:00<00:00, 665.02it/s]
Downloading artifacts:   0%|          | 0/1 [00:00<?, ?it/s]Downloading artifacts: 100%|██████████| 1/1 [00:00<00:00, 397.08it/s]Downloading artifacts: 100%|██████████| 1/1 [00:00<00:00, 397.08it/s]
Downloading artifacts:   0%|          | 0/1 [00:00<?, ?it/s]Downloading artifacts: 100%|██████████| 1/1 [00:00<00:00, 664.39it/s]Downloading artifacts: 100%|██████████| 1/1 [00:00<00:00, 664.39it/s]
Downloading artifacts:   0%|          | 0/1 [00:00<?, ?it/s]Downloading artifacts: 100%|██████████| 1/1 [00:00<00:00, 500.10it/s]Downloading artifacts: 100%|██████████| 1/1 [00:00<00:00, 500.10it/s]
Downloading artifacts:   0%|          | 0/1 [00:00<?, ?it/s]Downloading artifacts: 100%|██████████| 1/1 [00:00<00:00, 398.43it/s]Downloading artifacts: 100%|██████████| 1/1 [00:00<00:00, 398.43it/s]
Downloading artifacts:   0%|          | 0/1 [00:00<?, ?it/s]Downloading artifacts: 100%|██████████| 1/1 [00:00<00:00, 892.22it/s]Downloading artifacts: 100%|██████████| 1/1 [00:00<00:00, 892.22it/s]
Downloading artifacts:   0%|          | 0/1 [00:00<?, ?it/s]Downloading artifacts: 100%|██████████| 1/1 [00:00<00:00, 500.04it/s]Downloading artifacts: 100%|██████████| 1/1 [00:00<00:00, 500.04it/s]
Downloading artifacts:   0%|          | 0/1 [00:00<?, ?it/s]Downloading artifacts: 100%|██████████| 1/1 [00:00<00:00, 1000.07it/s]Downloading artifacts: 100%|██████████| 1/1 [00:00<00:00, 1000.07it/s]
Downloading artifacts:   0%|          | 0/1 [00:00<?, ?it/s]Downloading artifacts: 100%|██████████| 1/1 [00:00<00:00, 665.76it/s]Downloading artifacts: 100%|██████████| 1/1 [00:00<00:00, 399.23it/s]
Downloading artifacts:   0%|          | 0/1 [00:00<?, ?it/s]Downloading artifacts: 100%|██████████| 1/1 [00:00<00:00, 498.37it/s]Downloading artifacts: 100%|██████████| 1/1 [00:00<00:00, 498.37it/s]
Downloading artifacts:   0%|          | 0/1 [00:00<?, ?it/s]Downloading artifacts: 100%|██████████| 1/1 [00:00<00:00, 996.98it/s]Downloading artifacts: 100%|██████████| 1/1 [00:00<00:00, 996.98it/s]
Downloading artifacts:   0%|          | 0/1 [00:00<?, ?it/s]Downloading artifacts: 100%|██████████| 1/1 [00:00<00:00, 665.45it/s]Downloading artifacts: 100%|██████████| 1/1 [00:00<00:00, 665.45it/s]
Downloading artifacts:   0%|          | 0/1 [00:00<?, ?it/s]Downloading artifacts: 100%|██████████| 1/1 [00:00<00:00, 398.89it/s]Downloading artifacts: 100%|██████████| 1/1 [00:00<00:00, 398.89it/s]
Downloading artifacts:   0%|          | 0/1 [00:00<?, ?it/s]Downloading artifacts: 100%|██████████| 1/1 [00:00<00:00, 646.17it/s]Downloading artifacts: 100%|██████████| 1/1 [00:00<00:00, 646.17it/s]
Downloading artifacts:   0%|          | 0/1 [00:00<?, ?it/s]Downloading artifacts: 100%|██████████| 1/1 [00:00<00:00, 390.60it/s]Downloading artifacts: 100%|██████████| 1/1 [00:00<00:00, 390.60it/s]
Downloading artifacts:   0%|          | 0/1 [00:00<?, ?it/s]Downloading artifacts: 100%|██████████| 1/1 [00:00<00:00, 1203.19it/s]Downloading artifacts: 100%|██████████| 1/1 [00:00<00:00, 428.65it/s] 
Downloading artifacts:   0%|          | 0/1 [00:00<?, ?it/s]Downloading artifacts: 100%|██████████| 1/1 [00:00<00:00, 499.98it/s]Downloading artifacts: 100%|██████████| 1/1 [00:00<00:00, 499.98it/s]
Downloading artifacts:   0%|          | 0/1 [00:00<?, ?it/s]Downloading artifacts: 100%|██████████| 1/1 [00:00<00:00, 664.29it/s]Downloading artifacts: 100%|██████████| 1/1 [00:00<00:00, 664.29it/s]
Downloading artifacts:   0%|          | 0/1 [00:00<?, ?it/s]Downloading artifacts: 100%|██████████| 1/1 [00:00<00:00, 498.61it/s]Downloading artifacts: 100%|██████████| 1/1 [00:00<00:00, 498.61it/s]
Downloading artifacts:   0%|          | 0/1 [00:00<?, ?it/s]Downloading artifacts: 100%|██████████| 1/1 [00:00<00:00, 500.04it/s]Downloading artifacts: 100%|██████████| 1/1 [00:00<00:00, 500.04it/s]
Downloading artifacts:   0%|          | 0/1 [00:00<?, ?it/s]Downloading artifacts: 100%|██████████| 1/1 [00:00<00:00, 499.92it/s]Downloading artifacts: 100%|██████████| 1/1 [00:00<00:00, 499.92it/s]
Downloading artifacts:   0%|          | 0/1 [00:00<?, ?it/s]Downloading artifacts: 100%|██████████| 1/1 [00:00<00:00, 498.85it/s]Downloading artifacts: 100%|██████████| 1/1 [00:00<00:00, 498.85it/s]
Downloading artifacts:   0%|          | 0/1 [00:00<?, ?it/s]Downloading artifacts: 100%|██████████| 1/1 [00:00<00:00, 660.52it/s]Downloading artifacts: 100%|██████████| 1/1 [00:00<00:00, 660.52it/s]
Downloading artifacts:   0%|          | 0/1 [00:00<?, ?it/s]Downloading artifacts: 100%|██████████| 1/1 [00:00<00:00, 498.55it/s]Downloading artifacts: 100%|██████████| 1/1 [00:00<00:00, 498.55it/s]
Downloading artifacts:   0%|          | 0/1 [00:00<?, ?it/s]Downloading artifacts: 100%|██████████| 1/1 [00:00<00:00, 743.54it/s]Downloading artifacts: 100%|██████████| 1/1 [00:00<00:00, 435.55it/s]
Downloading artifacts:   0%|          | 0/1 [00:00<?, ?it/s]Downloading artifacts: 100%|██████████| 1/1 [00:00<00:00, 701.04it/s]Downloading artifacts: 100%|██████████| 1/1 [00:00<00:00, 701.04it/s]
Downloading artifacts:   0%|          | 0/1 [00:00<?, ?it/s]Downloading artifacts: 100%|██████████| 1/1 [00:00<00:00, 619.45it/s]Downloading artifacts: 100%|██████████| 1/1 [00:00<00:00, 619.45it/s]
Downloading artifacts:   0%|          | 0/1 [00:00<?, ?it/s]Downloading artifacts: 100%|██████████| 1/1 [00:00<00:00, 999.12it/s]Downloading artifacts: 100%|██████████| 1/1 [00:00<00:00, 399.46it/s]
Downloading artifacts:   0%|          | 0/1 [00:00<?, ?it/s]Downloading artifacts: 100%|██████████| 1/1 [00:00<00:00, 999.60it/s]Downloading artifacts: 100%|██████████| 1/1 [00:00<00:00, 499.86it/s]
Downloading artifacts:   0%|          | 0/1 [00:00<?, ?it/s]Downloading artifacts: 100%|██████████| 1/1 [00:00<00:00, 381.99it/s]Downloading artifacts: 100%|██████████| 1/1 [00:00<00:00, 381.99it/s]
Downloading artifacts:   0%|          | 0/1 [00:00<?, ?it/s]Downloading artifacts: 100%|██████████| 1/1 [00:00<00:00, 998.17it/s]Downloading artifacts: 100%|██████████| 1/1 [00:00<00:00, 998.17it/s]
Downloading artifacts:   0%|          | 0/1 [00:00<?, ?it/s]Downloading artifacts: 100%|██████████| 1/1 [00:00<00:00, 664.81it/s]Downloading artifacts: 100%|██████████| 1/1 [00:00<00:00, 664.81it/s]
Downloading artifacts:   0%|          | 0/1 [00:00<?, ?it/s]Downloading artifacts: 100%|██████████| 1/1 [00:00<00:00, 499.38it/s]Downloading artifacts: 100%|██████████| 1/1 [00:00<00:00, 499.38it/s]
Downloading artifacts:   0%|          | 0/1 [00:00<?, ?it/s]Downloading artifacts: 100%|██████████| 1/1 [00:00<?, ?it/s]Downloading artifacts: 100%|██████████| 1/1 [00:00<?, ?it/s]
Downloading artifacts:   0%|          | 0/1 [00:00<?, ?it/s]Downloading artifacts: 100%|██████████| 1/1 [00:00<00:00, 663.45it/s]Downloading artifacts: 100%|██████████| 1/1 [00:00<00:00, 663.45it/s]
Downloading artifacts:   0%|          | 0/1 [00:00<?, ?it/s]Downloading artifacts: 100%|██████████| 1/1 [00:00<00:00, 499.26it/s]Downloading artifacts: 100%|██████████| 1/1 [00:00<00:00, 499.26it/s]
Downloading artifacts:   0%|          | 0/1 [00:00<?, ?it/s]Downloading artifacts: 100%|██████████| 1/1 [00:00<00:00, 945.09it/s]Downloading artifacts: 100%|██████████| 1/1 [00:00<00:00, 945.09it/s]
Downloading artifacts:   0%|          | 0/1 [00:00<?, ?it/s]Downloading artifacts: 100%|██████████| 1/1 [00:00<00:00, 755.19it/s]Downloading artifacts: 100%|██████████| 1/1 [00:00<00:00, 755.19it/s]
Downloading artifacts:   0%|          | 0/1 [00:00<?, ?it/s]Downloading artifacts: 100%|██████████| 1/1 [00:00<00:00, 614.91it/s]Downloading artifacts: 100%|██████████| 1/1 [00:00<00:00, 614.91it/s]
Downloading artifacts:   0%|          | 0/1 [00:00<?, ?it/s]Downloading artifacts: 100%|██████████| 1/1 [00:00<00:00, 499.44it/s]Downloading artifacts: 100%|██████████| 1/1 [00:00<00:00, 499.44it/s]
Downloading artifacts:   0%|          | 0/1 [00:00<?, ?it/s]Downloading artifacts: 100%|██████████| 1/1 [00:00<00:00, 485.79it/s]Downloading artifacts: 100%|██████████| 1/1 [00:00<00:00, 485.79it/s]
Downloading artifacts:   0%|          | 0/1 [00:00<?, ?it/s]Downloading artifacts: 100%|██████████| 1/1 [00:00<00:00, 605.68it/s]Downloading artifacts: 100%|██████████| 1/1 [00:00<00:00, 605.68it/s]
Downloading artifacts:   0%|          | 0/1 [00:00<?, ?it/s]Downloading artifacts: 100%|██████████| 1/1 [00:00<00:00, 496.78it/s]Downloading artifacts: 100%|██████████| 1/1 [00:00<00:00, 496.78it/s]
Downloading artifacts:   0%|          | 0/1 [00:00<?, ?it/s]Downloading artifacts: 100%|██████████| 1/1 [00:00<00:00, 486.30it/s]Downloading artifacts: 100%|██████████| 1/1 [00:00<00:00, 486.30it/s]
Downloading artifacts:   0%|          | 0/1 [00:00<?, ?it/s]Downloading artifacts: 100%|██████████| 1/1 [00:00<00:00, 656.69it/s]Downloading artifacts: 100%|██████████| 1/1 [00:00<00:00, 656.69it/s]
Downloading artifacts:   0%|          | 0/1 [00:00<?, ?it/s]Downloading artifacts: 100%|██████████| 1/1 [00:00<00:00, 665.34it/s]Downloading artifacts: 100%|██████████| 1/1 [00:00<00:00, 665.34it/s]
Downloading artifacts:   0%|          | 0/1 [00:00<?, ?it/s]Downloading artifacts: 100%|██████████| 1/1 [00:00<00:00, 1867.46it/s]Downloading artifacts: 100%|██████████| 1/1 [00:00<00:00, 1867.46it/s]
Downloading artifacts:   0%|          | 0/1 [00:00<?, ?it/s]Downloading artifacts: 100%|██████████| 1/1 [00:00<00:00, 999.83it/s]Downloading artifacts: 100%|██████████| 1/1 [00:00<00:00, 999.83it/s]
Downloading artifacts:   0%|          | 0/1 [00:00<?, ?it/s]Downloading artifacts: 100%|██████████| 1/1 [00:00<00:00, 1000.07it/s]Downloading artifacts: 100%|██████████| 1/1 [00:00<00:00, 1000.07it/s]
Downloading artifacts:   0%|          | 0/1 [00:00<?, ?it/s]Downloading artifacts: 100%|██████████| 1/1 [00:00<00:00, 996.75it/s]Downloading artifacts: 100%|██████████| 1/1 [00:00<00:00, 996.75it/s]
Downloading artifacts:   0%|          | 0/1 [00:00<?, ?it/s]Downloading artifacts: 100%|██████████| 1/1 [00:00<00:00, 1991.60it/s]Downloading artifacts: 100%|██████████| 1/1 [00:00<00:00, 1991.60it/s]
[28632:MainThread](2026-05-09 11:07:16,533) INFO - qlib.timer - [log.py:127] - Time cost: 0.000s | waiting `async_log` Done
